19121,MEMACC
19127,MEMACC
26975,MEMACC
567,MEMACC
26388,MEMACC
8888,MEMACC
28442,MEMACC
6038,MEMACC
16758,MEMACC
29999,MEMACC
26975,MEMACC
567,L1HIT
30503,MEMACC
32729,MEMACC
13462,MEMACC
19453,MEMACC
19966,MEMACC
24629,MEMACC
30964,MEMACC
19453,MEMACC
19966,MEMACC
24629,MEMACC
30964,MEMACC
21898,MEMACC
14983,MEMACC
8567,MEMACC
12811,MEMACC
31478,MEMACC
4370,MEMACC
25919,MEMACC
28224,MEMACC
28236,MEMACC
6775,MEMACC
23074,MEMACC
18182,MEMACC
6821,MEMACC
23581,MEMACC
31152,MEMACC
4997,MEMACC
10597,MEMACC
11149,MEMACC
11970,MEMACC
17992,MEMACC
23157,MEMACC
17394,MEMACC
17397,L1HIT
17408,MEMACC
17427,MEMACC
9097,MEMACC
19036,MEMACC
1942,MEMACC
13659,MEMACC
31291,MEMACC
10049,MEMACC
23403,MEMACC
16332,MEMACC
2546,MEMACC
7747,MEMACC
13326,MEMACC
13659,L1HIT
31291,L1HIT
10049,MEMACC
23403,MEMACC
20314,MEMACC
25347,MEMACC
25358,L1HIT
11830,MEMACC
8739,MEMACC
2099,MEMACC
23489,MEMACC
26930,MEMACC
23489,L1HIT
26930,L1HIT
10236,MEMACC
29086,MEMACC
13861,MEMACC
21855,MEMACC
4506,MEMACC
853,MEMACC
11830,MEMACC
8739,L1HIT
2099,MEMACC
1853,MEMACC
4300,MEMACC
3183,MEMACC
18492,MEMACC
29325,MEMACC
19956,MEMACC
4609,MEMACC
10940,MEMACC
13407,MEMACC
2274,MEMACC
6328,MEMACC
19625,MEMACC
14756,MEMACC
9315,MEMACC
13971,MEMACC
13893,MEMACC
22581,MEMACC
82,MEMACC
9726,MEMACC
9141,MEMACC
24020,MEMACC
23826,MEMACC
15386,MEMACC
31877,MEMACC
27358,MEMACC
2021,MEMACC
2021,L1HIT
18640,MEMACC
20115,MEMACC
29823,MEMACC
22704,MEMACC
21801,MEMACC
1611,MEMACC
2733,MEMACC
21771,MEMACC
28245,MEMACC
7734,MEMACC
28622,MEMACC
28634,MEMACC
28635,MEMACC
18184,MEMACC
8957,MEMACC
2919,MEMACC
4343,L1HIT
27067,MEMACC
5927,MEMACC
25647,MEMACC
31235,L1HIT
23626,MEMACC
17708,MEMACC
22831,MEMACC
8756,L1HIT
15211,MEMACC
31970,MEMACC
9749,MEMACC
20611,MEMACC
17844,MEMACC
1961,L1HIT
19634,MEMACC
1360,MEMACC
24270,MEMACC
10860,MEMACC
26877,MEMACC
9076,MEMACC
9080,L1HIT
22315,MEMACC
5251,MEMACC
6967,MEMACC
28053,MEMACC
28611,MEMACC
4488,L1HIT
19985,MEMACC
26291,MEMACC
16706,L1HIT
16707,L1HIT
16720,L1HIT
16726,L1HIT
16743,L1HIT
15949,MEMACC
15966,MEMACC
15983,MEMACC
15983,MEMACC
983,MEMACC
9198,MEMACC
16828,MEMACC
4460,MEMACC
4180,MEMACC
11342,MEMACC
5902,L1HIT
11541,MEMACC
21794,L1HIT
9305,L1HIT
13430,MEMACC
17606,MEMACC
17343,MEMACC
3685,MEMACC
23528,L1HIT
16156,MEMACC
13495,MEMACC
11385,L1HIT
11438,MEMACC
27307,MEMACC
25809,MEMACC
25815,MEMACC
23866,L1HIT
23259,MEMACC
5894,L1HIT
30895,MEMACC
26471,MEMACC
14445,MEMACC
17735,MEMACC
0,MEMACC
14445,MEMACC
17735,L1HIT
0,L1HIT
30895,L1HIT
26471,MEMACC
14445,MEMACC
17735,L1HIT
0,L1HIT
14977,MEMACC
18267,MEMACC
23866,L1HIT
23259,L1HIT
5894,L1HIT
30895,L1HIT
26471,MEMACC
14445,MEMACC
17735,L1HIT
14930,MEMACC
11620,MEMACC
18499,MEMACC
27063,L1HIT
12869,MEMACC
15408,L1HIT
5832,MEMACC
14490,MEMACC
2451,MEMACC
30259,MEMACC
27063,L1HIT
12869,MEMACC
15408,L1HIT
5832,L1HIT
14490,L1HIT
2451,L1HIT
30259,MEMACC
13737,MEMACC
4569,MEMACC
78,L1HIT
13266,MEMACC
20134,MEMACC
18263,L1HIT
15683,MEMACC
554,L1HIT
2445,L1HIT
13214,MEMACC
22794,MEMACC
26104,MEMACC
1501,MEMACC
12059,MEMACC
5261,MEMACC
29797,MEMACC
14088,MEMACC
9684,MEMACC
232,MEMACC
13421,MEMACC
18398,MEMACC
13290,L1HIT
30562,MEMACC
17532,MEMACC
2533,MEMACC
19608,MEMACC
361,MEMACC
27628,MEMACC
30120,MEMACC
18346,MEMACC
506,MEMACC
1928,L1HIT
19066,MEMACC
9228,MEMACC
23652,MEMACC
27142,MEMACC
28098,MEMACC
22366,MEMACC
16456,MEMACC
13583,MEMACC
22082,MEMACC
15489,MEMACC
20707,MEMACC
2124,MEMACC
12582,MEMACC
29349,MEMACC
24400,MEMACC
22979,MEMACC
2760,MEMACC
23498,L1HIT
23529,L1HIT
4299,L1HIT
14216,MEMACC
29128,MEMACC
26852,MEMACC
32528,MEMACC
9943,MEMACC
31598,MEMACC
18602,MEMACC
21002,MEMACC
30728,MEMACC
11662,MEMACC
10207,L1HIT
18952,MEMACC
32239,MEMACC
22979,L1HIT
2760,L1HIT
23498,L1HIT
23529,L1HIT
10452,MEMACC
5800,MEMACC
7195,MEMACC
11280,MEMACC
11715,MEMACC
19150,MEMACC
26834,L1HIT
10452,L1HIT
9878,MEMACC
9895,L1HIT
9897,L1HIT
9912,L1HIT
9914,L1HIT
29940,MEMACC
27456,MEMACC
31938,MEMACC
12887,MEMACC
6419,MEMACC
28319,MEMACC
1405,L1HIT
18566,L1HIT
22306,L1HIT
27456,L1HIT
31938,MEMACC
12887,L1HIT
6419,MEMACC
28319,MEMACC
1405,L1HIT
18566,L1HIT
16143,MEMACC
16292,MEMACC
29117,MEMACC
29940,L1HIT
27456,L1HIT
19404,MEMACC
875,MEMACC
16625,MEMACC
16270,L1HIT
6048,L1HIT
26066,MEMACC
6168,MEMACC
30611,MEMACC
32429,MEMACC
17635,L1HIT
22043,MEMACC
14716,MEMACC
19482,MEMACC
30200,MEMACC
13362,MEMACC
2373,MEMACC
11473,MEMACC
24147,MEMACC
6811,L1HIT
12815,MEMACC
9621,MEMACC
26389,MEMACC
16545,MEMACC
19356,MEMACC
30791,MEMACC
17253,MEMACC
3557,MEMACC
20186,MEMACC
23125,L1HIT
3029,MEMACC
22887,MEMACC
15541,L1HIT
2446,L1HIT
17840,L1HIT
29657,MEMACC
5227,MEMACC
28709,MEMACC
9671,MEMACC
31122,L1HIT
7678,MEMACC
9968,L1HIT
7434,MEMACC
2231,MEMACC
2355,MEMACC
12417,MEMACC
351,MEMACC
6559,MEMACC
21636,MEMACC
19673,MEMACC
9427,MEMACC
27141,L1HIT
24043,L1HIT
28632,L1HIT
23372,MEMACC
13819,MEMACC
21262,MEMACC
19809,MEMACC
22739,MEMACC
15065,MEMACC
3322,MEMACC
19477,L1HIT
9656,L1HIT
29341,MEMACC
16062,MEMACC
2277,MEMACC
4600,L1HIT
27469,L1HIT
25837,L1HIT
17080,MEMACC
6074,L1HIT
24896,MEMACC
1891,MEMACC
22312,L1HIT
27239,MEMACC
21521,MEMACC
23447,MEMACC
10353,MEMACC
1831,L1HIT
31554,MEMACC
11782,MEMACC
29547,MEMACC
29556,MEMACC
6961,L1HIT
10652,MEMACC
20977,MEMACC
24713,MEMACC
12514,MEMACC
10576,MEMACC
10588,L1HIT
10261,MEMACC
27097,MEMACC
12633,MEMACC
11761,L1HIT
14727,MEMACC
19081,L1HIT
25289,MEMACC
19015,L1HIT
7456,MEMACC
11849,MEMACC
3252,MEMACC
10006,MEMACC
10857,L1HIT
25441,MEMACC
10939,MEMACC
21363,MEMACC
2354,L1HIT
16096,MEMACC
22585,L1HIT
8049,MEMACC
8051,MEMACC
8063,L1HIT
8063,L1HIT
10599,L1HIT
10605,L1HIT
10609,L1HIT
10391,MEMACC
10400,MEMACC
10405,L1HIT
10411,L1HIT
10419,L1HIT
10435,L1HIT
10443,L1HIT
10452,L1HIT
13248,L1HIT
29613,MEMACC
3617,MEMACC
26169,MEMACC
5153,MEMACC
19311,MEMACC
31351,MEMACC
3176,MEMACC
20009,L1HIT
27012,L1HIT
30318,MEMACC
29952,L1HIT
13248,L1HIT
29613,MEMACC
28595,MEMACC
28611,L1HIT
28623,L1HIT
7388,MEMACC
7406,MEMACC
7408,L1HIT
7417,L1HIT
7428,MEMACC
7438,MEMACC
21284,MEMACC
29915,L1HIT
28994,MEMACC
5720,MEMACC
25174,MEMACC
14835,MEMACC
13643,L1HIT
28995,MEMACC
11824,MEMACC
6446,MEMACC
31040,MEMACC
22633,MEMACC
15347,MEMACC
31836,MEMACC
17786,L1HIT
19698,L1HIT
6453,L1HIT
17827,L1HIT
21635,MEMACC
31040,L1HIT
22633,L1HIT
15347,L1HIT
31836,MEMACC
17786,L1HIT
19698,L1HIT
6453,L1HIT
25335,L1HIT
25354,L1HIT
25371,L1HIT
25386,L1HIT
2288,MEMACC
2288,MEMACC
2298,L1HIT
2313,L1HIT
2316,L1HIT
30682,MEMACC
30686,L1HIT
30689,L1HIT
1823,L1HIT
16347,MEMACC
15898,MEMACC
833,L1HIT
2760,L1HIT
12621,MEMACC
2426,L1HIT
13557,MEMACC
18927,MEMACC
21006,L1HIT
5575,MEMACC
16226,MEMACC
31546,MEMACC
9986,MEMACC
28682,L1HIT
222,MEMACC
8374,MEMACC
31634,MEMACC
16369,MEMACC
26499,MEMACC
22571,L1HIT
22584,L1HIT
22602,L1HIT
22618,L1HIT
13117,MEMACC
31328,L1HIT
1141,MEMACC
1055,MEMACC
32291,MEMACC
25070,MEMACC
9116,MEMACC
19176,MEMACC
18156,MEMACC
5280,MEMACC
30317,L1HIT
11611,L1HIT
26777,MEMACC
1660,MEMACC
23069,MEMACC
831,MEMACC
4654,MEMACC
16298,L1HIT
288,MEMACC
17345,L1HIT
30458,MEMACC
25011,MEMACC
26608,MEMACC
21561,L1HIT
15451,MEMACC
13394,L1HIT
23872,MEMACC
22859,L1HIT
13157,MEMACC
578,MEMACC
2056,MEMACC
23680,MEMACC
24016,L1HIT
17417,L1HIT
22020,MEMACC
29296,MEMACC
30203,L1HIT
4080,MEMACC
24788,MEMACC
23225,MEMACC
22664,MEMACC
8314,MEMACC
18042,MEMACC
825,L1HIT
15138,MEMACC
11744,L1HIT
11993,L1HIT
5819,L1HIT
24149,L1HIT
5456,MEMACC
15230,L1HIT
31195,MEMACC
24700,MEMACC
14586,MEMACC
14613,MEMACC
32682,MEMACC
22070,MEMACC
17266,MEMACC
8143,MEMACC
8926,L1HIT
9519,MEMACC
16397,MEMACC
31236,L1HIT
16768,MEMACC
18815,MEMACC
22476,MEMACC
25733,MEMACC
30351,MEMACC
22770,MEMACC
25406,L1HIT
29618,MEMACC
14655,MEMACC
26545,MEMACC
28626,L1HIT
12449,L1HIT
4386,L1HIT
24871,MEMACC
17787,L1HIT
12830,L1HIT
19389,MEMACC
4488,L1HIT
31504,L1HIT
20958,L1HIT
3284,MEMACC
25508,MEMACC
17111,MEMACC
19775,MEMACC
15819,MEMACC
21771,L1HIT
6135,MEMACC
4521,L1HIT
10636,MEMACC
30719,L1HIT
23539,L1HIT
21654,MEMACC
4347,L1HIT
8962,MEMACC
16421,L1HIT
12511,MEMACC
16979,MEMACC
8067,MEMACC
28978,MEMACC
10636,L1HIT
30719,L1HIT
23539,L1HIT
21654,MEMACC
4347,L1HIT
4347,L1HIT
8962,MEMACC
16421,L1HIT
12511,L1HIT
16979,MEMACC
8067,MEMACC
28978,L1HIT
10636,L1HIT
30719,L1HIT
23539,L1HIT
21654,MEMACC
32572,L1HIT
15028,MEMACC
3727,MEMACC
1949,L1HIT
2408,L1HIT
32191,MEMACC
20789,MEMACC
19067,L1HIT
10080,MEMACC
769,L1HIT
22075,L1HIT
11480,MEMACC
15639,MEMACC
15485,MEMACC
25610,MEMACC
26445,MEMACC
31983,MEMACC
19620,L1HIT
30125,L1HIT
14919,L1HIT
32701,MEMACC
4095,MEMACC
12518,L1HIT
17211,MEMACC
2778,L1HIT
10803,MEMACC
21639,MEMACC
21641,L1HIT
21659,L1HIT
21669,L1HIT
21677,L1HIT
21686,L1HIT
21692,L1HIT
17545,MEMACC
17556,L1HIT
17556,L1HIT
17567,L1HIT
17584,L1HIT
17589,L1HIT
17599,L1HIT
19963,MEMACC
19968,L1HIT
19969,L1HIT
19980,L1HIT
19998,L1HIT
20009,L1HIT
10619,L1HIT
10635,L1HIT
10645,L1HIT
10664,L1HIT
24137,L1HIT
24152,L1HIT
24153,L1HIT
24170,L1HIT
24170,L1HIT
24176,L1HIT
10920,MEMACC
6870,MEMACC
32686,MEMACC
17671,MEMACC
19805,L1HIT
1683,MEMACC
8692,MEMACC
28888,MEMACC
13276,L1HIT
22683,L1HIT
16953,MEMACC
23364,MEMACC
25535,MEMACC
17482,L1HIT
14278,MEMACC
26348,MEMACC
11681,MEMACC
16418,L1HIT
22060,L1HIT
29907,L1HIT
