2507,MEMACC
19259,MEMACC
18830,MEMACC
2388,MEMACC
13190,MEMACC
22505,MEMACC
15248,MEMACC
23645,MEMACC
22970,MEMACC
13277,MEMACC
7757,MEMACC
18315,MEMACC
18187,MEMACC
11228,MEMACC
14773,MEMACC
3902,MEMACC
2000,MEMACC
31743,MEMACC
24489,MEMACC
29034,MEMACC
6195,MEMACC
6200,MEMACC
24451,MEMACC
24453,MEMACC
24456,MEMACC
24469,MEMACC
7933,MEMACC
21763,MEMACC
3529,MEMACC
20017,MEMACC
3403,MEMACC
16130,MEMACC
31975,MEMACC
1691,MEMACC
24183,MEMACC
11344,MEMACC
8082,MEMACC
4874,MEMACC
2062,MEMACC
31724,MEMACC
29123,MEMACC
7222,MEMACC
11666,MEMACC
19049,MEMACC
14759,MEMACC
1708,MEMACC
25198,MEMACC
31772,MEMACC
2893,MEMACC
31536,MEMACC
32054,MEMACC
16695,MEMACC
8142,MEMACC
20626,MEMACC
21265,MEMACC
10433,MEMACC
12089,MEMACC
9585,MEMACC
31714,MEMACC
20150,MEMACC
8811,MEMACC
32405,MEMACC
8095,MEMACC
32709,MEMACC
14485,MEMACC
2486,MEMACC
18799,MEMACC
20834,MEMACC
15827,MEMACC
12219,MEMACC
5483,MEMACC
18492,MEMACC
21010,MEMACC
24946,MEMACC
24557,MEMACC
8601,MEMACC
18799,MEMACC
4171,MEMACC
4185,MEMACC
4193,MEMACC
1181,MEMACC
27915,MEMACC
2928,MEMACC
9249,MEMACC
20123,MEMACC
22505,MEMACC
27915,L1HIT
2928,MEMACC
9249,L1HIT
18230,MEMACC
5950,MEMACC
2695,MEMACC
9167,MEMACC
17754,MEMACC
6582,MEMACC
10176,MEMACC
17574,MEMACC
17592,MEMACC
17601,MEMACC
17610,MEMACC
17615,MEMACC
19940,MEMACC
19955,MEMACC
19963,MEMACC
19977,MEMACC
17395,MEMACC
17410,MEMACC
17419,MEMACC
17423,MEMACC
17427,MEMACC
15150,MEMACC
24108,MEMACC
27501,MEMACC
17430,MEMACC
12006,MEMACC
2228,MEMACC
5558,MEMACC
25125,MEMACC
21768,MEMACC
28185,MEMACC
12333,MEMACC
903,MEMACC
30704,MEMACC
19614,MEMACC
5155,MEMACC
15613,MEMACC
19326,MEMACC
14374,MEMACC
15786,MEMACC
31792,MEMACC
23525,MEMACC
13700,MEMACC
19613,MEMACC
9405,MEMACC
10775,MEMACC
23084,MEMACC
31398,MEMACC
272,MEMACC
18054,MEMACC
32224,MEMACC
10260,MEMACC
272,L1HIT
18054,MEMACC
32224,L1HIT
10260,MEMACC
24816,MEMACC
28246,MEMACC
3743,MEMACC
9940,MEMACC
18069,MEMACC
28822,MEMACC
20182,MEMACC
15716,MEMACC
28822,L1HIT
20182,L1HIT
15716,L1HIT
3484,MEMACC
30512,MEMACC
18044,MEMACC
23141,MEMACC
22107,MEMACC
20784,MEMACC
28822,L1HIT
20182,L1HIT
15716,L1HIT
3484,L1HIT
30512,MEMACC
18044,L1HIT
23141,MEMACC
22107,L1HIT
20784,MEMACC
20449,MEMACC
5007,MEMACC
11080,MEMACC
11098,MEMACC
11100,MEMACC
11109,MEMACC
11113,MEMACC
2841,MEMACC
23925,MEMACC
23932,MEMACC
23946,MEMACC
23946,L1HIT
23954,MEMACC
23954,L1HIT
28506,MEMACC
11569,MEMACC
5352,MEMACC
13069,MEMACC
2402,MEMACC
24057,MEMACC
12419,MEMACC
14632,MEMACC
23232,MEMACC
16435,MEMACC
12714,MEMACC
1836,MEMACC
24057,MEMACC
12419,MEMACC
14806,MEMACC
32203,MEMACC
25417,MEMACC
4063,MEMACC
29780,MEMACC
15181,MEMACC
22166,MEMACC
26446,MEMACC
23503,MEMACC
4987,MEMACC
17383,MEMACC
26741,MEMACC
22203,MEMACC
22203,MEMACC
10572,MEMACC
18851,MEMACC
23222,MEMACC
10204,MEMACC
31719,MEMACC
1242,MEMACC
8445,MEMACC
5893,MEMACC
15085,MEMACC
7002,MEMACC
19691,MEMACC
16714,MEMACC
3988,MEMACC
257,MEMACC
3080,MEMACC
31047,MEMACC
2289,MEMACC
25764,MEMACC
18626,MEMACC
27080,MEMACC
32061,MEMACC
19241,MEMACC
5176,MEMACC
14830,MEMACC
16800,MEMACC
32063,MEMACC
27326,MEMACC
30127,MEMACC
22201,MEMACC
13787,MEMACC
18003,MEMACC
25882,MEMACC
18106,MEMACC
3408,MEMACC
31480,MEMACC
2506,L1HIT
1247,MEMACC
12936,MEMACC
1216,MEMACC
10805,MEMACC
10819,MEMACC
10822,MEMACC
14100,MEMACC
10346,MEMACC
18770,MEMACC
991,MEMACC
22111,MEMACC
32123,MEMACC
2485,L1HIT
809,MEMACC
4778,MEMACC
5738,MEMACC
29315,MEMACC
16619,MEMACC
18700,MEMACC
30957,MEMACC
30352,MEMACC
26938,MEMACC
10649,MEMACC
28445,MEMACC
11952,MEMACC
13999,MEMACC
11178,MEMACC
29707,MEMACC
21016,MEMACC
9969,MEMACC
28270,MEMACC
19950,MEMACC
20350,MEMACC
9113,MEMACC
1421,MEMACC
30352,MEMACC
28270,MEMACC
17168,MEMACC
1622,MEMACC
12894,MEMACC
27802,MEMACC
26635,MEMACC
21693,MEMACC
26437,MEMACC
19019,MEMACC
26437,MEMACC
19019,L1HIT
27124,MEMACC
2473,MEMACC
20006,MEMACC
6496,MEMACC
22037,MEMACC
3767,MEMACC
4064,MEMACC
9209,MEMACC
21236,MEMACC
21251,MEMACC
21257,MEMACC
10025,MEMACC
10036,MEMACC
10040,MEMACC
10053,MEMACC
10067,MEMACC
28927,MEMACC
32517,MEMACC
16173,MEMACC
10842,MEMACC
867,MEMACC
23884,MEMACC
15689,MEMACC
5124,MEMACC
32137,MEMACC
4166,MEMACC
23268,MEMACC
27861,MEMACC
22561,MEMACC
7885,MEMACC
20564,MEMACC
8,MEMACC
17237,MEMACC
15689,MEMACC
5124,L1HIT
32137,MEMACC
4166,L1HIT
7134,MEMACC
29647,MEMACC
11210,MEMACC
19891,MEMACC
14429,MEMACC
12258,MEMACC
7712,MEMACC
29387,MEMACC
26895,MEMACC
17741,MEMACC
18094,MEMACC
9253,MEMACC
24454,L1HIT
22022,MEMACC
8717,MEMACC
16448,MEMACC
14888,MEMACC
27374,MEMACC
22265,MEMACC
5489,MEMACC
760,MEMACC
28445,L1HIT
16966,MEMACC
18481,MEMACC
27454,MEMACC
20237,MEMACC
27980,MEMACC
31234,MEMACC
31250,MEMACC
14870,MEMACC
23931,MEMACC
26413,MEMACC
23303,MEMACC
11161,MEMACC
20074,MEMACC
26428,MEMACC
8380,MEMACC
1593,MEMACC
23237,MEMACC
11880,MEMACC
16964,MEMACC
14160,MEMACC
25696,MEMACC
5364,MEMACC
16347,MEMACC
31675,MEMACC
26866,MEMACC
17267,MEMACC
9349,MEMACC
31637,MEMACC
15992,MEMACC
5323,MEMACC
8025,MEMACC
17327,MEMACC
25923,MEMACC
214,MEMACC
18957,MEMACC
18960,MEMACC
18974,MEMACC
18976,MEMACC
18982,MEMACC
26949,MEMACC
26957,MEMACC
26963,MEMACC
26968,MEMACC
28747,MEMACC
1570,MEMACC
13419,MEMACC
18691,MEMACC
14116,MEMACC
5617,MEMACC
12365,MEMACC
6291,MEMACC
1771,MEMACC
16197,MEMACC
25674,MEMACC
1734,MEMACC
32077,MEMACC
11824,MEMACC
1538,MEMACC
26414,MEMACC
889,MEMACC
22121,MEMACC
28631,MEMACC
30787,MEMACC
15816,MEMACC
15821,MEMACC
15836,MEMACC
15848,MEMACC
15852,MEMACC
5945,MEMACC
5962,MEMACC
19446,MEMACC
21127,MEMACC
32720,MEMACC
16751,MEMACC
25840,MEMACC
20338,MEMACC
13129,MEMACC
15316,MEMACC
10464,MEMACC
24145,MEMACC
20969,MEMACC
20575,MEMACC
7212,MEMACC
15284,MEMACC
14766,MEMACC
29192,MEMACC
5774,MEMACC
12828,MEMACC
26157,MEMACC
15867,MEMACC
9855,MEMACC
24844,MEMACC
28696,MEMACC
8984,MEMACC
29897,MEMACC
646,MEMACC
10099,MEMACC
8664,MEMACC
7254,MEMACC
491,MEMACC
31445,MEMACC
8665,L1HIT
15481,MEMACC
22045,MEMACC
23865,MEMACC
6904,MEMACC
24825,MEMACC
26132,MEMACC
21072,MEMACC
15208,MEMACC
4140,MEMACC
32616,MEMACC
22673,MEMACC
16858,MEMACC
32158,MEMACC
16296,MEMACC
19945,MEMACC
20402,MEMACC
2028,MEMACC
15751,MEMACC
1521,MEMACC
14833,MEMACC
2395,MEMACC
29438,MEMACC
4140,L1HIT
20173,MEMACC
17814,MEMACC
30190,MEMACC
5370,MEMACC
14907,MEMACC
23726,MEMACC
2490,MEMACC
11418,MEMACC
12852,MEMACC
29810,MEMACC
29081,MEMACC
14136,MEMACC
26016,MEMACC
6147,MEMACC
7854,MEMACC
9214,MEMACC
23033,MEMACC
32179,MEMACC
9965,MEMACC
19850,MEMACC
7052,MEMACC
32160,MEMACC
30317,MEMACC
32580,MEMACC
3018,MEMACC
31715,L1HIT
5551,MEMACC
4240,MEMACC
16732,MEMACC
14632,MEMACC
29513,MEMACC
21629,MEMACC
3175,MEMACC
13236,MEMACC
5289,MEMACC
14572,MEMACC
28355,MEMACC
18721,MEMACC
31026,MEMACC
5455,MEMACC
32474,MEMACC
32492,MEMACC
32510,MEMACC
32514,MEMACC
32527,MEMACC
32530,MEMACC
32545,MEMACC
25759,MEMACC
23418,MEMACC
26409,MEMACC
25286,MEMACC
18927,MEMACC
6786,MEMACC
14856,MEMACC
6991,MEMACC
14856,L1HIT
6991,MEMACC
10335,MEMACC
25759,MEMACC
23418,MEMACC
26409,MEMACC
25286,L1HIT
3928,MEMACC
10653,MEMACC
18358,MEMACC
4170,MEMACC
29535,MEMACC
13924,MEMACC
24427,MEMACC
7445,MEMACC
7489,MEMACC
18471,MEMACC
8192,MEMACC
30619,MEMACC
922,MEMACC
17896,MEMACC
23085,MEMACC
23248,MEMACC
18471,MEMACC
8192,MEMACC
30619,L1HIT
922,L1HIT
17896,MEMACC
8434,MEMACC
24427,L1HIT
7445,MEMACC
7489,L1HIT
18471,MEMACC
15258,MEMACC
17126,MEMACC
10667,MEMACC
27401,MEMACC
2456,MEMACC
24407,MEMACC
3578,MEMACC
6864,MEMACC
23183,MEMACC
13513,MEMACC
17376,MEMACC
15783,MEMACC
12832,MEMACC
22760,MEMACC
11094,MEMACC
14435,MEMACC
18623,MEMACC
23760,MEMACC
7021,MEMACC
16266,MEMACC
27834,MEMACC
22558,MEMACC
32451,MEMACC
9841,MEMACC
22508,MEMACC
23946,L1HIT
8953,MEMACC
5283,MEMACC
9388,MEMACC
11523,MEMACC
722,MEMACC
20095,MEMACC
5277,MEMACC
18836,MEMACC
6479,MEMACC
12891,MEMACC
19180,MEMACC
30888,MEMACC
20089,MEMACC
26462,MEMACC
19589,MEMACC
26988,MEMACC
6479,L1HIT
12891,L1HIT
19180,L1HIT
12597,MEMACC
25282,MEMACC
20897,MEMACC
28870,MEMACC
28876,MEMACC
28879,MEMACC
31224,MEMACC
9590,MEMACC
14802,MEMACC
11265,MEMACC
15516,MEMACC
5417,MEMACC
20652,MEMACC
20891,MEMACC
6326,MEMACC
11083,L1HIT
19695,MEMACC
12216,MEMACC
6002,MEMACC
3953,MEMACC
4067,L1HIT
5848,MEMACC
6739,MEMACC
9254,MEMACC
11620,MEMACC
16047,MEMACC
13160,MEMACC
31841,MEMACC
23206,MEMACC
12075,MEMACC
27432,MEMACC
30556,MEMACC
32344,MEMACC
31304,MEMACC
10702,MEMACC
27884,MEMACC
21014,MEMACC
7381,MEMACC
6835,MEMACC
62,MEMACC
5987,MEMACC
4473,MEMACC
8869,MEMACC
31120,MEMACC
32121,L1HIT
20011,MEMACC
25902,MEMACC
2963,MEMACC
14432,MEMACC
25414,MEMACC
14629,MEMACC
8872,MEMACC
26790,MEMACC
11460,MEMACC
24554,MEMACC
28032,MEMACC
16766,MEMACC
10511,MEMACC
5441,MEMACC
4735,MEMACC
32657,MEMACC
14490,MEMACC
26292,MEMACC
17858,MEMACC
3258,MEMACC
22420,MEMACC
3864,MEMACC
24282,MEMACC
24633,MEMACC
26387,MEMACC
29146,MEMACC
31562,MEMACC
17142,MEMACC
2814,MEMACC
31914,MEMACC
12999,MEMACC
8180,MEMACC
30781,MEMACC
16571,MEMACC
32021,MEMACC
29199,MEMACC
28045,MEMACC
18355,MEMACC
11787,MEMACC
4312,MEMACC
12332,L1HIT
30227,MEMACC
13587,MEMACC
32636,MEMACC
6708,MEMACC
12973,MEMACC
19768,MEMACC
30520,MEMACC
25550,MEMACC
3821,MEMACC
8691,MEMACC
28226,MEMACC
13680,MEMACC
29689,MEMACC
19108,MEMACC
17404,MEMACC
24195,MEMACC
18828,MEMACC
29151,MEMACC
9370,MEMACC
1828,MEMACC
5327,MEMACC
28904,MEMACC
18940,MEMACC
18255,MEMACC
31386,MEMACC
1653,MEMACC
27117,MEMACC
16806,MEMACC
12257,L1HIT
9506,MEMACC
29896,L1HIT
14183,MEMACC
2458,MEMACC
18255,L1HIT
31386,L1HIT
1653,L1HIT
27117,L1HIT
16806,L1HIT
4716,MEMACC
28652,MEMACC
1828,MEMACC
5327,MEMACC
28904,MEMACC
21687,MEMACC
20461,MEMACC
29280,MEMACC
15385,MEMACC
22010,MEMACC
1765,MEMACC
1765,L1HIT
3496,MEMACC
1932,MEMACC
17465,MEMACC
14824,MEMACC
21687,L1HIT
20461,MEMACC
29280,MEMACC
15385,L1HIT
22010,MEMACC
22631,MEMACC
19643,MEMACC
6189,MEMACC
16928,MEMACC
21687,L1HIT
20461,MEMACC
29280,MEMACC
9439,MEMACC
13259,MEMACC
24538,MEMACC
16064,MEMACC
27788,MEMACC
9394,MEMACC
21572,MEMACC
24171,MEMACC
14367,MEMACC
7271,MEMACC
13259,MEMACC
24538,MEMACC
16064,L1HIT
32209,MEMACC
23968,MEMACC
26887,MEMACC
19048,MEMACC
4049,MEMACC
28200,MEMACC
19051,L1HIT
8737,MEMACC
29750,MEMACC
5591,MEMACC
31497,MEMACC
30988,MEMACC
30923,MEMACC
494,MEMACC
2882,MEMACC
9104,MEMACC
24102,MEMACC
2199,MEMACC
7034,MEMACC
9782,MEMACC
31580,MEMACC
31594,MEMACC
31597,MEMACC
31614,MEMACC
13149,MEMACC
31689,MEMACC
16461,MEMACC
16365,MEMACC
507,MEMACC
28641,MEMACC
16883,MEMACC
8620,MEMACC
30365,MEMACC
28733,MEMACC
28613,MEMACC
21006,MEMACC
31689,MEMACC
30248,MEMACC
16853,MEMACC
8359,MEMACC
14926,MEMACC
27654,MEMACC
21925,MEMACC
21500,MEMACC
31582,MEMACC
31568,MEMACC
23715,MEMACC
21904,MEMACC
2963,MEMACC
6406,MEMACC
7388,MEMACC
3304,MEMACC
1932,MEMACC
1999,MEMACC
14116,L1HIT
12906,MEMACC
1006,MEMACC
