27978,MEMACC
23425,MEMACC
1761,MEMACC
1188,MEMACC
7478,MEMACC
29846,MEMACC
5540,MEMACC
6557,MEMACC
7312,MEMACC
16465,MEMACC
19236,MEMACC
23425,MEMACC
1761,MEMACC
30608,MEMACC
29989,MEMACC
16985,MEMACC
16989,MEMACC
17003,MEMACC
17007,L1HIT
13624,MEMACC
21693,MEMACC
12763,MEMACC
11655,MEMACC
5560,MEMACC
22526,MEMACC
7695,MEMACC
19321,MEMACC
19990,MEMACC
32505,MEMACC
32748,MEMACC
8632,MEMACC
462,MEMACC
16901,MEMACC
5005,MEMACC
22094,MEMACC
22591,MEMACC
23679,MEMACC
4149,MEMACC
907,MEMACC
4935,MEMACC
4937,MEMACC
4951,MEMACC
4954,MEMACC
4973,MEMACC
3973,MEMACC
15815,MEMACC
5444,MEMACC
9630,MEMACC
459,MEMACC
22842,MEMACC
6556,MEMACC
13635,MEMACC
1242,MEMACC
25247,MEMACC
3677,MEMACC
6556,L1HIT
13635,MEMACC
1242,L1HIT
11794,MEMACC
20520,MEMACC
10867,MEMACC
24255,MEMACC
18839,MEMACC
839,MEMACC
6632,MEMACC
31431,MEMACC
93,MEMACC
4248,MEMACC
22204,MEMACC
15672,MEMACC
12054,MEMACC
9711,MEMACC
28816,MEMACC
16306,MEMACC
12650,MEMACC
6471,MEMACC
29241,MEMACC
4266,MEMACC
7799,MEMACC
30640,MEMACC
27626,MEMACC
17745,MEMACC
26060,MEMACC
2908,MEMACC
17166,MEMACC
31101,MEMACC
20563,MEMACC
26882,MEMACC
5641,MEMACC
12149,MEMACC
27792,MEMACC
29654,MEMACC
7070,MEMACC
26919,MEMACC
2274,MEMACC
4654,MEMACC
14823,MEMACC
29302,MEMACC
11580,MEMACC
20631,MEMACC
28087,MEMACC
2981,MEMACC
22097,MEMACC
18590,MEMACC
12341,MEMACC
16568,MEMACC
10704,MEMACC
3683,MEMACC
28334,MEMACC
25638,MEMACC
17725,MEMACC
14471,MEMACC
14804,MEMACC
26927,MEMACC
31475,MEMACC
6474,MEMACC
19149,MEMACC
20269,MEMACC
10755,MEMACC
5435,MEMACC
8713,MEMACC
17073,MEMACC
19392,MEMACC
26644,MEMACC
19139,MEMACC
6901,MEMACC
24054,MEMACC
12489,MEMACC
8448,MEMACC
2686,MEMACC
610,MEMACC
8713,L1HIT
17073,MEMACC
17350,MEMACC
9778,MEMACC
2466,MEMACC
16108,MEMACC
16109,L1HIT
16126,MEMACC
16143,MEMACC
24742,MEMACC
24755,MEMACC
24774,MEMACC
24783,MEMACC
24798,MEMACC
27486,MEMACC
27501,MEMACC
27520,MEMACC
27538,MEMACC
29529,MEMACC
29537,MEMACC
7981,MEMACC
22240,MEMACC
5441,L1HIT
23283,MEMACC
6912,MEMACC
24270,MEMACC
9478,MEMACC
11356,MEMACC
18263,MEMACC
29640,MEMACC
7981,MEMACC
22240,L1HIT
5441,L1HIT
23283,L1HIT
8677,MEMACC
20643,MEMACC
12905,MEMACC
11640,MEMACC
16096,MEMACC
16096,L1HIT
2243,MEMACC
1291,MEMACC
23674,MEMACC
22991,MEMACC
13406,MEMACC
31250,MEMACC
31263,MEMACC
31280,MEMACC
24195,MEMACC
32493,MEMACC
10507,MEMACC
19010,MEMACC
7438,MEMACC
13079,MEMACC
13093,MEMACC
13098,MEMACC
13098,MEMACC
19025,MEMACC
21117,MEMACC
3878,MEMACC
15320,MEMACC
8497,MEMACC
9132,MEMACC
31130,MEMACC
18940,MEMACC
17185,MEMACC
28463,MEMACC
32260,MEMACC
14099,MEMACC
6947,MEMACC
15649,MEMACC
21090,MEMACC
15875,MEMACC
14415,MEMACC
31315,MEMACC
22277,MEMACC
13990,MEMACC
31945,MEMACC
16145,MEMACC
586,MEMACC
1508,MEMACC
22586,MEMACC
2305,MEMACC
18482,MEMACC
7520,MEMACC
660,MEMACC
18209,MEMACC
531,MEMACC
22826,MEMACC
18550,MEMACC
14354,MEMACC
22680,MEMACC
17470,MEMACC
4532,MEMACC
12105,MEMACC
20447,MEMACC
16553,MEMACC
10051,MEMACC
26869,MEMACC
17674,MEMACC
17348,L1HIT
19640,MEMACC
11146,MEMACC
2939,MEMACC
17348,L1HIT
19640,L1HIT
11146,MEMACC
2939,L1HIT
10356,MEMACC
15403,MEMACC
1645,MEMACC
2070,MEMACC
26041,MEMACC
10051,L1HIT
26869,L1HIT
17674,MEMACC
17348,L1HIT
19640,L1HIT
11146,MEMACC
2939,L1HIT
10356,L1HIT
10622,MEMACC
30649,MEMACC
31736,MEMACC
31740,MEMACC
31758,MEMACC
2005,MEMACC
2005,MEMACC
2012,MEMACC
12539,MEMACC
9477,MEMACC
26402,MEMACC
1137,MEMACC
19274,MEMACC
14132,MEMACC
13915,MEMACC
7575,MEMACC
14049,MEMACC
1145,MEMACC
30132,MEMACC
18959,MEMACC
8017,MEMACC
31646,MEMACC
368,MEMACC
368,L1HIT
19593,MEMACC
1834,MEMACC
601,MEMACC
12539,MEMACC
1834,L1HIT
601,L1HIT
12539,MEMACC
31262,L1HIT
11397,MEMACC
11020,MEMACC
21601,MEMACC
7724,MEMACC
31262,L1HIT
11397,MEMACC
15366,MEMACC
15379,MEMACC
15382,L1HIT
15398,MEMACC
22641,MEMACC
24013,MEMACC
1953,MEMACC
27926,MEMACC
11661,MEMACC
19111,MEMACC
4933,MEMACC
12224,MEMACC
8362,MEMACC
16546,MEMACC
16552,MEMACC
16557,L1HIT
7951,MEMACC
7955,MEMACC
20022,MEMACC
26000,MEMACC
21283,MEMACC
25238,MEMACC
32635,MEMACC
27373,MEMACC
20183,MEMACC
9373,MEMACC
21002,MEMACC
13997,MEMACC
29956,MEMACC
24110,MEMACC
23543,MEMACC
21627,MEMACC
7096,MEMACC
27326,MEMACC
20839,MEMACC
32438,MEMACC
23890,MEMACC
11448,MEMACC
6859,MEMACC
3781,MEMACC
18962,MEMACC
26142,MEMACC
21009,MEMACC
29656,MEMACC
27240,MEMACC
17194,MEMACC
8099,MEMACC
8118,MEMACC
8123,MEMACC
8127,MEMACC
11697,MEMACC
3341,MEMACC
24608,MEMACC
10722,MEMACC
8894,MEMACC
29284,MEMACC
10510,MEMACC
31707,MEMACC
9533,MEMACC
4483,MEMACC
263,MEMACC
21648,MEMACC
7641,MEMACC
7534,MEMACC
24627,MEMACC
589,L1HIT
2641,MEMACC
9949,MEMACC
10762,MEMACC
14678,MEMACC
16572,MEMACC
30169,MEMACC
8289,MEMACC
12853,MEMACC
29867,MEMACC
10050,L1HIT
11543,MEMACC
1796,MEMACC
1918,MEMACC
22200,L1HIT
20632,MEMACC
21363,MEMACC
3518,MEMACC
2567,MEMACC
29684,MEMACC
9766,MEMACC
20518,MEMACC
15562,MEMACC
17586,MEMACC
5587,MEMACC
14578,MEMACC
20812,MEMACC
16839,MEMACC
15461,MEMACC
16198,MEMACC
30129,L1HIT
8799,MEMACC
25911,MEMACC
32734,MEMACC
6083,MEMACC
10640,MEMACC
16683,MEMACC
25255,MEMACC
13270,MEMACC
13151,MEMACC
29055,MEMACC
8162,MEMACC
14647,MEMACC
18025,MEMACC
13993,L1HIT
13986,L1HIT
14002,MEMACC
14010,MEMACC
14024,MEMACC
14029,MEMACC
14041,MEMACC
6617,MEMACC
20703,MEMACC
8500,L1HIT
9428,MEMACC
30108,MEMACC
19571,MEMACC
6837,MEMACC
30738,MEMACC
20541,MEMACC
22292,MEMACC
16183,MEMACC
20003,MEMACC
584,L1HIT
25273,MEMACC
3425,MEMACC
32741,MEMACC
14494,MEMACC
30796,MEMACC
29294,MEMACC
26990,MEMACC
25082,MEMACC
902,MEMACC
28256,MEMACC
6909,MEMACC
26998,MEMACC
7889,MEMACC
19857,MEMACC
28256,MEMACC
6909,L1HIT
26998,L1HIT
7889,L1HIT
19857,L1HIT
2991,MEMACC
10599,MEMACC
25642,MEMACC
23214,MEMACC
6909,L1HIT
26998,L1HIT
7889,L1HIT
19857,L1HIT
23214,MEMACC
32388,MEMACC
20053,MEMACC
12967,MEMACC
4612,MEMACC
12070,MEMACC
27036,MEMACC
29444,MEMACC
29638,MEMACC
13545,MEMACC
612,MEMACC
16658,MEMACC
17677,MEMACC
21813,MEMACC
3149,MEMACC
22941,MEMACC
22987,MEMACC
18234,MEMACC
13201,MEMACC
21462,MEMACC
1954,MEMACC
24815,MEMACC
788,MEMACC
23287,L1HIT
378,MEMACC
25266,MEMACC
22374,MEMACC
3041,MEMACC
9772,MEMACC
28446,MEMACC
7400,MEMACC
4871,MEMACC
19138,MEMACC
28830,MEMACC
26224,MEMACC
5872,MEMACC
12789,MEMACC
18889,MEMACC
30904,MEMACC
16850,MEMACC
18103,MEMACC
3121,MEMACC
25741,MEMACC
13800,MEMACC
17358,MEMACC
7898,MEMACC
12851,MEMACC
26139,L1HIT
18423,MEMACC
27498,MEMACC
5504,MEMACC
2556,MEMACC
21570,MEMACC
28796,MEMACC
7905,MEMACC
14927,MEMACC
11804,MEMACC
3027,MEMACC
17804,MEMACC
14378,MEMACC
25166,MEMACC
26475,MEMACC
21599,MEMACC
31244,MEMACC
5512,MEMACC
31438,MEMACC
24104,L1HIT
31134,L1HIT
30515,MEMACC
3513,MEMACC
28027,MEMACC
17172,MEMACC
2606,MEMACC
30459,MEMACC
13472,MEMACC
26616,MEMACC
31990,MEMACC
31990,L1HIT
32007,MEMACC
32017,MEMACC
32030,MEMACC
32031,MEMACC
32044,MEMACC
21398,MEMACC
21411,MEMACC
21420,MEMACC
21421,MEMACC
21421,L1HIT
21437,MEMACC
21454,MEMACC
21468,MEMACC
21804,MEMACC
21812,MEMACC
24003,MEMACC
24014,L1HIT
24031,MEMACC
23002,MEMACC
23019,MEMACC
23031,MEMACC
23036,MEMACC
3393,MEMACC
12006,MEMACC
24987,MEMACC
21401,MEMACC
1783,MEMACC
8352,MEMACC
12301,MEMACC
15862,MEMACC
8525,MEMACC
21821,MEMACC
8525,L1HIT
21821,L1HIT
8203,MEMACC
6659,MEMACC
24036,MEMACC
21451,MEMACC
4704,MEMACC
2559,L1HIT
12561,MEMACC
30000,MEMACC
3393,L1HIT
3824,MEMACC
28845,MEMACC
12973,MEMACC
14897,MEMACC
13349,MEMACC
24325,MEMACC
2300,MEMACC
3080,MEMACC
14897,MEMACC
13349,L1HIT
24325,MEMACC
7256,MEMACC
7265,MEMACC
7266,L1HIT
7268,L1HIT
16962,MEMACC
21787,MEMACC
9685,MEMACC
12472,MEMACC
25237,L1HIT
11900,MEMACC
24196,L1HIT
24470,MEMACC
2178,MEMACC
7928,MEMACC
12572,MEMACC
20676,MEMACC
26022,MEMACC
13825,MEMACC
393,MEMACC
10387,MEMACC
27101,MEMACC
21354,MEMACC
10043,MEMACC
15097,MEMACC
10730,MEMACC
10731,MEMACC
10744,MEMACC
10747,L1HIT
10764,L1HIT
10767,L1HIT
27924,L1HIT
32303,MEMACC
30265,MEMACC
23937,MEMACC
3208,MEMACC
1441,MEMACC
17541,MEMACC
24622,MEMACC
28791,MEMACC
32211,MEMACC
13205,MEMACC
4511,MEMACC
120,MEMACC
12774,MEMACC
635,MEMACC
6572,MEMACC
30265,MEMACC
23937,MEMACC
3208,MEMACC
1441,L1HIT
16116,MEMACC
13647,MEMACC
31380,MEMACC
26424,MEMACC
9316,MEMACC
14926,MEMACC
22048,MEMACC
11333,MEMACC
16932,MEMACC
641,MEMACC
23075,MEMACC
18033,MEMACC
19996,MEMACC
23582,MEMACC
30602,MEMACC
26372,MEMACC
1244,L1HIT
28960,MEMACC
31012,MEMACC
2122,MEMACC
26952,MEMACC
23581,MEMACC
30477,MEMACC
15129,MEMACC
22135,MEMACC
22512,MEMACC
18928,MEMACC
