16592,MEMACC
16598,MEMACC
16601,L1HIT
17049,MEMACC
29966,MEMACC
29965,L1HIT
28364,MEMACC
14080,MEMACC
16870,MEMACC
24584,MEMACC
5220,MEMACC
22081,MEMACC
857,MEMACC
22699,MEMACC
6204,MEMACC
14825,MEMACC
26583,MEMACC
5271,MEMACC
17049,MEMACC
29966,L1HIT
29965,L1HIT
28364,MEMACC
14080,L1HIT
29666,MEMACC
9194,MEMACC
25458,MEMACC
12478,MEMACC
21125,MEMACC
28218,MEMACC
25977,MEMACC
23522,MEMACC
4341,MEMACC
21933,MEMACC
25563,MEMACC
19872,MEMACC
11639,MEMACC
17313,MEMACC
21501,MEMACC
28555,MEMACC
28466,MEMACC
20862,MEMACC
31593,MEMACC
7289,MEMACC
27118,MEMACC
16947,MEMACC
96,MEMACC
12715,MEMACC
16224,MEMACC
27118,MEMACC
16947,L1HIT
13446,MEMACC
10557,MEMACC
19998,MEMACC
14882,MEMACC
19719,MEMACC
19326,MEMACC
19389,MEMACC
31504,MEMACC
3252,MEMACC
11874,MEMACC
3703,MEMACC
31330,MEMACC
14882,MEMACC
19719,MEMACC
19326,L1HIT
19389,L1HIT
31504,MEMACC
18098,MEMACC
28355,MEMACC
18973,MEMACC
19057,MEMACC
31252,MEMACC
16585,L1HIT
23370,MEMACC
21663,MEMACC
23545,MEMACC
18098,L1HIT
28355,L1HIT
18973,MEMACC
19316,L1HIT
21111,MEMACC
28391,L1HIT
17111,MEMACC
31322,L1HIT
9765,MEMACC
1629,MEMACC
12250,MEMACC
27952,MEMACC
1370,MEMACC
31856,MEMACC
18249,MEMACC
28924,MEMACC
27037,MEMACC
12201,MEMACC
20984,MEMACC
30264,MEMACC
12342,MEMACC
6277,MEMACC
17729,MEMACC
7680,MEMACC
3117,MEMACC
21345,MEMACC
23524,L1HIT
1080,MEMACC
8978,MEMACC
11368,MEMACC
13807,MEMACC
13749,MEMACC
15001,MEMACC
1080,MEMACC
8978,L1HIT
11368,L1HIT
13807,MEMACC
13749,L1HIT
15001,MEMACC
10409,MEMACC
9624,MEMACC
15092,MEMACC
8297,MEMACC
20716,MEMACC
29875,MEMACC
6109,MEMACC
31569,L1HIT
31134,MEMACC
2025,MEMACC
23330,MEMACC
15390,MEMACC
10570,MEMACC
6919,MEMACC
10237,MEMACC
28896,MEMACC
14203,MEMACC
25344,MEMACC
1006,MEMACC
15371,L1HIT
2992,MEMACC
21217,MEMACC
14336,MEMACC
21048,MEMACC
21433,MEMACC
3971,MEMACC
6807,MEMACC
19338,L1HIT
13260,MEMACC
18537,MEMACC
25911,MEMACC
22263,MEMACC
6581,MEMACC
12796,MEMACC
20831,L1HIT
25911,MEMACC
22263,L1HIT
6581,L1HIT
12796,MEMACC
11125,MEMACC
16173,MEMACC
9515,MEMACC
623,MEMACC
11817,MEMACC
13699,L1HIT
25876,MEMACC
25730,MEMACC
26231,MEMACC
17530,MEMACC
10037,MEMACC
14826,L1HIT
12801,MEMACC
16594,L1HIT
6345,MEMACC
18605,MEMACC
1548,MEMACC
2076,MEMACC
24209,MEMACC
19513,MEMACC
11098,L1HIT
21032,L1HIT
24532,MEMACC
24304,MEMACC
20560,MEMACC
2441,MEMACC
27830,MEMACC
27447,MEMACC
12135,MEMACC
30065,MEMACC
8472,MEMACC
9029,MEMACC
9035,MEMACC
9050,MEMACC
9068,L1HIT
9077,L1HIT
9088,MEMACC
15802,MEMACC
28386,L1HIT
22152,MEMACC
29996,L1HIT
18354,MEMACC
3478,MEMACC
23013,MEMACC
15655,MEMACC
20284,MEMACC
3145,MEMACC
13039,MEMACC
9156,MEMACC
14003,MEMACC
9735,L1HIT
7919,MEMACC
9096,MEMACC
31053,MEMACC
30025,L1HIT
13874,MEMACC
7273,MEMACC
22234,L1HIT
21532,MEMACC
8503,L1HIT
19453,MEMACC
19683,MEMACC
23718,MEMACC
31832,MEMACC
27262,MEMACC
22115,MEMACC
27347,MEMACC
21462,L1HIT
16169,L1HIT
5502,MEMACC
22100,L1HIT
26301,MEMACC
19959,MEMACC
22418,MEMACC
5978,MEMACC
10751,MEMACC
28602,MEMACC
14670,MEMACC
25044,MEMACC
25656,MEMACC
12628,MEMACC
29694,MEMACC
6800,L1HIT
31157,MEMACC
14966,MEMACC
5601,MEMACC
12995,L1HIT
24134,MEMACC
24183,L1HIT
22011,MEMACC
11200,MEMACC
11202,MEMACC
11202,L1HIT
11208,L1HIT
7637,MEMACC
7646,L1HIT
7658,L1HIT
13782,MEMACC
6474,MEMACC
14107,L1HIT
27313,MEMACC
17044,MEMACC
30864,MEMACC
9206,L1HIT
16097,MEMACC
7848,MEMACC
16618,L1HIT
6603,MEMACC
13668,MEMACC
19832,MEMACC
15837,MEMACC
21832,MEMACC
11611,L1HIT
19482,MEMACC
8770,MEMACC
21776,MEMACC
30583,MEMACC
20678,MEMACC
26169,MEMACC
18049,L1HIT
14523,MEMACC
29802,MEMACC
204,MEMACC
28627,MEMACC
23023,MEMACC
26884,MEMACC
29768,MEMACC
31709,MEMACC
2654,MEMACC
29629,MEMACC
25631,L1HIT
1698,MEMACC
2853,MEMACC
19345,L1HIT
5175,MEMACC
28728,MEMACC
8723,MEMACC
1386,MEMACC
1388,L1HIT
1946,MEMACC
1948,L1HIT
31480,MEMACC
31485,MEMACC
31485,L1HIT
31494,MEMACC
31508,L1HIT
31509,L1HIT
31518,L1HIT
23292,MEMACC
23309,L1HIT
25913,MEMACC
32369,MEMACC
1444,MEMACC
8509,L1HIT
3606,MEMACC
2977,L1HIT
17117,L1HIT
21972,MEMACC
14530,MEMACC
30592,MEMACC
28669,L1HIT
20242,MEMACC
11010,MEMACC
11013,MEMACC
23059,MEMACC
15957,MEMACC
19177,MEMACC
28481,MEMACC
28480,MEMACC
16335,MEMACC
16051,MEMACC
9752,L1HIT
2515,MEMACC
30586,L1HIT
25760,MEMACC
21877,L1HIT
13531,MEMACC
10490,MEMACC
28192,L1HIT
2457,MEMACC
30586,L1HIT
25760,MEMACC
21877,L1HIT
20115,MEMACC
14356,L1HIT
2004,L1HIT
9693,MEMACC
3900,MEMACC
17354,MEMACC
20235,L1HIT
11584,L1HIT
5606,MEMACC
16170,L1HIT
2601,MEMACC
17900,MEMACC
26494,MEMACC
18328,L1HIT
15023,MEMACC
15973,MEMACC
4024,MEMACC
22365,MEMACC
17953,MEMACC
2389,MEMACC
6178,MEMACC
6196,MEMACC
6199,L1HIT
32733,MEMACC
32733,L1HIT
32748,L1HIT
32764,L1HIT
32781,MEMACC
32795,L1HIT
488,MEMACC
21514,MEMACC
11345,L1HIT
32318,MEMACC
32318,MEMACC
25312,MEMACC
28111,MEMACC
1518,MEMACC
16588,L1HIT
13635,L1HIT
19420,MEMACC
17259,MEMACC
5000,MEMACC
28111,L1HIT
1518,L1HIT
16588,L1HIT
13635,L1HIT
19420,L1HIT
16588,L1HIT
13635,L1HIT
19420,L1HIT
17259,L1HIT
5000,L1HIT
25547,L1HIT
14001,L1HIT
5153,L1HIT
31255,L1HIT
20885,MEMACC
22046,MEMACC
7520,MEMACC
31025,MEMACC
28255,MEMACC
3881,MEMACC
15966,L1HIT
18535,L1HIT
27091,MEMACC
22304,MEMACC
14285,MEMACC
22265,L1HIT
7719,MEMACC
21204,MEMACC
5633,MEMACC
23785,MEMACC
5232,L1HIT
31605,L1HIT
31101,L1HIT
5932,MEMACC
32070,MEMACC
31558,L1HIT
25025,MEMACC
21689,L1HIT
32185,MEMACC
950,MEMACC
7939,MEMACC
4572,MEMACC
21076,L1HIT
22699,MEMACC
23894,MEMACC
27707,MEMACC
7930,MEMACC
7726,MEMACC
18959,MEMACC
11491,MEMACC
11796,L1HIT
586,L1HIT
589,L1HIT
589,L1HIT
24690,MEMACC
1565,MEMACC
451,MEMACC
21121,MEMACC
16155,L1HIT
10277,MEMACC
5321,MEMACC
5748,MEMACC
17196,MEMACC
17250,L1HIT
6007,MEMACC
6736,MEMACC
12721,MEMACC
25136,MEMACC
27648,MEMACC
32489,MEMACC
18214,MEMACC
25085,L1HIT
76,L1HIT
28265,MEMACC
21453,L1HIT
12920,MEMACC
9420,MEMACC
26912,MEMACC
11446,MEMACC
1363,L1HIT
18532,L1HIT
13412,MEMACC
18020,MEMACC
9442,MEMACC
4695,MEMACC
11546,MEMACC
12182,L1HIT
15069,MEMACC
18204,MEMACC
28804,MEMACC
19616,MEMACC
4912,MEMACC
32513,MEMACC
11863,L1HIT
4220,MEMACC
16040,L1HIT
1341,MEMACC
21096,L1HIT
28819,L1HIT
24453,MEMACC
12118,L1HIT
13362,MEMACC
24831,MEMACC
18529,L1HIT
32434,MEMACC
11495,L1HIT
25468,MEMACC
30170,MEMACC
10713,MEMACC
9278,MEMACC
633,L1HIT
21217,MEMACC
26691,MEMACC
10884,MEMACC
24891,MEMACC
24288,MEMACC
18711,MEMACC
22073,L1HIT
12801,MEMACC
23698,MEMACC
8937,MEMACC
993,L1HIT
11809,L1HIT
26286,L1HIT
25859,L1HIT
22738,MEMACC
11994,MEMACC
5503,L1HIT
1792,MEMACC
3712,MEMACC
26179,L1HIT
16578,L1HIT
23437,MEMACC
12820,MEMACC
15131,MEMACC
6676,MEMACC
31787,MEMACC
28912,L1HIT
2281,MEMACC
8348,MEMACC
2281,MEMACC
8348,MEMACC
25567,L1HIT
16766,MEMACC
17680,MEMACC
20570,L1HIT
14583,MEMACC
13347,MEMACC
2508,L1HIT
4452,MEMACC
10184,MEMACC
10191,L1HIT
10206,L1HIT
10211,L1HIT
10226,L1HIT
10235,L1HIT
30671,MEMACC
5303,MEMACC
5839,MEMACC
21018,L1HIT
19497,MEMACC
23267,MEMACC
21647,L1HIT
15972,L1HIT
12097,L1HIT
20190,MEMACC
28259,MEMACC
9659,L1HIT
5426,MEMACC
16037,L1HIT
16048,L1HIT
16052,L1HIT
16056,L1HIT
16059,L1HIT
10223,L1HIT
15901,MEMACC
23648,MEMACC
20278,L1HIT
22921,MEMACC
7231,MEMACC
23336,L1HIT
4736,MEMACC
10592,MEMACC
12496,MEMACC
23644,L1HIT
2136,MEMACC
821,MEMACC
15001,L1HIT
12822,MEMACC
6321,MEMACC
15262,MEMACC
18393,MEMACC
6533,L1HIT
3891,MEMACC
3134,MEMACC
11871,L1HIT
28155,L1HIT
15525,MEMACC
31448,L1HIT
8476,L1HIT
32408,MEMACC
4687,MEMACC
23461,L1HIT
5429,L1HIT
12228,L1HIT
11672,MEMACC
11871,L1HIT
10016,MEMACC
12995,L1HIT
7021,MEMACC
28999,MEMACC
3134,L1HIT
11871,L1HIT
10016,MEMACC
12995,L1HIT
24389,MEMACC
28076,MEMACC
12571,MEMACC
11513,L1HIT
18918,MEMACC
31799,L1HIT
11914,MEMACC
15689,MEMACC
20145,MEMACC
30245,MEMACC
5878,L1HIT
10857,MEMACC
27407,MEMACC
14241,MEMACC
20993,L1HIT
791,L1HIT
12948,MEMACC
14829,L1HIT
13317,L1HIT
22376,L1HIT
5884,L1HIT
25999,MEMACC
6845,L1HIT
11253,L1HIT
12377,MEMACC
778,L1HIT
4041,MEMACC
12377,MEMACC
778,L1HIT
11846,L1HIT
16595,L1HIT
4041,L1HIT
17240,L1HIT
15164,MEMACC
26061,MEMACC
5425,L1HIT
5846,L1HIT
32332,L1HIT
32332,L1HIT
19449,L1HIT
30322,MEMACC
21362,MEMACC
22163,L1HIT
23341,L1HIT
30998,L1HIT
19503,L1HIT
20763,MEMACC
23440,L1HIT
19214,MEMACC
27965,L1HIT
3244,L1HIT
11819,L1HIT
27009,MEMACC
27467,MEMACC
6995,L1HIT
14202,L1HIT
27255,MEMACC
22163,L1HIT
5470,L1HIT
23382,L1HIT
29841,L1HIT
15744,MEMACC
15658,MEMACC
20968,MEMACC
1329,L1HIT
18054,L1HIT
3838,MEMACC
14857,MEMACC
1369,L1HIT
31003,L1HIT
17119,L1HIT
8421,MEMACC
10408,L1HIT
19158,MEMACC
18470,MEMACC
9632,L1HIT
25680,MEMACC
8068,MEMACC
1488,L1HIT
1498,L1HIT
1509,L1HIT
1519,L1HIT
25130,L1HIT
25148,L1HIT
25162,MEMACC
25171,MEMACC
25173,MEMACC
7402,MEMACC
24487,MEMACC
17071,MEMACC
24522,L1HIT
32445,MEMACC
8899,L1HIT
28910,L1HIT
7786,MEMACC
19955,MEMACC
15883,L1HIT
30116,MEMACC
19295,L1HIT
17301,MEMACC
25531,MEMACC
19946,MEMACC
19848,L1HIT
1644,MEMACC
16883,L1HIT
29148,MEMACC
32485,L1HIT
5803,MEMACC
3812,MEMACC
5535,MEMACC
13622,MEMACC
6986,L1HIT
1530,L1HIT
8470,L1HIT
21472,L1HIT
17044,L1HIT
29232,MEMACC
29238,L1HIT
29253,MEMACC
29253,MEMACC
27916,L1HIT
11483,L1HIT
20134,MEMACC
2724,MEMACC
444,MEMACC
23202,MEMACC
1257,MEMACC
14729,MEMACC
19623,L1HIT
17065,L1HIT
27352,L1HIT
5149,L1HIT
21663,L1HIT
25414,L1HIT
14964,L1HIT
13688,L1HIT
9848,MEMACC
4338,MEMACC
21765,MEMACC
14868,L1HIT
19025,MEMACC
7602,MEMACC
16563,MEMACC
4516,MEMACC
20427,MEMACC
13997,L1HIT
20684,L1HIT
13300,MEMACC
13313,L1HIT
13320,L1HIT
13325,L1HIT
13328,L1HIT
13347,L1HIT
8543,MEMACC
21699,MEMACC
8350,MEMACC
7125,MEMACC
18848,MEMACC
18795,MEMACC
14538,MEMACC
17071,L1HIT
94,L1HIT
16761,MEMACC
28292,MEMACC
18913,MEMACC
3943,MEMACC
727,MEMACC
24014,MEMACC
23878,MEMACC
12322,L1HIT
30469,MEMACC
18442,MEMACC
32025,MEMACC
2530,L1HIT
16078,L1HIT
18537,L1HIT
30471,MEMACC
30905,MEMACC
16338,MEMACC
25213,MEMACC
25663,L1HIT
8286,L1HIT
1139,MEMACC
16376,MEMACC
16389,MEMACC
16389,L1HIT
16390,L1HIT
16404,L1HIT
20241,L1HIT
20259,L1HIT
20274,L1HIT
20287,L1HIT
20292,MEMACC
2757,MEMACC
1932,L1HIT
11489,L1HIT
2673,L1HIT
19235,MEMACC
2673,L1HIT
19235,L1HIT
7562,L1HIT
21724,MEMACC
11969,MEMACC
19576,MEMACC
8725,L1HIT
28031,MEMACC
9815,MEMACC
14255,MEMACC
2429,L1HIT
24580,L1HIT
32191,MEMACC
29345,MEMACC
29952,L1HIT
27342,L1HIT
28031,L1HIT
9815,MEMACC
20582,L1HIT
14280,MEMACC
18226,MEMACC
2829,L1HIT
15491,MEMACC
28416,MEMACC
28503,MEMACC
15491,L1HIT
28416,L1HIT
2527,L1HIT
19594,L1HIT
28503,L1HIT
14280,L1HIT
18226,MEMACC
