6547,MEMACC
4675,MEMACC
9868,MEMACC
31723,MEMACC
18361,MEMACC
11355,MEMACC
31636,MEMACC
20552,MEMACC
3172,MEMACC
17522,MEMACC
18385,MEMACC
9162,MEMACC
18385,L1HIT
9162,L1HIT
26652,MEMACC
16482,MEMACC
30161,MEMACC
30177,MEMACC
30195,MEMACC
30209,MEMACC
28475,MEMACC
30510,MEMACC
3900,MEMACC
1745,MEMACC
29021,MEMACC
11158,MEMACC
13255,MEMACC
13715,MEMACC
27860,MEMACC
24709,MEMACC
15823,MEMACC
7350,MEMACC
763,MEMACC
24356,MEMACC
17622,MEMACC
15583,MEMACC
20126,MEMACC
21939,MEMACC
3605,MEMACC
20999,MEMACC
30725,MEMACC
12536,MEMACC
7163,MEMACC
3034,MEMACC
28673,MEMACC
2975,MEMACC
30429,MEMACC
17107,MEMACC
7715,MEMACC
1886,MEMACC
17313,MEMACC
17161,MEMACC
10745,MEMACC
11582,MEMACC
8336,MEMACC
21007,MEMACC
25255,MEMACC
2683,MEMACC
29128,MEMACC
18924,MEMACC
25859,MEMACC
8431,MEMACC
15806,MEMACC
21638,MEMACC
26000,MEMACC
7085,MEMACC
516,MEMACC
30049,MEMACC
5397,MEMACC
22426,MEMACC
18846,MEMACC
29217,MEMACC
27850,MEMACC
5026,MEMACC
7116,MEMACC
25858,MEMACC
31185,MEMACC
28402,MEMACC
563,MEMACC
7621,MEMACC
19184,MEMACC
19290,MEMACC
30766,MEMACC
31504,MEMACC
18557,MEMACC
23852,MEMACC
17030,MEMACC
19390,MEMACC
30952,MEMACC
6010,MEMACC
13337,MEMACC
20397,MEMACC
6654,MEMACC
18038,MEMACC
29625,MEMACC
9522,MEMACC
1475,MEMACC
9528,MEMACC
11834,MEMACC
16583,MEMACC
15740,MEMACC
15604,MEMACC
18312,MEMACC
6196,MEMACC
2018,MEMACC
23620,MEMACC
31161,MEMACC
314,MEMACC
8941,MEMACC
29195,MEMACC
11582,MEMACC
18081,MEMACC
4357,MEMACC
25646,MEMACC
22562,MEMACC
30655,MEMACC
3381,MEMACC
32532,MEMACC
11025,MEMACC
21423,MEMACC
8301,MEMACC
15325,MEMACC
15341,MEMACC
15356,MEMACC
20485,MEMACC
10656,MEMACC
14147,MEMACC
32027,MEMACC
5236,MEMACC
4524,MEMACC
766,MEMACC
5755,MEMACC
29814,MEMACC
3083,MEMACC
14147,L1HIT
32027,L1HIT
5236,L1HIT
4524,L1HIT
29814,MEMACC
3083,MEMACC
12143,MEMACC
9497,MEMACC
27829,MEMACC
8562,MEMACC
18697,MEMACC
20485,L1HIT
10656,MEMACC
14147,L1HIT
32027,L1HIT
12143,L1HIT
9497,L1HIT
21132,MEMACC
17433,MEMACC
27193,MEMACC
24659,MEMACC
12707,MEMACC
3262,MEMACC
21132,L1HIT
17433,MEMACC
6908,MEMACC
13340,MEMACC
30068,MEMACC
4933,MEMACC
15278,MEMACC
17448,MEMACC
14358,MEMACC
14358,MEMACC
30875,MEMACC
14358,MEMACC
30875,L1HIT
24659,L1HIT
12707,L1HIT
3262,MEMACC
21132,L1HIT
17433,MEMACC
27193,MEMACC
16978,MEMACC
16995,MEMACC
17005,MEMACC
27216,MEMACC
23069,MEMACC
11174,MEMACC
7117,MEMACC
27327,MEMACC
30692,MEMACC
19020,MEMACC
20912,MEMACC
19512,MEMACC
24480,MEMACC
10367,MEMACC
22708,MEMACC
1603,MEMACC
5682,MEMACC
19229,MEMACC
32155,MEMACC
29873,MEMACC
18141,MEMACC
12421,MEMACC
29386,MEMACC
1481,MEMACC
10012,MEMACC
23243,MEMACC
14912,MEMACC
8833,MEMACC
13260,MEMACC
25293,MEMACC
20691,MEMACC
2678,MEMACC
2176,MEMACC
27935,MEMACC
1962,MEMACC
15226,MEMACC
2729,MEMACC
19385,L1HIT
2408,MEMACC
17989,MEMACC
27068,MEMACC
2739,MEMACC
11252,MEMACC
17842,MEMACC
17861,MEMACC
17877,MEMACC
17894,MEMACC
32187,MEMACC
32201,MEMACC
32218,MEMACC
293,MEMACC
9955,MEMACC
30935,MEMACC
27217,L1HIT
8509,MEMACC
29125,MEMACC
339,MEMACC
6297,MEMACC
7674,MEMACC
8509,MEMACC
29125,MEMACC
339,L1HIT
30608,MEMACC
6172,MEMACC
5560,MEMACC
25223,MEMACC
17673,MEMACC
31941,MEMACC
28719,MEMACC
18869,MEMACC
25328,MEMACC
15394,MEMACC
8364,MEMACC
26656,MEMACC
11903,MEMACC
14025,MEMACC
17673,L1HIT
31941,L1HIT
28719,L1HIT
18869,MEMACC
210,MEMACC
6172,MEMACC
5560,MEMACC
25223,MEMACC
23844,MEMACC
21398,MEMACC
17967,MEMACC
6532,MEMACC
26006,MEMACC
29914,MEMACC
17960,L1HIT
24657,L1HIT
7663,MEMACC
5356,MEMACC
1632,MEMACC
22099,MEMACC
98,MEMACC
29914,MEMACC
17960,L1HIT
24657,L1HIT
7663,MEMACC
5356,L1HIT
1632,L1HIT
22099,L1HIT
14553,MEMACC
6016,MEMACC
20043,MEMACC
8721,MEMACC
98,MEMACC
29914,MEMACC
31443,MEMACC
18769,MEMACC
7976,MEMACC
16617,MEMACC
23025,MEMACC
25838,MEMACC
26993,MEMACC
16201,MEMACC
19833,MEMACC
10751,MEMACC
26832,MEMACC
7090,MEMACC
20951,MEMACC
7531,MEMACC
5741,MEMACC
19862,MEMACC
30481,MEMACC
5198,MEMACC
23878,MEMACC
27867,MEMACC
26745,MEMACC
26755,MEMACC
26771,MEMACC
16757,MEMACC
2805,MEMACC
31755,MEMACC
25228,MEMACC
11292,MEMACC
11307,MEMACC
11309,MEMACC
9257,MEMACC
30614,L1HIT
12069,MEMACC
15419,MEMACC
29190,MEMACC
26867,MEMACC
9893,MEMACC
30448,MEMACC
1382,MEMACC
1134,MEMACC
22021,MEMACC
2967,MEMACC
32147,MEMACC
164,MEMACC
11707,MEMACC
6982,MEMACC
6474,MEMACC
20292,MEMACC
20975,MEMACC
14437,MEMACC
32144,L1HIT
32507,MEMACC
28466,MEMACC
3734,MEMACC
25824,MEMACC
15858,MEMACC
7742,MEMACC
29546,MEMACC
11039,MEMACC
26902,MEMACC
7917,MEMACC
6986,MEMACC
4940,MEMACC
96,MEMACC
15866,MEMACC
28088,MEMACC
7673,MEMACC
19964,MEMACC
1009,MEMACC
3241,MEMACC
23243,MEMACC
23256,MEMACC
23273,MEMACC
23274,L1HIT
23276,L1HIT
6309,MEMACC
2347,MEMACC
4269,MEMACC
2534,MEMACC
8295,MEMACC
20176,MEMACC
3078,MEMACC
1747,L1HIT
3029,MEMACC
20399,L1HIT
26571,MEMACC
20023,MEMACC
29024,MEMACC
5821,MEMACC
20384,MEMACC
31179,MEMACC
20862,MEMACC
2324,MEMACC
14954,MEMACC
26793,MEMACC
16496,MEMACC
6357,MEMACC
25043,MEMACC
3157,MEMACC
30133,MEMACC
5070,MEMACC
18090,MEMACC
9355,MEMACC
31591,MEMACC
23305,MEMACC
21879,MEMACC
20302,MEMACC
18480,MEMACC
892,MEMACC
31718,MEMACC
8358,MEMACC
4446,MEMACC
30178,MEMACC
14725,MEMACC
28064,MEMACC
1993,MEMACC
28777,MEMACC
27962,MEMACC
4682,MEMACC
32106,MEMACC
32123,MEMACC
32136,MEMACC
32148,L1HIT
29304,MEMACC
10417,MEMACC
21293,MEMACC
30353,MEMACC
15060,MEMACC
17537,MEMACC
26689,MEMACC
22796,MEMACC
20498,MEMACC
6881,MEMACC
13527,MEMACC
24940,MEMACC
30079,MEMACC
17437,MEMACC
17455,MEMACC
30335,MEMACC
30341,MEMACC
30341,L1HIT
30342,L1HIT
30348,MEMACC
25025,MEMACC
26781,MEMACC
27413,MEMACC
10852,MEMACC
2133,MEMACC
25087,MEMACC
28973,MEMACC
28821,MEMACC
32438,MEMACC
17090,MEMACC
10654,MEMACC
10213,MEMACC
7071,MEMACC
23785,MEMACC
31902,MEMACC
27007,MEMACC
32265,MEMACC
6751,MEMACC
21142,MEMACC
12707,L1HIT
12707,L1HIT
18362,MEMACC
14007,MEMACC
22538,MEMACC
26144,MEMACC
20752,MEMACC
7544,MEMACC
18274,MEMACC
18513,MEMACC
16062,MEMACC
22861,MEMACC
6520,MEMACC
25509,MEMACC
28587,MEMACC
1671,MEMACC
6593,MEMACC
6595,MEMACC
6609,MEMACC
6610,MEMACC
6624,MEMACC
6629,MEMACC
15021,MEMACC
15021,MEMACC
15030,MEMACC
6369,MEMACC
22419,MEMACC
22034,MEMACC
7046,MEMACC
25028,L1HIT
5880,MEMACC
19820,MEMACC
4768,MEMACC
12307,MEMACC
11122,MEMACC
18684,MEMACC
10855,L1HIT
13703,MEMACC
2432,MEMACC
15957,MEMACC
18953,MEMACC
32685,MEMACC
27,MEMACC
28959,MEMACC
14180,MEMACC
5418,MEMACC
13204,MEMACC
23438,MEMACC
18025,MEMACC
12814,MEMACC
30467,MEMACC
22350,MEMACC
5564,MEMACC
8216,MEMACC
11344,MEMACC
26529,MEMACC
4158,MEMACC
21774,MEMACC
29809,MEMACC
6710,MEMACC
15904,MEMACC
4010,MEMACC
8435,MEMACC
20979,MEMACC
18023,MEMACC
1139,MEMACC
1139,MEMACC
1156,MEMACC
30250,MEMACC
1061,MEMACC
20801,MEMACC
27953,MEMACC
32435,L1HIT
26518,MEMACC
26057,MEMACC
520,MEMACC
24812,MEMACC
29020,L1HIT
3002,MEMACC
28478,MEMACC
14169,MEMACC
28962,MEMACC
30987,MEMACC
19325,MEMACC
1795,MEMACC
5428,MEMACC
22392,MEMACC
24404,MEMACC
4911,MEMACC
19075,MEMACC
12098,MEMACC
12159,MEMACC
9180,MEMACC
12159,MEMACC
9180,MEMACC
5381,MEMACC
23433,MEMACC
16716,MEMACC
28733,MEMACC
20676,MEMACC
14999,MEMACC
28483,MEMACC
12742,MEMACC
18674,MEMACC
26160,MEMACC
8188,MEMACC
6479,MEMACC
6482,MEMACC
6488,MEMACC
6496,MEMACC
29251,MEMACC
2179,MEMACC
31113,MEMACC
27740,MEMACC
6883,MEMACC
24049,MEMACC
17133,MEMACC
16218,MEMACC
31249,MEMACC
7924,MEMACC
6479,L1HIT
12879,MEMACC
15418,MEMACC
30791,MEMACC
5187,MEMACC
18032,MEMACC
314,MEMACC
17848,MEMACC
4882,MEMACC
8775,MEMACC
8503,MEMACC
6705,MEMACC
3967,MEMACC
30877,L1HIT
3890,MEMACC
27933,MEMACC
23304,L1HIT
6855,MEMACC
28469,L1HIT
25698,MEMACC
19833,L1HIT
25308,MEMACC
3093,MEMACC
23127,MEMACC
24664,MEMACC
21505,MEMACC
21515,MEMACC
21534,MEMACC
23568,MEMACC
6087,MEMACC
23129,MEMACC
27686,MEMACC
10469,MEMACC
15609,MEMACC
25198,MEMACC
17130,L1HIT
3604,L2HIT
4157,MEMACC
13138,MEMACC
25696,MEMACC
27185,MEMACC
24004,MEMACC
15291,MEMACC
32236,MEMACC
26291,MEMACC
13252,MEMACC
23683,MEMACC
24627,MEMACC
6371,L1HIT
5409,MEMACC
27995,MEMACC
9775,MEMACC
13165,MEMACC
25397,MEMACC
12056,MEMACC
2881,MEMACC
19445,MEMACC
15328,MEMACC
11681,MEMACC
23610,MEMACC
29456,MEMACC
21577,MEMACC
6371,L1HIT
20981,MEMACC
9613,MEMACC
20242,MEMACC
25638,MEMACC
15586,MEMACC
21304,MEMACC
31338,MEMACC
5906,MEMACC
1169,MEMACC
31460,MEMACC
8239,MEMACC
2934,MEMACC
27239,MEMACC
18970,MEMACC
17207,MEMACC
3040,MEMACC
17997,MEMACC
22792,L1HIT
17948,MEMACC
24765,MEMACC
23487,MEMACC
24070,MEMACC
1970,MEMACC
8709,MEMACC
21766,MEMACC
25413,MEMACC
28862,MEMACC
5610,MEMACC
18493,MEMACC
11167,MEMACC
15521,MEMACC
15521,L1HIT
391,MEMACC
8275,MEMACC
25413,MEMACC
28862,MEMACC
5610,L1HIT
18493,MEMACC
11167,MEMACC
13437,MEMACC
314,MEMACC
13828,MEMACC
19128,MEMACC
26647,MEMACC
11356,L1HIT
29358,MEMACC
13093,MEMACC
10211,L1HIT
2068,MEMACC
28625,MEMACC
1084,MEMACC
7498,MEMACC
19225,L1HIT
31432,MEMACC
24354,L2HIT
9125,MEMACC
25761,MEMACC
32142,MEMACC
1731,MEMACC
26165,L1HIT
18633,MEMACC
21190,MEMACC
29225,MEMACC
2679,MEMACC
17002,L1HIT
12412,MEMACC
5923,MEMACC
528,MEMACC
26950,MEMACC
7756,MEMACC
4765,MEMACC
18871,MEMACC
12470,MEMACC
13302,MEMACC
13311,MEMACC
13325,MEMACC
29910,MEMACC
29915,MEMACC
6067,MEMACC
6079,MEMACC
6097,MEMACC
6105,MEMACC
6113,MEMACC
6123,MEMACC
6141,MEMACC
6154,MEMACC
31757,L1HIT
20171,MEMACC
7780,MEMACC
30580,MEMACC
28101,MEMACC
2000,MEMACC
5971,MEMACC
28584,L1HIT
12222,MEMACC
17632,MEMACC
13487,MEMACC
28669,MEMACC
15719,MEMACC
484,MEMACC
7843,MEMACC
5860,MEMACC
1474,MEMACC
27383,MEMACC
20265,MEMACC
837,MEMACC
4330,MEMACC
4330,L1HIT
4338,MEMACC
4348,MEMACC
14644,MEMACC
14650,MEMACC
9932,MEMACC
14862,MEMACC
21489,MEMACC
15381,MEMACC
17782,MEMACC
9059,MEMACC
13054,MEMACC
19984,MEMACC
19991,L1HIT
19994,MEMACC
20012,MEMACC
20550,MEMACC
20551,MEMACC
6298,MEMACC
6316,MEMACC
6323,MEMACC
6324,MEMACC
6333,MEMACC
22801,MEMACC
17815,MEMACC
10478,MEMACC
12589,MEMACC
432,MEMACC
6606,MEMACC
3941,MEMACC
15634,MEMACC
29904,MEMACC
432,L1HIT
6606,MEMACC
3941,MEMACC
15634,L1HIT
6606,MEMACC
3941,MEMACC
15634,L1HIT
7425,MEMACC
14973,MEMACC
14055,MEMACC
14060,MEMACC
15510,MEMACC
24876,MEMACC
22059,MEMACC
11490,MEMACC
30143,MEMACC
30108,MEMACC
27307,MEMACC
4580,MEMACC
618,MEMACC
4002,MEMACC
9350,MEMACC
12395,MEMACC
16539,MEMACC
11086,MEMACC
27408,MEMACC
31268,MEMACC
31277,MEMACC
31294,MEMACC
31302,MEMACC
31311,MEMACC
14543,MEMACC
14546,MEMACC
14561,MEMACC
16460,MEMACC
30585,MEMACC
26252,MEMACC
20248,MEMACC
1687,MEMACC
28595,MEMACC
3812,MEMACC
7441,MEMACC
20491,MEMACC
4130,MEMACC
19239,MEMACC
22664,MEMACC
16254,MEMACC
30551,MEMACC
15204,MEMACC
5913,MEMACC
13404,MEMACC
1302,MEMACC
27265,MEMACC
20434,MEMACC
11990,MEMACC
18103,MEMACC
6067,MEMACC
3561,MEMACC
9285,MEMACC
27155,MEMACC
11829,MEMACC
17619,L2HIT
17345,MEMACC
13046,MEMACC
22976,MEMACC
22172,MEMACC
24288,MEMACC
11414,MEMACC
5171,MEMACC
18707,MEMACC
20202,MEMACC
18300,MEMACC
1888,MEMACC
29084,MEMACC
25092,MEMACC
25104,MEMACC
25120,MEMACC
