6232,MEMACC
16497,MEMACC
31317,MEMACC
23291,MEMACC
18370,MEMACC
24578,MEMACC
3202,MEMACC
18705,MEMACC
32036,MEMACC
27527,MEMACC
24174,MEMACC
20755,MEMACC
27648,MEMACC
4808,MEMACC
6232,MEMACC
16497,L1HIT
31317,L1HIT
23291,MEMACC
18370,MEMACC
24578,L1HIT
3202,MEMACC
18705,L1HIT
32036,MEMACC
6232,MEMACC
16497,L1HIT
31317,L1HIT
23291,MEMACC
18370,MEMACC
24578,L1HIT
3202,MEMACC
18705,L1HIT
32036,MEMACC
17382,MEMACC
15207,MEMACC
15223,MEMACC
15240,L1HIT
15241,L1HIT
14944,MEMACC
23305,MEMACC
26289,MEMACC
30169,MEMACC
31970,MEMACC
2606,MEMACC
28264,MEMACC
26561,MEMACC
28778,MEMACC
14944,L1HIT
23305,MEMACC
26289,L1HIT
30169,MEMACC
31970,MEMACC
2606,L1HIT
28264,L1HIT
26561,L1HIT
14710,MEMACC
15211,L1HIT
30827,MEMACC
14944,L1HIT
23305,MEMACC
26289,L1HIT
23184,MEMACC
32088,MEMACC
5657,MEMACC
2776,L1HIT
26505,L1HIT
23622,MEMACC
25678,MEMACC
25690,L1HIT
25693,L1HIT
25707,L1HIT
25719,L1HIT
25732,L1HIT
11688,MEMACC
29121,MEMACC
19537,MEMACC
25349,MEMACC
15530,MEMACC
1994,MEMACC
804,MEMACC
32538,MEMACC
26434,L1HIT
32184,MEMACC
32239,L1HIT
19214,MEMACC
11797,MEMACC
2663,L1HIT
25451,MEMACC
9310,MEMACC
25487,MEMACC
25750,L1HIT
31060,MEMACC
8108,MEMACC
30058,MEMACC
9500,MEMACC
23094,MEMACC
19061,MEMACC
13377,MEMACC
22193,MEMACC
9431,MEMACC
22193,MEMACC
9431,MEMACC
20962,MEMACC
21741,MEMACC
23168,L1HIT
29523,MEMACC
26389,L1HIT
27787,MEMACC
20259,MEMACC
10165,MEMACC
30888,L1HIT
12256,MEMACC
25941,MEMACC
9039,MEMACC
11674,MEMACC
10026,MEMACC
12804,MEMACC
17266,L1HIT
30408,MEMACC
15162,L1HIT
23968,MEMACC
13589,MEMACC
12757,MEMACC
18379,MEMACC
16208,MEMACC
16212,MEMACC
16230,MEMACC
16232,L1HIT
27562,L1HIT
1677,MEMACC
1407,MEMACC
16684,MEMACC
7473,MEMACC
11329,MEMACC
23177,L1HIT
30736,L1HIT
2846,MEMACC
21244,MEMACC
25988,L1HIT
26200,L1HIT
3265,MEMACC
5499,MEMACC
26624,MEMACC
13074,MEMACC
8842,MEMACC
8379,MEMACC
26609,L1HIT
3279,L1HIT
17022,MEMACC
12846,MEMACC
16418,L1HIT
18697,L1HIT
1997,L1HIT
27892,MEMACC
24100,MEMACC
1751,MEMACC
27505,L1HIT
14944,L1HIT
29427,MEMACC
30713,MEMACC
5241,MEMACC
27384,MEMACC
19503,L1HIT
6166,MEMACC
9399,MEMACC
16419,L1HIT
20347,MEMACC
23288,L1HIT
16044,MEMACC
24834,MEMACC
18187,MEMACC
12021,L1HIT
4419,MEMACC
23023,MEMACC
8161,L1HIT
29935,MEMACC
31484,L1HIT
3828,MEMACC
8368,L1HIT
18194,MEMACC
22991,L1HIT
26308,L1HIT
18130,MEMACC
30340,MEMACC
14614,L1HIT
153,MEMACC
11333,L1HIT
30257,MEMACC
27311,MEMACC
5456,MEMACC
5468,MEMACC
5471,L1HIT
24250,MEMACC
7832,MEMACC
21138,MEMACC
14701,L1HIT
6986,MEMACC
20019,MEMACC
11227,MEMACC
27321,L1HIT
7334,MEMACC
26524,L1HIT
29008,MEMACC
31931,MEMACC
28879,L1HIT
31211,L1HIT
17349,L1HIT
30700,L1HIT
19725,MEMACC
5532,L1HIT
28820,L1HIT
5483,L1HIT
28431,MEMACC
28436,MEMACC
28454,L1HIT
5169,L1HIT
5169,L1HIT
5176,L1HIT
30792,L1HIT
2855,MEMACC
15290,L1HIT
2574,L1HIT
28180,L1HIT
29265,L1HIT
287,MEMACC
24847,L1HIT
289,MEMACC
31725,MEMACC
12535,MEMACC
3523,MEMACC
11364,L1HIT
23446,MEMACC
1193,MEMACC
17863,MEMACC
2902,L1HIT
2441,MEMACC
16223,L1HIT
13976,MEMACC
11561,L1HIT
27784,L1HIT
14364,MEMACC
19387,MEMACC
6009,MEMACC
11863,L1HIT
3866,MEMACC
16691,MEMACC
19877,L1HIT
7234,MEMACC
16318,L1HIT
20325,MEMACC
9082,L1HIT
12675,L1HIT
28694,L1HIT
9692,L1HIT
26089,L1HIT
19354,L1HIT
23191,L1HIT
19369,L1HIT
14537,L1HIT
20632,MEMACC
13794,L1HIT
12560,L1HIT
22167,MEMACC
19670,L1HIT
28189,L1HIT
4064,MEMACC
16462,L1HIT
5614,L1HIT
18681,MEMACC
19577,L1HIT
3453,MEMACC
28902,L1HIT
11414,L1HIT
16128,L1HIT
8310,L1HIT
25509,MEMACC
26392,L1HIT
1983,L1HIT
1911,L1HIT
5416,L1HIT
10661,MEMACC
24039,MEMACC
27530,L1HIT
6258,MEMACC
13505,L1HIT
25944,L1HIT
1907,L1HIT
7720,MEMACC
203,MEMACC
31110,L1HIT
15785,MEMACC
13693,L1HIT
30619,L1HIT
15383,MEMACC
28169,L1HIT
30251,MEMACC
28591,L1HIT
16503,L1HIT
14062,MEMACC
5801,L1HIT
19027,L1HIT
3749,L1HIT
21511,L1HIT
27599,L1HIT
7200,MEMACC
14348,L1HIT
1466,MEMACC
19082,L1HIT
21906,MEMACC
25332,MEMACC
18129,L1HIT
1256,L1HIT
25125,MEMACC
10154,MEMACC
19222,L1HIT
3610,L1HIT
30616,L1HIT
23267,L1HIT
13558,L1HIT
9324,MEMACC
4151,MEMACC
16503,L1HIT
28277,L1HIT
28265,L1HIT
11424,L1HIT
16575,L1HIT
12342,L1HIT
282,MEMACC
2303,MEMACC
32658,L1HIT
23290,L1HIT
27724,L1HIT
9367,L1HIT
28495,L1HIT
13606,L1HIT
29331,L1HIT
26512,L1HIT
21083,MEMACC
26565,L1HIT
30069,L1HIT
8608,MEMACC
23683,L1HIT
8061,L1HIT
4023,L1HIT
777,MEMACC
24883,L1HIT
27546,L1HIT
2088,MEMACC
20487,L1HIT
26953,MEMACC
10941,MEMACC
17280,L1HIT
11279,L1HIT
5344,L1HIT
26318,L1HIT
19420,L1HIT
11034,MEMACC
6326,L1HIT
29498,MEMACC
29499,MEMACC
29511,MEMACC
29524,MEMACC
29538,MEMACC
31599,L1HIT
17605,MEMACC
18809,L1HIT
17507,L1HIT
6704,MEMACC
24911,L1HIT
29183,L1HIT
2038,L1HIT
2633,L1HIT
29555,L1HIT
25260,L1HIT
26871,L1HIT
30599,L1HIT
17006,L1HIT
16825,L1HIT
3167,L1HIT
25516,MEMACC
15124,L1HIT
10131,MEMACC
15100,L1HIT
24653,L1HIT
4952,MEMACC
31213,L1HIT
2170,MEMACC
2963,L1HIT
12126,L1HIT
29482,L1HIT
29419,L1HIT
32118,L1HIT
26028,L1HIT
11769,L1HIT
26835,L1HIT
15896,MEMACC
17534,L1HIT
6010,MEMACC
5434,L1HIT
19889,L1HIT
12997,MEMACC
23324,MEMACC
29721,MEMACC
29861,L1HIT
29873,L1HIT
29876,L1HIT
29884,L1HIT
8388,L1HIT
7844,L1HIT
27672,L1HIT
27842,L1HIT
28111,MEMACC
30025,L1HIT
9516,L1HIT
6180,L1HIT
3340,MEMACC
8113,L1HIT
104,MEMACC
26986,MEMACC
18465,MEMACC
454,L1HIT
13821,L1HIT
14170,MEMACC
28908,L1HIT
26948,MEMACC
22161,L1HIT
5321,L1HIT
26173,L1HIT
26558,L1HIT
20771,MEMACC
1816,L1HIT
29590,L1HIT
20626,L1HIT
18664,MEMACC
10677,L1HIT
28552,L1HIT
5648,L1HIT
1577,MEMACC
7551,MEMACC
25632,L1HIT
26541,L1HIT
12558,L1HIT
12504,L1HIT
8128,L1HIT
31700,L1HIT
20563,L1HIT
9555,L1HIT
15459,L1HIT
15460,L1HIT
15473,L1HIT
26278,L1HIT
12635,L1HIT
26467,L1HIT
10469,MEMACC
2083,MEMACC
16610,L1HIT
24601,L1HIT
1592,L1HIT
132,MEMACC
6737,L1HIT
19753,L1HIT
28455,L1HIT
14593,L1HIT
2462,L1HIT
15151,L1HIT
15895,L1HIT
4148,L1HIT
6978,L1HIT
7014,L1HIT
30515,L1HIT
21177,L1HIT
11826,L1HIT
1771,L1HIT
16163,L1HIT
28931,L1HIT
32151,L1HIT
4208,L1HIT
9609,L1HIT
19238,L1HIT
26559,L1HIT
19513,L1HIT
23804,L1HIT
12458,L1HIT
14712,L1HIT
30337,MEMACC
21645,L1HIT
25115,L1HIT
22707,MEMACC
19910,L1HIT
12206,L1HIT
32518,L1HIT
8523,MEMACC
18616,L1HIT
5902,L1HIT
1067,L1HIT
28567,L1HIT
17253,L1HIT
23356,L1HIT
14463,L1HIT
5364,L1HIT
12118,L1HIT
18866,L1HIT
20356,MEMACC
2545,L1HIT
14991,L1HIT
31120,L1HIT
23135,L1HIT
12769,L1HIT
29686,L1HIT
2557,L1HIT
11308,L1HIT
1723,L1HIT
15499,L1HIT
5721,L1HIT
23723,L1HIT
1206,L1HIT
4195,L1HIT
15466,L1HIT
29894,L1HIT
26341,L1HIT
29894,L1HIT
26341,L1HIT
22586,L1HIT
30952,L1HIT
20967,L1HIT
27537,L1HIT
16296,L1HIT
22701,L1HIT
3191,L1HIT
162,MEMACC
31140,L1HIT
9508,L1HIT
3813,L1HIT
882,MEMACC
19482,L1HIT
30587,L1HIT
31687,L1HIT
10225,L1HIT
17236,L1HIT
30622,L1HIT
16131,L1HIT
8443,L1HIT
6693,L1HIT
12287,L1HIT
30606,L1HIT
20021,MEMACC
15942,L1HIT
5393,L1HIT
7809,L1HIT
25297,L1HIT
25313,L1HIT
25317,L1HIT
25328,L1HIT
25344,MEMACC
25349,MEMACC
4210,L1HIT
10086,L1HIT
11254,MEMACC
24402,MEMACC
21226,L1HIT
16386,L1HIT
18658,L1HIT
22717,L1HIT
16245,L1HIT
20718,L1HIT
19345,L1HIT
10270,L1HIT
17681,L1HIT
12832,MEMACC
17554,L1HIT
9099,L1HIT
13186,L1HIT
17006,L1HIT
8825,L1HIT
3902,L1HIT
31251,L1HIT
22625,L1HIT
30740,L1HIT
13501,L1HIT
3376,MEMACC
5220,L1HIT
7696,L1HIT
11617,L1HIT
7753,L1HIT
1572,L1HIT
28373,L1HIT
26508,L1HIT
196,MEMACC
13637,L1HIT
4143,L1HIT
8276,L1HIT
2926,L1HIT
26608,L1HIT
31370,L1HIT
7316,MEMACC
2643,L1HIT
21754,L1HIT
6482,MEMACC
9081,L1HIT
10090,L1HIT
23812,MEMACC
4163,L1HIT
2643,L1HIT
21754,L1HIT
6482,MEMACC
9081,L1HIT
9298,L1HIT
28635,L1HIT
11455,L1HIT
18203,L1HIT
22962,L1HIT
12773,L1HIT
26665,L1HIT
22869,L1HIT
28484,L1HIT
11666,L1HIT
3165,L1HIT
5485,L1HIT
6372,L1HIT
19384,L1HIT
16303,L1HIT
24739,L1HIT
9101,L1HIT
11666,L1HIT
3165,L1HIT
5485,L1HIT
6372,L1HIT
9101,L1HIT
11666,L1HIT
3165,L1HIT
18842,L1HIT
16303,L1HIT
24739,L1HIT
9101,L1HIT
25473,MEMACC
25484,MEMACC
16244,L1HIT
4773,MEMACC
3323,L1HIT
10984,MEMACC
6903,L1HIT
25277,L1HIT
19490,L1HIT
26185,L1HIT
32347,MEMACC
22526,MEMACC
27208,L1HIT
19810,L1HIT
9791,MEMACC
2322,L1HIT
20583,L1HIT
5639,L1HIT
9242,L1HIT
10265,L1HIT
32398,MEMACC
26049,L1HIT
32547,L1HIT
15205,L1HIT
14441,L1HIT
6243,L1HIT
30198,L1HIT
15583,L1HIT
12891,L1HIT
15805,MEMACC
23228,L1HIT
11081,MEMACC
3300,L1HIT
6243,L1HIT
30198,L1HIT
15583,L1HIT
27818,L1HIT
504,L1HIT
20235,MEMACC
13640,L1HIT
32526,L1HIT
13863,MEMACC
8899,L1HIT
24385,MEMACC
3928,L1HIT
504,L1HIT
20235,L1HIT
13640,L1HIT
32526,L1HIT
19375,L1HIT
13263,L1HIT
26342,L1HIT
283,L1HIT
18164,L1HIT
16897,L1HIT
4036,L1HIT
23779,L1HIT
5869,L1HIT
28978,L1HIT
32134,L1HIT
24546,L1HIT
7229,MEMACC
14363,L1HIT
30115,L1HIT
23602,L1HIT
8906,L1HIT
29399,L1HIT
28178,L1HIT
30864,L1HIT
11850,L1HIT
28157,MEMACC
17704,L1HIT
768,L1HIT
17704,L1HIT
768,L1HIT
12309,L1HIT
1382,L1HIT
17360,L1HIT
28631,L1HIT
28647,L1HIT
15567,L1HIT
13229,L1HIT
20354,L1HIT
19683,L1HIT
25907,L1HIT
20142,MEMACC
29577,L1HIT
31606,L1HIT
13645,L1HIT
15567,L1HIT
13229,L1HIT
20354,L1HIT
19683,L1HIT
25907,L1HIT
20142,L1HIT
29577,L1HIT
29577,L1HIT
31606,L1HIT
13645,L1HIT
7621,MEMACC
24521,L1HIT
2946,L1HIT
24562,L1HIT
17123,L1HIT
3257,L1HIT
24549,L1HIT
20746,L1HIT
3334,L1HIT
21628,L1HIT
8349,L1HIT
9019,L1HIT
9324,L1HIT
4677,MEMACC
31608,L1HIT
13274,L1HIT
6681,L1HIT
28717,L1HIT
1101,L1HIT
5728,L1HIT
31151,L1HIT
31168,L1HIT
12934,L1HIT
2049,MEMACC
7808,L1HIT
19442,L1HIT
10372,L1HIT
22031,L1HIT
12338,L1HIT
29163,L1HIT
15844,MEMACC
18116,L1HIT
27432,L1HIT
11737,L1HIT
29020,L1HIT
24777,L1HIT
30895,L1HIT
8250,L1HIT
30895,L1HIT
30674,L1HIT
32507,MEMACC
8250,L1HIT
24904,L1HIT
4589,L1HIT
10543,L1HIT
29739,L1HIT
29756,L1HIT
29763,L1HIT
1295,L1HIT
1078,L1HIT
1870,L1HIT
31846,L1HIT
31175,L1HIT
24182,L1HIT
27586,L1HIT
18460,L1HIT
7625,L1HIT
23613,L1HIT
6420,MEMACC
13829,MEMACC
23365,L1HIT
4662,MEMACC
27222,L1HIT
8896,L1HIT
25807,L1HIT
16531,L1HIT
25148,L1HIT
28593,L1HIT
27015,L1HIT
30113,L1HIT
8573,L1HIT
12110,L1HIT
30668,L1HIT
26114,L1HIT
3727,L1HIT
9695,L1HIT
29982,L1HIT
11265,L1HIT
7575,L1HIT
10419,L1HIT
20669,L1HIT
29155,L1HIT
5126,L1HIT
14804,L1HIT
13807,L1HIT
7699,L1HIT
29843,L1HIT
8876,L1HIT
28061,MEMACC
28089,L1HIT
22155,L1HIT
27952,L1HIT
7860,L1HIT
22582,L1HIT
25893,L1HIT
11357,L1HIT
11053,L1HIT
17805,L1HIT
32017,L1HIT
27735,L1HIT
4865,MEMACC
7813,L1HIT
32331,MEMACC
17910,L1HIT
14031,L1HIT
20905,L1HIT
7347,L1HIT
25879,L1HIT
9328,L1HIT
25341,L1HIT
14694,L1HIT
9812,MEMACC
16508,L1HIT
11412,L1HIT
28641,L1HIT
28231,L1HIT
28231,L1HIT
28238,L1HIT
28253,L1HIT
32189,L1HIT
831,L1HIT
20825,L1HIT
23381,L1HIT
30597,L1HIT
23678,L1HIT
12650,L1HIT
4557,L1HIT
10338,L1HIT
25090,L1HIT
184,MEMACC
22630,L1HIT
2479,L1HIT
29943,L1HIT
11973,L1HIT
18373,L1HIT
3640,L1HIT
23452,L1HIT
22730,L1HIT
13283,L1HIT
25028,L1HIT
28211,L1HIT
29838,L1HIT
26240,L1HIT
18775,L1HIT
9504,L1HIT
32229,L1HIT
12191,L1HIT
2767,L1HIT
16101,L1HIT
18655,L1HIT
4027,L1HIT
26043,L1HIT
7307,L1HIT
3012,L1HIT
9319,L1HIT
16703,L1HIT
9037,L1HIT
17075,L1HIT
8106,L1HIT
28956,L1HIT
28973,L1HIT
28983,L1HIT
31161,L1HIT
11786,L1HIT
5866,L1HIT
9635,L1HIT
20125,L1HIT
7584,L1HIT
30159,L1HIT
31161,L1HIT
11786,L1HIT
5866,L1HIT
9635,L1HIT
22917,L1HIT
4876,L1HIT
