8392,MEMACC
106,MEMACC
14559,MEMACC
17294,MEMACC
7995,MEMACC
27821,MEMACC
32075,MEMACC
19398,MEMACC
22296,MEMACC
23124,MEMACC
28702,MEMACC
26310,MEMACC
29274,MEMACC
5166,MEMACC
2980,MEMACC
573,MEMACC
30015,MEMACC
12655,MEMACC
6575,MEMACC
30595,MEMACC
22032,MEMACC
27970,MEMACC
4071,MEMACC
22823,MEMACC
8478,MEMACC
15937,MEMACC
5502,MEMACC
18481,MEMACC
6190,MEMACC
6748,MEMACC
3266,MEMACC
15476,MEMACC
8478,MEMACC
15937,L1HIT
5502,L1HIT
15875,L1HIT
177,L1HIT
25594,MEMACC
17994,MEMACC
19100,MEMACC
9574,MEMACC
5673,MEMACC
6748,MEMACC
3266,L1HIT
177,L1HIT
25594,MEMACC
17994,MEMACC
3977,L1HIT
31536,MEMACC
14123,MEMACC
28041,L1HIT
18434,MEMACC
1930,MEMACC
10539,MEMACC
2787,MEMACC
22630,MEMACC
1772,MEMACC
8311,MEMACC
25135,MEMACC
3788,MEMACC
7462,MEMACC
27743,L1HIT
12870,MEMACC
15838,MEMACC
14140,L1HIT
3850,L1HIT
9078,MEMACC
24549,MEMACC
24552,L1HIT
604,MEMACC
21662,MEMACC
26878,MEMACC
18264,MEMACC
8691,MEMACC
9463,MEMACC
8835,MEMACC
2198,MEMACC
14121,L1HIT
16426,MEMACC
10297,MEMACC
13904,MEMACC
4549,MEMACC
10569,L1HIT
29378,MEMACC
21314,MEMACC
14183,L1HIT
26585,MEMACC
17110,MEMACC
2782,MEMACC
9302,MEMACC
9317,MEMACC
9333,MEMACC
9346,MEMACC
14529,MEMACC
20262,MEMACC
29969,L1HIT
9310,L1HIT
26344,L1HIT
32668,MEMACC
9536,L1HIT
9288,L1HIT
10347,MEMACC
13276,MEMACC
14676,MEMACC
14153,L1HIT
26121,L1HIT
22423,MEMACC
8054,L1HIT
2507,MEMACC
25715,MEMACC
12813,L1HIT
7682,MEMACC
522,MEMACC
2055,L1HIT
6296,L1HIT
7485,MEMACC
25889,MEMACC
16841,MEMACC
219,L1HIT
27971,L1HIT
10936,MEMACC
25300,L1HIT
5784,L1HIT
2055,L1HIT
6296,L1HIT
7485,MEMACC
22173,L1HIT
23859,MEMACC
6302,L1HIT
22714,MEMACC
10936,MEMACC
25300,L1HIT
5784,L1HIT
2055,L1HIT
6296,L1HIT
7485,MEMACC
25889,L1HIT
16841,L1HIT
25081,MEMACC
25094,L1HIT
25100,L1HIT
19381,MEMACC
27113,MEMACC
1565,MEMACC
32683,L1HIT
14330,L1HIT
25818,L1HIT
27781,L1HIT
27710,L1HIT
26294,L1HIT
27161,MEMACC
18980,MEMACC
18982,MEMACC
18989,L1HIT
18991,L1HIT
19008,L1HIT
19012,L1HIT
18204,L1HIT
29618,MEMACC
23775,MEMACC
29618,MEMACC
23775,MEMACC
17683,MEMACC
25610,L1HIT
16183,MEMACC
13992,L1HIT
29193,L1HIT
30376,MEMACC
13993,L1HIT
10955,MEMACC
30376,MEMACC
13993,L1HIT
10955,MEMACC
23198,MEMACC
3476,MEMACC
26788,MEMACC
32317,MEMACC
30103,L1HIT
23307,MEMACC
17478,MEMACC
28401,MEMACC
30149,L1HIT
5616,L1HIT
3813,L1HIT
25446,MEMACC
21550,MEMACC
5472,L1HIT
15655,MEMACC
13694,MEMACC
19042,L1HIT
909,MEMACC
16134,L1HIT
5616,L1HIT
3813,L1HIT
1194,MEMACC
8019,L1HIT
18515,L1HIT
18518,L1HIT
18534,L1HIT
18542,L1HIT
18546,L1HIT
14839,L1HIT
29074,MEMACC
23975,MEMACC
10598,L1HIT
11963,MEMACC
8088,L1HIT
11228,MEMACC
8088,L1HIT
11228,L1HIT
858,L1HIT
29351,L1HIT
3328,MEMACC
8553,MEMACC
31559,L1HIT
7228,MEMACC
26281,L1HIT
24906,L1HIT
1205,L1HIT
18877,MEMACC
10254,L1HIT
28280,L1HIT
27330,MEMACC
17669,MEMACC
21208,MEMACC
2255,L1HIT
9512,L1HIT
17554,MEMACC
23152,L1HIT
4111,MEMACC
27299,MEMACC
25220,L1HIT
16906,L1HIT
16909,L1HIT
16912,L1HIT
16919,L1HIT
30826,MEMACC
23355,MEMACC
32447,L1HIT
30826,MEMACC
31758,MEMACC
1267,L1HIT
30881,MEMACC
6410,L1HIT
2297,L1HIT
31977,MEMACC
17335,L1HIT
28111,L1HIT
20157,MEMACC
13385,MEMACC
18320,L1HIT
28592,MEMACC
2816,MEMACC
15091,MEMACC
8204,MEMACC
3734,L1HIT
1019,L1HIT
1031,L1HIT
1044,L1HIT
1047,L1HIT
1048,L1HIT
22799,L1HIT
7714,MEMACC
19863,MEMACC
32025,MEMACC
10480,L1HIT
21112,L1HIT
29958,L1HIT
6678,MEMACC
27925,L1HIT
18782,L1HIT
18477,L1HIT
21112,L1HIT
7997,L1HIT
29958,L1HIT
6678,L1HIT
27925,L1HIT
18782,L1HIT
18477,L1HIT
26730,MEMACC
14719,L1HIT
18964,L1HIT
25020,L1HIT
24198,MEMACC
7426,MEMACC
20151,MEMACC
15504,MEMACC
5128,L1HIT
5439,L1HIT
32472,L1HIT
3479,MEMACC
14542,L1HIT
14546,L1HIT
14561,L1HIT
16051,L1HIT
16051,L1HIT
16066,L1HIT
16081,L1HIT
487,MEMACC
24505,L1HIT
2447,MEMACC
23930,MEMACC
11786,MEMACC
9552,L1HIT
14586,L1HIT
129,L1HIT
10882,MEMACC
11749,MEMACC
3085,L1HIT
30734,L1HIT
14355,L1HIT
4729,MEMACC
26253,L1HIT
3085,L1HIT
30734,L1HIT
14355,L1HIT
4729,MEMACC
26253,L1HIT
17442,L1HIT
16626,L1HIT
3361,L1HIT
3098,L1HIT
11749,MEMACC
3085,L1HIT
30734,L1HIT
14355,L1HIT
4729,MEMACC
26253,L1HIT
17442,L1HIT
10766,MEMACC
15550,L1HIT
20721,MEMACC
29054,MEMACC
27051,L1HIT
14050,L1HIT
30925,L1HIT
23455,L1HIT
5457,L1HIT
5660,L1HIT
19837,MEMACC
12410,MEMACC
21259,MEMACC
13778,MEMACC
12934,L1HIT
1213,L1HIT
6647,L1HIT
27418,MEMACC
29377,L1HIT
12043,MEMACC
10561,L1HIT
2267,L1HIT
21626,MEMACC
18506,L1HIT
30279,MEMACC
14294,L1HIT
17683,MEMACC
26578,L1HIT
12129,L1HIT
29574,MEMACC
10325,L1HIT
20946,MEMACC
7542,L1HIT
6420,L1HIT
31154,MEMACC
14924,MEMACC
22947,L1HIT
30590,MEMACC
21776,MEMACC
6488,L1HIT
10261,L1HIT
4937,MEMACC
11169,L1HIT
15543,L1HIT
14078,L1HIT
13996,L1HIT
17126,L1HIT
3930,L1HIT
7090,MEMACC
10106,MEMACC
26234,L1HIT
142,L1HIT
382,MEMACC
16490,L1HIT
17348,L1HIT
3570,L1HIT
24579,MEMACC
11045,L1HIT
28352,L1HIT
28763,L1HIT
3274,L1HIT
3280,L1HIT
12700,MEMACC
2701,MEMACC
14242,L1HIT
28047,L1HIT
5847,L1HIT
9346,L1HIT
30056,L1HIT
4270,MEMACC
5495,L1HIT
4309,MEMACC
13433,L1HIT
31672,L1HIT
31196,MEMACC
9180,MEMACC
14573,L1HIT
18574,L1HIT
2554,MEMACC
6181,L1HIT
32435,L1HIT
10119,MEMACC
751,MEMACC
769,L1HIT
787,L1HIT
801,L1HIT
818,L1HIT
823,L1HIT
29147,L1HIT
29148,L1HIT
12818,L1HIT
18624,L1HIT
32649,L1HIT
17477,L1HIT
30396,L1HIT
12818,L1HIT
18624,L1HIT
4476,MEMACC
11312,MEMACC
6446,L1HIT
8153,L1HIT
18506,L1HIT
26304,L1HIT
13787,L1HIT
5444,L1HIT
9696,L1HIT
29117,L1HIT
29560,MEMACC
24616,MEMACC
15070,L1HIT
3748,L1HIT
18759,L1HIT
15554,L1HIT
15561,L1HIT
15428,L1HIT
15433,L1HIT
15436,L1HIT
15455,L1HIT
6372,L1HIT
25130,L1HIT
10708,L1HIT
27424,MEMACC
28744,L1HIT
4719,MEMACC
14872,L1HIT
11339,L1HIT
20937,MEMACC
20739,L1HIT
22705,MEMACC
10302,L1HIT
3164,L1HIT
31108,MEMACC
31535,L1HIT
9729,MEMACC
27723,L1HIT
28550,L1HIT
32437,L1HIT
12497,L1HIT
27406,MEMACC
22649,MEMACC
19614,MEMACC
17156,L1HIT
5398,L1HIT
5703,L1HIT
31371,MEMACC
8581,L1HIT
29709,MEMACC
12030,MEMACC
3441,L1HIT
5581,L1HIT
10324,L1HIT
8977,MEMACC
20060,L1HIT
7755,MEMACC
30913,L1HIT
27911,L1HIT
28940,L1HIT
6591,L1HIT
14641,L1HIT
14409,L1HIT
22743,L1HIT
6799,L1HIT
3851,L1HIT
11039,L1HIT
13248,MEMACC
11045,L1HIT
11073,L1HIT
2354,MEMACC
24218,MEMACC
14641,L1HIT
22743,L1HIT
6799,L1HIT
3851,L1HIT
11039,L1HIT
13248,MEMACC
11045,L1HIT
16465,L1HIT
16469,L1HIT
16488,L1HIT
16505,L1HIT
10835,L1HIT
19638,MEMACC
15690,MEMACC
30890,L1HIT
19773,MEMACC
28830,L1HIT
31078,MEMACC
10298,L1HIT
579,MEMACC
4225,L1HIT
29334,L1HIT
11274,L1HIT
31469,MEMACC
23211,L1HIT
5763,L1HIT
11068,L1HIT
23197,L1HIT
15509,L1HIT
10835,L1HIT
16127,L1HIT
16146,L1HIT
16146,L1HIT
16161,L1HIT
4648,L1HIT
24076,L1HIT
19238,L1HIT
10321,L1HIT
2147,L1HIT
27597,L1HIT
1007,L1HIT
2110,L1HIT
29478,MEMACC
24998,L1HIT
17886,MEMACC
25042,L1HIT
23973,MEMACC
18607,L1HIT
9314,L1HIT
3029,L1HIT
12853,L1HIT
30867,L1HIT
20249,MEMACC
11105,L1HIT
9837,L1HIT
27932,L1HIT
23847,L1HIT
31510,L1HIT
4303,L1HIT
428,MEMACC
2110,L1HIT
29478,MEMACC
24998,L1HIT
17886,L1HIT
25042,L1HIT
23973,L1HIT
29802,MEMACC
11576,MEMACC
9058,L1HIT
7583,L1HIT
6928,MEMACC
22767,L1HIT
22609,L1HIT
14840,L1HIT
24697,MEMACC
29193,L1HIT
27612,L1HIT
11285,L1HIT
2723,MEMACC
15132,MEMACC
31037,L1HIT
17851,L1HIT
26278,L1HIT
12262,L1HIT
31896,L1HIT
18516,L1HIT
4004,L1HIT
6452,L1HIT
5506,L1HIT
12572,MEMACC
21926,MEMACC
30786,L1HIT
2067,L1HIT
26094,L1HIT
22132,L1HIT
10799,L1HIT
8142,L1HIT
8151,L1HIT
8170,L1HIT
8175,L1HIT
5485,L1HIT
662,L1HIT
19277,L1HIT
20188,L1HIT
357,MEMACC
1876,L1HIT
20805,L1HIT
25648,L1HIT
6104,MEMACC
9680,L1HIT
30103,L1HIT
13972,L1HIT
7932,MEMACC
7918,MEMACC
4410,MEMACC
32699,L1HIT
32555,L1HIT
1747,MEMACC
2698,L1HIT
4574,L1HIT
29546,MEMACC
30662,L1HIT
3643,L1HIT
17859,L1HIT
15074,L1HIT
20883,L1HIT
11154,L1HIT
9747,L1HIT
16942,L1HIT
13688,L1HIT
3238,L1HIT
22589,L1HIT
23428,L1HIT
14431,L1HIT
9922,L1HIT
31949,L1HIT
13535,L1HIT
18714,L1HIT
14386,L1HIT
25974,L1HIT
22233,L1HIT
6088,MEMACC
16858,L1HIT
31702,L1HIT
5200,L1HIT
20165,L1HIT
20365,L1HIT
12641,MEMACC
20412,L1HIT
24146,L1HIT
11915,MEMACC
15826,MEMACC
15158,L1HIT
26415,L1HIT
4896,MEMACC
24673,L1HIT
17121,L1HIT
8953,L1HIT
24454,L1HIT
1393,MEMACC
14125,L1HIT
24411,L1HIT
31954,L1HIT
4896,L1HIT
20336,L1HIT
25334,L1HIT
3181,L1HIT
10281,L1HIT
10581,L1HIT
18887,L1HIT
10281,L1HIT
10581,L1HIT
18887,L1HIT
14181,L1HIT
20731,L1HIT
23302,L1HIT
18402,L1HIT
5729,L1HIT
8719,L1HIT
16676,L1HIT
17596,L1HIT
10597,L1HIT
19216,L1HIT
10281,L1HIT
10581,L1HIT
10298,L1HIT
17069,L1HIT
18636,L1HIT
15627,L1HIT
574,L1HIT
25621,L1HIT
4296,L1HIT
29925,MEMACC
12936,L1HIT
30621,L1HIT
21202,L1HIT
25948,L1HIT
32712,L1HIT
27242,MEMACC
24106,L1HIT
6326,L1HIT
3951,L1HIT
7811,MEMACC
15892,L1HIT
21854,MEMACC
15699,L1HIT
8281,L1HIT
14432,L1HIT
11410,L1HIT
6698,L1HIT
19397,L1HIT
24559,L1HIT
327,L1HIT
9404,L1HIT
9898,L1HIT
9696,L1HIT
13270,MEMACC
27552,L1HIT
19803,MEMACC
27180,MEMACC
3334,L1HIT
11986,L1HIT
14515,L1HIT
28018,L1HIT
23393,L1HIT
29836,L1HIT
15218,L1HIT
12727,MEMACC
3,L1HIT
26184,L1HIT
9619,L1HIT
13720,L1HIT
2924,L1HIT
9035,L1HIT
19807,L1HIT
32221,L1HIT
8954,L1HIT
22398,MEMACC
16130,L1HIT
288,L1HIT
17181,L1HIT
15310,L1HIT
7118,L1HIT
5183,L1HIT
22694,L1HIT
21586,L1HIT
5171,L1HIT
18665,L1HIT
3642,L1HIT
3653,L1HIT
3661,L1HIT
3678,L1HIT
3679,L1HIT
3694,L1HIT
29747,L1HIT
22724,L1HIT
817,L1HIT
18297,L1HIT
5834,L1HIT
29167,L1HIT
14454,L1HIT
489,L1HIT
22977,L1HIT
15358,L1HIT
24467,L1HIT
1275,L1HIT
29365,L1HIT
22147,L1HIT
14737,L1HIT
26360,L1HIT
24377,L1HIT
2207,L1HIT
2987,L1HIT
1022,L1HIT
29065,L1HIT
29079,L1HIT
29081,L1HIT
29099,L1HIT
28683,L1HIT
17547,L1HIT
24660,L1HIT
30384,L1HIT
4341,L1HIT
15616,L1HIT
8368,L1HIT
8688,L1HIT
4178,L1HIT
25675,L1HIT
2450,L1HIT
5425,L1HIT
3389,L1HIT
22367,L1HIT
19600,MEMACC
9137,L1HIT
12773,L1HIT
14052,L1HIT
23699,MEMACC
3233,L1HIT
2999,L1HIT
3014,L1HIT
3014,L1HIT
3032,L1HIT
3037,L1HIT
1523,MEMACC
24247,L1HIT
19695,MEMACC
29512,MEMACC
9801,L1HIT
32465,L1HIT
7518,L1HIT
3250,L1HIT
26266,L1HIT
13273,L1HIT
2189,L1HIT
10366,L1HIT
6976,L1HIT
5648,L1HIT
4553,L1HIT
21871,L1HIT
16925,L1HIT
21339,L1HIT
7974,L1HIT
15149,L1HIT
