25048,MEMACC
14669,MEMACC
6406,MEMACC
11348,MEMACC
14669,L1HIT
6406,MEMACC
11348,MEMACC
26315,MEMACC
21482,MEMACC
20782,MEMACC
28036,MEMACC
16751,MEMACC
28013,MEMACC
6227,MEMACC
7812,MEMACC
25048,L1HIT
14669,L1HIT
6406,MEMACC
11348,MEMACC
26315,L1HIT
26315,L1HIT
21482,L1HIT
20782,L1HIT
28036,MEMACC
16751,MEMACC
28013,MEMACC
5198,MEMACC
1485,MEMACC
4600,MEMACC
584,MEMACC
189,MEMACC
25162,MEMACC
30058,MEMACC
32412,MEMACC
6562,MEMACC
11688,MEMACC
21447,L1HIT
19072,MEMACC
9758,MEMACC
11554,MEMACC
2349,MEMACC
30715,MEMACC
17768,MEMACC
24233,MEMACC
4109,MEMACC
18949,MEMACC
32097,MEMACC
10668,MEMACC
8462,MEMACC
17578,MEMACC
22050,MEMACC
22179,MEMACC
14199,MEMACC
12276,MEMACC
27639,MEMACC
8031,MEMACC
11799,MEMACC
21937,MEMACC
27810,MEMACC
11425,MEMACC
26808,MEMACC
21756,MEMACC
29974,L1HIT
12287,MEMACC
15000,MEMACC
22532,MEMACC
9280,MEMACC
17788,MEMACC
27240,MEMACC
24083,MEMACC
6129,MEMACC
2859,MEMACC
9280,MEMACC
16703,MEMACC
20687,MEMACC
7664,MEMACC
25511,MEMACC
341,MEMACC
6957,MEMACC
12004,MEMACC
16081,MEMACC
20274,MEMACC
3693,MEMACC
2182,MEMACC
1831,MEMACC
2785,MEMACC
28568,MEMACC
7483,MEMACC
28462,MEMACC
4112,L1HIT
13518,MEMACC
14619,L1HIT
28862,MEMACC
23650,MEMACC
9842,MEMACC
9852,MEMACC
9868,MEMACC
9874,MEMACC
8378,MEMACC
8596,MEMACC
2119,MEMACC
32320,MEMACC
25030,L1HIT
22488,MEMACC
17927,MEMACC
15420,MEMACC
21891,L1HIT
4176,L1HIT
25057,L1HIT
9634,MEMACC
20671,L1HIT
21325,MEMACC
7086,MEMACC
5661,MEMACC
4478,MEMACC
31731,MEMACC
15549,MEMACC
24171,MEMACC
11255,MEMACC
17434,MEMACC
5605,MEMACC
10633,MEMACC
21570,MEMACC
6583,L1HIT
6590,L1HIT
11488,MEMACC
27087,MEMACC
27105,MEMACC
27122,L1HIT
27141,L1HIT
27153,L1HIT
5311,MEMACC
22841,MEMACC
23251,MEMACC
17790,MEMACC
160,MEMACC
2350,MEMACC
4566,MEMACC
16770,MEMACC
27297,MEMACC
10789,MEMACC
4893,MEMACC
29766,MEMACC
28432,MEMACC
5100,MEMACC
5592,L1HIT
30601,MEMACC
26274,L1HIT
24019,MEMACC
11485,L1HIT
15823,MEMACC
29998,L1HIT
30010,L1HIT
30015,L1HIT
30017,L1HIT
30036,L1HIT
5252,MEMACC
4950,MEMACC
10880,MEMACC
22847,L1HIT
28941,MEMACC
2447,MEMACC
9505,MEMACC
4759,MEMACC
15910,MEMACC
9505,MEMACC
4759,L1HIT
15910,L1HIT
22511,MEMACC
217,MEMACC
31360,MEMACC
21139,MEMACC
9918,MEMACC
22540,MEMACC
30379,MEMACC
4216,L1HIT
8506,MEMACC
6524,MEMACC
22881,L1HIT
9957,L1HIT
4216,L1HIT
8506,MEMACC
6524,L1HIT
22881,L1HIT
9957,L1HIT
9071,MEMACC
8858,MEMACC
5280,L1HIT
2255,MEMACC
31173,MEMACC
32662,MEMACC
9509,MEMACC
9296,MEMACC
9314,L1HIT
9314,L1HIT
4117,L1HIT
4134,L1HIT
4144,L1HIT
31940,MEMACC
31947,MEMACC
31951,L1HIT
9374,MEMACC
3777,MEMACC
10186,MEMACC
17319,MEMACC
12302,MEMACC
29881,MEMACC
9923,L1HIT
28601,L1HIT
11860,MEMACC
1539,MEMACC
7072,L1HIT
28946,MEMACC
7840,L1HIT
24645,MEMACC
24138,MEMACC
5091,L1HIT
2997,MEMACC
10590,MEMACC
12413,MEMACC
31956,L1HIT
20133,MEMACC
16130,MEMACC
6058,MEMACC
28770,MEMACC
7881,L1HIT
16940,MEMACC
17371,L1HIT
5707,MEMACC
20133,L1HIT
16130,MEMACC
6058,L1HIT
28770,L1HIT
7881,L1HIT
16940,MEMACC
12078,MEMACC
12078,L1HIT
12093,L1HIT
12100,L1HIT
32378,MEMACC
4156,L1HIT
5000,L1HIT
7406,MEMACC
2917,MEMACC
11082,MEMACC
28158,MEMACC
17357,L1HIT
17357,L1HIT
20937,MEMACC
19387,MEMACC
7858,L1HIT
25832,MEMACC
1392,MEMACC
8255,MEMACC
25074,L1HIT
968,MEMACC
3513,MEMACC
25074,L1HIT
968,MEMACC
3513,L1HIT
4700,MEMACC
31490,MEMACC
28082,MEMACC
25570,MEMACC
38,MEMACC
25131,L1HIT
8000,L1HIT
950,MEMACC
26695,MEMACC
11754,L1HIT
23727,MEMACC
28769,L1HIT
27908,MEMACC
4045,MEMACC
173,MEMACC
10735,MEMACC
1239,MEMACC
10943,MEMACC
8205,MEMACC
25500,MEMACC
7304,L1HIT
1868,L1HIT
9439,MEMACC
10943,MEMACC
8205,MEMACC
25500,L1HIT
7304,L1HIT
1868,L1HIT
30213,MEMACC
30106,MEMACC
11955,MEMACC
11465,L1HIT
5621,L1HIT
5767,MEMACC
24172,L1HIT
26267,L1HIT
10022,MEMACC
27304,L1HIT
4629,MEMACC
29769,L1HIT
7872,L1HIT
10591,MEMACC
7481,MEMACC
11946,MEMACC
19791,MEMACC
24727,MEMACC
32260,MEMACC
3673,MEMACC
27451,MEMACC
1993,MEMACC
10805,MEMACC
14700,L1HIT
30653,MEMACC
7549,L1HIT
17887,MEMACC
10118,MEMACC
7824,L1HIT
31801,MEMACC
28736,L1HIT
17066,MEMACC
2222,MEMACC
5564,L1HIT
12800,MEMACC
10713,MEMACC
9747,L1HIT
31463,L1HIT
19472,MEMACC
5751,L1HIT
15798,L1HIT
9132,MEMACC
22355,MEMACC
25263,MEMACC
26584,MEMACC
16707,L1HIT
8501,MEMACC
4610,L1HIT
4617,L1HIT
4627,L1HIT
4636,L1HIT
14634,L1HIT
22547,MEMACC
20892,L1HIT
17203,MEMACC
15388,L1HIT
16472,MEMACC
25357,MEMACC
14634,L1HIT
22547,MEMACC
20892,L1HIT
16472,L1HIT
25357,MEMACC
22899,L1HIT
29183,MEMACC
31184,L1HIT
3415,MEMACC
14707,L1HIT
19863,MEMACC
24873,MEMACC
27322,L1HIT
29103,L1HIT
12631,MEMACC
1063,MEMACC
9019,L1HIT
4876,MEMACC
13097,MEMACC
28758,L1HIT
21756,MEMACC
20951,L1HIT
10556,L1HIT
31089,MEMACC
1775,MEMACC
11653,L1HIT
22449,MEMACC
5550,L1HIT
31239,MEMACC
20400,MEMACC
7665,MEMACC
20651,L1HIT
26261,L1HIT
9508,MEMACC
28134,L1HIT
16528,MEMACC
3989,MEMACC
7867,L1HIT
6980,L1HIT
25214,L1HIT
20920,L1HIT
4839,L1HIT
13195,MEMACC
32652,L1HIT
10277,MEMACC
16159,MEMACC
4328,MEMACC
31811,MEMACC
7339,L1HIT
1182,MEMACC
28522,MEMACC
20016,MEMACC
26339,L1HIT
26358,L1HIT
26366,L1HIT
26374,MEMACC
26383,MEMACC
26400,MEMACC
26418,MEMACC
27460,L1HIT
26226,MEMACC
6167,MEMACC
3792,MEMACC
14582,MEMACC
6877,MEMACC
14321,MEMACC
1922,L1HIT
32500,MEMACC
24245,L1HIT
10653,L1HIT
20595,MEMACC
31343,MEMACC
23277,MEMACC
17847,MEMACC
11506,L1HIT
23228,MEMACC
3376,MEMACC
3839,L1HIT
16187,L1HIT
19352,L1HIT
30079,L1HIT
240,L1HIT
9034,L1HIT
14701,L1HIT
2003,L1HIT
7317,L1HIT
27258,L1HIT
11639,L1HIT
27729,MEMACC
18502,MEMACC
4828,L1HIT
9032,L1HIT
28693,L1HIT
22254,MEMACC
28962,L1HIT
18239,MEMACC
7630,MEMACC
31514,L1HIT
25042,L1HIT
9281,L1HIT
21067,MEMACC
6267,MEMACC
8280,MEMACC
12613,MEMACC
29100,L1HIT
22669,MEMACC
14603,L1HIT
29234,MEMACC
28962,L1HIT
18239,L1HIT
7630,L1HIT
18811,MEMACC
13962,MEMACC
10484,MEMACC
6451,L1HIT
25753,MEMACC
7195,MEMACC
2734,L1HIT
14147,L1HIT
2019,L1HIT
5763,MEMACC
3452,MEMACC
20689,L1HIT
8879,L1HIT
9408,MEMACC
25933,MEMACC
24135,L1HIT
15781,L1HIT
18884,MEMACC
2470,L1HIT
22592,MEMACC
1987,L1HIT
11416,L1HIT
21002,L1HIT
15186,MEMACC
11175,MEMACC
14437,MEMACC
15679,MEMACC
22773,MEMACC
26140,L1HIT
27661,L1HIT
3045,L1HIT
3054,L1HIT
2713,L1HIT
1488,MEMACC
27740,L1HIT
25657,MEMACC
4623,L1HIT
9384,MEMACC
27928,L1HIT
29006,L1HIT
5078,L1HIT
800,MEMACC
29573,MEMACC
731,MEMACC
22882,L1HIT
31557,L1HIT
5903,MEMACC
16566,L1HIT
17976,MEMACC
29144,L1HIT
28535,MEMACC
30123,MEMACC
27356,L1HIT
5477,MEMACC
5484,MEMACC
5489,MEMACC
5505,L1HIT
5513,L1HIT
5522,L1HIT
5529,L1HIT
22492,L1HIT
15582,L1HIT
29621,L1HIT
27520,L1HIT
9279,L1HIT
5366,L1HIT
15342,MEMACC
29177,L1HIT
8425,L1HIT
16018,MEMACC
14608,L1HIT
9783,L1HIT
22334,L1HIT
15158,L1HIT
3531,L1HIT
32087,L1HIT
2646,MEMACC
13244,L1HIT
24257,L1HIT
7693,MEMACC
16171,L1HIT
3459,L1HIT
32033,L1HIT
3807,L1HIT
14902,MEMACC
21666,L1HIT
12242,L1HIT
18377,MEMACC
31532,L1HIT
21913,L1HIT
21894,L1HIT
21009,L1HIT
2163,L1HIT
22007,L1HIT
2713,L1HIT
25025,L1HIT
22966,MEMACC
10166,L1HIT
13793,MEMACC
16721,L1HIT
8723,MEMACC
21478,L1HIT
19941,L1HIT
26759,L1HIT
31529,L1HIT
31547,L1HIT
31553,L1HIT
31566,L1HIT
31578,L1HIT
31590,L1HIT
1470,MEMACC
9716,MEMACC
4496,L1HIT
31777,L1HIT
19516,L1HIT
2293,L1HIT
23512,MEMACC
5090,L1HIT
14604,L1HIT
32101,L1HIT
32722,L1HIT
13798,MEMACC
15737,L1HIT
7136,L1HIT
24560,MEMACC
1345,L1HIT
10817,L1HIT
30740,MEMACC
21084,L1HIT
22109,MEMACC
324,L1HIT
341,L1HIT
355,L1HIT
368,L1HIT
5260,L1HIT
5260,L1HIT
5276,L1HIT
19918,L1HIT
18546,MEMACC
2489,L1HIT
8028,L1HIT
11726,L1HIT
3496,L1HIT
4493,L1HIT
8189,MEMACC
26864,L1HIT
32058,L1HIT
32251,MEMACC
3247,MEMACC
10389,MEMACC
19596,MEMACC
30870,MEMACC
27801,L1HIT
17953,MEMACC
296,L1HIT
7220,L1HIT
25161,L1HIT
2876,L1HIT
25456,MEMACC
3628,MEMACC
26518,L1HIT
28698,L1HIT
10024,L1HIT
279,L1HIT
30940,MEMACC
1206,L1HIT
11519,L1HIT
16065,L1HIT
8132,MEMACC
14379,MEMACC
17884,MEMACC
20550,MEMACC
26438,MEMACC
28214,MEMACC
31849,L1HIT
26278,L1HIT
24928,MEMACC
21397,L1HIT
21409,L1HIT
21423,L1HIT
12891,L1HIT
12899,L1HIT
12918,L1HIT
11444,L1HIT
18257,L1HIT
23316,MEMACC
965,L1HIT
21500,L1HIT
19701,L1HIT
22017,MEMACC
3690,MEMACC
21917,L1HIT
3675,MEMACC
6400,L1HIT
7416,L1HIT
3675,MEMACC
6400,L1HIT
7416,L1HIT
19701,L1HIT
22017,MEMACC
3690,MEMACC
21917,L1HIT
3675,MEMACC
6400,L1HIT
7416,L1HIT
31877,L1HIT
10261,MEMACC
28016,L1HIT
25585,L1HIT
6524,L1HIT
17663,MEMACC
32234,MEMACC
10294,L1HIT
518,MEMACC
26335,L1HIT
15881,L1HIT
29852,L1HIT
10558,L1HIT
7848,L1HIT
29540,MEMACC
20576,L1HIT
3412,MEMACC
259,L1HIT
9443,L1HIT
11958,MEMACC
2763,L1HIT
19292,MEMACC
6869,MEMACC
3120,MEMACC
14296,L1HIT
2153,L1HIT
25284,MEMACC
17400,L1HIT
4880,L1HIT
14296,L1HIT
2153,L1HIT
25284,MEMACC
17400,L1HIT
4880,L1HIT
1701,MEMACC
21736,L1HIT
28540,L1HIT
18124,MEMACC
14825,MEMACC
24887,MEMACC
16177,L1HIT
19292,MEMACC
6869,MEMACC
3120,MEMACC
14296,L1HIT
2153,L1HIT
25284,MEMACC
17400,L1HIT
4880,L1HIT
8997,L1HIT
31624,MEMACC
21103,L1HIT
31324,MEMACC
4651,L1HIT
21664,L1HIT
21677,L1HIT
21691,L1HIT
21709,L1HIT
7984,L1HIT
24571,MEMACC
15195,L1HIT
2614,MEMACC
23806,MEMACC
28741,L1HIT
23806,L1HIT
28741,L1HIT
29275,L1HIT
6888,MEMACC
19524,L1HIT
29848,L1HIT
22388,L1HIT
22406,L1HIT
22412,L1HIT
14961,MEMACC
9684,L1HIT
27419,L1HIT
30345,MEMACC
32405,MEMACC
13854,MEMACC
3034,L1HIT
9528,L1HIT
5585,L1HIT
19421,L1HIT
4046,L1HIT
9528,L1HIT
15864,L1HIT
15878,L1HIT
15887,L1HIT
25550,L1HIT
6900,L1HIT
12162,L1HIT
3244,L1HIT
14570,MEMACC
3979,L1HIT
32629,MEMACC
23866,MEMACC
13359,MEMACC
19522,L1HIT
19089,MEMACC
25295,MEMACC
6243,MEMACC
28110,L1HIT
7177,L1HIT
31219,L1HIT
15367,L1HIT
3244,L1HIT
14570,MEMACC
3979,L1HIT
32629,L1HIT
16303,MEMACC
16765,L1HIT
16770,MEMACC
16785,L1HIT
16804,L1HIT
16807,L1HIT
16810,L1HIT
16811,L1HIT
28938,L1HIT
7526,L1HIT
28938,L1HIT
22932,L1HIT
11014,MEMACC
13219,L1HIT
55,MEMACC
21355,L1HIT
28893,MEMACC
8662,L1HIT
22565,L1HIT
19689,L1HIT
26328,L1HIT
13369,MEMACC
13590,MEMACC
12669,MEMACC
22331,L1HIT
12922,L1HIT
16454,L1HIT
4679,L1HIT
29996,L1HIT
22436,L1HIT
24014,MEMACC
11661,L1HIT
8744,MEMACC
18959,L1HIT
26571,L1HIT
14171,L1HIT
909,L1HIT
13081,L1HIT
29567,MEMACC
13599,MEMACC
13616,L1HIT
21644,L1HIT
31686,L1HIT
27478,L1HIT
26318,L1HIT
14660,L1HIT
26896,MEMACC
18043,MEMACC
5349,L1HIT
18996,L1HIT
32384,MEMACC
13912,MEMACC
17440,MEMACC
8526,MEMACC
26250,L1HIT
528,MEMACC
1463,L1HIT
29317,MEMACC
21962,L1HIT
27659,L1HIT
24645,MEMACC
32257,L1HIT
13234,L1HIT
9383,L1HIT
26920,MEMACC
20832,L1HIT
28929,L1HIT
12094,L1HIT
26692,L1HIT
18838,MEMACC
7898,L1HIT
8005,L1HIT
23708,L1HIT
16228,L1HIT
8578,L1HIT
25296,L1HIT
28540,L1HIT
11811,MEMACC
15369,L1HIT
20451,L1HIT
8197,L1HIT
20217,L1HIT
14786,L1HIT
7524,L1HIT
30043,L1HIT
17198,L1HIT
12101,L1HIT
25895,L1HIT
10526,L1HIT
6293,MEMACC
18194,L1HIT
3529,L1HIT
19337,L1HIT
4553,L1HIT
15089,MEMACC
15386,L1HIT
21912,L1HIT
8457,MEMACC
12489,MEMACC
21485,L1HIT
27448,L1HIT
24236,L1HIT
159,L1HIT
21120,MEMACC
170,L1HIT
22011,L1HIT
11537,L1HIT
21577,MEMACC
12726,MEMACC
29643,L1HIT
10607,L1HIT
20654,L1HIT
14477,MEMACC
11794,L1HIT
14927,MEMACC
16870,L1HIT
6567,L1HIT
317,L1HIT
15353,MEMACC
316,L1HIT
2335,MEMACC
24375,MEMACC
13488,MEMACC
29719,L1HIT
11394,L1HIT
22271,MEMACC
20589,L1HIT
29487,MEMACC
13608,L1HIT
25822,MEMACC
25824,MEMACC
25833,MEMACC
5515,L1HIT
12086,L1HIT
14804,L1HIT
28827,L1HIT
14562,L1HIT
5985,MEMACC
28753,L1HIT
29084,L1HIT
16256,L1HIT
32593,L1HIT
31034,MEMACC
4407,MEMACC
6294,MEMACC
17598,MEMACC
15643,L1HIT
337,L1HIT
12840,L1HIT
23256,MEMACC
1427,L1HIT
32130,MEMACC
9170,L1HIT
20814,L1HIT
1729,MEMACC
7638,L1HIT
28566,L1HIT
31741,L1HIT
20205,L1HIT
26954,MEMACC
25961,L1HIT
27662,L1HIT
17193,L1HIT
25613,MEMACC
20205,L1HIT
17523,MEMACC
14213,L1HIT
7848,L1HIT
16642,L1HIT
10106,L1HIT
22506,L1HIT
2926,L1HIT
22511,L1HIT
5305,L1HIT
20850,L1HIT
484,MEMACC
27714,L1HIT
23424,L1HIT
4726,L1HIT
11705,L1HIT
15228,L1HIT
32612,L1HIT
10767,L1HIT
18726,MEMACC
12456,L1HIT
2553,L1HIT
19075,MEMACC
16412,L1HIT
11885,L1HIT
2108,L1HIT
3448,L1HIT
7093,L1HIT
25141,L1HIT
14502,L1HIT
29824,L1HIT
31358,L1HIT
29903,L1HIT
7161,L1HIT
12147,L1HIT
25739,MEMACC
1306,L1HIT
1281,L1HIT
19607,L1HIT
10086,L1HIT
486,L1HIT
13859,L1HIT
26218,L1HIT
7787,L1HIT
4566,L1HIT
4576,L1HIT
4576,L1HIT
4577,L1HIT
17967,MEMACC
17976,MEMACC
21925,L1HIT
14695,L1HIT
9559,L1HIT
10094,L1HIT
14322,L1HIT
6740,MEMACC
16884,L1HIT
10094,L1HIT
14322,L1HIT
6740,L1HIT
16884,L1HIT
5306,L1HIT
23398,L1HIT
22689,MEMACC
22706,MEMACC
22706,MEMACC
22718,L1HIT
22731,L1HIT
5403,MEMACC
17680,MEMACC
744,L1HIT
10301,L1HIT
29508,MEMACC
2640,L1HIT
4186,L1HIT
31454,L1HIT
7056,L1HIT
9390,L1HIT
25857,L1HIT
8395,L1HIT
22318,L1HIT
32727,L1HIT
27376,L1HIT
32162,MEMACC
6066,L1HIT
4860,L1HIT
5084,L1HIT
22983,L1HIT
30544,MEMACC
9119,L1HIT
223,L1HIT
22188,MEMACC
3724,L1HIT
2742,L1HIT
28757,L1HIT
26815,L1HIT
14702,L1HIT
20675,L1HIT
5592,L1HIT
31725,L1HIT
7733,L1HIT
3851,MEMACC
7643,L1HIT
12608,L1HIT
32551,L1HIT
31480,L1HIT
21011,L1HIT
20769,L1HIT
153,L1HIT
154,L1HIT
170,L1HIT
19453,L1HIT
19461,L1HIT
19473,L1HIT
19478,L1HIT
