28859,MEMACC
26833,MEMACC
31875,MEMACC
30411,MEMACC
7912,MEMACC
24255,MEMACC
15642,MEMACC
21239,MEMACC
23629,MEMACC
18411,MEMACC
1886,MEMACC
9990,MEMACC
14266,MEMACC
7853,MEMACC
17788,MEMACC
13182,MEMACC
8917,MEMACC
30421,L1HIT
26289,MEMACC
1685,MEMACC
17433,MEMACC
3375,MEMACC
17433,MEMACC
30324,MEMACC
13117,MEMACC
32718,MEMACC
13522,MEMACC
15300,MEMACC
26888,MEMACC
29191,MEMACC
7172,MEMACC
29143,MEMACC
32721,MEMACC
8376,MEMACC
32718,MEMACC
13522,MEMACC
15300,MEMACC
26888,MEMACC
32237,MEMACC
14671,MEMACC
20746,MEMACC
3278,MEMACC
27883,MEMACC
26744,MEMACC
26021,MEMACC
1441,MEMACC
26818,MEMACC
29901,MEMACC
4303,MEMACC
17093,MEMACC
4303,L1HIT
17093,L1HIT
13580,MEMACC
25089,MEMACC
16996,MEMACC
22124,MEMACC
31234,MEMACC
12922,MEMACC
27410,MEMACC
7772,MEMACC
7165,MEMACC
21869,MEMACC
12689,MEMACC
9842,MEMACC
4444,MEMACC
18719,MEMACC
856,MEMACC
11486,MEMACC
5838,MEMACC
9421,MEMACC
20084,MEMACC
5381,MEMACC
1314,MEMACC
20994,MEMACC
15360,MEMACC
26453,MEMACC
18626,MEMACC
16055,MEMACC
7449,MEMACC
2034,MEMACC
7363,MEMACC
10073,MEMACC
18001,MEMACC
17582,MEMACC
22830,MEMACC
16707,MEMACC
7389,L1HIT
22880,MEMACC
11650,MEMACC
29925,MEMACC
29092,MEMACC
27440,MEMACC
15937,MEMACC
15048,MEMACC
15053,L1HIT
15064,L1HIT
15082,MEMACC
15084,MEMACC
31440,MEMACC
32598,MEMACC
10433,MEMACC
30327,MEMACC
14582,MEMACC
27044,MEMACC
14915,MEMACC
24804,MEMACC
3212,MEMACC
4075,MEMACC
31440,L1HIT
24641,MEMACC
13926,MEMACC
26273,L1HIT
6023,MEMACC
18336,MEMACC
18189,MEMACC
20367,MEMACC
13690,MEMACC
16801,MEMACC
15920,MEMACC
254,MEMACC
6244,MEMACC
1240,MEMACC
31777,MEMACC
16640,MEMACC
8489,MEMACC
5099,MEMACC
8944,MEMACC
8454,MEMACC
24,MEMACC
8785,MEMACC
15920,L1HIT
254,L1HIT
6244,MEMACC
1240,L1HIT
3591,MEMACC
25885,MEMACC
8170,MEMACC
8944,MEMACC
7735,MEMACC
14315,MEMACC
32357,MEMACC
5968,MEMACC
1465,MEMACC
13622,MEMACC
24405,MEMACC
9590,MEMACC
19065,MEMACC
4847,MEMACC
18342,MEMACC
30157,MEMACC
8451,MEMACC
32523,MEMACC
20991,MEMACC
23862,MEMACC
4664,MEMACC
15988,MEMACC
1948,MEMACC
13254,MEMACC
23067,MEMACC
22922,MEMACC
28874,MEMACC
26948,MEMACC
20685,MEMACC
6301,MEMACC
30063,MEMACC
27052,L1HIT
4626,MEMACC
20597,MEMACC
20685,MEMACC
6301,L1HIT
30063,L1HIT
27052,L1HIT
4626,L1HIT
20597,L1HIT
3456,MEMACC
20911,MEMACC
19105,MEMACC
19110,L1HIT
19122,L1HIT
19132,L1HIT
23048,L1HIT
23053,L1HIT
23061,L1HIT
23064,L1HIT
23080,MEMACC
22729,MEMACC
22742,L1HIT
22742,L1HIT
22760,MEMACC
22775,L1HIT
4138,MEMACC
4148,MEMACC
4154,L1HIT
4156,L1HIT
4161,MEMACC
4174,L1HIT
14210,MEMACC
17195,MEMACC
2743,MEMACC
16047,MEMACC
854,MEMACC
10780,MEMACC
5023,MEMACC
26314,MEMACC
28113,MEMACC
12310,MEMACC
22592,MEMACC
12303,L1HIT
1960,MEMACC
19570,MEMACC
29633,MEMACC
16345,MEMACC
23059,L1HIT
21295,MEMACC
25356,MEMACC
19303,MEMACC
24429,MEMACC
17232,MEMACC
19037,MEMACC
32542,MEMACC
19956,MEMACC
8320,MEMACC
14660,MEMACC
31043,MEMACC
18347,MEMACC
21457,MEMACC
27653,MEMACC
14342,MEMACC
23585,MEMACC
29248,MEMACC
28786,MEMACC
4277,MEMACC
11271,MEMACC
19210,MEMACC
189,MEMACC
2081,MEMACC
14393,MEMACC
30258,MEMACC
1535,MEMACC
13716,MEMACC
13735,MEMACC
13754,L1HIT
13755,L1HIT
13758,L1HIT
13763,MEMACC
17173,MEMACC
20568,MEMACC
14090,MEMACC
30053,L1HIT
12807,MEMACC
13216,MEMACC
4022,MEMACC
17173,MEMACC
20568,L1HIT
14090,MEMACC
30053,L1HIT
12807,MEMACC
25837,MEMACC
21829,MEMACC
5728,MEMACC
8453,L1HIT
23954,MEMACC
3037,MEMACC
17168,MEMACC
4460,MEMACC
17173,L1HIT
4244,MEMACC
24595,MEMACC
14752,MEMACC
25837,MEMACC
21829,MEMACC
5728,MEMACC
8453,L1HIT
23954,L1HIT
3037,L1HIT
1961,MEMACC
13132,MEMACC
6872,MEMACC
16529,MEMACC
13525,MEMACC
23899,MEMACC
23913,MEMACC
23913,L1HIT
27182,MEMACC
31950,MEMACC
19384,MEMACC
12295,L1HIT
26152,MEMACC
7172,MEMACC
3449,MEMACC
2481,MEMACC
20501,MEMACC
27116,MEMACC
3562,MEMACC
17722,MEMACC
1473,MEMACC
21432,MEMACC
19659,MEMACC
20821,MEMACC
25725,MEMACC
25151,MEMACC
25246,MEMACC
7067,MEMACC
14329,MEMACC
6776,MEMACC
23926,L1HIT
28067,MEMACC
1754,MEMACC
14329,L1HIT
6776,MEMACC
23926,L1HIT
28067,MEMACC
1754,MEMACC
1435,MEMACC
8643,MEMACC
23120,MEMACC
15914,L1HIT
17756,MEMACC
18758,MEMACC
14190,MEMACC
7129,MEMACC
18184,L1HIT
13589,MEMACC
18051,MEMACC
8380,L1HIT
31572,MEMACC
2182,MEMACC
23181,MEMACC
29891,MEMACC
28327,MEMACC
65,MEMACC
19070,L1HIT
880,MEMACC
31428,L1HIT
15804,MEMACC
11355,MEMACC
31111,MEMACC
20704,MEMACC
18593,MEMACC
17327,MEMACC
19689,MEMACC
32313,MEMACC
22780,L1HIT
25258,MEMACC
12283,MEMACC
6602,MEMACC
29326,MEMACC
2081,MEMACC
23848,MEMACC
7775,L1HIT
15245,MEMACC
2299,MEMACC
13714,MEMACC
22820,MEMACC
32387,MEMACC
12254,MEMACC
5280,MEMACC
28121,L1HIT
28129,MEMACC
28138,L1HIT
28145,L1HIT
28147,L1HIT
25492,MEMACC
6286,L1HIT
29425,MEMACC
12129,MEMACC
7748,L1HIT
22432,MEMACC
14983,MEMACC
32059,MEMACC
31545,MEMACC
6341,MEMACC
4017,MEMACC
22381,MEMACC
10929,MEMACC
32561,MEMACC
10302,MEMACC
25422,MEMACC
17839,MEMACC
31995,MEMACC
8197,MEMACC
31830,MEMACC
6117,MEMACC
6117,L1HIT
23767,MEMACC
639,MEMACC
31856,MEMACC
28021,MEMACC
22279,MEMACC
29027,MEMACC
4515,MEMACC
376,MEMACC
10724,MEMACC
2903,MEMACC
27575,MEMACC
12729,MEMACC
26534,MEMACC
31220,MEMACC
6526,MEMACC
25364,MEMACC
16098,MEMACC
17422,MEMACC
24896,MEMACC
2171,MEMACC
11852,MEMACC
4528,L1HIT
24663,MEMACC
433,MEMACC
26534,MEMACC
31220,MEMACC
6526,L1HIT
25364,L1HIT
28392,MEMACC
16318,MEMACC
17079,MEMACC
27813,MEMACC
17079,MEMACC
291,MEMACC
31075,MEMACC
619,L1HIT
4325,MEMACC
30396,MEMACC
20929,MEMACC
22068,MEMACC
32388,MEMACC
32490,MEMACC
3898,MEMACC
20576,L1HIT
17424,MEMACC
14357,MEMACC
17113,L1HIT
28575,MEMACC
20929,L1HIT
22068,MEMACC
9683,MEMACC
18270,MEMACC
26126,MEMACC
2604,MEMACC
15125,MEMACC
8176,L1HIT
8182,L1HIT
8193,L1HIT
8198,L1HIT
8204,L1HIT
8215,L1HIT
8219,L1HIT
8232,MEMACC
15439,MEMACC
8636,MEMACC
11322,MEMACC
12370,MEMACC
31376,MEMACC
19906,MEMACC
30889,MEMACC
31676,MEMACC
17378,MEMACC
7178,MEMACC
11625,MEMACC
18344,MEMACC
12370,L1HIT
31376,L1HIT
19906,MEMACC
17452,MEMACC
13146,MEMACC
28530,MEMACC
29243,MEMACC
19251,MEMACC
13146,L1HIT
28530,L1HIT
29243,L1HIT
19251,MEMACC
10592,MEMACC
30889,MEMACC
6076,MEMACC
25626,MEMACC
18985,MEMACC
12810,MEMACC
15766,MEMACC
31682,MEMACC
25639,MEMACC
17323,MEMACC
19365,MEMACC
16114,MEMACC
21712,MEMACC
26496,MEMACC
29943,MEMACC
27181,MEMACC
13767,MEMACC
17712,L1HIT
26465,MEMACC
10970,MEMACC
14511,MEMACC
31877,MEMACC
21799,MEMACC
19282,MEMACC
15928,L1HIT
8406,MEMACC
21799,MEMACC
19282,MEMACC
27940,MEMACC
32489,MEMACC
32501,MEMACC
32512,L1HIT
7943,MEMACC
7947,MEMACC
7959,MEMACC
7960,L1HIT
7967,L1HIT
25350,L1HIT
15996,MEMACC
22301,L1HIT
10886,MEMACC
2459,MEMACC
1351,MEMACC
22127,MEMACC
16975,MEMACC
18128,MEMACC
30375,L1HIT
27440,MEMACC
8805,MEMACC
4459,MEMACC
14462,MEMACC
11077,MEMACC
22748,L1HIT
30995,MEMACC
28848,L1HIT
19640,MEMACC
13578,MEMACC
11175,MEMACC
16439,MEMACC
13833,MEMACC
22940,MEMACC
21197,MEMACC
23444,MEMACC
2362,MEMACC
9408,L1HIT
13078,MEMACC
5187,MEMACC
6333,MEMACC
9847,L1HIT
4980,MEMACC
18911,MEMACC
10746,L1HIT
93,MEMACC
23392,MEMACC
8357,L1HIT
3099,MEMACC
19442,MEMACC
27640,MEMACC
27650,MEMACC
14217,L1HIT
13466,MEMACC
31598,MEMACC
2170,L1HIT
21118,MEMACC
29344,MEMACC
14875,MEMACC
2722,L1HIT
11947,MEMACC
6459,MEMACC
28909,MEMACC
10308,MEMACC
13709,MEMACC
20191,MEMACC
29430,MEMACC
3574,L1HIT
16743,MEMACC
20708,MEMACC
329,MEMACC
26225,MEMACC
1540,MEMACC
1540,MEMACC
1546,L1HIT
1565,L1HIT
21115,MEMACC
21131,MEMACC
21135,L1HIT
21153,MEMACC
21745,MEMACC
12086,MEMACC
31461,MEMACC
21991,MEMACC
9799,MEMACC
16859,MEMACC
2100,MEMACC
10531,MEMACC
25683,MEMACC
13004,MEMACC
4433,L1HIT
6907,MEMACC
23949,L1HIT
23869,MEMACC
11284,MEMACC
22808,MEMACC
24015,MEMACC
9446,MEMACC
23291,MEMACC
739,MEMACC
11396,MEMACC
11412,MEMACC
11417,L1HIT
11417,L1HIT
11430,MEMACC
11447,MEMACC
11458,MEMACC
19479,MEMACC
19642,MEMACC
9169,MEMACC
28280,MEMACC
29290,MEMACC
289,L1HIT
25833,MEMACC
12176,MEMACC
16285,MEMACC
14386,MEMACC
18692,L1HIT
25833,MEMACC
12176,MEMACC
16285,MEMACC
14386,MEMACC
18692,L1HIT
3869,MEMACC
3548,MEMACC
22691,MEMACC
10914,L1HIT
8976,MEMACC
28508,MEMACC
11387,MEMACC
9008,MEMACC
26522,MEMACC
32300,L1HIT
31105,L1HIT
24485,MEMACC
23238,MEMACC
6264,MEMACC
5091,L1HIT
10901,L1HIT
6363,L1HIT
8639,MEMACC
2081,L1HIT
27021,MEMACC
20661,MEMACC
17589,L1HIT
18825,MEMACC
18844,MEMACC
18854,MEMACC
6733,MEMACC
11229,MEMACC
29454,MEMACC
12938,MEMACC
21309,MEMACC
15874,MEMACC
16323,L1HIT
3965,MEMACC
6892,L1HIT
12938,MEMACC
21309,L1HIT
15874,L1HIT
16323,L1HIT
3965,L1HIT
6892,L1HIT
29791,MEMACC
29802,MEMACC
29806,L1HIT
29817,L1HIT
883,MEMACC
18316,MEMACC
825,MEMACC
3648,MEMACC
31535,MEMACC
29542,MEMACC
8252,L1HIT
3648,MEMACC
31535,MEMACC
29542,L1HIT
18234,MEMACC
20547,L1HIT
16624,MEMACC
19437,MEMACC
14685,MEMACC
13262,L1HIT
1419,L1HIT
4566,MEMACC
1419,L1HIT
4566,MEMACC
28810,MEMACC
20547,L1HIT
16624,L1HIT
568,MEMACC
552,L1HIT
24459,MEMACC
9740,MEMACC
17218,MEMACC
23215,MEMACC
552,L1HIT
24459,MEMACC
9740,L1HIT
17218,MEMACC
568,L1HIT
552,L1HIT
24459,MEMACC
6380,MEMACC
6267,MEMACC
9137,MEMACC
19326,L1HIT
6792,MEMACC
19326,L1HIT
6792,L1HIT
29280,MEMACC
5425,MEMACC
3337,MEMACC
17614,MEMACC
2004,MEMACC
28540,L1HIT
3740,MEMACC
9137,L1HIT
11725,MEMACC
26144,L1HIT
28113,L1HIT
24207,MEMACC
22862,MEMACC
12058,MEMACC
17776,L1HIT
14954,MEMACC
12097,MEMACC
5110,L1HIT
25884,MEMACC
5403,MEMACC
25700,L1HIT
18542,MEMACC
16245,MEMACC
8017,MEMACC
8155,MEMACC
9668,L1HIT
14531,MEMACC
10366,MEMACC
317,L1HIT
12653,MEMACC
32090,MEMACC
8521,MEMACC
4768,MEMACC
8322,L1HIT
22110,MEMACC
6139,L1HIT
27323,MEMACC
15923,L1HIT
22090,MEMACC
19319,L1HIT
31198,MEMACC
15958,MEMACC
6304,MEMACC
17494,MEMACC
9822,L1HIT
6885,L1HIT
20518,MEMACC
31890,MEMACC
28285,MEMACC
30056,L1HIT
524,MEMACC
13787,MEMACC
24288,MEMACC
1332,MEMACC
10504,MEMACC
24086,MEMACC
6004,MEMACC
20252,MEMACC
20140,MEMACC
19240,MEMACC
21442,L1HIT
21495,MEMACC
11140,MEMACC
13049,MEMACC
31223,MEMACC
13408,MEMACC
13825,L1HIT
6263,MEMACC
12086,MEMACC
12101,MEMACC
12101,L1HIT
12114,L1HIT
12130,L1HIT
12138,L1HIT
4567,MEMACC
6511,L1HIT
11073,L1HIT
1335,MEMACC
14763,MEMACC
7033,MEMACC
20392,MEMACC
22910,L1HIT
23533,MEMACC
25540,MEMACC
26630,MEMACC
23121,MEMACC
12103,L1HIT
18247,L1HIT
8708,MEMACC
23481,MEMACC
10501,MEMACC
28349,MEMACC
15668,MEMACC
29378,MEMACC
21796,MEMACC
32136,MEMACC
31742,MEMACC
11545,MEMACC
22080,L1HIT
11737,MEMACC
12801,L1HIT
10687,MEMACC
19734,MEMACC
12898,MEMACC
21475,MEMACC
22120,L1HIT
17009,L1HIT
11074,L1HIT
23489,MEMACC
7959,L1HIT
11104,MEMACC
9981,MEMACC
17724,L1HIT
7535,MEMACC
25852,MEMACC
25592,MEMACC
9020,L1HIT
12425,MEMACC
26292,L1HIT
6355,L1HIT
16091,MEMACC
21516,MEMACC
12629,MEMACC
14447,MEMACC
25592,L1HIT
9020,L1HIT
12425,L1HIT
10248,MEMACC
9020,L1HIT
12425,L1HIT
10248,MEMACC
18974,MEMACC
21738,L1HIT
26292,L1HIT
