12147,MEMACC
12164,MEMACC
12167,L1HIT
12179,L1HIT
12190,L1HIT
12200,MEMACC
24656,MEMACC
5026,MEMACC
8130,MEMACC
18288,MEMACC
6680,MEMACC
11839,MEMACC
22664,MEMACC
2978,MEMACC
12506,MEMACC
1588,MEMACC
13864,MEMACC
15998,MEMACC
9954,MEMACC
19739,MEMACC
31764,MEMACC
27673,MEMACC
32236,MEMACC
20387,MEMACC
375,MEMACC
29149,MEMACC
22032,MEMACC
5546,MEMACC
1799,MEMACC
3653,MEMACC
21689,MEMACC
13503,MEMACC
5416,MEMACC
14548,MEMACC
27784,MEMACC
3066,MEMACC
24740,MEMACC
12263,MEMACC
15230,MEMACC
20051,MEMACC
309,MEMACC
32255,L1HIT
32044,MEMACC
22774,MEMACC
10857,MEMACC
18451,MEMACC
10179,MEMACC
17440,MEMACC
10764,MEMACC
19941,MEMACC
6607,MEMACC
21263,MEMACC
25418,MEMACC
27770,MEMACC
1504,MEMACC
12608,MEMACC
21277,MEMACC
3548,MEMACC
7925,MEMACC
5776,MEMACC
17740,MEMACC
22788,MEMACC
10428,MEMACC
28975,MEMACC
3730,MEMACC
25978,MEMACC
28268,MEMACC
15247,MEMACC
28748,MEMACC
28749,L1HIT
28750,L1HIT
28768,MEMACC
28784,L1HIT
12273,MEMACC
8131,L1HIT
29413,MEMACC
19040,MEMACC
1926,MEMACC
12039,MEMACC
26954,MEMACC
13052,MEMACC
9911,MEMACC
20776,MEMACC
19230,MEMACC
29036,MEMACC
4229,MEMACC
18997,MEMACC
28133,MEMACC
80,MEMACC
21910,MEMACC
30976,MEMACC
14343,MEMACC
4686,MEMACC
13729,MEMACC
29519,MEMACC
30862,MEMACC
18248,MEMACC
16369,MEMACC
12142,L1HIT
6461,MEMACC
2026,MEMACC
15888,MEMACC
13430,MEMACC
30219,MEMACC
12493,L1HIT
19168,MEMACC
1375,MEMACC
17068,MEMACC
29770,MEMACC
5256,MEMACC
29318,MEMACC
2906,MEMACC
16735,MEMACC
24610,MEMACC
29238,MEMACC
15401,MEMACC
27474,MEMACC
11823,L1HIT
7756,MEMACC
17644,MEMACC
11494,MEMACC
6905,MEMACC
21638,MEMACC
31015,MEMACC
10027,MEMACC
8430,MEMACC
6623,L1HIT
6905,L1HIT
21638,MEMACC
31015,L1HIT
21638,MEMACC
31015,L1HIT
10027,MEMACC
8430,L1HIT
6623,L1HIT
20675,MEMACC
2292,MEMACC
17066,L1HIT
21144,MEMACC
15200,L1HIT
32681,MEMACC
6617,L1HIT
20675,L1HIT
2292,MEMACC
17066,L1HIT
21144,L1HIT
1645,MEMACC
24886,MEMACC
22138,MEMACC
29220,L1HIT
5110,MEMACC
21094,MEMACC
5472,MEMACC
12308,MEMACC
14907,MEMACC
11383,MEMACC
8375,MEMACC
24267,MEMACC
24205,MEMACC
29763,MEMACC
16683,MEMACC
4430,MEMACC
22801,MEMACC
22553,MEMACC
21627,MEMACC
14421,MEMACC
27706,MEMACC
28154,L1HIT
18124,MEMACC
4711,MEMACC
14173,MEMACC
18191,MEMACC
9811,MEMACC
3111,MEMACC
3883,MEMACC
32694,MEMACC
31678,MEMACC
21238,MEMACC
17603,MEMACC
12029,MEMACC
15254,L1HIT
19612,MEMACC
8504,MEMACC
17288,MEMACC
3734,L1HIT
21687,MEMACC
12004,L1HIT
30781,MEMACC
32585,MEMACC
8047,MEMACC
12134,L1HIT
1105,MEMACC
10234,MEMACC
26101,MEMACC
26514,MEMACC
19193,L1HIT
15335,MEMACC
25480,MEMACC
15335,MEMACC
25480,L1HIT
28683,MEMACC
13325,MEMACC
1583,L1HIT
5432,MEMACC
26048,MEMACC
32729,MEMACC
8452,MEMACC
12004,L1HIT
30781,L1HIT
12134,L1HIT
1105,L1HIT
10234,L1HIT
26101,L1HIT
26514,MEMACC
19193,L1HIT
15335,MEMACC
7348,MEMACC
21169,MEMACC
21711,MEMACC
23647,MEMACC
1426,MEMACC
23647,MEMACC
1426,MEMACC
14099,MEMACC
23923,MEMACC
23647,MEMACC
1426,MEMACC
14099,L1HIT
23923,MEMACC
16141,MEMACC
5080,MEMACC
29714,MEMACC
25420,MEMACC
7323,MEMACC
6548,MEMACC
7007,MEMACC
24481,MEMACC
4462,MEMACC
25651,MEMACC
7114,MEMACC
29214,MEMACC
7894,MEMACC
26062,MEMACC
15788,MEMACC
31576,MEMACC
5587,MEMACC
15805,L1HIT
32115,MEMACC
5023,MEMACC
3541,L1HIT
5587,L1HIT
15805,L1HIT
32115,MEMACC
3541,L1HIT
5587,L1HIT
15805,L1HIT
32115,MEMACC
5023,MEMACC
6843,MEMACC
4663,MEMACC
1868,MEMACC
8781,MEMACC
3820,MEMACC
11323,MEMACC
18897,MEMACC
29877,MEMACC
16413,MEMACC
32215,MEMACC
3967,MEMACC
4132,MEMACC
9182,MEMACC
25940,MEMACC
26699,MEMACC
16805,MEMACC
18566,MEMACC
8570,MEMACC
27588,MEMACC
27208,MEMACC
3247,MEMACC
8882,MEMACC
4783,MEMACC
30195,MEMACC
20584,MEMACC
1661,MEMACC
21471,MEMACC
12722,MEMACC
14316,MEMACC
24302,MEMACC
16154,L1HIT
6404,MEMACC
24616,L1HIT
25679,MEMACC
22276,MEMACC
5575,L1HIT
9963,MEMACC
1595,L1HIT
2002,MEMACC
2778,MEMACC
17157,MEMACC
22264,MEMACC
17166,MEMACC
11023,MEMACC
23256,MEMACC
29956,MEMACC
25324,MEMACC
14364,L1HIT
23293,MEMACC
21786,MEMACC
12411,MEMACC
15543,MEMACC
1381,MEMACC
29019,MEMACC
2440,MEMACC
29406,MEMACC
11019,L1HIT
29896,MEMACC
17836,MEMACC
29896,L1HIT
17836,L1HIT
13532,MEMACC
16271,MEMACC
15510,MEMACC
25324,MEMACC
14364,L1HIT
2440,L1HIT
29406,MEMACC
11019,L1HIT
29896,L1HIT
17836,L1HIT
1388,MEMACC
16042,MEMACC
28823,MEMACC
25762,MEMACC
6752,MEMACC
27720,MEMACC
243,MEMACC
15115,MEMACC
31512,MEMACC
16042,MEMACC
28823,L1HIT
25762,MEMACC
32274,MEMACC
12488,L1HIT
22990,MEMACC
31024,L1HIT
16306,MEMACC
31044,MEMACC
32274,L1HIT
12488,L1HIT
22990,L1HIT
31024,L1HIT
24872,L1HIT
24890,L1HIT
24891,L1HIT
24905,MEMACC
24921,MEMACC
12006,L1HIT
31503,MEMACC
6161,MEMACC
4992,MEMACC
29248,MEMACC
24596,MEMACC
1214,MEMACC
23118,MEMACC
8002,MEMACC
23294,MEMACC
25512,MEMACC
29590,MEMACC
8002,MEMACC
23294,MEMACC
25512,MEMACC
29590,MEMACC
750,MEMACC
12109,MEMACC
10648,MEMACC
9061,MEMACC
16544,MEMACC
30547,MEMACC
22206,MEMACC
14368,MEMACC
25868,MEMACC
31400,MEMACC
25889,MEMACC
18866,MEMACC
24121,MEMACC
17520,MEMACC
28628,MEMACC
29678,MEMACC
17894,MEMACC
4983,MEMACC
8900,MEMACC
2465,MEMACC
16452,MEMACC
29322,L1HIT
19488,MEMACC
8032,MEMACC
924,MEMACC
12071,MEMACC
12905,MEMACC
9398,MEMACC
7683,MEMACC
31987,MEMACC
4257,MEMACC
27576,MEMACC
12167,L1HIT
27751,MEMACC
24083,MEMACC
11246,MEMACC
21583,MEMACC
25411,MEMACC
22642,MEMACC
32002,MEMACC
12714,MEMACC
15960,MEMACC
14360,L1HIT
30495,MEMACC
9756,MEMACC
32074,MEMACC
3796,MEMACC
30596,MEMACC
14243,MEMACC
11150,MEMACC
20114,MEMACC
11784,MEMACC
6804,MEMACC
9892,L1HIT
14797,MEMACC
26688,MEMACC
30338,MEMACC
25351,MEMACC
27782,L1HIT
14265,L1HIT
1127,MEMACC
16644,MEMACC
25298,MEMACC
25746,MEMACC
26492,MEMACC
10359,MEMACC
15580,MEMACC
32519,MEMACC
10396,MEMACC
20445,MEMACC
26814,MEMACC
12194,L1HIT
21214,MEMACC
6518,MEMACC
30903,MEMACC
22418,MEMACC
30185,MEMACC
24364,MEMACC
19194,L1HIT
9115,MEMACC
27034,MEMACC
9404,MEMACC
15508,L1HIT
15513,L1HIT
15526,L1HIT
15538,L1HIT
15551,L1HIT
15561,L1HIT
15579,L1HIT
11459,MEMACC
11470,MEMACC
11479,L1HIT
11488,MEMACC
22103,MEMACC
7328,L1HIT
4745,MEMACC
29781,MEMACC
32413,MEMACC
653,MEMACC
10534,MEMACC
17801,MEMACC
22162,MEMACC
6730,MEMACC
27135,MEMACC
3073,MEMACC
20560,MEMACC
14279,MEMACC
8576,MEMACC
6286,MEMACC
27703,MEMACC
20311,MEMACC
24475,MEMACC
15270,MEMACC
30771,L1HIT
30779,L1HIT
30784,MEMACC
2511,MEMACC
2511,MEMACC
8734,MEMACC
11143,MEMACC
19138,MEMACC
1290,MEMACC
21200,L1HIT
9375,MEMACC
26613,MEMACC
21510,MEMACC
17802,L1HIT
27139,MEMACC
15896,L1HIT
16387,L1HIT
32284,L1HIT
11011,L1HIT
27655,MEMACC
31662,L1HIT
18825,MEMACC
18885,MEMACC
31247,MEMACC
3780,MEMACC
30899,L1HIT
30275,MEMACC
10308,MEMACC
36,MEMACC
24064,MEMACC
16469,MEMACC
16889,MEMACC
460,MEMACC
11783,MEMACC
3078,MEMACC
32697,L1HIT
28426,MEMACC
1523,L1HIT
15333,MEMACC
11727,MEMACC
14602,MEMACC
26353,MEMACC
30196,MEMACC
29782,L1HIT
16908,MEMACC
14925,MEMACC
2764,L1HIT
11714,MEMACC
25893,MEMACC
18626,MEMACC
17950,MEMACC
10300,MEMACC
14085,L1HIT
14098,L1HIT
14116,MEMACC
14119,L1HIT
14119,L1HIT
12282,MEMACC
4293,MEMACC
30912,MEMACC
15465,MEMACC
20584,L1HIT
19585,L1HIT
4865,MEMACC
10428,MEMACC
27095,MEMACC
27114,L1HIT
583,MEMACC
26473,L1HIT
9937,MEMACC
14560,MEMACC
28271,MEMACC
48,MEMACC
30245,MEMACC
4008,MEMACC
22746,MEMACC
16505,MEMACC
3433,MEMACC
29420,L1HIT
17867,MEMACC
17258,MEMACC
27822,MEMACC
1166,MEMACC
6229,MEMACC
1740,MEMACC
26087,L1HIT
25261,MEMACC
21864,MEMACC
21610,MEMACC
8680,MEMACC
30137,MEMACC
27130,L1HIT
18919,MEMACC
15464,MEMACC
20519,MEMACC
23845,MEMACC
4138,L1HIT
21743,MEMACC
10918,MEMACC
2525,MEMACC
14649,MEMACC
28175,MEMACC
11615,MEMACC
4591,MEMACC
2029,L1HIT
21254,MEMACC
6614,L1HIT
18962,MEMACC
743,L1HIT
24409,MEMACC
2228,MEMACC
31038,L1HIT
22994,L1HIT
30994,MEMACC
4422,L1HIT
31276,MEMACC
3646,MEMACC
29695,MEMACC
14812,L1HIT
26143,MEMACC
30824,MEMACC
21748,MEMACC
17936,MEMACC
28236,MEMACC
22827,MEMACC
1630,MEMACC
27598,MEMACC
3329,MEMACC
31390,MEMACC
25372,L1HIT
26082,L1HIT
9310,MEMACC
10461,MEMACC
14639,L1HIT
7002,MEMACC
17638,MEMACC
29064,MEMACC
28168,L1HIT
28182,L1HIT
28191,L1HIT
28200,MEMACC
7975,MEMACC
7989,L1HIT
7991,L1HIT
8000,MEMACC
13859,MEMACC
13877,MEMACC
5866,MEMACC
22153,L1HIT
28663,MEMACC
14575,MEMACC
1001,MEMACC
1007,MEMACC
1019,L1HIT
16807,L1HIT
30259,MEMACC
15495,L1HIT
28775,L1HIT
19490,L1HIT
11,MEMACC
7853,MEMACC
19360,MEMACC
19000,L1HIT
12888,MEMACC
1330,MEMACC
26816,MEMACC
18480,MEMACC
18594,MEMACC
15594,MEMACC
22570,MEMACC
7814,MEMACC
19527,MEMACC
28442,L1HIT
2644,MEMACC
9604,MEMACC
19040,MEMACC
4917,MEMACC
3854,MEMACC
25780,MEMACC
13585,MEMACC
8125,MEMACC
3358,L1HIT
11233,L1HIT
23650,MEMACC
16444,MEMACC
22390,MEMACC
8161,MEMACC
4263,L1HIT
23327,MEMACC
25431,L1HIT
13827,MEMACC
11937,MEMACC
22557,MEMACC
9020,MEMACC
10631,MEMACC
10402,MEMACC
292,L1HIT
7537,MEMACC
30481,L1HIT
30419,MEMACC
1175,MEMACC
3720,L1HIT
22761,MEMACC
29950,MEMACC
8227,MEMACC
21708,MEMACC
25658,MEMACC
26413,MEMACC
1248,MEMACC
19204,L1HIT
26279,MEMACC
19741,L1HIT
7528,L1HIT
1462,MEMACC
5606,MEMACC
28478,MEMACC
687,MEMACC
23132,MEMACC
15205,L1HIT
28413,MEMACC
24661,MEMACC
16862,MEMACC
26221,MEMACC
30842,L1HIT
20504,MEMACC
20169,MEMACC
10383,L1HIT
24888,L1HIT
26543,MEMACC
29993,MEMACC
5756,MEMACC
16865,MEMACC
8975,MEMACC
28939,MEMACC
3009,MEMACC
4668,L1HIT
31175,MEMACC
20220,MEMACC
30842,L1HIT
20504,L1HIT
29993,MEMACC
5756,MEMACC
23980,MEMACC
16734,L1HIT
23233,L1HIT
4828,MEMACC
19236,MEMACC
16865,MEMACC
28939,L1HIT
3009,L1HIT
4668,L1HIT
17796,L1HIT
8389,MEMACC
22253,MEMACC
21128,L1HIT
20879,MEMACC
6204,MEMACC
2896,MEMACC
12393,MEMACC
12307,L1HIT
8571,MEMACC
17796,L1HIT
8389,MEMACC
22253,L1HIT
21128,L1HIT
20879,MEMACC
6204,L1HIT
2896,MEMACC
12393,MEMACC
17796,L1HIT
8389,MEMACC
22253,L1HIT
21128,L1HIT
20879,MEMACC
6204,L1HIT
18381,MEMACC
3122,MEMACC
10119,MEMACC
23558,MEMACC
14267,L1HIT
25235,MEMACC
23083,MEMACC
28873,MEMACC
20834,MEMACC
6305,MEMACC
21317,MEMACC
29778,L1HIT
10731,MEMACC
28104,MEMACC
22190,MEMACC
6738,MEMACC
27522,MEMACC
32411,MEMACC
3718,L1HIT
20187,MEMACC
32590,MEMACC
6575,MEMACC
14566,L1HIT
29348,MEMACC
1597,L1HIT
10832,MEMACC
19661,MEMACC
27,L1HIT
26211,L1HIT
13394,MEMACC
28369,MEMACC
25467,MEMACC
6627,MEMACC
11238,L1HIT
9621,MEMACC
20869,MEMACC
15491,L1HIT
21501,MEMACC
23713,MEMACC
11005,MEMACC
7375,MEMACC
7394,MEMACC
26603,L1HIT
6389,MEMACC
11464,L1HIT
16843,L1HIT
20191,MEMACC
28775,L1HIT
28442,L1HIT
17727,MEMACC
14692,MEMACC
791,MEMACC
22104,L1HIT
26603,L1HIT
28963,L1HIT
30304,MEMACC
6644,L1HIT
23247,L1HIT
21660,MEMACC
28775,L1HIT
28442,L1HIT
19807,MEMACC
7298,MEMACC
1175,L1HIT
3743,L1HIT
11008,L1HIT
2005,MEMACC
29373,L1HIT
27145,L1HIT
24703,MEMACC
4103,MEMACC
23299,MEMACC
31009,L1HIT
21469,L1HIT
22553,MEMACC
28021,MEMACC
2370,MEMACC
16975,MEMACC
13281,MEMACC
12687,MEMACC
6873,MEMACC
24712,MEMACC
708,MEMACC
16876,MEMACC
1088,L1HIT
3338,L1HIT
23802,MEMACC
22160,L1HIT
20140,MEMACC
12985,MEMACC
30987,L1HIT
30065,MEMACC
15108,MEMACC
15802,L1HIT
14662,MEMACC
20558,L1HIT
11776,MEMACC
1413,MEMACC
26092,L1HIT
20090,MEMACC
3724,L1HIT
14772,MEMACC
32092,L1HIT
14920,MEMACC
17671,MEMACC
15943,L1HIT
20720,MEMACC
18952,L1HIT
8403,MEMACC
30916,L1HIT
13380,L1HIT
9813,MEMACC
8854,MEMACC
26173,MEMACC
27132,L1HIT
27626,MEMACC
14830,MEMACC
18489,L1HIT
15566,L1HIT
8248,L1HIT
9420,MEMACC
24415,L1HIT
21393,MEMACC
30766,L1HIT
15876,L1HIT
15311,MEMACC
31182,L1HIT
31485,MEMACC
31003,L1HIT
12775,MEMACC
6639,L1HIT
6652,L1HIT
6655,L1HIT
6671,MEMACC
14942,MEMACC
14951,MEMACC
11823,L1HIT
10996,MEMACC
4738,MEMACC
238,MEMACC
29313,L1HIT
5051,MEMACC
27039,L1HIT
18646,L1HIT
27176,MEMACC
8728,MEMACC
12635,MEMACC
29784,L1HIT
9126,MEMACC
11116,MEMACC
23044,MEMACC
6611,L1HIT
15000,MEMACC
20081,MEMACC
32754,MEMACC
12797,L1HIT
32566,MEMACC
7757,L1HIT
6522,MEMACC
31444,MEMACC
23663,L1HIT
617,MEMACC
5700,MEMACC
5705,L1HIT
24775,MEMACC
16992,MEMACC
22212,MEMACC
22223,L1HIT
22239,L1HIT
10317,L1HIT
10322,L1HIT
10337,L1HIT
5025,L1HIT
18893,L1HIT
3876,L1HIT
15841,MEMACC
7404,MEMACC
15480,MEMACC
21716,MEMACC
21534,MEMACC
14132,L1HIT
22200,L1HIT
5808,MEMACC
5025,L1HIT
18893,L1HIT
3876,L1HIT
15585,L1HIT
15599,L1HIT
15602,L1HIT
15605,L1HIT
18681,MEMACC
18697,MEMACC
18711,MEMACC
19750,MEMACC
19764,MEMACC
19779,MEMACC
18816,L1HIT
14964,MEMACC
23679,L1HIT
11351,MEMACC
30289,MEMACC
5906,MEMACC
12534,MEMACC
32369,MEMACC
12617,L1HIT
17339,MEMACC
26055,L1HIT
5901,MEMACC
32392,L1HIT
6298,L1HIT
28235,L1HIT
26554,MEMACC
6859,L1HIT
16538,MEMACC
3904,MEMACC
25314,MEMACC
14376,L1HIT
19348,MEMACC
3143,MEMACC
17975,MEMACC
18157,MEMACC
6454,MEMACC
6007,MEMACC
20867,MEMACC
29055,MEMACC
29059,MEMACC
29066,L1HIT
29075,L1HIT
11956,L1HIT
16931,MEMACC
31383,L1HIT
29459,MEMACC
27077,MEMACC
20835,L1HIT
11918,MEMACC
10605,MEMACC
15564,L1HIT
30597,MEMACC
10762,L1HIT
26938,MEMACC
22764,MEMACC
985,MEMACC
29643,MEMACC
5171,MEMACC
31391,L1HIT
19360,MEMACC
26658,MEMACC
11844,MEMACC
31815,MEMACC
6998,L1HIT
24774,MEMACC
30051,L1HIT
10834,MEMACC
19998,MEMACC
32205,L1HIT
6940,MEMACC
12999,MEMACC
10529,L1HIT
9479,MEMACC
17220,MEMACC
11786,L1HIT
22101,L1HIT
29254,MEMACC
489,MEMACC
24690,MEMACC
5181,L1HIT
21385,MEMACC
3154,L1HIT
28599,MEMACC
17866,L1HIT
13511,L1HIT
16123,MEMACC
5343,MEMACC
1346,MEMACC
25451,MEMACC
15257,L1HIT
12375,MEMACC
28524,MEMACC
25473,L1HIT
12201,L1HIT
6679,MEMACC
6692,MEMACC
6703,MEMACC
28492,MEMACC
28508,MEMACC
28516,L1HIT
28533,L1HIT
28534,L1HIT
28538,L1HIT
28545,MEMACC
6765,MEMACC
6776,MEMACC
6790,MEMACC
6792,MEMACC
6798,MEMACC
15236,L1HIT
8925,L1HIT
29250,L1HIT
16068,MEMACC
16305,L1HIT
19832,MEMACC
16607,MEMACC
31988,L1HIT
339,MEMACC
4017,L1HIT
1755,L1HIT
26242,MEMACC
19083,MEMACC
25020,MEMACC
17154,L1HIT
23963,MEMACC
25583,MEMACC
19937,MEMACC
14036,MEMACC
15552,L1HIT
12538,L1HIT
11014,L1HIT
16199,MEMACC
7386,L1HIT
19191,L1HIT
1022,L1HIT
14808,L1HIT
5713,L1HIT
8026,MEMACC
9819,L1HIT
8945,MEMACC
23765,MEMACC
9659,MEMACC
11115,L1HIT
27491,MEMACC
23744,MEMACC
19013,MEMACC
26035,MEMACC
9939,L1HIT
23521,MEMACC
11518,MEMACC
5732,MEMACC
26942,L1HIT
17843,L1HIT
1422,L1HIT
27765,MEMACC
29403,MEMACC
18848,MEMACC
25454,MEMACC
18848,L1HIT
25454,L1HIT
31327,MEMACC
