21711,MEMACC
29692,MEMACC
2328,MEMACC
11347,MEMACC
8456,MEMACC
7375,MEMACC
10489,MEMACC
19880,MEMACC
23411,MEMACC
26823,MEMACC
12316,MEMACC
10217,MEMACC
8938,MEMACC
10119,MEMACC
31802,MEMACC
19819,MEMACC
7331,L1HIT
6338,MEMACC
12497,L1HIT
32338,MEMACC
19271,MEMACC
22858,MEMACC
31326,MEMACC
20845,MEMACC
32650,MEMACC
27762,MEMACC
3040,MEMACC
20139,MEMACC
9685,MEMACC
28390,MEMACC
7241,L1HIT
16785,MEMACC
7969,MEMACC
13055,MEMACC
27060,MEMACC
12198,MEMACC
13812,MEMACC
17500,MEMACC
31551,MEMACC
3840,MEMACC
3846,MEMACC
7726,MEMACC
28531,MEMACC
12553,MEMACC
8527,L1HIT
9272,MEMACC
9506,MEMACC
12335,L1HIT
18332,MEMACC
23728,MEMACC
20787,L1HIT
19857,L1HIT
19647,MEMACC
16162,MEMACC
13699,MEMACC
4507,MEMACC
9476,L1HIT
24957,MEMACC
5134,MEMACC
19083,MEMACC
15889,MEMACC
12904,L1HIT
31085,MEMACC
764,MEMACC
25836,MEMACC
25625,MEMACC
3728,MEMACC
14430,MEMACC
30608,MEMACC
24924,MEMACC
6557,MEMACC
3832,MEMACC
19042,L1HIT
2012,MEMACC
14249,MEMACC
1797,MEMACC
30182,MEMACC
18534,MEMACC
12918,L1HIT
9127,MEMACC
17535,MEMACC
17544,L1HIT
17562,L1HIT
17578,L1HIT
17584,L1HIT
31304,MEMACC
10038,L1HIT
9725,L1HIT
20313,MEMACC
17768,MEMACC
31457,MEMACC
21738,MEMACC
17600,L1HIT
24469,MEMACC
28229,MEMACC
31702,MEMACC
24802,MEMACC
31575,L1HIT
32050,MEMACC
21027,MEMACC
23354,MEMACC
30988,MEMACC
24560,L1HIT
20298,MEMACC
19449,L1HIT
10167,L1HIT
11092,MEMACC
12419,L1HIT
25574,MEMACC
11063,MEMACC
12129,L1HIT
16368,L1HIT
9065,MEMACC
17170,MEMACC
22052,MEMACC
3980,L1HIT
10908,MEMACC
22109,MEMACC
15460,MEMACC
1879,MEMACC
11903,MEMACC
14114,L1HIT
24957,MEMACC
9861,MEMACC
21735,MEMACC
14301,L1HIT
14316,L1HIT
14318,L1HIT
14323,L1HIT
14339,L1HIT
14339,L1HIT
14351,L1HIT
14355,L1HIT
12254,L1HIT
23333,MEMACC
23333,MEMACC
9880,MEMACC
10685,MEMACC
21820,MEMACC
10685,MEMACC
7490,MEMACC
11377,L1HIT
4899,MEMACC
29798,MEMACC
30512,MEMACC
5640,MEMACC
26717,L1HIT
20591,MEMACC
29984,MEMACC
135,MEMACC
14868,MEMACC
30489,MEMACC
15471,MEMACC
578,L1HIT
21328,MEMACC
2852,L1HIT
21259,MEMACC
15323,MEMACC
705,L1HIT
16818,MEMACC
4149,MEMACC
32663,L1HIT
30170,L1HIT
17613,L1HIT
1841,MEMACC
13765,MEMACC
32161,MEMACC
28103,MEMACC
13765,L1HIT
32161,MEMACC
8248,MEMACC
4806,MEMACC
29558,L1HIT
27017,L1HIT
19340,L1HIT
25725,MEMACC
10167,L1HIT
3948,L1HIT
24806,MEMACC
31721,L1HIT
20191,L1HIT
5969,MEMACC
32747,L1HIT
5242,MEMACC
32103,MEMACC
777,MEMACC
25001,MEMACC
27325,MEMACC
32747,L1HIT
5242,L1HIT
32747,L1HIT
5242,L1HIT
32103,MEMACC
22933,MEMACC
24130,MEMACC
7195,L1HIT
25911,MEMACC
13829,MEMACC
30009,L1HIT
26986,L1HIT
7813,MEMACC
15956,L1HIT
5531,MEMACC
21653,MEMACC
13653,L1HIT
10756,MEMACC
31330,MEMACC
12782,MEMACC
3227,MEMACC
15882,L1HIT
3987,L1HIT
29614,L1HIT
24944,MEMACC
8514,L1HIT
15354,L1HIT
2038,L1HIT
27634,MEMACC
28080,MEMACC
4773,MEMACC
9665,L1HIT
23497,MEMACC
23513,L1HIT
23519,L1HIT
23537,L1HIT
23554,L1HIT
23559,L1HIT
12799,MEMACC
26659,L1HIT
9084,L1HIT
22359,MEMACC
14338,L1HIT
26396,MEMACC
14648,MEMACC
29772,MEMACC
24958,MEMACC
8755,MEMACC
2742,MEMACC
5872,MEMACC
29190,MEMACC
4064,L1HIT
4067,L1HIT
6746,MEMACC
13934,L1HIT
17565,L1HIT
27140,L1HIT
23302,L1HIT
10256,L1HIT
1415,MEMACC
4132,L1HIT
9033,L1HIT
13023,L1HIT
3475,MEMACC
27655,MEMACC
11768,MEMACC
17036,MEMACC
20577,L1HIT
711,L1HIT
19970,L1HIT
19096,L1HIT
2023,L1HIT
30879,MEMACC
28624,MEMACC
7087,MEMACC
4927,L1HIT
30335,MEMACC
23759,L1HIT
27555,MEMACC
32711,L1HIT
26043,L1HIT
4075,L1HIT
4092,L1HIT
4109,L1HIT
4119,L1HIT
4136,L1HIT
4136,L1HIT
30490,MEMACC
7196,L1HIT
7980,L1HIT
6879,L1HIT
1455,MEMACC
3801,MEMACC
31393,MEMACC
6879,L1HIT
1455,L1HIT
1734,MEMACC
22995,L1HIT
9846,L1HIT
24849,L1HIT
21217,MEMACC
28394,L1HIT
16222,L1HIT
14106,L1HIT
20527,L1HIT
26514,MEMACC
1892,L1HIT
24072,MEMACC
6694,L1HIT
25565,MEMACC
18363,MEMACC
2275,MEMACC
1734,MEMACC
9846,L1HIT
24849,L1HIT
10104,L1HIT
10114,L1HIT
10123,L1HIT
10135,L1HIT
10142,L1HIT
32211,MEMACC
32226,MEMACC
32227,L1HIT
32240,L1HIT
32251,L1HIT
7969,L1HIT
11201,MEMACC
7689,MEMACC
5367,L1HIT
6513,L1HIT
7448,L1HIT
27859,MEMACC
7307,L1HIT
7035,MEMACC
12768,MEMACC
4614,MEMACC
5367,L1HIT
7689,MEMACC
5367,L1HIT
6513,L1HIT
4656,MEMACC
4663,L1HIT
4665,L1HIT
4669,L1HIT
4686,L1HIT
23910,MEMACC
1260,MEMACC
893,MEMACC
30428,L1HIT
2603,L1HIT
31473,MEMACC
6014,MEMACC
2376,MEMACC
4903,L1HIT
27306,L1HIT
19672,L1HIT
12816,L1HIT
25072,L1HIT
28518,MEMACC
9818,L1HIT
32656,L1HIT
5298,L1HIT
7595,L1HIT
2474,L1HIT
6549,L1HIT
19824,L1HIT
15677,MEMACC
2008,L1HIT
1380,L1HIT
20722,L1HIT
22447,MEMACC
24184,MEMACC
29405,L1HIT
28124,MEMACC
7120,MEMACC
4260,L1HIT
12046,L1HIT
27532,L1HIT
12695,L1HIT
28939,MEMACC
26657,L1HIT
12936,L1HIT
10651,MEMACC
2689,L1HIT
5494,L1HIT
4726,L1HIT
18803,MEMACC
8864,MEMACC
19986,L1HIT
21898,MEMACC
29565,L1HIT
24546,L1HIT
18166,MEMACC
9446,L1HIT
24807,L1HIT
4771,L1HIT
23530,L1HIT
16678,L1HIT
32282,MEMACC
502,MEMACC
21714,MEMACC
31224,L1HIT
15799,L1HIT
4752,L1HIT
248,MEMACC
1545,MEMACC
24788,L1HIT
2871,L1HIT
16989,MEMACC
25690,L1HIT
21830,L1HIT
21845,L1HIT
21854,L1HIT
21873,L1HIT
21880,L1HIT
21888,L1HIT
24789,L1HIT
25856,L1HIT
18333,MEMACC
15242,L1HIT
14624,L1HIT
15901,L1HIT
11768,L1HIT
7142,MEMACC
19105,L1HIT
3849,L1HIT
15901,L1HIT
11768,L1HIT
23997,MEMACC
28643,L1HIT
1980,L1HIT
22889,L1HIT
9804,L1HIT
9537,L1HIT
23820,MEMACC
20607,L1HIT
3550,L1HIT
20872,L1HIT
30468,L1HIT
29515,L1HIT
10884,MEMACC
17556,L1HIT
32554,L1HIT
12592,L1HIT
4812,L1HIT
13905,L1HIT
16849,L1HIT
13876,L1HIT
14324,L1HIT
12032,L1HIT
32326,L1HIT
22770,MEMACC
28599,L1HIT
4933,L1HIT
11033,MEMACC
11886,L1HIT
10974,MEMACC
31618,L1HIT
23021,L1HIT
8259,L1HIT
3251,L1HIT
6689,L1HIT
24261,L1HIT
10497,MEMACC
5063,L1HIT
22334,L1HIT
32652,L1HIT
17133,MEMACC
14718,L1HIT
3174,L1HIT
8001,L1HIT
3584,L1HIT
16667,L1HIT
16683,L1HIT
3029,L1HIT
7930,MEMACC
25948,L1HIT
18427,MEMACC
25750,L1HIT
14807,L1HIT
26023,L1HIT
3949,L1HIT
9482,L1HIT
2242,MEMACC
32635,L1HIT
27134,L1HIT
26900,L1HIT
19383,L1HIT
24502,L1HIT
16498,MEMACC
23722,L1HIT
29543,L1HIT
2440,L1HIT
9349,L1HIT
9654,L1HIT
32504,L1HIT
15716,L1HIT
9662,L1HIT
4668,L1HIT
14685,L1HIT
1074,MEMACC
14349,L1HIT
5829,L1HIT
29158,L1HIT
20612,L1HIT
1165,MEMACC
13265,MEMACC
14867,MEMACC
13541,MEMACC
20250,MEMACC
20756,L1HIT
25658,L1HIT
11090,MEMACC
7843,MEMACC
30353,L1HIT
19142,L1HIT
8639,L1HIT
1221,L1HIT
13602,L1HIT
31012,L1HIT
1221,L1HIT
13602,L1HIT
31012,L1HIT
14968,L1HIT
18484,L1HIT
21026,L1HIT
2972,L1HIT
16871,L1HIT
23124,MEMACC
21704,MEMACC
10978,MEMACC
4713,L1HIT
30775,L1HIT
8029,L1HIT
28316,L1HIT
1635,MEMACC
19435,L1HIT
14905,L1HIT
4095,L1HIT
27061,L1HIT
4457,MEMACC
23057,L1HIT
19044,L1HIT
15239,L1HIT
29196,L1HIT
11293,L1HIT
23747,L1HIT
10003,L1HIT
3227,L1HIT
12626,L1HIT
20120,L1HIT
11298,L1HIT
19786,L1HIT
24001,MEMACC
248,L1HIT
449,MEMACC
3056,L1HIT
10241,L1HIT
12571,L1HIT
32732,L1HIT
6356,MEMACC
25504,L1HIT
22522,L1HIT
14402,L1HIT
27972,MEMACC
30032,L1HIT
23166,L1HIT
29764,MEMACC
7008,L1HIT
1077,L1HIT
22483,L1HIT
1535,L1HIT
26918,L1HIT
26918,L1HIT
12817,L1HIT
3429,L1HIT
8140,L1HIT
10798,MEMACC
13461,L1HIT
23372,L1HIT
8761,MEMACC
14979,L1HIT
5625,L1HIT
8122,L1HIT
26999,L1HIT
24833,L1HIT
18046,MEMACC
32038,L1HIT
21240,L1HIT
32520,L1HIT
21336,MEMACC
18008,MEMACC
22912,L1HIT
19873,L1HIT
23266,L1HIT
4486,MEMACC
29158,L1HIT
32076,L1HIT
20108,L1HIT
152,L1HIT
6739,L1HIT
24416,L1HIT
21301,L1HIT
4204,L1HIT
9818,L1HIT
21337,L1HIT
9640,L1HIT
25283,MEMACC
21007,L1HIT
29279,L1HIT
14217,L1HIT
17800,MEMACC
7657,L1HIT
6475,L1HIT
5693,L1HIT
21555,L1HIT
7252,L1HIT
1243,L1HIT
30658,L1HIT
2433,L1HIT
2247,MEMACC
15560,MEMACC
29202,L1HIT
9102,L1HIT
15160,L1HIT
8949,L1HIT
8965,L1HIT
8981,L1HIT
8991,L1HIT
29808,MEMACC
29810,L1HIT
29828,L1HIT
29833,L1HIT
18096,MEMACC
18111,L1HIT
18121,L1HIT
3475,L1HIT
3481,L1HIT
3486,L1HIT
3396,L1HIT
1135,L1HIT
1280,L1HIT
7492,L1HIT
17554,L1HIT
2548,L1HIT
2555,L1HIT
2562,L1HIT
2580,L1HIT
28111,L1HIT
15969,L1HIT
20845,L1HIT
24679,L1HIT
20992,L1HIT
20484,L1HIT
28005,L1HIT
26006,L1HIT
1935,L1HIT
1935,L1HIT
12859,L1HIT
13606,L1HIT
16277,L1HIT
6516,L1HIT
31623,L1HIT
5117,L1HIT
21456,L1HIT
28111,L1HIT
15969,L1HIT
28005,L1HIT
26006,L1HIT
1935,L1HIT
12859,L1HIT
13606,L1HIT
16277,L1HIT
6516,L1HIT
31946,MEMACC
28626,L1HIT
28626,L1HIT
28641,L1HIT
8992,L1HIT
9011,L1HIT
9028,L1HIT
19867,L1HIT
19874,L1HIT
19879,L1HIT
19882,L1HIT
19901,L1HIT
1101,L1HIT
9036,L1HIT
23007,L1HIT
1527,L1HIT
9166,L1HIT
21943,L1HIT
22421,L1HIT
