24995,MEMACC
12044,MEMACC
6249,MEMACC
16689,MEMACC
31579,MEMACC
29041,MEMACC
25310,MEMACC
4638,MEMACC
27381,MEMACC
2407,MEMACC
23518,MEMACC
9411,MEMACC
16250,MEMACC
13941,MEMACC
16689,MEMACC
31579,MEMACC
29041,L1HIT
25310,L1HIT
4223,MEMACC
32663,MEMACC
17469,MEMACC
14465,MEMACC
20773,MEMACC
2999,MEMACC
27267,L1HIT
32039,MEMACC
17111,MEMACC
23429,MEMACC
26508,MEMACC
12699,MEMACC
23779,MEMACC
25056,L1HIT
13870,L1HIT
8267,MEMACC
32318,L1HIT
15977,L1HIT
1054,MEMACC
32174,L1HIT
24578,L1HIT
17530,L1HIT
3770,MEMACC
28651,MEMACC
8040,MEMACC
21056,MEMACC
24430,MEMACC
15069,MEMACC
9591,MEMACC
8916,MEMACC
2378,L1HIT
26460,MEMACC
4583,MEMACC
2175,L1HIT
2514,L1HIT
16402,MEMACC
28079,MEMACC
1258,MEMACC
10511,MEMACC
20045,MEMACC
5514,MEMACC
28686,L2HIT
28697,L2HIT
28705,L2HIT
28709,L2HIT
28715,L1HIT
28730,L1HIT
27521,L1HIT
30813,MEMACC
23970,L1HIT
3951,MEMACC
19865,MEMACC
30422,MEMACC
8861,L1HIT
7835,MEMACC
5614,MEMACC
10922,MEMACC
8861,L1HIT
26252,MEMACC
16941,MEMACC
290,MEMACC
8486,L1HIT
10839,MEMACC
1782,MEMACC
15902,L1HIT
20800,L2HIT
14948,L1HIT
14712,L1HIT
20802,L2HIT
6317,MEMACC
27512,L1HIT
7589,MEMACC
12055,MEMACC
10543,L1HIT
24189,MEMACC
9094,L1HIT
9106,L1HIT
24478,MEMACC
14773,L1HIT
18857,MEMACC
5083,L2HIT
20391,MEMACC
7920,L1HIT
32463,L2HIT
8970,L1HIT
14849,L1HIT
17706,L1HIT
21082,L1HIT
1132,L1HIT
3589,L1HIT
6017,MEMACC
4436,MEMACC
15967,L1HIT
24079,MEMACC
23607,L1HIT
23820,L1HIT
28072,L1HIT
12082,L1HIT
31124,MEMACC
2029,L1HIT
8635,L1HIT
3195,MEMACC
11331,MEMACC
11835,L1HIT
13227,MEMACC
27327,L1HIT
10805,MEMACC
3969,L1HIT
23355,MEMACC
26065,MEMACC
5830,MEMACC
23314,MEMACC
15197,L1HIT
31014,MEMACC
4635,L1HIT
17191,L1HIT
12549,L2HIT
22426,MEMACC
3931,L1HIT
31147,L1HIT
932,MEMACC
27756,L1HIT
16173,L1HIT
27084,MEMACC
15979,L1HIT
24066,MEMACC
15490,MEMACC
13160,MEMACC
32181,L2HIT
4237,MEMACC
7712,L1HIT
15493,L1HIT
14505,L1HIT
7556,MEMACC
31284,MEMACC
1452,L1HIT
29974,MEMACC
18636,MEMACC
18648,L1HIT
13769,MEMACC
25029,L2HIT
273,MEMACC
17984,MEMACC
7398,MEMACC
13654,MEMACC
2859,L2HIT
9518,MEMACC
342,MEMACC
30206,L1HIT
22911,MEMACC
3015,L1HIT
6582,L2HIT
12352,L2HIT
1434,L1HIT
20751,L1HIT
28200,L2HIT
28223,L1HIT
13264,MEMACC
19695,MEMACC
16967,L1HIT
16985,L1HIT
9386,L1HIT
9394,L1HIT
9400,L1HIT
31478,MEMACC
31480,MEMACC
31496,L1HIT
2341,L2HIT
584,MEMACC
13777,L1HIT
22988,MEMACC
12141,L2HIT
21264,L1HIT
16628,MEMACC
23829,L2HIT
32402,L2HIT
17277,L1HIT
22546,L1HIT
29854,L1HIT
12186,L2HIT
28117,L2HIT
18582,L1HIT
16924,L1HIT
8946,L1HIT
28383,L1HIT
5772,MEMACC
29452,MEMACC
30460,MEMACC
8806,L1HIT
26691,L2HIT
31171,L2HIT
8774,L1HIT
16000,L2HIT
6592,L2HIT
19037,MEMACC
14415,L2HIT
2176,L2HIT
9471,L1HIT
31456,L1HIT
22804,L2HIT
1591,L1HIT
16531,L1HIT
15403,L2HIT
3720,L2HIT
6713,MEMACC
7616,L1HIT
12863,MEMACC
4530,L1HIT
14415,L1HIT
2176,L2HIT
9471,L1HIT
31456,L1HIT
22804,L1HIT
1591,L1HIT
16531,L1HIT
6713,L1HIT
7616,L1HIT
28355,L1HIT
27601,L2HIT
16699,L1HIT
16851,L1HIT
7616,L1HIT
28355,L1HIT
27601,L2HIT
16699,L1HIT
16851,L1HIT
3185,L2HIT
25001,L2HIT
27235,L2HIT
16707,L1HIT
21699,MEMACC
24389,MEMACC
19422,MEMACC
16419,L1HIT
27280,L1HIT
4478,L1HIT
18084,MEMACC
18098,L1HIT
18104,L1HIT
18118,L1HIT
18119,L1HIT
3280,L1HIT
3296,L1HIT
3299,L1HIT
28682,L2HIT
8673,L2HIT
8683,L2HIT
8683,L1HIT
8693,L1HIT
20532,L2HIT
28185,L1HIT
28828,L1HIT
4305,L1HIT
13774,L1HIT
12101,L1HIT
6666,L1HIT
26061,L2HIT
28038,L1HIT
24681,L2HIT
26465,L2HIT
4950,L1HIT
17112,L1HIT
25055,L1HIT
15548,L2HIT
10102,MEMACC
1315,L2HIT
22275,MEMACC
31071,L1HIT
9340,L1HIT
27830,L1HIT
27843,L1HIT
27853,L1HIT
27858,L1HIT
14699,L1HIT
8325,L2HIT
18729,L2HIT
18362,L1HIT
12544,L2HIT
14503,L1HIT
941,MEMACC
29315,MEMACC
14699,L1HIT
8325,L1HIT
11665,MEMACC
18093,L1HIT
10624,L2HIT
22722,L1HIT
2363,L2HIT
13396,L1HIT
20542,L2HIT
25174,L2HIT
1459,L2HIT
3831,L1HIT
32733,L2HIT
20515,L1HIT
32438,L1HIT
13645,L1HIT
22999,L1HIT
1132,L1HIT
17817,L2HIT
18499,L2HIT
29562,L1HIT
5094,L1HIT
8058,L2HIT
28262,L2HIT
8764,L1HIT
16684,L2HIT
3525,L1HIT
24848,L2HIT
3724,L1HIT
26854,L2HIT
30124,L2HIT
3906,L1HIT
28647,L1HIT
13717,L1HIT
11755,L1HIT
29336,L1HIT
25045,L2HIT
7150,L1HIT
13812,L1HIT
4869,L1HIT
8399,L1HIT
22845,L1HIT
10210,L1HIT
22039,L1HIT
17965,L1HIT
3947,L1HIT
13703,L1HIT
30612,L2HIT
27596,L1HIT
6190,L2HIT
2979,L1HIT
3479,L1HIT
2824,L1HIT
13642,L1HIT
10210,L1HIT
2824,L1HIT
13642,L1HIT
10210,L1HIT
162,MEMACC
17056,L1HIT
28342,L1HIT
2341,L1HIT
26796,L1HIT
28026,L1HIT
2280,L1HIT
25550,L2HIT
8364,L1HIT
24580,L1HIT
8342,L1HIT
8793,L1HIT
27242,L1HIT
14152,L2HIT
24580,L1HIT
8342,L1HIT
8793,L1HIT
27242,L1HIT
14152,L1HIT
25903,L2HIT
17532,L1HIT
27937,L1HIT
29211,L1HIT
31955,L2HIT
21477,L2HIT
20817,L1HIT
12940,MEMACC
23099,L2HIT
25903,L2HIT
17532,L1HIT
27937,L1HIT
30579,L1HIT
26916,L1HIT
17813,L1HIT
31955,L2HIT
21477,L2HIT
20817,L1HIT
15945,L2HIT
15958,L1HIT
15967,L1HIT
28411,L1HIT
17746,L1HIT
11645,L1HIT
21888,MEMACC
7793,L1HIT
20871,L1HIT
26844,L1HIT
10607,L2HIT
19496,L2HIT
351,MEMACC
7793,L1HIT
20871,L1HIT
26844,L1HIT
10607,L2HIT
19496,L1HIT
7528,L2HIT
19049,MEMACC
2734,L1HIT
28411,L1HIT
2681,L1HIT
18852,L1HIT
6752,L1HIT
10943,L2HIT
19047,MEMACC
20437,MEMACC
25205,L2HIT
16131,L1HIT
10060,L1HIT
23697,L2HIT
15801,L2HIT
19047,MEMACC
9050,L1HIT
8928,L1HIT
19427,MEMACC
24351,L2HIT
7628,L1HIT
25205,L1HIT
16131,L1HIT
10060,L1HIT
23697,L1HIT
16131,L1HIT
10060,L1HIT
23697,L1HIT
19401,MEMACC
19418,L1HIT
19437,L1HIT
8723,L1HIT
20226,L1HIT
32688,L2HIT
20146,L1HIT
25718,L2HIT
20244,L1HIT
25046,L1HIT
8650,L1HIT
12315,L2HIT
26630,L1HIT
21927,MEMACC
5104,L2HIT
21376,L2HIT
6472,L2HIT
31500,L2HIT
4428,L2HIT
20761,L1HIT
21980,MEMACC
8736,L1HIT
22492,L2HIT
13530,L1HIT
32692,L2HIT
20464,L1HIT
880,MEMACC
29164,L2HIT
12748,L2HIT
13487,L1HIT
342,MEMACC
15827,L1HIT
5152,MEMACC
3217,L2HIT
5312,L1HIT
24289,L1HIT
25755,L2HIT
29154,L1HIT
32612,L1HIT
8573,L2HIT
14303,L1HIT
11077,L1HIT
12779,L1HIT
21470,L1HIT
2449,L1HIT
32659,L1HIT
112,MEMACC
8,MEMACC
15032,L2HIT
15033,L1HIT
15038,L1HIT
15046,L1HIT
15052,L1HIT
27808,L2HIT
27819,L2HIT
27832,L2HIT
27834,L1HIT
27849,L1HIT
4271,L2HIT
16512,L2HIT
5395,L1HIT
20122,L1HIT
17465,L1HIT
26143,L2HIT
9616,L2HIT
6680,L2HIT
13693,L2HIT
9267,L1HIT
9809,L1HIT
19806,L2HIT
11640,L2HIT
17556,L1HIT
12530,L1HIT
22519,L2HIT
26888,L1HIT
17440,L1HIT
18999,L2HIT
3507,L2HIT
24771,L2HIT
24763,L1HIT
21172,L1HIT
14397,L2HIT
3395,L2HIT
32482,L1HIT
16347,L1HIT
23707,L2HIT
17842,L1HIT
5918,L2HIT
19136,L2HIT
14269,L1HIT
3478,L1HIT
12593,L1HIT
21312,L1HIT
4759,L2HIT
21103,L1HIT
27576,L2HIT
23000,L1HIT
18061,L2HIT
13783,L1HIT
23043,L2HIT
6488,L2HIT
3575,L1HIT
3581,L1HIT
3583,L1HIT
3595,L2HIT
21129,L1HIT
5411,L1HIT
18986,L2HIT
6245,L2HIT
11223,L1HIT
30655,L2HIT
26341,L2HIT
18784,L2HIT
3977,L1HIT
19376,L2HIT
32323,L1HIT
704,MEMACC
17740,L1HIT
3610,L1HIT
27354,L1HIT
27369,L1HIT
7334,L2HIT
25452,L1HIT
16738,L1HIT
24426,L2HIT
31708,L2HIT
5923,L2HIT
31438,L2HIT
32722,L1HIT
888,MEMACC
20397,L1HIT
25577,L1HIT
6142,L1HIT
25342,L1HIT
16666,L1HIT
23553,L2HIT
24462,L2HIT
28321,L2HIT
17678,L1HIT
11857,L2HIT
7425,L2HIT
1952,L2HIT
6763,L1HIT
22146,L2HIT
20367,L1HIT
20464,L1HIT
3569,L1HIT
8896,L1HIT
6763,L1HIT
22146,L2HIT
20367,L1HIT
20464,L1HIT
3569,L1HIT
1446,L2HIT
21038,L1HIT
121,L1HIT
28470,L1HIT
6971,L1HIT
32638,L1HIT
13520,L1HIT
1446,L1HIT
21038,L1HIT
121,L1HIT
4175,L2HIT
22475,L2HIT
17173,L2HIT
31946,L2HIT
18760,L2HIT
7300,L1HIT
6980,L1HIT
19291,L1HIT
4767,L1HIT
25260,L1HIT
8120,L2HIT
769,MEMACC
32147,L1HIT
1671,L1HIT
22500,L1HIT
30658,L2HIT
5993,L1HIT
24703,L2HIT
18557,L1HIT
1290,L1HIT
24482,L2HIT
25088,L1HIT
28714,L2HIT
28644,L1HIT
13345,L1HIT
32554,L1HIT
23252,L2HIT
8101,L1HIT
2514,L2HIT
29565,L2HIT
17825,L1HIT
32131,L1HIT
21167,L1HIT
10690,L2HIT
8843,L2HIT
17494,L1HIT
8533,L2HIT
21122,L1HIT
30580,L2HIT
508,L1HIT
8843,L2HIT
25605,L2HIT
25624,L2HIT
25633,L2HIT
25652,L1HIT
25653,L1HIT
25660,L1HIT
25675,L1HIT
24356,L2HIT
7509,L1HIT
24356,L2HIT
18560,L1HIT
10993,L1HIT
28971,L1HIT
28703,L1HIT
32121,L1HIT
24344,L2HIT
840,L1HIT
12225,L2HIT
1472,L1HIT
27566,L1HIT
12588,L2HIT
27566,L1HIT
12588,L2HIT
10386,L2HIT
3334,L1HIT
195,L1HIT
1028,L1HIT
1029,L1HIT
1042,L1HIT
2044,L1HIT
2053,L1HIT
2072,L1HIT
2072,L1HIT
2076,L1HIT
24159,L1HIT
13301,L2HIT
23198,L2HIT
18045,L2HIT
11545,L1HIT
13113,L1HIT
7771,L1HIT
20261,L2HIT
13394,L1HIT
8660,L1HIT
5706,L1HIT
2308,L1HIT
27933,L2HIT
14966,L2HIT
5027,L2HIT
6141,L1HIT
11120,L1HIT
2516,L1HIT
27071,L2HIT
21300,L2HIT
5414,L2HIT
5417,L1HIT
5431,L1HIT
4269,L1HIT
25837,L1HIT
14486,L2HIT
29844,L2HIT
19109,L1HIT
9974,L2HIT
1985,L1HIT
13004,L1HIT
16378,L2HIT
26961,L2HIT
21523,MEMACC
25579,L2HIT
28733,L1HIT
13582,L1HIT
25638,L1HIT
8285,L1HIT
15410,L2HIT
7699,L1HIT
8,L1HIT
11682,L1HIT
24177,L1HIT
1202,L2HIT
28972,L1HIT
28986,L1HIT
28994,L1HIT
29009,L1HIT
1130,L2HIT
25453,L2HIT
8503,L1HIT
24,L1HIT
26965,L1HIT
26888,L1HIT
10722,L1HIT
19055,L1HIT
25849,L1HIT
1130,L1HIT
25453,L2HIT
8503,L1HIT
24,L1HIT
693,L1HIT
706,L1HIT
719,L1HIT
724,L1HIT
739,L1HIT
8899,L2HIT
28280,L2HIT
7500,L1HIT
9622,L2HIT
17339,L2HIT
788,L1HIT
24079,L1HIT
11557,L1HIT
23170,L1HIT
18363,L2HIT
18750,L2HIT
11479,L1HIT
13832,L2HIT
640,L1HIT
30994,L2HIT
4079,L2HIT
11689,L1HIT
17268,L1HIT
29241,L2HIT
23170,L1HIT
18363,L2HIT
29950,L2HIT
19282,L1HIT
30059,L1HIT
18750,L1HIT
18750,L1HIT
11479,L1HIT
13832,L1HIT
640,L1HIT
30994,L1HIT
13017,L1HIT
26627,L1HIT
11995,L2HIT
20560,L2HIT
31892,L1HIT
9181,L2HIT
2611,L2HIT
5768,L1HIT
8106,L2HIT
19935,L2HIT
7707,L1HIT
15413,L2HIT
21389,L1HIT
12790,L2HIT
14052,L1HIT
6455,L2HIT
8208,L1HIT
3985,L1HIT
20612,L2HIT
21040,L1HIT
12327,L2HIT
24853,L2HIT
30470,L2HIT
21303,L1HIT
3503,L1HIT
13140,L1HIT
12645,L1HIT
16886,L2HIT
2342,L2HIT
20771,L1HIT
827,L1HIT
11916,L1HIT
12557,L1HIT
32263,L2HIT
5434,L2HIT
6207,L2HIT
6120,L1HIT
16810,L1HIT
5466,L1HIT
19900,L2HIT
603,L1HIT
9556,L2HIT
20370,L2HIT
30626,L1HIT
12169,L1HIT
22823,L2HIT
17077,L1HIT
5150,L1HIT
31820,L1HIT
17815,L2HIT
29436,L2HIT
21449,L1HIT
10716,L2HIT
7849,L1HIT
26019,L2HIT
7868,L1HIT
25112,L2HIT
26153,L2HIT
31689,L2HIT
14354,L2HIT
10788,L1HIT
9459,L1HIT
1133,L2HIT
13371,L2HIT
21358,L1HIT
8583,L1HIT
24690,L2HIT
15250,L2HIT
1054,L2HIT
21842,L2HIT
1864,L1HIT
19827,L1HIT
1549,L1HIT
10755,L1HIT
2333,L1HIT
7279,L2HIT
18778,L2HIT
430,L2HIT
20898,L1HIT
12988,L2HIT
