11412,MEMACC
17306,MEMACC
21842,MEMACC
32479,MEMACC
8013,MEMACC
31688,MEMACC
28791,MEMACC
19494,MEMACC
4527,MEMACC
9604,MEMACC
20612,MEMACC
2009,MEMACC
1796,L1HIT
9604,L1HIT
20612,L1HIT
7662,MEMACC
7667,MEMACC
7682,L1HIT
7699,L1HIT
3327,MEMACC
1942,L1HIT
5805,MEMACC
286,MEMACC
32582,L1HIT
15544,MEMACC
5265,MEMACC
17788,MEMACC
665,MEMACC
12523,MEMACC
23808,MEMACC
4833,MEMACC
21142,MEMACC
28101,MEMACC
16170,MEMACC
29443,MEMACC
4001,MEMACC
10172,MEMACC
11333,L1HIT
16828,MEMACC
20652,L1HIT
20655,L1HIT
20666,L1HIT
20673,L1HIT
13136,MEMACC
10249,MEMACC
26558,MEMACC
23674,MEMACC
5625,L1HIT
16835,L1HIT
14642,MEMACC
31915,MEMACC
18649,MEMACC
14332,MEMACC
11224,MEMACC
11233,MEMACC
11237,L1HIT
11254,L1HIT
3144,L1HIT
3147,L1HIT
3150,L1HIT
3164,L1HIT
3180,L1HIT
3191,L1HIT
6938,MEMACC
21044,MEMACC
11,L1HIT
25,L1HIT
34,L1HIT
272,L1HIT
31176,MEMACC
4536,L1HIT
13034,L1HIT
9730,L1HIT
29011,L1HIT
11007,L1HIT
9730,L1HIT
29011,L1HIT
11007,L1HIT
272,L1HIT
20304,MEMACC
6378,MEMACC
11297,L1HIT
25964,MEMACC
27696,L1HIT
27048,MEMACC
4201,L1HIT
31847,MEMACC
1506,MEMACC
14496,MEMACC
14496,MEMACC
29349,L1HIT
25928,L1HIT
26731,L1HIT
24177,MEMACC
4504,L1HIT
23206,MEMACC
6899,MEMACC
13197,L1HIT
23206,MEMACC
6899,L1HIT
13197,L1HIT
19079,MEMACC
30645,MEMACC
31847,MEMACC
1506,MEMACC
14496,MEMACC
7434,MEMACC
3671,L1HIT
22143,MEMACC
29,L1HIT
3410,L1HIT
7027,L1HIT
12341,L1HIT
27044,L1HIT
23210,MEMACC
7434,L1HIT
18800,MEMACC
20086,L1HIT
6488,MEMACC
7887,L1HIT
27706,L1HIT
9041,MEMACC
2220,MEMACC
25427,MEMACC
7663,L1HIT
24144,MEMACC
11881,MEMACC
27125,L1HIT
32341,L1HIT
13943,L1HIT
23226,L1HIT
27946,L1HIT
19609,MEMACC
7504,L1HIT
3179,L1HIT
27438,MEMACC
14134,L1HIT
5294,L1HIT
6018,L1HIT
24574,L1HIT
31,L1HIT
13670,MEMACC
15284,MEMACC
14134,L1HIT
5294,L1HIT
6018,L1HIT
24574,L1HIT
31,L1HIT
13670,L1HIT
7023,L1HIT
31,L1HIT
13670,L1HIT
7023,L1HIT
9622,L1HIT
2322,L1HIT
24439,L1HIT
19143,MEMACC
26369,L1HIT
2318,L1HIT
28250,MEMACC
10723,MEMACC
17149,L1HIT
23341,L1HIT
7098,L1HIT
28904,L1HIT
2046,L1HIT
28291,L1HIT
25685,L1HIT
16263,L1HIT
14577,MEMACC
30609,L1HIT
1746,L1HIT
11609,L1HIT
14577,L1HIT
30609,L1HIT
1746,L1HIT
11609,L1HIT
6041,L1HIT
1746,L1HIT
11609,L1HIT
6041,L1HIT
11259,L1HIT
11553,L1HIT
855,MEMACC
13150,L1HIT
5734,L1HIT
10758,L1HIT
16467,L1HIT
31415,L1HIT
22940,MEMACC
29362,L1HIT
18972,L1HIT
28229,L1HIT
13109,L1HIT
4497,L1HIT
3768,L1HIT
32401,L1HIT
13577,L1HIT
11352,L1HIT
3710,L1HIT
17306,L1HIT
29705,MEMACC
9326,L1HIT
791,MEMACC
1965,L1HIT
21256,L1HIT
30044,L1HIT
14865,L1HIT
30890,MEMACC
7383,L1HIT
10198,L1HIT
15910,L1HIT
11167,L1HIT
22885,L1HIT
19535,L1HIT
14270,L1HIT
20472,L1HIT
8319,MEMACC
3582,L1HIT
26807,L1HIT
31600,L1HIT
26623,L1HIT
19488,L1HIT
8107,L1HIT
22026,MEMACC
22029,MEMACC
22044,MEMACC
22062,MEMACC
22078,L1HIT
16621,L1HIT
21114,L1HIT
17346,L1HIT
2956,MEMACC
4782,MEMACC
17032,L1HIT
30838,MEMACC
3556,L1HIT
25059,MEMACC
30827,L1HIT
9392,L1HIT
7997,L1HIT
11687,L1HIT
28951,L1HIT
23046,L1HIT
29396,L1HIT
39,L1HIT
11572,L1HIT
27488,L1HIT
10205,L1HIT
14587,L1HIT
2774,L1HIT
19882,L1HIT
30895,L1HIT
11438,L1HIT
7841,L1HIT
11269,L1HIT
2019,L1HIT
21980,MEMACC
15060,L1HIT
30445,L1HIT
30271,L1HIT
19049,L1HIT
17500,L1HIT
2980,L1HIT
29767,L1HIT
3557,L1HIT
5620,L1HIT
19226,L1HIT
21763,MEMACC
32465,L1HIT
22792,L1HIT
5620,L1HIT
19226,L1HIT
21763,L1HIT
19226,L1HIT
21763,L1HIT
32465,L1HIT
22792,L1HIT
26437,L1HIT
20633,L1HIT
20444,L1HIT
14843,L1HIT
14862,L1HIT
14870,L1HIT
14882,L1HIT
14891,L1HIT
14891,L1HIT
14896,L1HIT
24545,L1HIT
2184,L1HIT
27682,L1HIT
9428,L1HIT
22040,L1HIT
22799,L1HIT
22608,L1HIT
16197,L1HIT
16722,L1HIT
8031,L1HIT
18039,MEMACC
30874,L1HIT
30971,L1HIT
16184,L1HIT
4435,L1HIT
8822,L1HIT
1217,MEMACC
28349,L1HIT
6437,MEMACC
24604,L1HIT
12566,L1HIT
15391,MEMACC
12536,L1HIT
4017,L1HIT
4174,L1HIT
4929,L1HIT
2839,L1HIT
2839,L1HIT
8718,L1HIT
12566,L1HIT
25011,L1HIT
24908,L1HIT
13969,L1HIT
27234,L1HIT
19679,L1HIT
10534,L1HIT
10541,L1HIT
10558,L1HIT
29080,L1HIT
29091,L1HIT
29097,L1HIT
29112,L1HIT
9835,L1HIT
29987,L1HIT
2028,L1HIT
28721,L1HIT
25990,L1HIT
21925,L1HIT
30648,L1HIT
15810,MEMACC
4354,L1HIT
25851,L1HIT
11172,L1HIT
31793,MEMACC
2326,L1HIT
10035,L1HIT
30537,L1HIT
3111,L1HIT
31536,L1HIT
29228,L1HIT
1151,L1HIT
13117,L1HIT
3763,L1HIT
1368,L1HIT
21330,L1HIT
24288,L1HIT
31297,L1HIT
7962,L1HIT
28434,L1HIT
11093,L1HIT
11098,L1HIT
30901,L1HIT
24759,L1HIT
14931,L1HIT
25425,MEMACC
17354,L1HIT
25773,L1HIT
20649,L1HIT
18705,MEMACC
8744,L1HIT
15667,L1HIT
26682,L1HIT
30901,L1HIT
24759,L1HIT
14931,L1HIT
25425,MEMACC
1497,L1HIT
28099,L1HIT
21691,L1HIT
13812,L1HIT
4622,L1HIT
4637,L1HIT
4639,L1HIT
4649,L1HIT
4668,L1HIT
4669,L1HIT
16487,L1HIT
16488,L1HIT
16506,L1HIT
32472,L1HIT
30861,L1HIT
18250,MEMACC
28431,L1HIT
15880,L1HIT
31959,MEMACC
22239,L1HIT
7334,L1HIT
23653,MEMACC
15439,L1HIT
7334,L1HIT
23653,L1HIT
18250,MEMACC
6900,L1HIT
17279,L1HIT
22818,L1HIT
25329,MEMACC
22390,L1HIT
23377,L1HIT
27716,L1HIT
2057,L1HIT
1476,L1HIT
20508,L1HIT
10389,L1HIT
8646,MEMACC
3402,L1HIT
20268,L1HIT
11121,L1HIT
26044,L1HIT
16281,L1HIT
9688,L1HIT
16866,L1HIT
20998,L1HIT
31697,L1HIT
7442,L1HIT
27413,L1HIT
5644,L1HIT
17649,L1HIT
5467,L1HIT
26395,L1HIT
14749,L1HIT
20826,L1HIT
19940,L1HIT
23891,L1HIT
24607,L1HIT
10400,L1HIT
7126,L1HIT
25891,L1HIT
15643,L1HIT
922,L1HIT
12221,L1HIT
11966,L1HIT
11972,L1HIT
11975,L1HIT
11975,L1HIT
11977,L1HIT
11985,L1HIT
1204,L1HIT
1221,L1HIT
1221,L1HIT
1229,L1HIT
19303,L1HIT
20696,L1HIT
1935,L1HIT
5109,L1HIT
29611,L1HIT
5897,L1HIT
17208,L1HIT
27296,L1HIT
21820,L1HIT
272,L1HIT
8922,L1HIT
12716,L1HIT
31778,L1HIT
31804,L1HIT
1838,L1HIT
8362,MEMACC
13674,L1HIT
24318,L1HIT
9011,L1HIT
29580,L1HIT
9068,L1HIT
2732,L1HIT
27947,L1HIT
3940,L1HIT
12736,L1HIT
20640,L1HIT
27074,L1HIT
6597,L1HIT
15064,L1HIT
13786,L1HIT
368,L1HIT
26337,L1HIT
8884,L1HIT
26471,L1HIT
15033,L1HIT
10842,L1HIT
31482,L1HIT
19739,L1HIT
19718,L1HIT
28628,L1HIT
26636,L1HIT
26643,L1HIT
26657,L1HIT
26664,L1HIT
26683,L1HIT
11083,L1HIT
11312,L1HIT
17637,L1HIT
10794,L1HIT
395,L1HIT
27760,L1HIT
24471,L1HIT
14131,L1HIT
6678,L1HIT
24131,L1HIT
11312,L1HIT
3666,L1HIT
16134,L1HIT
3309,L1HIT
7881,L1HIT
24471,L1HIT
14131,L1HIT
6678,L1HIT
17073,L1HIT
6914,L1HIT
14733,L1HIT
388,L1HIT
31482,L1HIT
31497,L1HIT
31513,L1HIT
30095,L1HIT
2602,L1HIT
18256,MEMACC
29026,L1HIT
1072,L1HIT
12689,L1HIT
28087,L1HIT
16170,L1HIT
30604,L1HIT
25493,L1HIT
13296,L1HIT
11730,L1HIT
27019,L1HIT
22112,L1HIT
13931,L1HIT
6749,L1HIT
25674,L1HIT
20974,L1HIT
21007,L1HIT
17889,L1HIT
2193,L1HIT
16567,L1HIT
22026,L1HIT
22650,L1HIT
16238,L1HIT
1456,L1HIT
9624,L1HIT
32680,L1HIT
18174,MEMACC
10812,L1HIT
25820,L1HIT
1038,L1HIT
17295,L1HIT
18962,L1HIT
2622,L1HIT
29773,L1HIT
17856,L1HIT
28636,L1HIT
4794,L1HIT
14903,L1HIT
16823,L1HIT
16833,L1HIT
19824,L1HIT
23580,L1HIT
15292,L1HIT
12002,L1HIT
22654,L1HIT
15575,L1HIT
15238,L1HIT
20993,L1HIT
5327,L1HIT
358,L1HIT
12244,L1HIT
16174,L1HIT
6530,L1HIT
9035,L1HIT
14635,L1HIT
30990,L1HIT
19824,L1HIT
23580,L1HIT
15292,L1HIT
12002,L1HIT
22654,L1HIT
15575,L1HIT
15238,L1HIT
20993,L1HIT
5327,L1HIT
358,L1HIT
4730,L1HIT
4746,L1HIT
30607,L1HIT
16146,L1HIT
27909,L1HIT
26222,L1HIT
14382,L1HIT
29737,L1HIT
26705,L1HIT
1886,L1HIT
22526,L1HIT
9915,L1HIT
22513,L1HIT
25220,L1HIT
312,L1HIT
22490,L1HIT
29337,L1HIT
31038,L1HIT
32046,L1HIT
16465,L1HIT
1106,L1HIT
11485,L1HIT
13593,L1HIT
30458,L1HIT
2857,L1HIT
16616,L1HIT
23525,L1HIT
10946,L1HIT
27355,L1HIT
11056,L1HIT
12183,L1HIT
7855,L1HIT
22562,L1HIT
32310,L1HIT
21704,L1HIT
26906,L1HIT
20766,L1HIT
1583,L1HIT
15940,L1HIT
48,L1HIT
21096,L1HIT
8544,MEMACC
21106,L1HIT
13192,L1HIT
166,L1HIT
15186,L1HIT
12086,L1HIT
21373,L1HIT
14320,L1HIT
25600,L1HIT
32548,L1HIT
5433,L1HIT
7872,L1HIT
29745,L1HIT
19642,L1HIT
11298,L1HIT
174,L1HIT
31030,L1HIT
7369,L1HIT
14482,L1HIT
7653,L1HIT
14739,L1HIT
1214,L1HIT
28520,L1HIT
31073,L1HIT
23391,L1HIT
31258,L1HIT
6253,L1HIT
11150,L1HIT
27137,L1HIT
13108,L1HIT
7395,L1HIT
7350,L1HIT
14265,L1HIT
11930,L1HIT
14265,L1HIT
11930,L1HIT
5328,L1HIT
29217,L1HIT
13399,L1HIT
31652,L1HIT
2432,L1HIT
240,L1HIT
13853,L1HIT
7126,L1HIT
2598,L1HIT
2691,L1HIT
3179,L1HIT
1953,L1HIT
16774,L1HIT
22064,L1HIT
27424,L1HIT
24780,L1HIT
16729,L1HIT
24115,L1HIT
23402,L1HIT
7938,L1HIT
2953,L1HIT
26815,L1HIT
12814,L1HIT
540,L1HIT
19411,L1HIT
11109,L1HIT
12953,L1HIT
27802,L1HIT
1680,L1HIT
23690,L1HIT
6093,L1HIT
4556,L1HIT
16219,L1HIT
982,L1HIT
16627,L1HIT
27802,L1HIT
1680,L1HIT
2069,L1HIT
17043,L1HIT
11109,L1HIT
12953,L1HIT
2131,L1HIT
16352,L1HIT
15317,L1HIT
30820,L1HIT
4490,L1HIT
16779,L1HIT
25849,L1HIT
11970,L1HIT
2501,L1HIT
31722,L1HIT
16142,L1HIT
9799,L1HIT
23110,L1HIT
3563,L1HIT
5184,L1HIT
19314,L1HIT
11402,L1HIT
3568,L1HIT
22269,L1HIT
5416,L1HIT
10130,L1HIT
7167,L1HIT
18224,MEMACC
18019,MEMACC
27712,L1HIT
7974,L1HIT
17589,L1HIT
16004,L1HIT
24963,L1HIT
25923,L1HIT
29383,L1HIT
30339,L1HIT
14263,L1HIT
1870,L1HIT
10969,L1HIT
3184,L1HIT
15988,L1HIT
6793,L1HIT
15685,L1HIT
27744,L1HIT
9074,L1HIT
9082,L1HIT
30444,L1HIT
19728,L1HIT
17517,L1HIT
1014,L1HIT
14255,L1HIT
17614,L1HIT
31728,L1HIT
8672,MEMACC
11212,L1HIT
12755,L1HIT
29525,L1HIT
25193,L1HIT
6245,L1HIT
25449,L1HIT
23859,L1HIT
15836,L1HIT
28965,L1HIT
27515,L1HIT
25573,L1HIT
617,L1HIT
18718,MEMACC
18720,MEMACC
18728,L1HIT
18731,L1HIT
4619,L1HIT
8568,L1HIT
12645,L1HIT
7896,L1HIT
31661,L1HIT
14804,L1HIT
21894,L1HIT
7746,L1HIT
31885,L1HIT
17092,L1HIT
18828,L1HIT
23707,L1HIT
25329,L1HIT
17852,L1HIT
29566,L1HIT
2342,L1HIT
14657,L1HIT
2418,L1HIT
199,L1HIT
30124,L1HIT
12906,L1HIT
28490,L1HIT
8450,L1HIT
7258,L1HIT
16276,L1HIT
31328,L1HIT
6692,L1HIT
29139,L1HIT
31091,L1HIT
739,L1HIT
30151,L1HIT
21435,L1HIT
3903,L1HIT
21251,L1HIT
21435,L1HIT
3903,L1HIT
21251,L1HIT
1137,L1HIT
25513,L1HIT
31825,L1HIT
26824,L1HIT
26839,L1HIT
26843,L1HIT
26848,L1HIT
26865,L1HIT
26865,L1HIT
26881,L1HIT
2087,L1HIT
23242,L1HIT
30753,L1HIT
23390,L1HIT
29657,L1HIT
24738,L1HIT
13941,L1HIT
13869,L1HIT
32747,L1HIT
28742,L1HIT
72,L1HIT
1538,L1HIT
25333,L1HIT
22189,L1HIT
7993,L1HIT
7787,L1HIT
12800,L1HIT
7711,L1HIT
9435,L1HIT
31372,L1HIT
1607,L1HIT
