20646,MEMACC
4777,MEMACC
17937,MEMACC
8911,MEMACC
4777,L1HIT
17937,L1HIT
8911,MEMACC
6848,MEMACC
7224,MEMACC
450,MEMACC
24845,MEMACC
5004,MEMACC
7011,MEMACC
6499,MEMACC
9412,MEMACC
4651,MEMACC
7200,MEMACC
14424,MEMACC
18479,MEMACC
1535,MEMACC
24129,MEMACC
6805,MEMACC
13860,MEMACC
11770,MEMACC
30024,MEMACC
13493,MEMACC
29985,MEMACC
6530,MEMACC
26829,MEMACC
12298,MEMACC
1527,MEMACC
13563,MEMACC
13564,L1HIT
13581,MEMACC
13585,MEMACC
13602,MEMACC
13603,L1HIT
6907,MEMACC
9813,MEMACC
5181,MEMACC
24984,MEMACC
2588,MEMACC
23525,MEMACC
20705,MEMACC
25703,MEMACC
20147,MEMACC
7458,MEMACC
5469,MEMACC
729,MEMACC
18770,MEMACC
11311,MEMACC
31214,MEMACC
1036,MEMACC
20223,MEMACC
834,MEMACC
12164,MEMACC
11633,MEMACC
21800,MEMACC
21818,MEMACC
14338,MEMACC
18744,MEMACC
19940,MEMACC
632,MEMACC
8398,MEMACC
15009,MEMACC
24727,MEMACC
17118,MEMACC
8040,MEMACC
13128,MEMACC
20418,MEMACC
30986,MEMACC
25539,MEMACC
4034,MEMACC
29093,MEMACC
27179,MEMACC
391,MEMACC
19962,MEMACC
26736,MEMACC
9989,MEMACC
5546,MEMACC
28362,MEMACC
15471,MEMACC
13680,MEMACC
4326,MEMACC
29774,MEMACC
13268,MEMACC
32233,MEMACC
5265,MEMACC
2569,MEMACC
25522,MEMACC
23924,MEMACC
6374,MEMACC
7933,MEMACC
4126,MEMACC
32189,MEMACC
497,MEMACC
3233,MEMACC
23358,MEMACC
30501,MEMACC
29534,MEMACC
1485,MEMACC
5438,MEMACC
4225,MEMACC
26388,MEMACC
32667,MEMACC
27474,MEMACC
1477,MEMACC
27539,MEMACC
18443,MEMACC
14556,MEMACC
16444,MEMACC
16674,MEMACC
7827,MEMACC
7693,MEMACC
28310,MEMACC
252,MEMACC
831,MEMACC
8265,MEMACC
28250,MEMACC
17711,MEMACC
1879,MEMACC
6582,MEMACC
6066,MEMACC
21689,MEMACC
21706,MEMACC
21708,MEMACC
21725,MEMACC
23436,MEMACC
23443,MEMACC
23462,MEMACC
23474,MEMACC
23483,MEMACC
30514,MEMACC
30531,MEMACC
30532,MEMACC
30535,L1HIT
18112,MEMACC
17827,MEMACC
12143,MEMACC
31033,MEMACC
24187,MEMACC
18112,L1HIT
18523,MEMACC
20905,MEMACC
24187,MEMACC
18112,L1HIT
18523,L1HIT
20905,L1HIT
13721,MEMACC
32083,MEMACC
29732,MEMACC
31227,MEMACC
24906,MEMACC
652,MEMACC
5003,L1HIT
15375,MEMACC
8019,MEMACC
13902,MEMACC
20949,MEMACC
5745,MEMACC
8715,MEMACC
8232,MEMACC
23878,MEMACC
25422,MEMACC
26957,MEMACC
5003,L1HIT
32263,MEMACC
19580,MEMACC
26176,MEMACC
23878,MEMACC
12104,MEMACC
12105,L1HIT
32366,MEMACC
28582,MEMACC
26368,MEMACC
25651,MEMACC
2209,MEMACC
27127,MEMACC
7548,MEMACC
26390,L1HIT
29026,MEMACC
24456,MEMACC
20149,MEMACC
19553,MEMACC
12236,MEMACC
30805,MEMACC
8088,MEMACC
1403,MEMACC
3464,MEMACC
81,MEMACC
6315,MEMACC
9217,MEMACC
5653,MEMACC
22147,MEMACC
3650,MEMACC
28482,MEMACC
23651,MEMACC
2636,MEMACC
963,MEMACC
437,MEMACC
15520,MEMACC
19013,MEMACC
29116,MEMACC
29031,L1HIT
19806,MEMACC
12865,MEMACC
6041,MEMACC
26149,MEMACC
18896,MEMACC
21544,MEMACC
31610,MEMACC
9232,MEMACC
3107,MEMACC
11955,MEMACC
11959,MEMACC
11975,MEMACC
11978,L1HIT
19332,MEMACC
19345,MEMACC
19364,MEMACC
19369,L1HIT
19386,MEMACC
7765,MEMACC
30298,MEMACC
28485,MEMACC
4830,MEMACC
12690,MEMACC
31569,MEMACC
31797,MEMACC
907,MEMACC
28660,MEMACC
29112,MEMACC
7294,MEMACC
11275,MEMACC
15287,MEMACC
28337,MEMACC
14161,MEMACC
7684,L1HIT
11420,MEMACC
2306,MEMACC
25247,MEMACC
12285,MEMACC
25491,MEMACC
25495,L1HIT
29516,MEMACC
29533,MEMACC
17678,MEMACC
15257,MEMACC
9356,MEMACC
15467,L1HIT
12707,MEMACC
17019,MEMACC
16274,MEMACC
16166,MEMACC
28601,MEMACC
11479,MEMACC
20230,MEMACC
14368,MEMACC
26545,MEMACC
32522,MEMACC
6953,MEMACC
23209,MEMACC
22606,MEMACC
26355,MEMACC
480,MEMACC
15570,MEMACC
26116,MEMACC
25336,MEMACC
4501,MEMACC
14277,MEMACC
21546,MEMACC
4727,MEMACC
309,MEMACC
13810,MEMACC
28026,MEMACC
5631,MEMACC
14277,L1HIT
21546,MEMACC
20050,MEMACC
32230,L1HIT
26619,MEMACC
19491,MEMACC
26614,L1HIT
8278,MEMACC
9732,MEMACC
10833,MEMACC
17493,MEMACC
6324,MEMACC
3240,L1HIT
18005,MEMACC
3241,L1HIT
27482,L2HIT
25538,MEMACC
31145,MEMACC
9013,MEMACC
7584,MEMACC
29800,MEMACC
14087,MEMACC
31103,MEMACC
24130,L2HIT
7216,MEMACC
18891,MEMACC
10208,MEMACC
10216,L1HIT
25891,MEMACC
26421,MEMACC
3990,MEMACC
31489,MEMACC
25234,L1HIT
21066,MEMACC
12525,MEMACC
2999,MEMACC
27823,MEMACC
30884,MEMACC
14881,MEMACC
26832,MEMACC
14630,MEMACC
24149,MEMACC
19159,MEMACC
27019,MEMACC
18972,MEMACC
23340,MEMACC
7919,MEMACC
3830,MEMACC
9533,MEMACC
7860,MEMACC
19159,L1HIT
6492,MEMACC
24065,MEMACC
21631,MEMACC
16812,MEMACC
1687,MEMACC
621,MEMACC
21482,MEMACC
7842,MEMACC
18828,MEMACC
28728,MEMACC
3772,MEMACC
17914,MEMACC
17200,MEMACC
27891,MEMACC
18684,MEMACC
27891,MEMACC
18684,L1HIT
27000,MEMACC
21482,L1HIT
7842,L1HIT
18828,MEMACC
27246,MEMACC
11180,MEMACC
12040,MEMACC
17454,MEMACC
18966,MEMACC
18981,MEMACC
30569,MEMACC
31735,MEMACC
2533,MEMACC
13811,L1HIT
7513,MEMACC
23690,MEMACC
21820,L2HIT
1423,MEMACC
386,MEMACC
26917,MEMACC
18715,MEMACC
107,MEMACC
23996,MEMACC
30559,MEMACC
7393,MEMACC
30204,MEMACC
16915,MEMACC
1190,MEMACC
3686,MEMACC
4040,L1HIT
20156,MEMACC
15988,MEMACC
4587,MEMACC
7500,MEMACC
15413,MEMACC
23881,MEMACC
27539,MEMACC
3019,MEMACC
5370,MEMACC
10007,MEMACC
6019,MEMACC
27295,MEMACC
2762,MEMACC
12420,MEMACC
19603,MEMACC
3161,MEMACC
4532,MEMACC
810,MEMACC
32303,MEMACC
1212,MEMACC
2583,MEMACC
11476,MEMACC
32066,MEMACC
12737,MEMACC
20046,MEMACC
1686,L1HIT
22933,MEMACC
31530,MEMACC
836,MEMACC
22428,MEMACC
11287,MEMACC
5947,MEMACC
25444,MEMACC
19106,MEMACC
31323,MEMACC
25895,L1HIT
23692,L1HIT
31095,L1HIT
20906,L2HIT
10618,MEMACC
12514,MEMACC
8714,L2HIT
9496,MEMACC
4908,MEMACC
2958,MEMACC
29872,MEMACC
15514,MEMACC
2687,MEMACC
12514,L1HIT
29121,MEMACC
19151,MEMACC
2958,L1HIT
29872,L1HIT
15514,MEMACC
21936,MEMACC
6851,MEMACC
5332,MEMACC
17249,MEMACC
5567,MEMACC
29202,MEMACC
1894,MEMACC
25508,MEMACC
19504,MEMACC
21225,MEMACC
30743,MEMACC
14690,MEMACC
30028,MEMACC
115,MEMACC
119,L1HIT
17939,L1HIT
32516,L1HIT
20287,MEMACC
9669,MEMACC
17193,MEMACC
12851,MEMACC
15686,MEMACC
15692,MEMACC
15708,MEMACC
15727,MEMACC
15731,MEMACC
6399,MEMACC
27551,MEMACC
27883,MEMACC
20498,MEMACC
21590,MEMACC
23098,MEMACC
18217,MEMACC
21346,MEMACC
31783,MEMACC
25730,MEMACC
288,MEMACC
4112,MEMACC
9063,MEMACC
32280,MEMACC
15494,MEMACC
20111,MEMACC
14127,MEMACC
26085,MEMACC
24694,MEMACC
26585,MEMACC
31722,MEMACC
19061,MEMACC
15117,MEMACC
14427,MEMACC
14403,MEMACC
25945,MEMACC
4362,MEMACC
7162,MEMACC
11880,MEMACC
10388,MEMACC
13183,MEMACC
23675,MEMACC
30560,MEMACC
20820,MEMACC
21472,L1HIT
25635,MEMACC
22274,MEMACC
17924,MEMACC
16368,MEMACC
23428,MEMACC
9408,L2HIT
24977,L2HIT
20714,L2HIT
24460,MEMACC
26624,MEMACC
32671,L2HIT
8345,MEMACC
16721,MEMACC
11151,MEMACC
14935,MEMACC
7018,MEMACC
22957,MEMACC
24806,MEMACC
24816,MEMACC
24830,L1HIT
273,MEMACC
10201,MEMACC
10210,L1HIT
10216,L1HIT
10222,L1HIT
10238,MEMACC
30113,MEMACC
22438,MEMACC
16915,MEMACC
21246,MEMACC
28004,MEMACC
14515,MEMACC
18530,MEMACC
22438,L1HIT
16915,L1HIT
21246,MEMACC
28004,MEMACC
14515,L1HIT
18530,L1HIT
8570,MEMACC
5406,MEMACC
24721,L2HIT
18008,L1HIT
12638,MEMACC
14917,MEMACC
24721,L1HIT
4752,MEMACC
11028,MEMACC
19870,MEMACC
29660,MEMACC
14917,MEMACC
26707,MEMACC
4752,L1HIT
21642,MEMACC
30654,MEMACC
30654,L1HIT
19107,L1HIT
16309,MEMACC
10504,MEMACC
7362,MEMACC
7407,L1HIT
17770,MEMACC
3118,MEMACC
6022,MEMACC
25638,L1HIT
14614,MEMACC
26541,MEMACC
17227,MEMACC
14910,MEMACC
19654,MEMACC
15891,MEMACC
21196,MEMACC
15610,MEMACC
26679,MEMACC
12357,MEMACC
7552,MEMACC
24011,MEMACC
9696,MEMACC
17967,MEMACC
22452,MEMACC
18533,L1HIT
3110,L1HIT
7793,MEMACC
8714,L1HIT
6002,MEMACC
10246,MEMACC
29174,MEMACC
29174,MEMACC
16579,MEMACC
11321,MEMACC
21333,MEMACC
2146,MEMACC
2710,MEMACC
17290,MEMACC
16579,MEMACC
11321,L1HIT
21002,MEMACC
25792,MEMACC
31956,MEMACC
30046,MEMACC
5891,MEMACC
19369,L2HIT
10360,MEMACC
31113,MEMACC
22906,MEMACC
12948,MEMACC
19383,L2HIT
4935,MEMACC
21340,L1HIT
8562,L1HIT
24226,MEMACC
27555,MEMACC
4633,MEMACC
1438,MEMACC
