22750,MEMACC
16012,MEMACC
28425,MEMACC
13324,MEMACC
876,MEMACC
29344,MEMACC
23408,MEMACC
25361,MEMACC
24386,MEMACC
12576,MEMACC
11211,MEMACC
3354,MEMACC
227,MEMACC
11180,MEMACC
24513,MEMACC
30713,MEMACC
28086,MEMACC
11242,MEMACC
28444,MEMACC
17093,MEMACC
9049,MEMACC
15035,MEMACC
31234,MEMACC
25672,MEMACC
21594,MEMACC
29193,MEMACC
21280,MEMACC
1751,MEMACC
22996,MEMACC
32587,MEMACC
28662,MEMACC
5631,MEMACC
21784,MEMACC
14406,MEMACC
25672,MEMACC
21594,L1HIT
29193,L1HIT
21280,L1HIT
1751,MEMACC
22996,MEMACC
32587,MEMACC
28662,MEMACC
5631,MEMACC
21784,L1HIT
10259,MEMACC
10260,MEMACC
3796,MEMACC
3151,MEMACC
22582,MEMACC
3796,MEMACC
3151,L1HIT
14156,MEMACC
26074,MEMACC
9191,MEMACC
23681,MEMACC
1475,MEMACC
22582,MEMACC
3796,MEMACC
21451,MEMACC
1255,MEMACC
27758,MEMACC
12928,MEMACC
10903,MEMACC
8425,MEMACC
10234,MEMACC
3991,MEMACC
14546,MEMACC
22199,MEMACC
27090,MEMACC
29889,MEMACC
6751,MEMACC
6736,MEMACC
1788,MEMACC
10289,MEMACC
22534,MEMACC
21434,MEMACC
2209,MEMACC
25949,MEMACC
10803,MEMACC
805,MEMACC
4535,MEMACC
23575,MEMACC
10045,MEMACC
30659,MEMACC
12784,MEMACC
17789,MEMACC
18063,MEMACC
19327,MEMACC
10803,MEMACC
18030,MEMACC
32441,MEMACC
16793,MEMACC
32270,MEMACC
12784,L2HIT
21439,MEMACC
30234,MEMACC
13635,MEMACC
19427,MEMACC
13635,MEMACC
19427,MEMACC
6507,MEMACC
4975,MEMACC
4547,MEMACC
7383,MEMACC
21597,MEMACC
26337,MEMACC
13129,MEMACC
7821,MEMACC
10033,MEMACC
25944,MEMACC
18543,MEMACC
23160,MEMACC
11557,MEMACC
29978,MEMACC
27654,MEMACC
6317,MEMACC
21530,MEMACC
23958,MEMACC
6930,MEMACC
21029,MEMACC
17881,MEMACC
18376,MEMACC
32619,MEMACC
127,MEMACC
20970,MEMACC
20624,MEMACC
30191,MEMACC
14809,MEMACC
20399,MEMACC
1318,MEMACC
28473,MEMACC
1318,L1HIT
28473,MEMACC
3656,MEMACC
11294,MEMACC
15153,MEMACC
21757,MEMACC
15153,L1HIT
21757,MEMACC
13267,MEMACC
17146,MEMACC
17146,L1HIT
16153,MEMACC
30329,MEMACC
8706,MEMACC
7376,MEMACC
28016,MEMACC
12175,MEMACC
17677,MEMACC
18412,MEMACC
18252,MEMACC
2631,MEMACC
18978,MEMACC
9036,MEMACC
27766,MEMACC
22453,MEMACC
7216,MEMACC
25179,MEMACC
9036,L1HIT
27766,L1HIT
22453,L1HIT
7216,MEMACC
25179,L1HIT
12036,MEMACC
9215,MEMACC
29450,MEMACC
24534,MEMACC
26394,MEMACC
19385,MEMACC
21754,MEMACC
31684,MEMACC
21160,MEMACC
1907,MEMACC
4639,MEMACC
1103,MEMACC
17859,MEMACC
30775,MEMACC
30791,MEMACC
30808,MEMACC
30815,MEMACC
30829,MEMACC
18572,MEMACC
18578,MEMACC
23161,L2HIT
23180,MEMACC
23199,MEMACC
23206,MEMACC
23213,MEMACC
23222,MEMACC
19793,MEMACC
10203,MEMACC
16668,MEMACC
653,MEMACC
17287,MEMACC
26845,MEMACC
1618,MEMACC
14507,MEMACC
25968,MEMACC
13721,MEMACC
2745,MEMACC
27234,MEMACC
31199,MEMACC
13422,MEMACC
6307,MEMACC
11683,MEMACC
1864,MEMACC
26749,MEMACC
23880,MEMACC
12897,MEMACC
20526,MEMACC
20536,MEMACC
11544,MEMACC
11547,L1HIT
18393,MEMACC
14170,MEMACC
9866,MEMACC
27828,MEMACC
19949,MEMACC
5371,MEMACC
6548,MEMACC
32113,MEMACC
32514,MEMACC
30413,MEMACC
31933,MEMACC
23786,MEMACC
32676,MEMACC
18113,MEMACC
12931,MEMACC
29333,MEMACC
27621,MEMACC
17005,MEMACC
11817,MEMACC
23751,MEMACC
17803,MEMACC
4662,MEMACC
830,MEMACC
25623,MEMACC
9336,MEMACC
24308,MEMACC
14744,MEMACC
6206,MEMACC
5814,MEMACC
12530,MEMACC
29145,MEMACC
1390,MEMACC
12650,MEMACC
3971,MEMACC
32489,MEMACC
11979,MEMACC
29151,MEMACC
19261,MEMACC
26388,MEMACC
1534,MEMACC
27770,MEMACC
27778,MEMACC
16859,MEMACC
1053,MEMACC
12602,MEMACC
7872,MEMACC
2178,MEMACC
12654,MEMACC
32735,MEMACC
6608,MEMACC
26459,MEMACC
22111,MEMACC
20561,MEMACC
7031,MEMACC
27428,MEMACC
16045,MEMACC
27952,MEMACC
27747,MEMACC
4865,MEMACC
23450,MEMACC
4803,MEMACC
29703,MEMACC
6760,MEMACC
31092,MEMACC
5912,MEMACC
9851,MEMACC
19169,MEMACC
28751,MEMACC
9746,MEMACC
29395,MEMACC
5586,MEMACC
1926,MEMACC
23476,MEMACC
31157,MEMACC
908,MEMACC
19183,MEMACC
27520,MEMACC
7098,MEMACC
4706,MEMACC
3204,MEMACC
8253,MEMACC
10972,MEMACC
16098,MEMACC
16100,MEMACC
16119,MEMACC
16132,MEMACC
16146,MEMACC
16160,MEMACC
16176,MEMACC
21467,MEMACC
4507,MEMACC
29404,MEMACC
32244,MEMACC
12991,MEMACC
11472,MEMACC
2145,MEMACC
10137,MEMACC
32244,L1HIT
12991,MEMACC
11472,L1HIT
2145,MEMACC
10137,L1HIT
2145,MEMACC
10137,L1HIT
8986,MEMACC
18428,MEMACC
22173,MEMACC
16938,MEMACC
16951,MEMACC
16963,MEMACC
16963,L1HIT
16977,MEMACC
16989,MEMACC
17003,MEMACC
22974,MEMACC
20108,MEMACC
7436,MEMACC
23900,MEMACC
16685,MEMACC
17629,MEMACC
3730,MEMACC
4880,MEMACC
5729,MEMACC
3715,MEMACC
24755,MEMACC
30241,MEMACC
19200,MEMACC
29518,MEMACC
10967,MEMACC
29236,MEMACC
2259,MEMACC
21591,MEMACC
1994,MEMACC
12656,MEMACC
30779,MEMACC
4867,MEMACC
3823,MEMACC
30779,MEMACC
4867,L1HIT
3823,L1HIT
6776,MEMACC
30779,MEMACC
4867,L1HIT
8494,MEMACC
8499,MEMACC
5167,MEMACC
1170,MEMACC
3953,MEMACC
4692,MEMACC
6220,MEMACC
28745,MEMACC
18255,MEMACC
27936,MEMACC
24397,MEMACC
21974,MEMACC
9660,MEMACC
12596,MEMACC
6747,MEMACC
21657,MEMACC
21016,MEMACC
13817,MEMACC
31024,MEMACC
7974,MEMACC
16536,MEMACC
9806,MEMACC
3329,MEMACC
3316,MEMACC
3824,MEMACC
16679,MEMACC
22904,MEMACC
28181,MEMACC
1594,MEMACC
15735,MEMACC
16891,MEMACC
19185,MEMACC
27079,MEMACC
14195,MEMACC
10355,MEMACC
10160,MEMACC
32100,MEMACC
2651,MEMACC
25088,MEMACC
25111,MEMACC
7450,MEMACC
21642,MEMACC
27313,MEMACC
12211,MEMACC
19419,MEMACC
22910,MEMACC
4860,MEMACC
23958,L2HIT
59,MEMACC
3451,MEMACC
10522,MEMACC
24510,MEMACC
17546,MEMACC
12672,MEMACC
6859,MEMACC
20630,MEMACC
3793,MEMACC
16441,MEMACC
10522,MEMACC
24510,L1HIT
17546,L1HIT
12672,L1HIT
6859,MEMACC
20630,MEMACC
21701,MEMACC
26324,MEMACC
18718,MEMACC
6917,MEMACC
25959,MEMACC
3691,MEMACC
25727,MEMACC
25744,MEMACC
25746,MEMACC
25760,MEMACC
27524,MEMACC
31582,MEMACC
14358,MEMACC
2485,MEMACC
3475,MEMACC
15485,MEMACC
28687,MEMACC
23777,MEMACC
31491,MEMACC
31582,L1HIT
14022,MEMACC
9380,MEMACC
31444,MEMACC
29536,MEMACC
14497,MEMACC
1857,MEMACC
27532,MEMACC
6300,MEMACC
8936,MEMACC
25315,MEMACC
11483,MEMACC
4758,MEMACC
18056,MEMACC
22024,MEMACC
23030,MEMACC
31140,MEMACC
14857,MEMACC
27532,L2HIT
6300,MEMACC
8936,L2HIT
25315,MEMACC
11483,L2HIT
4758,MEMACC
18056,L2HIT
22024,MEMACC
23030,L2HIT
31140,MEMACC
14857,MEMACC
9090,MEMACC
23217,MEMACC
27960,MEMACC
5863,MEMACC
5874,MEMACC
5884,MEMACC
5884,MEMACC
5889,MEMACC
5896,MEMACC
5900,MEMACC
5917,MEMACC
5929,MEMACC
3097,MEMACC
3103,MEMACC
3113,MEMACC
3124,MEMACC
3137,MEMACC
3153,MEMACC
3158,MEMACC
4088,MEMACC
4100,MEMACC
4103,MEMACC
4121,MEMACC
4121,L1HIT
4130,MEMACC
28441,MEMACC
16427,MEMACC
3747,MEMACC
19625,MEMACC
14792,MEMACC
20121,MEMACC
2755,MEMACC
24613,MEMACC
3104,MEMACC
30810,L2HIT
18033,MEMACC
1659,MEMACC
22082,MEMACC
22427,MEMACC
7759,MEMACC
31338,MEMACC
27124,MEMACC
5456,MEMACC
5092,MEMACC
25272,MEMACC
18110,MEMACC
20693,MEMACC
18351,MEMACC
8221,MEMACC
14509,MEMACC
27727,MEMACC
1602,MEMACC
24881,MEMACC
24679,MEMACC
2349,MEMACC
1927,MEMACC
8221,MEMACC
14509,L2HIT
27727,L2HIT
24754,L2HIT
5577,MEMACC
14433,MEMACC
17528,MEMACC
18110,MEMACC
32286,MEMACC
30337,MEMACC
6020,MEMACC
21863,MEMACC
21865,MEMACC
21878,MEMACC
21886,MEMACC
17359,MEMACC
8559,MEMACC
8786,MEMACC
21707,MEMACC
24589,MEMACC
11491,MEMACC
21148,MEMACC
25704,MEMACC
10391,MEMACC
27563,MEMACC
3819,MEMACC
17359,MEMACC
8559,L2HIT
3143,MEMACC
3159,MEMACC
3164,MEMACC
3176,MEMACC
3179,L1HIT
3197,MEMACC
3210,MEMACC
22738,MEMACC
22746,MEMACC
22765,MEMACC
22772,MEMACC
22790,MEMACC
22805,MEMACC
23724,MEMACC
29318,MEMACC
19689,MEMACC
14509,L2HIT
3130,MEMACC
19796,MEMACC
16393,MEMACC
31263,MEMACC
29318,MEMACC
7359,MEMACC
1328,MEMACC
12195,MEMACC
17018,MEMACC
23934,MEMACC
14408,MEMACC
19689,MEMACC
14509,L2HIT
7152,MEMACC
7154,MEMACC
7170,MEMACC
7178,MEMACC
28227,MEMACC
23842,MEMACC
30363,MEMACC
22759,MEMACC
19769,MEMACC
20364,MEMACC
3576,MEMACC
11187,MEMACC
11562,MEMACC
24022,MEMACC
17842,MEMACC
13191,MEMACC
14783,MEMACC
16750,MEMACC
13884,MEMACC
23842,MEMACC
30363,L2HIT
22759,L2HIT
24022,L2HIT
17842,MEMACC
13191,L2HIT
19045,MEMACC
13308,MEMACC
26295,MEMACC
21194,MEMACC
6185,MEMACC
19591,MEMACC
13508,MEMACC
22231,MEMACC
32383,MEMACC
30948,MEMACC
17465,MEMACC
31866,MEMACC
6947,MEMACC
11469,MEMACC
15287,MEMACC
26551,MEMACC
21156,MEMACC
9842,MEMACC
17032,MEMACC
10366,MEMACC
2612,MEMACC
2618,MEMACC
2629,MEMACC
2631,L1HIT
19031,MEMACC
25476,MEMACC
15728,MEMACC
19464,MEMACC
29729,MEMACC
2094,MEMACC
27697,MEMACC
9368,MEMACC
17326,MEMACC
19194,MEMACC
11470,L2HIT
5960,MEMACC
15434,MEMACC
9776,MEMACC
26455,MEMACC
8875,MEMACC
7640,MEMACC
20947,MEMACC
21714,MEMACC
4340,MEMACC
5408,MEMACC
31205,MEMACC
25192,MEMACC
8601,MEMACC
9457,MEMACC
19430,MEMACC
30676,MEMACC
5999,MEMACC
10882,MEMACC
17983,MEMACC
6437,MEMACC
21242,MEMACC
14762,MEMACC
14856,MEMACC
31694,MEMACC
31302,MEMACC
28540,MEMACC
3579,MEMACC
9558,MEMACC
28685,MEMACC
32146,MEMACC
373,MEMACC
22791,L2HIT
25328,MEMACC
10337,MEMACC
11528,MEMACC
25139,MEMACC
26344,MEMACC
22128,MEMACC
32754,MEMACC
32754,L1HIT
9854,MEMACC
3753,MEMACC
10211,MEMACC
13563,MEMACC
23496,MEMACC
17138,MEMACC
2146,MEMACC
148,MEMACC
2553,MEMACC
11737,MEMACC
20763,MEMACC
15463,MEMACC
15935,MEMACC
32517,MEMACC
7686,MEMACC
10239,MEMACC
15040,MEMACC
1740,MEMACC
10034,L2HIT
18671,MEMACC
9879,MEMACC
16923,MEMACC
21988,MEMACC
32666,MEMACC
10992,MEMACC
10996,MEMACC
2542,MEMACC
6365,MEMACC
3562,MEMACC
29067,MEMACC
24658,MEMACC
20195,MEMACC
1707,MEMACC
26932,MEMACC
14164,MEMACC
17026,MEMACC
25103,MEMACC
4904,MEMACC
8637,MEMACC
27073,MEMACC
31593,MEMACC
585,MEMACC
3720,MEMACC
6272,MEMACC
6783,MEMACC
14735,MEMACC
22766,L2HIT
22775,MEMACC
8765,MEMACC
4042,MEMACC
7838,MEMACC
2627,MEMACC
18740,MEMACC
31121,MEMACC
23645,MEMACC
7088,MEMACC
15240,MEMACC
21026,MEMACC
19447,MEMACC
24792,MEMACC
19139,MEMACC
5206,MEMACC
17440,MEMACC
4883,L2HIT
4066,MEMACC
24094,MEMACC
30528,MEMACC
17671,MEMACC
20733,MEMACC
20740,MEMACC
20756,MEMACC
