8616,MEMACC
8621,MEMACC
29891,MEMACC
29907,L1HIT
29925,L1HIT
29933,L1HIT
29939,L1HIT
25389,MEMACC
3660,MEMACC
21023,MEMACC
20672,MEMACC
5347,MEMACC
13488,MEMACC
31897,MEMACC
27084,MEMACC
14631,MEMACC
14043,MEMACC
7204,MEMACC
29627,MEMACC
757,MEMACC
25763,MEMACC
11317,MEMACC
23212,MEMACC
31835,MEMACC
15760,MEMACC
30102,MEMACC
25265,MEMACC
21853,MEMACC
21871,MEMACC
21883,MEMACC
21885,MEMACC
21900,L1HIT
13872,MEMACC
2388,MEMACC
30874,MEMACC
31139,MEMACC
14214,MEMACC
8749,MEMACC
5501,MEMACC
16092,MEMACC
23509,MEMACC
747,MEMACC
28621,MEMACC
22172,MEMACC
7642,MEMACC
7470,L1HIT
12091,MEMACC
5897,MEMACC
32211,MEMACC
13373,MEMACC
31288,MEMACC
27434,MEMACC
1145,MEMACC
32008,L1HIT
26576,MEMACC
19263,MEMACC
19719,MEMACC
7170,MEMACC
16131,MEMACC
31212,L1HIT
19719,MEMACC
3456,MEMACC
25114,MEMACC
12102,MEMACC
7170,L1HIT
16131,MEMACC
15394,MEMACC
15412,L1HIT
15429,L1HIT
15433,L1HIT
23930,MEMACC
23933,MEMACC
23937,MEMACC
23953,MEMACC
23963,L1HIT
31617,MEMACC
32478,MEMACC
24085,MEMACC
31,MEMACC
18624,MEMACC
18335,MEMACC
9459,MEMACC
24713,MEMACC
24131,L1HIT
21306,MEMACC
285,MEMACC
22936,MEMACC
12726,MEMACC
11685,MEMACC
3906,MEMACC
9812,MEMACC
22374,MEMACC
5787,MEMACC
24047,L1HIT
8905,L1HIT
21095,L1HIT
14297,L1HIT
27845,MEMACC
29747,L1HIT
21191,L1HIT
22250,MEMACC
24333,MEMACC
3300,MEMACC
29027,MEMACC
13290,MEMACC
23482,L1HIT
5666,L1HIT
26373,MEMACC
24235,L1HIT
1784,MEMACC
2944,MEMACC
31504,L1HIT
13984,L1HIT
211,L1HIT
31340,MEMACC
31577,L1HIT
30032,L1HIT
13323,MEMACC
12453,MEMACC
9410,L1HIT
4932,MEMACC
8802,L1HIT
21015,L1HIT
11948,MEMACC
14165,L1HIT
6839,MEMACC
112,L1HIT
4127,MEMACC
10630,MEMACC
7851,MEMACC
112,L1HIT
4127,L1HIT
10630,MEMACC
7851,MEMACC
2093,MEMACC
19757,MEMACC
880,MEMACC
12714,MEMACC
3349,L1HIT
21691,MEMACC
2093,MEMACC
19757,L1HIT
22078,L1HIT
17603,MEMACC
15217,MEMACC
25628,L1HIT
16261,MEMACC
16242,L1HIT
18026,MEMACC
25192,MEMACC
507,MEMACC
8121,MEMACC
32233,L1HIT
7372,L1HIT
10229,MEMACC
15241,MEMACC
10339,MEMACC
22124,L1HIT
7851,MEMACC
727,L1HIT
5745,L1HIT
19885,L1HIT
9756,MEMACC
9764,MEMACC
24934,MEMACC
32258,MEMACC
27448,MEMACC
23551,L1HIT
4276,L1HIT
3768,MEMACC
31319,MEMACC
19619,MEMACC
11621,MEMACC
14674,L1HIT
32547,MEMACC
4680,MEMACC
18503,L1HIT
7691,MEMACC
27821,MEMACC
4475,MEMACC
2891,L1HIT
24417,MEMACC
27239,MEMACC
9803,MEMACC
18517,L1HIT
27520,L1HIT
28689,MEMACC
3564,L1HIT
1557,MEMACC
23365,L1HIT
7733,L1HIT
29749,L1HIT
22832,L1HIT
28062,MEMACC
7730,L1HIT
27267,L1HIT
1434,MEMACC
18517,L1HIT
27520,L1HIT
28689,MEMACC
12440,L1HIT
22186,L1HIT
15055,MEMACC
7733,L1HIT
24655,MEMACC
24670,L1HIT
24681,L1HIT
24694,L1HIT
12290,L1HIT
22420,L1HIT
18624,L1HIT
3358,L1HIT
1333,MEMACC
4509,MEMACC
4638,MEMACC
21214,L1HIT
32727,MEMACC
14637,L1HIT
30504,MEMACC
8905,L1HIT
12385,L1HIT
24842,L1HIT
23836,L1HIT
21128,L1HIT
29931,L1HIT
28464,MEMACC
32383,MEMACC
28510,MEMACC
28464,MEMACC
4372,MEMACC
497,MEMACC
27295,L1HIT
29931,L1HIT
28464,MEMACC
4372,L1HIT
497,L1HIT
7496,L1HIT
1859,MEMACC
26931,MEMACC
25071,L1HIT
29909,L1HIT
15383,L1HIT
7809,L1HIT
11350,MEMACC
13373,L1HIT
22171,L1HIT
5415,MEMACC
11350,MEMACC
9271,L1HIT
26679,MEMACC
11393,MEMACC
9841,MEMACC
26412,MEMACC
13673,MEMACC
5118,L1HIT
4858,L1HIT
8042,L1HIT
28245,MEMACC
21929,L1HIT
14204,L1HIT
1792,MEMACC
20243,MEMACC
58,L1HIT
12466,L1HIT
15856,L1HIT
9288,L1HIT
633,L1HIT
177,L1HIT
22429,L1HIT
27921,MEMACC
6843,L1HIT
6091,MEMACC
4136,L1HIT
13211,MEMACC
6091,L1HIT
4136,L1HIT
13211,L1HIT
17599,MEMACC
4684,L1HIT
28245,MEMACC
21929,L1HIT
14934,L1HIT
29185,MEMACC
23222,L1HIT
18107,L1HIT
20105,MEMACC
16879,MEMACC
16879,MEMACC
8043,L1HIT
11064,MEMACC
19425,MEMACC
16474,MEMACC
9195,MEMACC
9755,L1HIT
916,L1HIT
20644,L1HIT
14403,MEMACC
31080,L1HIT
22340,L1HIT
31339,L1HIT
6937,MEMACC
30357,MEMACC
6937,L1HIT
30357,L1HIT
12432,L1HIT
2241,MEMACC
19972,MEMACC
964,L1HIT
4994,L1HIT
29611,L1HIT
31407,L1HIT
31410,L1HIT
31416,L1HIT
31431,L1HIT
31444,L1HIT
28632,MEMACC
31064,L1HIT
9518,MEMACC
1932,L1HIT
28632,L1HIT
31064,L1HIT
9518,MEMACC
1932,L1HIT
11786,L1HIT
25590,MEMACC
24497,MEMACC
9679,MEMACC
7814,L1HIT
8252,MEMACC
26062,MEMACC
23488,L1HIT
9278,L1HIT
28632,L1HIT
17734,MEMACC
26166,MEMACC
28007,L1HIT
5989,L1HIT
32082,L1HIT
23350,L1HIT
5586,L1HIT
25590,L1HIT
24497,MEMACC
7814,L1HIT
8252,MEMACC
26062,MEMACC
23488,L1HIT
9278,L1HIT
28632,L1HIT
28749,MEMACC
28756,MEMACC
28773,MEMACC
28774,MEMACC
28778,MEMACC
28785,L1HIT
20522,L1HIT
10103,MEMACC
26358,MEMACC
5957,L1HIT
9019,MEMACC
22683,MEMACC
104,L1HIT
28667,L1HIT
2789,MEMACC
20590,L1HIT
21079,L1HIT
10958,MEMACC
95,L1HIT
3511,L1HIT
3526,L1HIT
3545,L1HIT
3563,L1HIT
28969,MEMACC
29508,L1HIT
9559,MEMACC
4759,L1HIT
4051,MEMACC
10072,L1HIT
23789,MEMACC
21211,L1HIT
24610,L1HIT
26942,L1HIT
6187,MEMACC
13713,MEMACC
13370,L1HIT
18746,MEMACC
32384,L1HIT
23192,L1HIT
20466,MEMACC
30439,L1HIT
29005,MEMACC
2916,L1HIT
2481,MEMACC
4339,L1HIT
10513,MEMACC
12685,L1HIT
20793,MEMACC
18657,L1HIT
32145,L1HIT
10830,L1HIT
7294,L1HIT
11666,L1HIT
6495,MEMACC
4458,L1HIT
4458,L1HIT
14361,MEMACC
27432,L1HIT
27422,L1HIT
8499,MEMACC
17423,L1HIT
398,L1HIT
26484,MEMACC
2745,MEMACC
10850,L1HIT
12804,MEMACC
27422,L1HIT
8499,MEMACC
17423,L1HIT
398,L1HIT
26484,MEMACC
2745,MEMACC
10850,L1HIT
12804,L1HIT
18842,L1HIT
5742,L1HIT
26484,MEMACC
2745,MEMACC
10850,L1HIT
12804,L1HIT
29962,L1HIT
1568,MEMACC
24575,MEMACC
26138,MEMACC
25845,L1HIT
26183,L1HIT
810,L1HIT
3308,MEMACC
26938,L1HIT
9396,L1HIT
5943,L1HIT
3933,L1HIT
26363,L1HIT
12465,L1HIT
28349,MEMACC
1464,MEMACC
29155,L1HIT
15404,L1HIT
21527,L1HIT
24109,L1HIT
26166,L1HIT
2020,L1HIT
20304,L1HIT
15707,L1HIT
30085,L1HIT
20357,L1HIT
23192,L1HIT
2128,MEMACC
8947,L1HIT
5027,L1HIT
24289,L1HIT
12854,L1HIT
29693,L1HIT
3750,MEMACC
15083,L1HIT
26825,MEMACC
9541,L1HIT
2879,L1HIT
32728,L1HIT
16201,L1HIT
13022,L1HIT
13029,L1HIT
13034,L1HIT
13041,L1HIT
18899,L1HIT
18908,L1HIT
13038,L1HIT
26285,L1HIT
10302,L1HIT
7530,L1HIT
6163,MEMACC
1448,L1HIT
20252,L1HIT
21939,L1HIT
23334,L1HIT
22504,L1HIT
6290,MEMACC
967,L1HIT
13319,L1HIT
11594,L1HIT
29796,L1HIT
15989,MEMACC
24825,L1HIT
12079,L1HIT
6134,L1HIT
12112,L1HIT
14075,L1HIT
2258,MEMACC
28974,L1HIT
28435,L1HIT
13463,L1HIT
14118,L1HIT
32426,L1HIT
4918,L1HIT
9456,L1HIT
10308,L1HIT
12450,L1HIT
26209,L1HIT
6262,MEMACC
12576,L1HIT
19641,L1HIT
27723,MEMACC
18846,L1HIT
16597,L1HIT
9174,MEMACC
11792,L1HIT
15136,L1HIT
16547,L1HIT
23728,MEMACC
6074,L1HIT
25315,L1HIT
9743,L1HIT
909,L1HIT
9771,L1HIT
21668,L1HIT
7628,L1HIT
19185,MEMACC
29240,L1HIT
4363,L1HIT
5842,L1HIT
19078,MEMACC
2539,MEMACC
5992,L1HIT
5082,L1HIT
27612,L1HIT
31823,L1HIT
31446,L1HIT
20861,MEMACC
29273,L1HIT
10724,L1HIT
23783,L1HIT
24565,L1HIT
1898,L1HIT
3762,MEMACC
4735,L1HIT
26994,L1HIT
14174,L1HIT
16386,L1HIT
2890,L1HIT
31446,L1HIT
20861,L1HIT
29273,L1HIT
10724,L1HIT
23783,L1HIT
24565,L1HIT
1898,L1HIT
3762,MEMACC
14174,L1HIT
14155,L1HIT
23262,L1HIT
4575,L1HIT
25318,L1HIT
1656,L1HIT
36,L1HIT
19800,L1HIT
10001,L1HIT
10017,L1HIT
10029,L1HIT
10031,L1HIT
10041,L1HIT
10049,L1HIT
9362,L1HIT
17099,MEMACC
17834,MEMACC
25574,L1HIT
27151,L1HIT
25925,MEMACC
16936,L1HIT
8582,MEMACC
14279,L1HIT
14567,L1HIT
20659,L1HIT
9416,L1HIT
7410,L1HIT
16371,L1HIT
20285,L1HIT
24979,L1HIT
31674,L1HIT
24474,L1HIT
19839,L1HIT
4192,L1HIT
13650,L1HIT
3980,L1HIT
30130,L1HIT
19000,L1HIT
12316,L1HIT
5712,L1HIT
22407,L1HIT
11313,MEMACC
446,L1HIT
9373,L1HIT
22813,L1HIT
26588,MEMACC
28547,L1HIT
15629,L1HIT
10147,L1HIT
5152,L1HIT
9632,L1HIT
3039,L1HIT
9514,L1HIT
6446,MEMACC
31467,L1HIT
13201,L1HIT
17697,MEMACC
10992,L1HIT
3980,L1HIT
2711,MEMACC
28298,MEMACC
21889,L1HIT
26582,L1HIT
11389,L1HIT
27058,L1HIT
26906,L1HIT
16168,L1HIT
11941,L1HIT
4487,L1HIT
14718,L1HIT
3547,L1HIT
6592,L1HIT
5303,L1HIT
292,L1HIT
5938,L1HIT
10275,L1HIT
17712,L1HIT
3675,MEMACC
28899,L1HIT
6708,L1HIT
19345,MEMACC
24471,L1HIT
30447,L1HIT
27566,L1HIT
30930,MEMACC
877,L1HIT
7266,L1HIT
6415,L1HIT
16976,L1HIT
21623,L1HIT
8240,MEMACC
23409,L1HIT
27355,L1HIT
28475,L1HIT
17,L1HIT
836,L1HIT
21347,L1HIT
12595,L1HIT
8784,L1HIT
11819,L1HIT
13231,L1HIT
26898,L1HIT
4999,L1HIT
14556,L1HIT
30853,MEMACC
9417,L1HIT
13200,L1HIT
1663,L1HIT
4822,L1HIT
16492,L1HIT
1273,MEMACC
20684,L1HIT
4039,L1HIT
28134,L1HIT
348,L1HIT
30853,MEMACC
9417,L1HIT
13200,L1HIT
1663,L1HIT
19739,L1HIT
9805,L1HIT
7039,L1HIT
25031,L1HIT
18268,MEMACC
6310,MEMACC
7644,L1HIT
16743,MEMACC
3541,L1HIT
13561,L1HIT
330,L1HIT
2843,L1HIT
6296,L1HIT
1714,L1HIT
19034,L1HIT
21702,L1HIT
14986,L1HIT
15565,L1HIT
3305,L1HIT
9772,L1HIT
13984,L1HIT
5883,L1HIT
4903,L1HIT
4104,L1HIT
27167,L1HIT
1562,L1HIT
6281,L1HIT
19579,L1HIT
29907,L1HIT
26140,L1HIT
30673,L1HIT
12562,L1HIT
993,L1HIT
21336,L1HIT
9332,L1HIT
5746,L1HIT
26315,L1HIT
9809,L1HIT
12287,L1HIT
14199,L1HIT
13380,L1HIT
22619,L1HIT
29550,L1HIT
29199,L1HIT
2997,L1HIT
10174,L1HIT
6329,L1HIT
1564,L1HIT
9784,L1HIT
27349,L1HIT
25811,L1HIT
23197,L1HIT
24543,L1HIT
1071,L1HIT
18042,L1HIT
1547,L1HIT
21111,L1HIT
16600,L1HIT
5171,L1HIT
13944,L1HIT
1529,L1HIT
21111,L1HIT
16600,L1HIT
5171,L1HIT
13944,L1HIT
1529,L1HIT
16275,L1HIT
29498,L1HIT
7622,L1HIT
28046,L1HIT
19658,L1HIT
27500,L1HIT
18393,MEMACC
18961,L1HIT
21033,L1HIT
17057,L1HIT
16846,L1HIT
30659,L1HIT
13394,L1HIT
1547,L1HIT
21111,L1HIT
30659,L1HIT
13394,L1HIT
1547,L1HIT
21111,L1HIT
16600,L1HIT
5171,L1HIT
13944,L1HIT
1529,L1HIT
16275,L1HIT
29498,L1HIT
7622,L1HIT
6700,L1HIT
30740,MEMACC
30742,MEMACC
30752,MEMACC
30770,MEMACC
12408,L1HIT
8553,MEMACC
25659,L1HIT
12089,L1HIT
18756,L1HIT
8208,MEMACC
7526,L1HIT
6224,L1HIT
2968,L1HIT
5214,L1HIT
11514,L1HIT
14773,L1HIT
12783,L1HIT
12089,L1HIT
18756,L1HIT
8208,L1HIT
681,L1HIT
12408,L1HIT
8553,MEMACC
25659,L1HIT
15287,L1HIT
15288,L1HIT
9358,L1HIT
9369,L1HIT
15852,L1HIT
17775,L1HIT
14123,L1HIT
3234,L1HIT
31965,L1HIT
5330,L1HIT
29678,L1HIT
21996,L1HIT
7264,L1HIT
23967,L1HIT
27629,L1HIT
7962,L1HIT
15342,L1HIT
28695,L1HIT
20091,MEMACC
22296,L1HIT
11988,L1HIT
3824,MEMACC
28927,L1HIT
25478,L1HIT
19414,MEMACC
19425,L1HIT
19442,L1HIT
19445,L1HIT
11776,L1HIT
5255,L1HIT
29332,L1HIT
25947,MEMACC
29332,L1HIT
25947,MEMACC
12203,L1HIT
26363,L1HIT
2483,MEMACC
20716,L1HIT
24826,L1HIT
22395,L1HIT
27339,L1HIT
11775,L1HIT
26074,MEMACC
19504,L1HIT
20716,L1HIT
24826,L1HIT
22395,L1HIT
27339,L1HIT
11775,L1HIT
26074,MEMACC
14202,L1HIT
18622,L1HIT
11776,L1HIT
5255,L1HIT
29332,L1HIT
25947,MEMACC
12203,L1HIT
26363,L1HIT
2483,L1HIT
20716,L1HIT
24513,L1HIT
24531,L1HIT
10606,L1HIT
10162,L1HIT
8504,MEMACC
7067,L1HIT
14768,L1HIT
18560,L1HIT
19706,L1HIT
24655,L1HIT
22551,L1HIT
24749,L1HIT
9064,L1HIT
8086,L1HIT
21613,L1HIT
2884,L1HIT
19667,L1HIT
8531,MEMACC
31406,L1HIT
24866,L1HIT
32259,L1HIT
15740,L1HIT
20856,L1HIT
5296,L1HIT
23709,L1HIT
27875,MEMACC
19018,L1HIT
1034,L1HIT
18517,L1HIT
9812,L1HIT
12531,L1HIT
4403,L1HIT
19416,L1HIT
23976,L1HIT
10911,L1HIT
24512,L1HIT
9323,L1HIT
8031,L1HIT
13519,L1HIT
20028,MEMACC
16875,L1HIT
24365,L1HIT
8869,L1HIT
22343,L1HIT
3194,L1HIT
28004,L1HIT
1772,L1HIT
15105,L1HIT
30436,L1HIT
3312,L1HIT
21881,L1HIT
6064,L1HIT
696,L1HIT
77,L1HIT
13733,L1HIT
27777,L1HIT
11645,L1HIT
24095,L1HIT
2110,L1HIT
23985,L1HIT
25193,L1HIT
14432,L1HIT
21781,L1HIT
7914,L1HIT
25822,L1HIT
25141,L1HIT
29331,L1HIT
26399,L1HIT
5561,L1HIT
31475,L1HIT
19622,L1HIT
2651,MEMACC
16870,L1HIT
12767,L1HIT
222,L1HIT
14249,L1HIT
23983,L1HIT
21131,L1HIT
5214,L1HIT
25155,L1HIT
25393,L1HIT
31997,L1HIT
30233,L1HIT
30236,L1HIT
30252,L1HIT
9128,L1HIT
191,L1HIT
10906,L1HIT
8284,L1HIT
26118,L1HIT
10779,L1HIT
9948,L1HIT
17213,MEMACC
8434,L1HIT
7585,L1HIT
6963,L1HIT
28228,L1HIT
22246,L1HIT
17017,L1HIT
21562,L1HIT
2745,L1HIT
17948,L1HIT
21562,L1HIT
2745,L1HIT
17948,L1HIT
