10936,MEMACC
10532,MEMACC
32147,MEMACC
9696,MEMACC
895,MEMACC
18626,MEMACC
30550,MEMACC
12037,MEMACC
22233,MEMACC
895,L1HIT
18626,MEMACC
30550,MEMACC
23057,MEMACC
23058,MEMACC
30870,MEMACC
8715,MEMACC
24830,MEMACC
6810,MEMACC
31475,MEMACC
14744,MEMACC
27490,MEMACC
5126,MEMACC
31994,MEMACC
17569,MEMACC
28650,MEMACC
22974,MEMACC
30444,MEMACC
23161,MEMACC
1410,MEMACC
9998,MEMACC
21375,MEMACC
14471,MEMACC
14794,MEMACC
920,MEMACC
711,MEMACC
21910,MEMACC
11215,MEMACC
5800,MEMACC
21575,MEMACC
29039,MEMACC
18815,MEMACC
24429,MEMACC
8107,MEMACC
23056,MEMACC
31811,MEMACC
6196,MEMACC
24489,MEMACC
17642,MEMACC
12813,MEMACC
4984,MEMACC
6030,MEMACC
21665,MEMACC
20385,MEMACC
28966,MEMACC
28044,MEMACC
28050,MEMACC
28054,L1HIT
28072,L1HIT
28073,L1HIT
28077,L1HIT
28089,L1HIT
4629,MEMACC
11394,MEMACC
11883,MEMACC
4627,L1HIT
3063,MEMACC
8853,MEMACC
29787,MEMACC
12103,MEMACC
20589,MEMACC
16641,MEMACC
4627,L1HIT
3063,L1HIT
17610,L1HIT
11013,MEMACC
7343,MEMACC
25216,MEMACC
30990,MEMACC
16450,MEMACC
4651,L1HIT
12916,MEMACC
6003,MEMACC
7850,MEMACC
29799,L1HIT
16310,MEMACC
23286,MEMACC
26137,MEMACC
10193,MEMACC
7484,MEMACC
21445,MEMACC
18273,MEMACC
3912,MEMACC
13785,MEMACC
15442,MEMACC
4471,MEMACC
14958,MEMACC
10054,MEMACC
14608,MEMACC
28023,MEMACC
32505,MEMACC
14621,MEMACC
11397,MEMACC
32505,L1HIT
14621,L1HIT
16676,MEMACC
2271,MEMACC
2569,MEMACC
10608,MEMACC
25536,MEMACC
11397,MEMACC
25782,MEMACC
21661,MEMACC
23715,MEMACC
7646,MEMACC
24252,MEMACC
15672,MEMACC
25082,MEMACC
19701,MEMACC
16354,MEMACC
32122,MEMACC
2977,MEMACC
22504,MEMACC
22792,MEMACC
23875,MEMACC
29909,MEMACC
8404,MEMACC
29236,MEMACC
25035,L1HIT
12677,MEMACC
26665,MEMACC
17504,MEMACC
10461,MEMACC
29997,MEMACC
4497,MEMACC
4510,L1HIT
4511,L1HIT
4530,L1HIT
26749,MEMACC
3483,MEMACC
4241,MEMACC
12304,MEMACC
25502,MEMACC
23779,MEMACC
26721,L1HIT
20698,MEMACC
17134,MEMACC
23234,MEMACC
5026,MEMACC
20997,MEMACC
16986,MEMACC
23423,MEMACC
2530,MEMACC
28814,MEMACC
22449,MEMACC
23656,MEMACC
21459,L1HIT
9138,MEMACC
2638,MEMACC
17865,MEMACC
11124,MEMACC
31698,MEMACC
22532,MEMACC
19007,MEMACC
12058,L1HIT
28208,MEMACC
9443,MEMACC
15443,L1HIT
27568,MEMACC
29343,MEMACC
29513,MEMACC
21061,MEMACC
29316,MEMACC
5603,MEMACC
12054,L1HIT
6139,MEMACC
30632,MEMACC
15781,MEMACC
31104,MEMACC
20483,MEMACC
9768,MEMACC
29050,MEMACC
26139,MEMACC
723,MEMACC
21377,MEMACC
12233,MEMACC
8327,MEMACC
10644,MEMACC
25300,MEMACC
25266,MEMACC
19821,MEMACC
14311,MEMACC
16854,MEMACC
10883,L1HIT
31867,MEMACC
4067,MEMACC
24654,MEMACC
23098,L1HIT
9648,MEMACC
4925,MEMACC
26099,MEMACC
12262,MEMACC
10893,L1HIT
28821,L1HIT
15373,MEMACC
4579,MEMACC
18545,MEMACC
30748,MEMACC
9699,L1HIT
4925,MEMACC
26099,MEMACC
14905,MEMACC
10893,L1HIT
28821,L1HIT
15373,L1HIT
4579,L1HIT
18545,MEMACC
27888,MEMACC
27900,L1HIT
27905,MEMACC
29476,MEMACC
29479,L1HIT
29497,L1HIT
11406,MEMACC
20990,MEMACC
7738,MEMACC
2107,MEMACC
30663,MEMACC
20022,MEMACC
474,MEMACC
18175,MEMACC
16133,MEMACC
21806,MEMACC
16133,L1HIT
21806,L1HIT
9437,MEMACC
6147,MEMACC
15679,MEMACC
10935,L1HIT
5299,MEMACC
24318,MEMACC
6634,MEMACC
20884,MEMACC
9247,MEMACC
32430,MEMACC
5231,MEMACC
4383,MEMACC
4383,MEMACC
29649,MEMACC
30038,MEMACC
32426,MEMACC
6147,L1HIT
15679,L1HIT
10935,L1HIT
19660,L1HIT
19665,L1HIT
19683,L1HIT
19686,L1HIT
19701,L1HIT
28790,MEMACC
20617,MEMACC
26382,MEMACC
13409,MEMACC
22715,MEMACC
26700,L1HIT
15517,MEMACC
24047,MEMACC
11433,MEMACC
29454,L1HIT
2516,MEMACC
20058,MEMACC
24452,L1HIT
32395,MEMACC
6981,MEMACC
4015,MEMACC
27838,MEMACC
2754,MEMACC
25059,L1HIT
4990,L1HIT
4972,L1HIT
30085,MEMACC
18780,L1HIT
8391,L1HIT
18346,MEMACC
10087,L1HIT
17762,MEMACC
19117,MEMACC
1580,MEMACC
9384,MEMACC
30379,MEMACC
6689,MEMACC
19979,MEMACC
10445,L1HIT
28121,MEMACC
26054,MEMACC
29720,MEMACC
16444,MEMACC
13201,MEMACC
23656,L1HIT
1642,MEMACC
12026,MEMACC
12042,L1HIT
12056,L1HIT
12060,L1HIT
12064,L1HIT
12791,MEMACC
12794,L1HIT
3230,MEMACC
4472,L1HIT
8964,MEMACC
22660,MEMACC
9386,MEMACC
23607,MEMACC
22660,MEMACC
9386,L1HIT
23607,MEMACC
19095,MEMACC
3174,MEMACC
26364,MEMACC
19824,L1HIT
1721,MEMACC
17880,L1HIT
13338,MEMACC
13658,MEMACC
32091,L1HIT
3230,MEMACC
4472,L1HIT
8964,L1HIT
19095,MEMACC
3174,MEMACC
18015,MEMACC
23641,L1HIT
8822,MEMACC
10931,L1HIT
4660,L1HIT
21685,L1HIT
3138,MEMACC
2042,MEMACC
14764,L1HIT
14728,L1HIT
22593,MEMACC
15186,MEMACC
7228,MEMACC
19201,MEMACC
21796,L1HIT
32243,MEMACC
23024,MEMACC
11908,MEMACC
111,MEMACC
20109,MEMACC
16198,MEMACC
4418,L1HIT
28398,MEMACC
20248,MEMACC
32031,MEMACC
20108,MEMACC
3745,MEMACC
20248,L1HIT
32031,L1HIT
20108,MEMACC
3745,MEMACC
5945,MEMACC
2467,MEMACC
28513,MEMACC
17195,MEMACC
32509,L1HIT
28513,MEMACC
17195,MEMACC
32509,L1HIT
11714,MEMACC
23764,MEMACC
17195,MEMACC
32509,L1HIT
11714,MEMACC
23764,MEMACC
10919,L1HIT
2431,MEMACC
18374,MEMACC
20710,MEMACC
16198,MEMACC
4418,L1HIT
27603,MEMACC
27607,L1HIT
27610,L1HIT
27614,L1HIT
27614,L1HIT
27624,L1HIT
7581,MEMACC
7155,MEMACC
1101,MEMACC
3523,MEMACC
17445,MEMACC
11622,MEMACC
20066,L1HIT
15962,MEMACC
21047,L1HIT
32452,L1HIT
19654,L1HIT
32215,L1HIT
20066,L1HIT
15962,L1HIT
21047,L1HIT
32452,L1HIT
12384,MEMACC
12598,MEMACC
3636,MEMACC
22735,MEMACC
24870,MEMACC
14957,MEMACC
7581,MEMACC
7155,L1HIT
7062,MEMACC
8892,MEMACC
7284,MEMACC
5730,MEMACC
20534,L1HIT
24133,MEMACC
28713,MEMACC
5391,MEMACC
671,MEMACC
7284,MEMACC
5730,MEMACC
1985,MEMACC
3326,MEMACC
2502,MEMACC
5703,MEMACC
24133,L1HIT
28713,L1HIT
5391,L1HIT
671,L1HIT
7284,MEMACC
5730,MEMACC
20534,L1HIT
210,MEMACC
18989,L1HIT
1985,L1HIT
3326,L1HIT
7284,MEMACC
5730,MEMACC
20534,L1HIT
2945,MEMACC
7446,MEMACC
23872,L1HIT
16195,MEMACC
3748,MEMACC
10122,MEMACC
14432,MEMACC
26929,MEMACC
31437,L1HIT
28669,MEMACC
6522,MEMACC
25221,MEMACC
27471,MEMACC
10131,MEMACC
11027,MEMACC
23245,MEMACC
12592,MEMACC
29845,MEMACC
31419,MEMACC
10541,L1HIT
8623,MEMACC
17183,MEMACC
10873,MEMACC
16395,MEMACC
1210,MEMACC
31489,MEMACC
1986,L1HIT
21395,L1HIT
1428,L1HIT
9953,MEMACC
6822,MEMACC
32671,MEMACC
32677,L1HIT
6895,MEMACC
28591,MEMACC
20625,L1HIT
31773,MEMACC
29977,MEMACC
17422,MEMACC
16895,MEMACC
7641,L1HIT
6756,MEMACC
12477,MEMACC
25506,L1HIT
12823,MEMACC
19496,MEMACC
728,L1HIT
29829,MEMACC
16695,L1HIT
11970,MEMACC
8867,MEMACC
18421,MEMACC
10748,MEMACC
1433,L1HIT
13867,MEMACC
3586,MEMACC
5126,MEMACC
25614,MEMACC
15871,MEMACC
11331,MEMACC
9403,L1HIT
2031,L1HIT
20474,MEMACC
19904,MEMACC
12009,MEMACC
12419,L1HIT
5089,MEMACC
13466,MEMACC
19672,L1HIT
5385,L1HIT
24393,L1HIT
14090,MEMACC
3783,MEMACC
29820,L1HIT
19130,MEMACC
13206,L1HIT
957,L1HIT
1905,MEMACC
28740,L1HIT
14790,MEMACC
1154,L1HIT
8698,MEMACC
8586,L1HIT
27991,L1HIT
16308,L1HIT
15517,L1HIT
15033,MEMACC
15035,L1HIT
15047,MEMACC
15063,L1HIT
11059,MEMACC
11063,MEMACC
28924,MEMACC
2692,MEMACC
17065,MEMACC
6084,L1HIT
31358,MEMACC
31841,L1HIT
21526,MEMACC
27751,MEMACC
7295,MEMACC
23297,MEMACC
2788,L1HIT
14399,MEMACC
3177,MEMACC
15382,L1HIT
1879,MEMACC
25257,L1HIT
22905,MEMACC
32198,L1HIT
5574,L1HIT
32692,L1HIT
31821,L1HIT
17907,L1HIT
213,MEMACC
18775,L1HIT
11380,L1HIT
15833,MEMACC
31043,MEMACC
30731,L1HIT
31821,L1HIT
15833,L1HIT
31043,MEMACC
30731,L1HIT
21452,L1HIT
13105,MEMACC
24216,L1HIT
20901,L1HIT
25909,MEMACC
23286,L1HIT
21110,MEMACC
23481,MEMACC
15275,MEMACC
22751,L1HIT
15221,L1HIT
8491,MEMACC
28377,L1HIT
21226,MEMACC
18580,MEMACC
27102,MEMACC
11950,L1HIT
27003,MEMACC
5714,MEMACC
30550,MEMACC
31194,MEMACC
14215,MEMACC
14216,L1HIT
14235,L1HIT
14514,L1HIT
10361,MEMACC
28786,L1HIT
12962,MEMACC
10440,L1HIT
16088,MEMACC
26148,MEMACC
3860,MEMACC
25948,MEMACC
2826,MEMACC
12518,MEMACC
7934,MEMACC
5707,MEMACC
31961,MEMACC
4056,L1HIT
29564,L1HIT
30359,L1HIT
20564,L1HIT
4222,MEMACC
32558,MEMACC
23629,L1HIT
20798,MEMACC
27834,MEMACC
0,MEMACC
28892,L1HIT
21476,L1HIT
1352,MEMACC
7508,MEMACC
17882,L1HIT
24608,MEMACC
9989,MEMACC
6004,MEMACC
31079,MEMACC
30215,MEMACC
19361,MEMACC
30356,L1HIT
7781,MEMACC
20622,L1HIT
7889,L1HIT
9488,MEMACC
30739,L1HIT
30745,L1HIT
28882,L1HIT
28882,L1HIT
28883,L1HIT
28891,L1HIT
28903,L1HIT
2453,MEMACC
3607,MEMACC
7969,MEMACC
32527,L1HIT
18515,MEMACC
16612,MEMACC
24842,L1HIT
18063,MEMACC
27763,MEMACC
18063,MEMACC
27763,MEMACC
6653,MEMACC
1804,MEMACC
13313,L1HIT
6625,L1HIT
24842,L1HIT
18063,MEMACC
27763,MEMACC
6653,L1HIT
1804,MEMACC
13313,L1HIT
5523,MEMACC
21375,L1HIT
10846,MEMACC
29367,L1HIT
29963,L1HIT
26413,MEMACC
16770,MEMACC
4901,MEMACC
29759,L1HIT
28695,L1HIT
19620,MEMACC
935,L1HIT
8596,L1HIT
8407,L1HIT
19517,MEMACC
18812,L1HIT
13621,MEMACC
17391,MEMACC
14281,L1HIT
14596,L1HIT
16787,MEMACC
15040,L1HIT
24939,MEMACC
2697,L1HIT
16147,L1HIT
24249,L1HIT
27969,L1HIT
2006,L1HIT
10705,MEMACC
10705,L1HIT
25792,MEMACC
3513,L1HIT
12865,L1HIT
31039,MEMACC
30948,MEMACC
4202,MEMACC
3339,MEMACC
28224,MEMACC
17481,L1HIT
28742,L1HIT
18395,MEMACC
16787,MEMACC
15040,L1HIT
24939,L1HIT
2697,L1HIT
95,L1HIT
1992,L1HIT
3706,MEMACC
384,MEMACC
24609,MEMACC
95,L1HIT
1992,L1HIT
3706,MEMACC
384,MEMACC
24609,L1HIT
28447,MEMACC
10340,MEMACC
23161,MEMACC
28511,MEMACC
12650,MEMACC
26718,L1HIT
26733,L1HIT
26749,L1HIT
26763,MEMACC
26777,MEMACC
10796,MEMACC
10798,L1HIT
22807,L1HIT
16009,MEMACC
14688,MEMACC
12814,L1HIT
13023,MEMACC
2265,L1HIT
31924,MEMACC
27791,MEMACC
5195,L1HIT
432,MEMACC
23240,L1HIT
4123,MEMACC
8617,L1HIT
5333,MEMACC
27302,MEMACC
8454,L1HIT
24284,MEMACC
10820,L1HIT
16683,L1HIT
12308,MEMACC
23214,MEMACC
18824,MEMACC
30465,MEMACC
18741,MEMACC
29687,MEMACC
28097,MEMACC
17658,L1HIT
8324,L1HIT
19895,MEMACC
3889,L1HIT
15138,MEMACC
27901,L1HIT
28090,L1HIT
20228,L1HIT
22798,L1HIT
10216,L1HIT
31872,MEMACC
9915,MEMACC
22857,MEMACC
32031,L1HIT
20651,L1HIT
24016,L1HIT
23441,L1HIT
8410,L1HIT
126,L1HIT
27799,MEMACC
21954,MEMACC
11634,MEMACC
27569,MEMACC
15363,L1HIT
21065,L1HIT
12246,L1HIT
8725,L1HIT
20334,MEMACC
3152,L1HIT
16777,MEMACC
13902,MEMACC
25510,L1HIT
25624,L1HIT
27077,MEMACC
11118,L1HIT
32627,MEMACC
16884,MEMACC
29691,MEMACC
23547,MEMACC
14920,MEMACC
27192,MEMACC
7517,MEMACC
2424,L1HIT
26386,L1HIT
19940,L1HIT
9586,MEMACC
21379,L1HIT
24417,L1HIT
14336,MEMACC
31874,MEMACC
25006,MEMACC
25687,MEMACC
14281,L1HIT
6314,MEMACC
20268,L1HIT
20273,L1HIT
20273,L1HIT
5516,L1HIT
14099,MEMACC
13414,MEMACC
26884,L1HIT
31110,MEMACC
9450,L1HIT
9450,L1HIT
25991,MEMACC
1621,MEMACC
14247,L1HIT
18061,MEMACC
29816,L1HIT
31804,L1HIT
31389,MEMACC
1473,MEMACC
20056,L1HIT
17142,MEMACC
9450,L1HIT
25991,L1HIT
1621,L1HIT
14247,L1HIT
18061,MEMACC
29816,L1HIT
31804,L1HIT
31389,L1HIT
1473,MEMACC
20056,L1HIT
17142,L1HIT
25332,MEMACC
21313,L1HIT
32678,L1HIT
12884,L1HIT
1872,L1HIT
19529,MEMACC
15011,L1HIT
12884,L1HIT
1872,L1HIT
19529,MEMACC
15011,L1HIT
26295,MEMACC
13481,L1HIT
4313,MEMACC
19525,MEMACC
20191,MEMACC
13661,MEMACC
16324,L1HIT
31126,MEMACC
20191,L1HIT
13661,L1HIT
16324,L1HIT
30066,L1HIT
10209,L1HIT
23098,L1HIT
13871,MEMACC
23237,L1HIT
4855,MEMACC
29130,MEMACC
18199,MEMACC
19579,MEMACC
30172,MEMACC
5755,MEMACC
27288,L1HIT
21730,MEMACC
5987,MEMACC
15729,MEMACC
20035,L1HIT
21763,L1HIT
29331,L1HIT
3682,MEMACC
9987,MEMACC
2151,MEMACC
7392,MEMACC
30562,L1HIT
26774,MEMACC
15803,MEMACC
32627,MEMACC
30682,MEMACC
17069,L1HIT
32581,MEMACC
10504,L1HIT
28016,L1HIT
17242,MEMACC
24460,L1HIT
5757,L1HIT
17912,L1HIT
27878,L1HIT
27240,MEMACC
26270,MEMACC
15059,L1HIT
7144,L1HIT
8497,L1HIT
21284,MEMACC
2180,MEMACC
19955,L1HIT
13077,L1HIT
29084,MEMACC
17920,MEMACC
20143,MEMACC
11762,MEMACC
17118,L1HIT
18619,MEMACC
11128,L1HIT
17463,MEMACC
16690,L1HIT
30805,MEMACC
17118,L1HIT
18619,L1HIT
11128,L1HIT
17463,L1HIT
23201,MEMACC
2339,MEMACC
10697,L1HIT
4246,MEMACC
26915,L1HIT
8886,L1HIT
25784,MEMACC
24599,L1HIT
11353,L1HIT
5808,L1HIT
14931,L1HIT
13535,MEMACC
7829,MEMACC
28077,L1HIT
25877,MEMACC
29268,MEMACC
15215,L1HIT
25854,L1HIT
6607,L1HIT
26832,MEMACC
29458,L1HIT
4505,L1HIT
32435,L1HIT
12387,L1HIT
16352,L1HIT
12328,MEMACC
16929,MEMACC
31421,L1HIT
7264,L1HIT
6936,MEMACC
15882,MEMACC
27971,L1HIT
5908,L1HIT
32435,L1HIT
12387,L1HIT
16352,L1HIT
12328,L1HIT
14952,L1HIT
30901,L1HIT
14253,L1HIT
27441,MEMACC
32428,L1HIT
29929,MEMACC
9151,L1HIT
21014,L1HIT
29453,L1HIT
20293,MEMACC
13731,MEMACC
22280,MEMACC
19655,L1HIT
2027,L1HIT
6024,MEMACC
26281,L1HIT
22170,MEMACC
160,MEMACC
609,MEMACC
4739,MEMACC
1871,L1HIT
1883,L1HIT
1900,L1HIT
1913,L1HIT
16882,MEMACC
16407,L1HIT
19590,L1HIT
21250,L1HIT
27885,L1HIT
27400,L1HIT
4572,L1HIT
18091,MEMACC
6385,MEMACC
13478,L1HIT
27626,L1HIT
15046,L1HIT
32281,MEMACC
7931,L1HIT
15891,L1HIT
1711,MEMACC
20393,MEMACC
8278,MEMACC
8729,L1HIT
2887,MEMACC
13758,L1HIT
2201,L1HIT
748,L1HIT
32281,MEMACC
20313,MEMACC
19753,MEMACC
13560,MEMACC
7022,MEMACC
2418,L1HIT
23479,L1HIT
28077,L1HIT
13758,L1HIT
9069,MEMACC
8617,L1HIT
17557,MEMACC
30394,L1HIT
4912,L1HIT
27696,MEMACC
28504,MEMACC
10186,L1HIT
28160,L1HIT
13363,L1HIT
11034,L1HIT
18247,L1HIT
8278,MEMACC
15801,L1HIT
28015,L1HIT
22133,MEMACC
20181,L1HIT
11563,MEMACC
26878,L1HIT
6758,MEMACC
11002,MEMACC
16905,L1HIT
6758,MEMACC
11002,L1HIT
16905,L1HIT
9361,L1HIT
23790,MEMACC
28885,L1HIT
31878,L1HIT
8673,MEMACC
16669,L1HIT
7775,L1HIT
11093,L1HIT
16867,L1HIT
4930,L1HIT
695,L1HIT
27359,MEMACC
30239,MEMACC
31325,L1HIT
23279,L1HIT
15458,L1HIT
20382,L1HIT
20397,L1HIT
20398,L1HIT
25005,L1HIT
30449,L1HIT
21717,MEMACC
32503,L1HIT
24182,L1HIT
21304,L1HIT
30776,L1HIT
31560,MEMACC
11252,L1HIT
16997,MEMACC
9846,MEMACC
90,L1HIT
26498,MEMACC
27043,MEMACC
13076,L1HIT
10962,L1HIT
10220,L1HIT
21298,L1HIT
8010,MEMACC
21161,MEMACC
3811,MEMACC
18359,MEMACC
20462,MEMACC
28709,L1HIT
13773,L1HIT
9389,L1HIT
29943,L1HIT
1951,MEMACC
1707,L1HIT
22737,L1HIT
1673,L1HIT
22593,L1HIT
