25136,MEMACC
25137,MEMACC
25152,MEMACC
25169,MEMACC
13800,MEMACC
1035,MEMACC
9028,MEMACC
12499,MEMACC
31772,MEMACC
31096,MEMACC
22666,MEMACC
16917,MEMACC
8615,MEMACC
16802,MEMACC
29788,MEMACC
7022,MEMACC
9845,MEMACC
11465,MEMACC
8695,MEMACC
25345,MEMACC
2740,MEMACC
11665,MEMACC
25116,MEMACC
24724,MEMACC
23140,MEMACC
5224,MEMACC
9352,MEMACC
23140,L1HIT
5224,L1HIT
9352,L1HIT
12318,MEMACC
20233,MEMACC
32100,MEMACC
2090,MEMACC
13239,MEMACC
4995,MEMACC
1166,MEMACC
26348,MEMACC
21905,MEMACC
31878,MEMACC
19396,MEMACC
17237,MEMACC
5473,MEMACC
26046,MEMACC
31500,MEMACC
24267,MEMACC
23037,MEMACC
14525,MEMACC
8971,MEMACC
26192,MEMACC
26348,MEMACC
5622,MEMACC
5639,MEMACC
5652,MEMACC
13953,MEMACC
18628,MEMACC
12529,MEMACC
6463,MEMACC
14621,MEMACC
14978,MEMACC
9937,MEMACC
32723,MEMACC
3480,MEMACC
28729,MEMACC
15569,MEMACC
26416,MEMACC
1541,MEMACC
11680,MEMACC
15736,MEMACC
7952,MEMACC
10494,MEMACC
12055,MEMACC
20752,MEMACC
25364,MEMACC
5151,MEMACC
15400,MEMACC
3392,MEMACC
26249,MEMACC
23006,MEMACC
11795,MEMACC
22650,MEMACC
20320,MEMACC
26013,MEMACC
8039,MEMACC
13070,MEMACC
15437,MEMACC
8009,MEMACC
16511,MEMACC
8493,MEMACC
11261,MEMACC
7157,MEMACC
30713,MEMACC
12137,MEMACC
2208,MEMACC
28984,MEMACC
30011,MEMACC
15979,MEMACC
837,MEMACC
15074,MEMACC
10109,MEMACC
25110,MEMACC
22592,MEMACC
30051,MEMACC
15088,MEMACC
26463,MEMACC
2538,MEMACC
4457,MEMACC
5816,MEMACC
26501,MEMACC
15495,MEMACC
7783,MEMACC
22235,MEMACC
30669,MEMACC
4225,MEMACC
7878,MEMACC
1993,MEMACC
3789,MEMACC
113,MEMACC
30814,MEMACC
14413,MEMACC
16348,MEMACC
23473,MEMACC
12011,MEMACC
4343,MEMACC
11081,MEMACC
23935,MEMACC
25592,MEMACC
23539,MEMACC
22944,MEMACC
10192,MEMACC
17967,MEMACC
8738,MEMACC
10178,MEMACC
29583,MEMACC
29384,MEMACC
12132,MEMACC
15641,MEMACC
1556,MEMACC
26649,MEMACC
32657,MEMACC
16578,MEMACC
31734,MEMACC
11175,MEMACC
9507,MEMACC
18254,MEMACC
24676,MEMACC
2799,MEMACC
846,MEMACC
17017,MEMACC
20458,MEMACC
3030,MEMACC
31766,MEMACC
14704,MEMACC
18471,MEMACC
15860,MEMACC
1366,MEMACC
1371,L1HIT
16807,L1HIT
20409,MEMACC
23353,MEMACC
13625,MEMACC
22540,MEMACC
22420,MEMACC
1208,MEMACC
26046,MEMACC
29292,MEMACC
14862,MEMACC
2777,MEMACC
11587,MEMACC
6987,MEMACC
6853,MEMACC
6937,MEMACC
31277,MEMACC
12608,MEMACC
12806,MEMACC
15691,MEMACC
2005,MEMACC
20824,MEMACC
20831,MEMACC
20846,MEMACC
20856,MEMACC
15507,MEMACC
14143,MEMACC
11035,MEMACC
8093,MEMACC
2679,MEMACC
10081,MEMACC
2891,MEMACC
27224,MEMACC
17282,MEMACC
17688,MEMACC
15507,MEMACC
14143,MEMACC
11035,L1HIT
7913,MEMACC
7917,L1HIT
7924,MEMACC
30634,MEMACC
30652,MEMACC
30667,L1HIT
30675,MEMACC
28423,MEMACC
13559,MEMACC
25986,MEMACC
26289,MEMACC
7354,MEMACC
17735,MEMACC
22911,MEMACC
3566,MEMACC
14326,MEMACC
11958,MEMACC
25986,L1HIT
26289,L1HIT
7354,MEMACC
27117,MEMACC
9007,MEMACC
17735,MEMACC
22911,MEMACC
17429,MEMACC
17582,MEMACC
1047,MEMACC
27552,MEMACC
22900,MEMACC
15012,MEMACC
3691,MEMACC
25748,MEMACC
14390,MEMACC
20764,MEMACC
27023,MEMACC
867,MEMACC
28274,MEMACC
21485,MEMACC
29989,MEMACC
448,MEMACC
18550,MEMACC
24261,L1HIT
32580,MEMACC
7026,MEMACC
30118,MEMACC
8437,MEMACC
20180,MEMACC
23302,MEMACC
28004,MEMACC
27319,MEMACC
27990,MEMACC
2991,MEMACC
9257,MEMACC
24829,MEMACC
31739,MEMACC
18776,MEMACC
2545,MEMACC
18603,MEMACC
25561,MEMACC
10961,MEMACC
30990,MEMACC
17308,MEMACC
29340,MEMACC
28701,MEMACC
15647,MEMACC
15662,MEMACC
15665,MEMACC
15672,MEMACC
15689,L1HIT
32519,MEMACC
8268,MEMACC
11048,MEMACC
27643,MEMACC
13293,MEMACC
11448,MEMACC
14292,MEMACC
7181,MEMACC
7374,MEMACC
12442,MEMACC
30869,MEMACC
26888,MEMACC
21312,MEMACC
17215,MEMACC
30741,MEMACC
13273,MEMACC
18590,MEMACC
12758,MEMACC
17919,MEMACC
10897,MEMACC
29170,MEMACC
29171,MEMACC
29182,MEMACC
29187,MEMACC
29193,MEMACC
29199,MEMACC
29213,MEMACC
3344,MEMACC
1338,MEMACC
18673,MEMACC
15709,MEMACC
15860,MEMACC
6743,MEMACC
22542,L1HIT
547,MEMACC
29495,MEMACC
11335,MEMACC
13012,MEMACC
14585,MEMACC
10094,MEMACC
31315,MEMACC
28741,MEMACC
22744,MEMACC
28661,MEMACC
31778,MEMACC
7525,MEMACC
25739,MEMACC
32095,MEMACC
19407,MEMACC
2354,MEMACC
22203,MEMACC
630,MEMACC
12209,MEMACC
31315,L1HIT
28741,L1HIT
22744,L1HIT
28661,MEMACC
31778,L1HIT
30477,MEMACC
22959,MEMACC
8113,MEMACC
16368,MEMACC
15680,L1HIT
7188,MEMACC
12536,MEMACC
15476,MEMACC
10114,MEMACC
27524,MEMACC
27526,MEMACC
27482,MEMACC
13967,MEMACC
29675,MEMACC
28961,MEMACC
4433,MEMACC
10525,MEMACC
11531,MEMACC
4102,MEMACC
16894,MEMACC
14572,MEMACC
19132,MEMACC
4705,MEMACC
26053,MEMACC
26646,MEMACC
887,MEMACC
11632,MEMACC
13189,MEMACC
31197,MEMACC
9196,MEMACC
8041,L1HIT
3112,MEMACC
3980,MEMACC
22695,MEMACC
582,MEMACC
10878,MEMACC
4974,MEMACC
32603,MEMACC
5562,MEMACC
16213,MEMACC
24924,MEMACC
21615,MEMACC
9205,MEMACC
13077,MEMACC
32294,MEMACC
1283,MEMACC
3242,MEMACC
6917,MEMACC
26068,MEMACC
30222,MEMACC
2873,MEMACC
26244,MEMACC
9130,MEMACC
13791,MEMACC
4453,MEMACC
3698,MEMACC
14475,MEMACC
5512,MEMACC
27571,MEMACC
9603,MEMACC
1889,MEMACC
10902,MEMACC
7600,MEMACC
1599,MEMACC
3460,MEMACC
22423,L1HIT
214,MEMACC
15248,MEMACC
14415,L1HIT
5420,MEMACC
13589,MEMACC
9709,MEMACC
13541,MEMACC
2700,MEMACC
13410,MEMACC
28654,MEMACC
27564,MEMACC
5203,MEMACC
12162,MEMACC
8648,MEMACC
22348,MEMACC
15116,MEMACC
23625,MEMACC
4947,MEMACC
479,MEMACC
7474,MEMACC
8434,MEMACC
4408,MEMACC
7385,MEMACC
9530,MEMACC
24730,L1HIT
24730,L1HIT
19725,MEMACC
15954,MEMACC
21315,MEMACC
22474,MEMACC
32643,MEMACC
1653,MEMACC
28808,MEMACC
12782,MEMACC
20695,MEMACC
6702,MEMACC
822,MEMACC
32145,MEMACC
3302,MEMACC
7858,MEMACC
23940,MEMACC
17205,L1HIT
2531,L1HIT
22964,MEMACC
16806,L1HIT
15356,MEMACC
17166,MEMACC
24954,MEMACC
16656,MEMACC
5616,MEMACC
28587,MEMACC
2156,MEMACC
10872,L1HIT
12186,MEMACC
4879,MEMACC
22836,MEMACC
20337,MEMACC
22142,MEMACC
4391,MEMACC
26263,MEMACC
9638,MEMACC
15592,MEMACC
8216,MEMACC
5621,L1HIT
17171,MEMACC
16101,MEMACC
3797,MEMACC
23714,MEMACC
21049,MEMACC
16969,MEMACC
14253,MEMACC
25790,MEMACC
31843,MEMACC
22565,MEMACC
26880,L1HIT
27822,MEMACC
6705,MEMACC
26530,MEMACC
23444,MEMACC
11923,MEMACC
25986,L1HIT
5083,MEMACC
11564,MEMACC
18245,L1HIT
31465,MEMACC
16137,MEMACC
15054,MEMACC
11518,MEMACC
15232,MEMACC
21515,MEMACC
26824,MEMACC
8339,MEMACC
1926,MEMACC
3501,MEMACC
14226,MEMACC
26824,MEMACC
8339,MEMACC
1926,MEMACC
3501,MEMACC
1172,MEMACC
21785,MEMACC
4774,MEMACC
2352,MEMACC
26046,MEMACC
27313,L1HIT
8975,L1HIT
30072,MEMACC
15210,MEMACC
26625,MEMACC
24916,MEMACC
2591,MEMACC
9564,MEMACC
19441,MEMACC
11436,MEMACC
20754,L1HIT
13789,MEMACC
15377,MEMACC
24592,MEMACC
20001,MEMACC
12049,L1HIT
20671,MEMACC
29054,MEMACC
10051,MEMACC
10055,L1HIT
23740,MEMACC
6721,MEMACC
25548,MEMACC
32044,MEMACC
2383,MEMACC
10470,MEMACC
15152,MEMACC
14815,MEMACC
12672,MEMACC
8653,MEMACC
11721,MEMACC
417,MEMACC
17567,MEMACC
24505,MEMACC
25977,MEMACC
3108,MEMACC
14859,MEMACC
13622,MEMACC
25763,MEMACC
12851,MEMACC
6507,MEMACC
31257,MEMACC
3460,L1HIT
9146,MEMACC
28427,L1HIT
6262,MEMACC
5311,MEMACC
22098,MEMACC
3108,L1HIT
14859,MEMACC
13622,MEMACC
3108,L1HIT
14859,MEMACC
13622,MEMACC
25763,MEMACC
12851,L1HIT
6507,L1HIT
26911,MEMACC
14236,MEMACC
32752,MEMACC
23902,MEMACC
26504,L1HIT
27460,MEMACC
14203,MEMACC
10625,MEMACC
30963,MEMACC
10169,MEMACC
24285,MEMACC
1876,MEMACC
9718,MEMACC
31790,L1HIT
15145,MEMACC
17808,MEMACC
7192,MEMACC
13152,MEMACC
9721,L1HIT
2964,MEMACC
18083,MEMACC
25580,MEMACC
16209,MEMACC
26165,MEMACC
20475,MEMACC
17377,MEMACC
3366,MEMACC
8921,MEMACC
19225,MEMACC
5788,MEMACC
22959,L1HIT
29712,MEMACC
24738,MEMACC
14033,MEMACC
23635,MEMACC
24595,MEMACC
27378,MEMACC
15994,MEMACC
30211,MEMACC
31726,MEMACC
7294,MEMACC
19889,MEMACC
1693,MEMACC
25143,MEMACC
8490,MEMACC
26379,MEMACC
24125,MEMACC
24595,L1HIT
27378,MEMACC
30211,MEMACC
31726,MEMACC
17564,L1HIT
30220,MEMACC
2410,MEMACC
30211,MEMACC
31726,MEMACC
17564,L1HIT
30220,MEMACC
2410,MEMACC
7704,MEMACC
12790,MEMACC
27274,MEMACC
32497,MEMACC
10474,L1HIT
624,MEMACC
13426,MEMACC
1945,MEMACC
17466,MEMACC
8929,MEMACC
23057,MEMACC
31537,MEMACC
8129,MEMACC
12614,L1HIT
10644,MEMACC
22104,L1HIT
16918,L1HIT
13817,MEMACC
8989,MEMACC
30529,MEMACC
16391,MEMACC
22824,MEMACC
31339,MEMACC
3635,MEMACC
12563,MEMACC
31571,MEMACC
10639,L1HIT
24074,MEMACC
29678,MEMACC
24074,L1HIT
29678,MEMACC
7631,MEMACC
12545,MEMACC
19636,MEMACC
17152,MEMACC
6982,L1HIT
137,MEMACC
17332,MEMACC
6374,MEMACC
12340,MEMACC
9919,MEMACC
23379,MEMACC
1253,MEMACC
30414,MEMACC
16011,MEMACC
3940,MEMACC
24714,MEMACC
30935,MEMACC
15826,MEMACC
1967,MEMACC
2651,MEMACC
9172,MEMACC
8799,MEMACC
26972,MEMACC
20935,MEMACC
19362,MEMACC
12259,MEMACC
28312,MEMACC
25437,MEMACC
10846,MEMACC
27923,MEMACC
27926,L1HIT
27932,L1HIT
27942,MEMACC
19741,MEMACC
17522,MEMACC
29654,MEMACC
9074,MEMACC
32289,MEMACC
21174,MEMACC
15438,L1HIT
21050,L1HIT
17487,MEMACC
11930,L1HIT
1993,L1HIT
26570,MEMACC
4203,MEMACC
12295,MEMACC
22143,MEMACC
5901,MEMACC
26046,MEMACC
30091,MEMACC
17513,MEMACC
11476,MEMACC
11826,MEMACC
3306,L1HIT
19450,L1HIT
7042,MEMACC
23409,MEMACC
12445,L1HIT
16911,MEMACC
3799,L1HIT
1991,L1HIT
593,MEMACC
27840,MEMACC
14145,MEMACC
14447,MEMACC
14456,MEMACC
14472,L1HIT
14480,MEMACC
5451,MEMACC
5454,MEMACC
23108,MEMACC
12549,MEMACC
20468,MEMACC
16434,MEMACC
17767,MEMACC
28607,MEMACC
14517,MEMACC
15634,MEMACC
20468,MEMACC
16434,L1HIT
17767,L1HIT
28607,MEMACC
14517,L1HIT
20468,MEMACC
16434,L1HIT
17767,L1HIT
28607,MEMACC
20054,MEMACC
4377,MEMACC
21710,MEMACC
28314,L1HIT
31105,MEMACC
3348,MEMACC
20220,MEMACC
14430,MEMACC
860,MEMACC
4500,MEMACC
31659,MEMACC
14891,MEMACC
6705,L1HIT
1226,MEMACC
5609,MEMACC
10331,MEMACC
26161,MEMACC
10595,MEMACC
5829,MEMACC
28046,MEMACC
6126,MEMACC
11663,MEMACC
24311,MEMACC
27361,MEMACC
27368,MEMACC
27374,MEMACC
27379,MEMACC
27383,MEMACC
15376,L1HIT
22376,MEMACC
26618,MEMACC
21960,MEMACC
3721,MEMACC
116,L1HIT
21587,MEMACC
10581,MEMACC
29406,MEMACC
24804,MEMACC
3321,MEMACC
26586,MEMACC
23442,L1HIT
21485,MEMACC
30613,MEMACC
819,MEMACC
25521,MEMACC
25526,MEMACC
25539,MEMACC
25546,MEMACC
25553,MEMACC
25568,L1HIT
230,MEMACC
21899,MEMACC
31958,MEMACC
21602,MEMACC
19997,MEMACC
28283,MEMACC
6452,L1HIT
2343,MEMACC
29714,L1HIT
8506,MEMACC
12866,MEMACC
6076,MEMACC
14136,MEMACC
14049,MEMACC
17125,MEMACC
827,MEMACC
27785,MEMACC
11567,L1HIT
16329,MEMACC
13990,MEMACC
8452,MEMACC
8458,L1HIT
8459,L1HIT
8470,MEMACC
24097,MEMACC
7418,MEMACC
12189,MEMACC
23728,MEMACC
26422,MEMACC
18923,MEMACC
4802,MEMACC
1861,MEMACC
23728,L1HIT
26422,MEMACC
18923,MEMACC
4802,L1HIT
1861,L1HIT
16599,MEMACC
10287,MEMACC
26422,MEMACC
18923,MEMACC
4802,L1HIT
1861,L1HIT
16599,MEMACC
10287,L1HIT
12676,L1HIT
1857,L1HIT
18923,MEMACC
21533,MEMACC
8124,MEMACC
32642,MEMACC
411,MEMACC
22844,L1HIT
18670,MEMACC
24097,L1HIT
7418,MEMACC
8398,MEMACC
19588,MEMACC
15114,L1HIT
8667,MEMACC
13206,MEMACC
4292,MEMACC
1857,L1HIT
15342,MEMACC
2926,MEMACC
17912,L1HIT
32460,MEMACC
20108,MEMACC
31083,MEMACC
8155,MEMACC
5532,MEMACC
6752,MEMACC
18519,MEMACC
28773,MEMACC
6361,MEMACC
15050,L1HIT
31633,MEMACC
19202,MEMACC
21565,MEMACC
24158,MEMACC
25425,L1HIT
5774,MEMACC
23397,MEMACC
21789,MEMACC
2524,MEMACC
20044,MEMACC
5210,MEMACC
13397,MEMACC
30770,MEMACC
16849,MEMACC
11373,MEMACC
19112,MEMACC
28107,MEMACC
2098,MEMACC
3076,MEMACC
28828,MEMACC
7251,MEMACC
7566,MEMACC
13621,MEMACC
1546,L1HIT
5999,MEMACC
3992,MEMACC
2918,MEMACC
12136,MEMACC
12825,MEMACC
3152,MEMACC
3317,L1HIT
9095,MEMACC
20474,MEMACC
27290,MEMACC
12136,L1HIT
12825,L1HIT
3152,MEMACC
3317,L1HIT
9095,MEMACC
25669,MEMACC
25670,MEMACC
25678,MEMACC
31751,MEMACC
18591,MEMACC
3385,MEMACC
29854,MEMACC
22891,MEMACC
12633,MEMACC
14268,MEMACC
30985,MEMACC
12119,MEMACC
8260,L1HIT
28322,MEMACC
9937,L1HIT
17081,MEMACC
2747,MEMACC
8986,L1HIT
20900,MEMACC
9634,L1HIT
15452,MEMACC
28344,MEMACC
22706,MEMACC
25994,L1HIT
5619,L1HIT
15664,MEMACC
4868,MEMACC
14828,MEMACC
6822,MEMACC
18647,MEMACC
8661,L1HIT
7916,L1HIT
24211,MEMACC
17506,MEMACC
19932,MEMACC
27194,MEMACC
21979,MEMACC
15892,MEMACC
22622,MEMACC
12358,MEMACC
18824,MEMACC
24623,MEMACC
7877,MEMACC
3183,MEMACC
17280,L1HIT
27092,MEMACC
10755,MEMACC
16515,MEMACC
30723,MEMACC
25378,MEMACC
3183,MEMACC
17280,L1HIT
27092,MEMACC
10755,L1HIT
22398,MEMACC
13600,MEMACC
25378,L1HIT
3183,MEMACC
17280,L1HIT
27092,MEMACC
25378,L1HIT
3183,MEMACC
17280,L1HIT
27092,MEMACC
10755,L1HIT
22398,MEMACC
13600,MEMACC
32573,MEMACC
29086,MEMACC
5900,MEMACC
23659,MEMACC
16919,L1HIT
1640,MEMACC
1646,MEMACC
9605,L1HIT
2090,MEMACC
6389,MEMACC
1929,MEMACC
10270,MEMACC
29785,L1HIT
29635,MEMACC
20751,MEMACC
19097,MEMACC
24509,MEMACC
27123,MEMACC
2012,L1HIT
12702,MEMACC
18760,MEMACC
20234,MEMACC
24716,L1HIT
9131,MEMACC
96,MEMACC
27295,L1HIT
17520,MEMACC
16735,MEMACC
16753,MEMACC
16766,L1HIT
23867,MEMACC
30916,MEMACC
9585,MEMACC
7078,MEMACC
5445,MEMACC
27698,MEMACC
16896,MEMACC
8721,MEMACC
22959,L1HIT
24035,MEMACC
5403,MEMACC
19159,MEMACC
1531,MEMACC
32377,MEMACC
5481,L1HIT
2764,MEMACC
18067,MEMACC
30361,MEMACC
4531,MEMACC
4102,L1HIT
19302,MEMACC
12384,MEMACC
18869,MEMACC
24347,MEMACC
25434,L1HIT
18678,MEMACC
26546,MEMACC
26401,MEMACC
989,MEMACC
7008,L1HIT
13235,MEMACC
17773,L1HIT
733,MEMACC
8470,MEMACC
26617,L1HIT
12290,MEMACC
25434,L1HIT
18678,MEMACC
26546,L1HIT
3456,L1HIT
3467,L1HIT
3479,MEMACC
3482,MEMACC
7584,MEMACC
3467,L1HIT
22304,MEMACC
212,L1HIT
16827,MEMACC
3775,MEMACC
21072,MEMACC
10955,MEMACC
11501,MEMACC
21261,MEMACC
18160,MEMACC
25461,MEMACC
29804,MEMACC
11858,MEMACC
25806,MEMACC
32280,MEMACC
21184,MEMACC
25697,MEMACC
27469,MEMACC
31283,MEMACC
30081,L1HIT
23013,MEMACC
14324,L1HIT
31665,MEMACC
15083,MEMACC
28833,MEMACC
31936,MEMACC
21124,MEMACC
21325,L1HIT
160,MEMACC
18350,MEMACC
31130,MEMACC
24393,MEMACC
3222,MEMACC
30220,MEMACC
9630,MEMACC
3574,MEMACC
14664,MEMACC
14297,L1HIT
5011,MEMACC
3603,MEMACC
3612,L1HIT
3618,MEMACC
23731,L1HIT
23741,L1HIT
23757,MEMACC
19458,MEMACC
19471,L1HIT
25488,MEMACC
25491,L1HIT
25494,L1HIT
25498,L1HIT
25500,L1HIT
25503,L1HIT
18936,MEMACC
10709,MEMACC
24100,L1HIT
10581,L1HIT
27703,L1HIT
4115,MEMACC
31400,MEMACC
8932,MEMACC
21650,MEMACC
25177,MEMACC
16567,MEMACC
6630,MEMACC
10694,MEMACC
27203,MEMACC
7129,MEMACC
21267,MEMACC
15170,MEMACC
32708,MEMACC
6279,MEMACC
23478,L1HIT
12703,MEMACC
20655,MEMACC
23086,MEMACC
1881,L1HIT
15854,MEMACC
10292,MEMACC
11886,MEMACC
25816,MEMACC
23199,MEMACC
22891,MEMACC
25213,MEMACC
23912,MEMACC
19953,MEMACC
20895,MEMACC
27382,MEMACC
3966,MEMACC
22268,MEMACC
23950,L1HIT
14217,MEMACC
3392,MEMACC
9706,L1HIT
4985,MEMACC
16653,MEMACC
9647,L1HIT
31705,MEMACC
22045,MEMACC
8691,L1HIT
21030,MEMACC
30069,MEMACC
25439,L1HIT
14391,L1HIT
25329,MEMACC
23117,L1HIT
31807,MEMACC
29136,MEMACC
713,MEMACC
24546,MEMACC
24400,MEMACC
18156,MEMACC
22588,MEMACC
14650,MEMACC
11882,MEMACC
7721,MEMACC
25616,MEMACC
25911,MEMACC
25182,L1HIT
3143,MEMACC
29682,MEMACC
32151,MEMACC
29840,L1HIT
3999,MEMACC
28706,MEMACC
15420,MEMACC
13053,MEMACC
21261,MEMACC
12134,L1HIT
11037,L1HIT
23637,L1HIT
6083,MEMACC
29049,MEMACC
