25380,MEMACC
31628,MEMACC
24881,MEMACC
6816,MEMACC
11201,MEMACC
26688,MEMACC
5749,MEMACC
20019,MEMACC
7015,MEMACC
27256,MEMACC
13500,MEMACC
21887,MEMACC
29816,MEMACC
6297,MEMACC
20118,MEMACC
26796,MEMACC
18777,MEMACC
31019,MEMACC
2013,MEMACC
31557,MEMACC
7517,MEMACC
1065,MEMACC
7867,MEMACC
14126,MEMACC
19329,MEMACC
25945,MEMACC
29920,MEMACC
28544,MEMACC
14731,MEMACC
23056,MEMACC
12908,MEMACC
32604,MEMACC
22423,MEMACC
15413,MEMACC
12668,MEMACC
19131,MEMACC
10848,MEMACC
16242,MEMACC
5134,MEMACC
23705,MEMACC
12215,MEMACC
12216,MEMACC
12228,MEMACC
12246,MEMACC
15288,MEMACC
26466,MEMACC
12203,MEMACC
10439,MEMACC
13964,MEMACC
19516,MEMACC
18108,MEMACC
24317,MEMACC
16089,MEMACC
30209,MEMACC
5863,MEMACC
11179,MEMACC
13650,MEMACC
12659,MEMACC
17010,MEMACC
19516,L1HIT
18108,MEMACC
15288,L1HIT
30031,MEMACC
26756,MEMACC
24052,MEMACC
3716,MEMACC
18078,MEMACC
1421,MEMACC
20266,MEMACC
18372,MEMACC
5187,MEMACC
5204,MEMACC
5211,MEMACC
5216,MEMACC
5233,MEMACC
11527,MEMACC
27137,MEMACC
15515,MEMACC
19108,MEMACC
776,MEMACC
23526,MEMACC
10794,MEMACC
10016,MEMACC
7082,MEMACC
9712,MEMACC
30150,MEMACC
32035,MEMACC
15701,MEMACC
24281,MEMACC
28933,MEMACC
22499,MEMACC
25064,MEMACC
3184,MEMACC
29999,MEMACC
10217,MEMACC
1049,MEMACC
1059,MEMACC
1061,MEMACC
1077,MEMACC
1086,MEMACC
1101,MEMACC
7032,MEMACC
7050,MEMACC
7059,MEMACC
25932,MEMACC
18729,MEMACC
5523,MEMACC
6341,MEMACC
17731,MEMACC
1989,MEMACC
26992,MEMACC
11340,MEMACC
5205,L1HIT
19811,MEMACC
21392,MEMACC
3503,MEMACC
17731,L1HIT
1989,MEMACC
26992,L1HIT
18668,MEMACC
2331,MEMACC
19058,MEMACC
25932,MEMACC
18729,MEMACC
5523,L1HIT
6341,MEMACC
17731,L1HIT
1989,MEMACC
26992,L1HIT
18743,MEMACC
18760,MEMACC
18764,MEMACC
18770,MEMACC
24919,MEMACC
23464,MEMACC
23464,L1HIT
23726,MEMACC
17360,MEMACC
10431,MEMACC
25238,MEMACC
17926,MEMACC
18158,MEMACC
19182,MEMACC
15140,MEMACC
26535,MEMACC
30763,MEMACC
29087,MEMACC
29098,MEMACC
15929,MEMACC
6536,MEMACC
5655,MEMACC
5811,MEMACC
28406,MEMACC
23760,MEMACC
26439,MEMACC
5222,MEMACC
14194,MEMACC
25044,MEMACC
6536,MEMACC
5655,L1HIT
5811,MEMACC
28406,MEMACC
23760,L1HIT
8696,MEMACC
10357,MEMACC
29090,MEMACC
20575,MEMACC
27736,MEMACC
1701,MEMACC
1657,MEMACC
20535,MEMACC
4032,MEMACC
10387,MEMACC
3414,MEMACC
3340,MEMACC
10387,MEMACC
3414,L1HIT
3340,MEMACC
3697,MEMACC
17201,MEMACC
7347,MEMACC
13734,MEMACC
3924,MEMACC
14053,MEMACC
20877,MEMACC
29440,MEMACC
22689,MEMACC
14088,MEMACC
29904,MEMACC
17618,MEMACC
25397,MEMACC
5114,MEMACC
14063,MEMACC
9257,MEMACC
23935,MEMACC
17556,MEMACC
17009,MEMACC
29893,MEMACC
22079,MEMACC
31858,MEMACC
31860,MEMACC
31867,MEMACC
31871,MEMACC
12859,MEMACC
21010,MEMACC
11685,MEMACC
16776,MEMACC
24262,MEMACC
5993,MEMACC
31130,MEMACC
20046,MEMACC
19381,MEMACC
16051,MEMACC
26687,MEMACC
11685,MEMACC
16776,L1HIT
6256,MEMACC
10324,MEMACC
31167,MEMACC
24073,MEMACC
8395,MEMACC
27596,MEMACC
21220,MEMACC
7103,MEMACC
1313,MEMACC
3394,MEMACC
22538,MEMACC
7224,MEMACC
30394,MEMACC
15803,MEMACC
31029,MEMACC
5390,MEMACC
16636,MEMACC
21714,MEMACC
991,MEMACC
16509,MEMACC
30995,MEMACC
25097,MEMACC
23684,MEMACC
15468,MEMACC
15475,MEMACC
29508,MEMACC
13254,MEMACC
10991,MEMACC
27383,MEMACC
17467,MEMACC
14576,MEMACC
9088,MEMACC
19673,MEMACC
23096,MEMACC
30256,MEMACC
30459,MEMACC
5216,MEMACC
4526,MEMACC
9366,MEMACC
26615,MEMACC
25040,MEMACC
7667,MEMACC
11063,MEMACC
30508,MEMACC
9390,MEMACC
15864,MEMACC
19013,MEMACC
13251,MEMACC
31661,MEMACC
16202,MEMACC
30168,MEMACC
22455,MEMACC
7052,MEMACC
32510,MEMACC
12629,MEMACC
26907,MEMACC
12239,MEMACC
3897,MEMACC
16904,MEMACC
10418,MEMACC
3008,MEMACC
29585,MEMACC
14714,MEMACC
26907,MEMACC
12239,MEMACC
3897,L1HIT
18262,MEMACC
24154,MEMACC
31753,MEMACC
31770,MEMACC
31788,MEMACC
31806,MEMACC
13436,MEMACC
26216,MEMACC
14533,MEMACC
3183,MEMACC
22340,MEMACC
24037,MEMACC
18554,MEMACC
21114,MEMACC
5575,MEMACC
13215,MEMACC
29239,MEMACC
23541,MEMACC
5535,MEMACC
2821,MEMACC
19945,MEMACC
8497,MEMACC
15020,MEMACC
22506,MEMACC
26368,MEMACC
18980,MEMACC
24839,MEMACC
24855,MEMACC
24868,MEMACC
26547,MEMACC
26561,MEMACC
26572,MEMACC
26580,MEMACC
26595,MEMACC
19438,MEMACC
21742,MEMACC
20084,MEMACC
11559,MEMACC
29413,MEMACC
30724,MEMACC
11498,MEMACC
27335,MEMACC
31660,L1HIT
1833,MEMACC
2672,MEMACC
17993,MEMACC
10353,MEMACC
5197,MEMACC
13205,MEMACC
8866,MEMACC
31660,L1HIT
1833,MEMACC
30430,MEMACC
13904,MEMACC
27516,MEMACC
16678,MEMACC
20651,MEMACC
3521,MEMACC
13548,MEMACC
2687,MEMACC
22200,MEMACC
12224,MEMACC
26764,MEMACC
29688,MEMACC
17815,MEMACC
17923,MEMACC
24246,MEMACC
441,MEMACC
29603,MEMACC
4803,MEMACC
27754,MEMACC
14765,MEMACC
26396,MEMACC
6423,MEMACC
18629,MEMACC
24465,MEMACC
24465,L1HIT
16480,MEMACC
6306,MEMACC
28777,MEMACC
6155,MEMACC
18398,MEMACC
10961,MEMACC
377,MEMACC
26891,MEMACC
8219,MEMACC
11374,MEMACC
9443,MEMACC
29002,MEMACC
16928,MEMACC
18188,MEMACC
8774,MEMACC
18526,MEMACC
14063,L1HIT
587,MEMACC
31009,MEMACC
22180,MEMACC
32463,MEMACC
23971,MEMACC
2466,MEMACC
2767,MEMACC
29433,MEMACC
6431,MEMACC
610,MEMACC
12827,MEMACC
1502,MEMACC
9948,MEMACC
568,MEMACC
23767,MEMACC
9876,MEMACC
4090,MEMACC
16124,MEMACC
8772,L1HIT
8198,MEMACC
1159,MEMACC
30129,MEMACC
7276,MEMACC
31121,MEMACC
19383,MEMACC
21548,MEMACC
31948,MEMACC
11683,MEMACC
22642,MEMACC
2264,MEMACC
2624,MEMACC
11734,MEMACC
5865,MEMACC
26228,MEMACC
24958,MEMACC
5040,MEMACC
6011,MEMACC
14460,MEMACC
2570,MEMACC
6919,MEMACC
31086,MEMACC
2877,MEMACC
12193,MEMACC
29329,MEMACC
11836,MEMACC
4346,MEMACC
29592,MEMACC
2875,MEMACC
6963,MEMACC
31893,MEMACC
23893,MEMACC
3238,MEMACC
12787,MEMACC
23893,MEMACC
3238,L1HIT
12787,L1HIT
22322,MEMACC
6867,MEMACC
6565,MEMACC
22769,MEMACC
14966,MEMACC
23266,MEMACC
31893,MEMACC
23893,MEMACC
3238,L1HIT
12787,L1HIT
22322,MEMACC
6867,L1HIT
6565,L1HIT
22769,L1HIT
14966,MEMACC
6867,L1HIT
18215,MEMACC
11227,MEMACC
21921,MEMACC
21316,MEMACC
12163,MEMACC
21373,MEMACC
21316,MEMACC
13054,MEMACC
32103,MEMACC
13148,MEMACC
27591,MEMACC
4974,MEMACC
19908,MEMACC
31352,MEMACC
15479,MEMACC
25083,MEMACC
32269,MEMACC
31818,MEMACC
6832,MEMACC
27450,MEMACC
2539,MEMACC
28117,MEMACC
6277,MEMACC
12564,MEMACC
30689,MEMACC
12169,MEMACC
18671,MEMACC
16545,MEMACC
18797,MEMACC
28117,MEMACC
28117,MEMACC
6277,L1HIT
12564,MEMACC
30689,MEMACC
12169,L1HIT
32276,MEMACC
9814,MEMACC
7162,MEMACC
25311,MEMACC
22701,MEMACC
31015,MEMACC
31015,L1HIT
30269,MEMACC
18797,MEMACC
16381,MEMACC
2175,MEMACC
11952,MEMACC
24932,MEMACC
30045,MEMACC
11820,MEMACC
7002,MEMACC
5088,MEMACC
27172,MEMACC
1306,MEMACC
12092,MEMACC
12916,MEMACC
20532,L1HIT
24385,MEMACC
25865,MEMACC
28283,MEMACC
19635,MEMACC
15357,MEMACC
28667,MEMACC
5618,MEMACC
15508,MEMACC
21928,MEMACC
29807,MEMACC
18331,MEMACC
11181,MEMACC
20575,MEMACC
20675,MEMACC
27278,MEMACC
20575,MEMACC
20675,L1HIT
27278,MEMACC
29262,MEMACC
32252,MEMACC
1263,MEMACC
21024,MEMACC
21024,L1HIT
21036,MEMACC
21040,MEMACC
21056,MEMACC
27420,MEMACC
27436,MEMACC
27446,MEMACC
27464,MEMACC
27472,MEMACC
14393,MEMACC
23297,MEMACC
29161,MEMACC
2438,MEMACC
30087,MEMACC
17543,MEMACC
19339,MEMACC
26469,MEMACC
14393,MEMACC
23297,L1HIT
29161,L1HIT
2438,L1HIT
26113,MEMACC
2206,MEMACC
1414,MEMACC
12001,MEMACC
2621,MEMACC
24444,MEMACC
14393,MEMACC
7518,L1HIT
32412,MEMACC
9958,MEMACC
25104,MEMACC
16907,MEMACC
29651,MEMACC
5089,MEMACC
1865,MEMACC
1695,MEMACC
12560,MEMACC
29022,MEMACC
2971,MEMACC
8664,MEMACC
12061,MEMACC
13167,MEMACC
24745,MEMACC
22385,MEMACC
15511,MEMACC
29338,MEMACC
24617,MEMACC
13274,MEMACC
2137,MEMACC
19559,MEMACC
4281,MEMACC
20585,MEMACC
31643,MEMACC
8386,MEMACC
26980,MEMACC
19872,MEMACC
15681,MEMACC
12846,MEMACC
32616,MEMACC
2303,MEMACC
13473,MEMACC
8112,MEMACC
20229,MEMACC
28105,MEMACC
7174,MEMACC
4837,MEMACC
21424,MEMACC
19,MEMACC
22509,MEMACC
17685,MEMACC
14251,MEMACC
31473,MEMACC
9994,MEMACC
15886,MEMACC
15886,L1HIT
25301,MEMACC
32546,MEMACC
7182,MEMACC
1765,MEMACC
28117,MEMACC
15128,MEMACC
20603,MEMACC
7312,MEMACC
5445,MEMACC
23708,MEMACC
27652,MEMACC
22509,L1HIT
17685,MEMACC
14251,L1HIT
22001,MEMACC
12345,MEMACC
26557,MEMACC
13005,MEMACC
341,MEMACC
9103,MEMACC
29411,MEMACC
30497,MEMACC
4671,MEMACC
20277,MEMACC
5311,MEMACC
17149,MEMACC
15183,MEMACC
3042,MEMACC
1220,MEMACC
27257,MEMACC
23149,MEMACC
22451,MEMACC
27371,MEMACC
22100,MEMACC
30886,MEMACC
5682,MEMACC
28270,MEMACC
29121,MEMACC
12063,MEMACC
17176,MEMACC
5198,L1HIT
28823,MEMACC
30822,MEMACC
29219,MEMACC
11677,MEMACC
8126,MEMACC
24870,L1HIT
20059,MEMACC
16040,MEMACC
12016,MEMACC
26608,MEMACC
9164,MEMACC
5347,MEMACC
43,MEMACC
26120,MEMACC
26127,MEMACC
23476,MEMACC
17075,MEMACC
26243,MEMACC
28885,MEMACC
22106,MEMACC
14951,MEMACC
8955,MEMACC
23476,L1HIT
17075,MEMACC
26243,MEMACC
28885,L1HIT
22106,MEMACC
14951,L1HIT
7071,MEMACC
21072,MEMACC
3133,MEMACC
7527,MEMACC
11971,MEMACC
11659,MEMACC
29181,MEMACC
16656,MEMACC
10480,MEMACC
30273,MEMACC
12398,MEMACC
15769,MEMACC
4839,MEMACC
15414,L1HIT
7810,MEMACC
12938,MEMACC
8556,MEMACC
15188,MEMACC
16496,MEMACC
30414,MEMACC
30248,MEMACC
30257,MEMACC
30262,MEMACC
30281,MEMACC
6497,MEMACC
6503,MEMACC
6517,MEMACC
11760,MEMACC
24473,MEMACC
10471,MEMACC
12446,MEMACC
21522,MEMACC
32746,MEMACC
28605,MEMACC
5059,MEMACC
21522,MEMACC
32746,L1HIT
28605,L1HIT
5059,L1HIT
5368,MEMACC
29532,MEMACC
22332,MEMACC
10471,L1HIT
12446,MEMACC
21522,MEMACC
32746,L1HIT
22098,MEMACC
11185,MEMACC
1758,MEMACC
32253,L1HIT
14375,MEMACC
12454,MEMACC
26892,MEMACC
2053,MEMACC
23061,MEMACC
28005,MEMACC
10824,MEMACC
29323,MEMACC
17352,MEMACC
8591,MEMACC
11666,MEMACC
18040,MEMACC
2564,MEMACC
15791,MEMACC
30959,MEMACC
1716,MEMACC
24557,MEMACC
28432,MEMACC
3317,MEMACC
27019,MEMACC
26412,MEMACC
26014,MEMACC
8702,MEMACC
13673,MEMACC
4451,MEMACC
21248,MEMACC
9838,MEMACC
32364,MEMACC
9898,MEMACC
20522,MEMACC
32364,L1HIT
9898,MEMACC
20522,L1HIT
4067,MEMACC
24450,MEMACC
23229,MEMACC
6814,MEMACC
29483,MEMACC
24450,MEMACC
25003,MEMACC
25007,MEMACC
25011,MEMACC
1668,MEMACC
1687,MEMACC
1706,MEMACC
1720,MEMACC
1721,L1HIT
26268,MEMACC
26274,MEMACC
26284,MEMACC
2077,MEMACC
18649,MEMACC
14161,MEMACC
6409,MEMACC
24684,MEMACC
15033,MEMACC
16946,MEMACC
638,MEMACC
1960,MEMACC
8107,MEMACC
30682,MEMACC
12492,MEMACC
23969,L1HIT
9803,MEMACC
27988,MEMACC
7360,MEMACC
6896,MEMACC
12215,MEMACC
8960,MEMACC
27059,MEMACC
6848,MEMACC
30067,MEMACC
19329,L1HIT
29811,MEMACC
23887,MEMACC
7862,MEMACC
5330,MEMACC
10354,MEMACC
25838,MEMACC
28862,MEMACC
4312,MEMACC
30735,MEMACC
2105,MEMACC
11624,MEMACC
11229,MEMACC
16033,MEMACC
5101,MEMACC
24005,MEMACC
8304,MEMACC
30136,MEMACC
29457,MEMACC
4637,MEMACC
13859,MEMACC
32374,MEMACC
21730,MEMACC
24717,MEMACC
2300,L1HIT
