24410,MEMACC
28418,MEMACC
6761,MEMACC
15834,MEMACC
24218,MEMACC
18392,MEMACC
14386,MEMACC
27679,MEMACC
29960,MEMACC
2522,MEMACC
9543,MEMACC
10018,MEMACC
6512,MEMACC
32546,MEMACC
414,MEMACC
15225,MEMACC
4622,MEMACC
23775,MEMACC
20702,MEMACC
5900,MEMACC
9174,MEMACC
9190,MEMACC
9206,L1HIT
9208,L1HIT
9216,MEMACC
30761,MEMACC
30779,MEMACC
30795,MEMACC
30803,L1HIT
18675,MEMACC
4306,MEMACC
6983,MEMACC
29273,MEMACC
24350,MEMACC
30934,MEMACC
25034,MEMACC
18495,MEMACC
13319,MEMACC
11625,MEMACC
28792,MEMACC
14366,MEMACC
18005,MEMACC
15215,MEMACC
7262,MEMACC
10315,MEMACC
24595,MEMACC
30289,MEMACC
21798,MEMACC
3811,MEMACC
9004,MEMACC
5955,MEMACC
18510,MEMACC
5,MEMACC
27392,MEMACC
27392,L1HIT
30688,MEMACC
16462,MEMACC
28046,MEMACC
11712,MEMACC
16497,MEMACC
10957,MEMACC
10589,MEMACC
23794,MEMACC
14382,L1HIT
19148,MEMACC
2698,MEMACC
25685,MEMACC
24548,MEMACC
12582,MEMACC
11827,MEMACC
5528,MEMACC
12346,MEMACC
29481,MEMACC
10509,MEMACC
10273,MEMACC
209,MEMACC
12917,MEMACC
7875,MEMACC
31211,MEMACC
9340,MEMACC
28275,MEMACC
28281,L1HIT
28286,L1HIT
28296,MEMACC
28298,L1HIT
28302,L1HIT
15402,MEMACC
3200,MEMACC
3898,MEMACC
24534,MEMACC
13180,MEMACC
32416,MEMACC
27963,MEMACC
15402,L1HIT
3200,MEMACC
3898,L1HIT
24534,MEMACC
3163,MEMACC
32158,MEMACC
492,MEMACC
16674,MEMACC
148,MEMACC
4822,MEMACC
21414,MEMACC
16294,MEMACC
15715,MEMACC
4397,MEMACC
6447,MEMACC
27985,MEMACC
27995,L1HIT
28001,MEMACC
28001,L1HIT
28006,L1HIT
23234,MEMACC
15660,MEMACC
10260,MEMACC
26996,MEMACC
4894,MEMACC
23079,MEMACC
30384,MEMACC
11974,MEMACC
19824,MEMACC
3892,L1HIT
6023,MEMACC
24334,L1HIT
18586,MEMACC
15167,MEMACC
20988,MEMACC
30158,MEMACC
7458,MEMACC
1019,MEMACC
2647,MEMACC
4747,MEMACC
13408,MEMACC
13411,L1HIT
13411,L1HIT
13424,L1HIT
11828,MEMACC
24996,MEMACC
6769,L1HIT
31474,MEMACC
14205,MEMACC
16664,MEMACC
6800,MEMACC
22864,MEMACC
30578,MEMACC
22332,MEMACC
24302,MEMACC
19585,MEMACC
11828,L1HIT
24996,MEMACC
6769,L1HIT
31474,L1HIT
14205,MEMACC
16664,L1HIT
6800,MEMACC
22864,MEMACC
32760,MEMACC
32770,MEMACC
30176,MEMACC
30176,L1HIT
30189,L1HIT
3755,MEMACC
31291,MEMACC
19530,MEMACC
5944,MEMACC
26539,MEMACC
28888,MEMACC
27684,MEMACC
20161,MEMACC
19757,MEMACC
9155,MEMACC
5312,MEMACC
20320,MEMACC
20742,MEMACC
6284,MEMACC
1327,MEMACC
17841,MEMACC
8609,MEMACC
30198,L1HIT
18262,MEMACC
8129,MEMACC
22650,MEMACC
22650,MEMACC
22664,MEMACC
22679,L1HIT
22687,L1HIT
22694,MEMACC
22707,L1HIT
5531,MEMACC
31512,MEMACC
22865,MEMACC
5653,MEMACC
25240,MEMACC
5153,MEMACC
14554,MEMACC
31512,L1HIT
22865,MEMACC
5653,MEMACC
25240,L1HIT
5153,L1HIT
14554,MEMACC
31512,L1HIT
22865,MEMACC
5653,MEMACC
25240,L1HIT
5153,L1HIT
14554,MEMACC
29697,MEMACC
8845,MEMACC
15146,MEMACC
18076,MEMACC
18078,L1HIT
18086,MEMACC
18089,MEMACC
18106,L1HIT
18125,MEMACC
25096,MEMACC
32266,MEMACC
23329,MEMACC
28294,L1HIT
24574,MEMACC
952,MEMACC
20565,MEMACC
6679,MEMACC
25726,MEMACC
26082,MEMACC
29898,MEMACC
5393,MEMACC
19222,MEMACC
19851,MEMACC
12960,MEMACC
23449,MEMACC
14873,MEMACC
9371,MEMACC
23547,MEMACC
12794,MEMACC
26717,MEMACC
4484,MEMACC
16160,MEMACC
1915,MEMACC
3074,MEMACC
14567,MEMACC
14109,MEMACC
19157,MEMACC
27420,L2HIT
854,MEMACC
5544,MEMACC
28044,L2HIT
19491,MEMACC
1028,MEMACC
26777,MEMACC
21830,MEMACC
29427,MEMACC
22187,MEMACC
10862,MEMACC
22895,MEMACC
1506,MEMACC
21877,MEMACC
32491,MEMACC
21634,MEMACC
5930,MEMACC
11466,MEMACC
437,MEMACC
29521,MEMACC
25647,MEMACC
27315,MEMACC
6524,MEMACC
32285,MEMACC
17010,MEMACC
11255,MEMACC
32497,L1HIT
11206,MEMACC
8249,MEMACC
9062,MEMACC
6829,MEMACC
18161,MEMACC
17623,MEMACC
12259,MEMACC
1963,MEMACC
12155,MEMACC
25616,MEMACC
8292,MEMACC
29084,MEMACC
31636,MEMACC
9378,MEMACC
26937,MEMACC
21738,MEMACC
12834,MEMACC
8049,MEMACC
22229,MEMACC
24623,MEMACC
4260,MEMACC
12834,L1HIT
8049,L1HIT
22229,MEMACC
24623,L1HIT
4260,L1HIT
13429,L1HIT
6500,L1HIT
2358,MEMACC
30156,MEMACC
24149,MEMACC
11029,MEMACC
16302,L2HIT
16446,MEMACC
20554,L1HIT
8751,MEMACC
8946,MEMACC
11676,MEMACC
19092,MEMACC
25223,L1HIT
18920,MEMACC
28935,MEMACC
9810,MEMACC
839,L1HIT
8715,MEMACC
26833,MEMACC
24956,MEMACC
1805,MEMACC
21908,MEMACC
16304,L1HIT
24099,MEMACC
31233,MEMACC
31010,MEMACC
27661,L2HIT
11708,MEMACC
596,MEMACC
21234,MEMACC
5304,MEMACC
24805,MEMACC
3840,MEMACC
3840,MEMACC
26920,L1HIT
5118,MEMACC
20167,L1HIT
5559,MEMACC
16264,MEMACC
20630,MEMACC
1570,MEMACC
1539,MEMACC
6439,L2HIT
13803,MEMACC
15282,MEMACC
3143,MEMACC
12077,MEMACC
16818,MEMACC
15710,MEMACC
16881,MEMACC
5496,MEMACC
14521,MEMACC
12355,MEMACC
11945,MEMACC
29174,MEMACC
9150,MEMACC
14826,MEMACC
28616,MEMACC
3095,MEMACC
9150,MEMACC
9941,MEMACC
25867,MEMACC
24801,MEMACC
12652,MEMACC
19219,MEMACC
18826,MEMACC
16822,MEMACC
13569,MEMACC
28337,MEMACC
19196,MEMACC
5147,MEMACC
29950,MEMACC
5803,MEMACC
25997,MEMACC
9789,MEMACC
32136,MEMACC
28103,MEMACC
7099,MEMACC
32655,MEMACC
2737,MEMACC
20891,MEMACC
201,MEMACC
24169,MEMACC
26252,MEMACC
15841,MEMACC
19080,MEMACC
4019,MEMACC
9974,MEMACC
16229,MEMACC
14218,MEMACC
28611,L1HIT
25692,MEMACC
30155,L1HIT
14195,MEMACC
8666,MEMACC
11065,MEMACC
8643,L1HIT
15659,MEMACC
18719,MEMACC
6357,MEMACC
13285,MEMACC
28414,MEMACC
30523,MEMACC
19744,MEMACC
21643,MEMACC
8920,MEMACC
8931,MEMACC
8932,L1HIT
21315,MEMACC
21333,L1HIT
21333,L1HIT
18447,MEMACC
6951,MEMACC
598,L1HIT
31090,MEMACC
14359,L2HIT
6267,MEMACC
31196,MEMACC
9030,MEMACC
4562,MEMACC
13703,MEMACC
31357,MEMACC
10236,MEMACC
11690,L1HIT
30464,MEMACC
24485,MEMACC
30558,MEMACC
31405,MEMACC
19811,L2HIT
28325,MEMACC
23095,MEMACC
18735,MEMACC
30936,MEMACC
25757,MEMACC
7328,MEMACC
16923,MEMACC
26851,MEMACC
6319,MEMACC
6217,MEMACC
7710,MEMACC
14333,MEMACC
11100,MEMACC
2385,MEMACC
12967,L2HIT
18066,L2HIT
12629,MEMACC
16923,L1HIT
26851,L1HIT
12494,MEMACC
20288,MEMACC
9814,MEMACC
6160,MEMACC
8610,L2HIT
11966,L1HIT
21534,MEMACC
4946,MEMACC
6695,MEMACC
16928,MEMACC
30936,MEMACC
16448,MEMACC
11808,L2HIT
19519,L2HIT
1816,L1HIT
1812,L1HIT
28820,MEMACC
10582,L2HIT
30201,L2HIT
6316,MEMACC
29060,MEMACC
29062,L1HIT
29065,L1HIT
31772,MEMACC
31782,MEMACC
1809,L1HIT
12083,L2HIT
12241,MEMACC
10895,MEMACC
20651,MEMACC
4794,MEMACC
26550,MEMACC
11554,MEMACC
29061,L1HIT
17295,MEMACC
13225,MEMACC
25278,MEMACC
4216,MEMACC
27724,MEMACC
18445,L1HIT
32727,MEMACC
19088,MEMACC
32607,MEMACC
32696,MEMACC
13042,MEMACC
5562,L2HIT
2762,MEMACC
20360,MEMACC
14451,MEMACC
25900,MEMACC
24164,L1HIT
30812,L2HIT
32637,MEMACC
19123,MEMACC
27068,MEMACC
5829,MEMACC
23904,MEMACC
20936,MEMACC
27329,MEMACC
21996,MEMACC
27325,MEMACC
32541,MEMACC
4681,MEMACC
1930,MEMACC
14257,MEMACC
6021,MEMACC
25215,MEMACC
29833,MEMACC
4766,MEMACC
8571,MEMACC
703,MEMACC
21552,MEMACC
27132,MEMACC
25648,L2HIT
187,MEMACC
5817,L2HIT
27655,L2HIT
30969,MEMACC
20947,L1HIT
15179,MEMACC
24346,L2HIT
3920,MEMACC
32031,MEMACC
18190,MEMACC
8627,L2HIT
14190,L1HIT
32436,MEMACC
998,MEMACC
19156,L2HIT
19797,MEMACC
1947,L1HIT
18478,L2HIT
26800,MEMACC
32217,MEMACC
16468,L1HIT
15702,L2HIT
32548,L2HIT
17743,MEMACC
16481,MEMACC
23150,MEMACC
6450,L2HIT
29555,MEMACC
4709,MEMACC
26428,MEMACC
32341,MEMACC
1179,MEMACC
22798,MEMACC
5022,MEMACC
29618,MEMACC
31764,MEMACC
28444,MEMACC
13644,MEMACC
18882,MEMACC
25376,MEMACC
1248,MEMACC
17458,MEMACC
21878,L2HIT
4290,MEMACC
20209,MEMACC
5508,MEMACC
24000,MEMACC
4030,MEMACC
16219,MEMACC
332,MEMACC
8731,MEMACC
5603,MEMACC
28410,MEMACC
23284,MEMACC
24731,MEMACC
11987,L2HIT
2954,MEMACC
11032,MEMACC
15300,MEMACC
3654,MEMACC
19322,MEMACC
26794,MEMACC
4230,MEMACC
29295,MEMACC
8559,L1HIT
17266,MEMACC
2804,MEMACC
9664,MEMACC
29312,MEMACC
15302,MEMACC
27778,MEMACC
4347,MEMACC
20682,MEMACC
12645,L2HIT
11830,L1HIT
23135,MEMACC
8591,MEMACC
10393,MEMACC
5038,MEMACC
26464,MEMACC
8931,L2HIT
25888,L1HIT
28967,MEMACC
9263,MEMACC
26283,MEMACC
52,MEMACC
26895,MEMACC
3761,MEMACC
13666,MEMACC
10205,MEMACC
11561,L1HIT
15866,MEMACC
32350,MEMACC
25981,MEMACC
3256,MEMACC
10351,MEMACC
45,L1HIT
10515,MEMACC
7350,L2HIT
22473,MEMACC
18258,L2HIT
16434,MEMACC
12693,MEMACC
15042,MEMACC
18050,L2HIT
10591,L2HIT
4021,L1HIT
30824,MEMACC
26172,MEMACC
1278,MEMACC
10461,MEMACC
418,L2HIT
26802,MEMACC
10229,MEMACC
18710,L2HIT
14273,MEMACC
5829,MEMACC
26429,MEMACC
23102,MEMACC
10381,MEMACC
26988,L2HIT
26761,L2HIT
10943,MEMACC
10957,MEMACC
10960,L1HIT
10971,L1HIT
10979,MEMACC
10981,MEMACC
32116,MEMACC
32119,MEMACC
32122,MEMACC
8702,MEMACC
8704,MEMACC
8714,L1HIT
8718,L1HIT
8721,L1HIT
14019,MEMACC
20638,L2HIT
17169,MEMACC
25598,MEMACC
7558,MEMACC
7474,L2HIT
6618,MEMACC
20638,L2HIT
17169,MEMACC
25598,MEMACC
7558,MEMACC
7474,L1HIT
6618,L1HIT
22166,MEMACC
16945,L2HIT
23691,MEMACC
19824,L2HIT
7517,MEMACC
28239,MEMACC
5058,MEMACC
19422,MEMACC
10988,MEMACC
4995,MEMACC
10510,MEMACC
22429,MEMACC
8989,MEMACC
16744,MEMACC
24020,L1HIT
6689,L2HIT
16378,MEMACC
28522,MEMACC
14823,L2HIT
22255,MEMACC
5450,MEMACC
5161,L2HIT
5180,L1HIT
5196,MEMACC
5201,MEMACC
5213,L1HIT
28126,L2HIT
28141,MEMACC
28157,L1HIT
29334,MEMACC
654,MEMACC
14815,MEMACC
18567,L2HIT
19535,L2HIT
19900,MEMACC
6534,MEMACC
745,MEMACC
15682,L1HIT
12251,MEMACC
31955,MEMACC
31874,MEMACC
14543,MEMACC
4168,MEMACC
9990,MEMACC
15265,L2HIT
26808,L1HIT
24547,MEMACC
20742,L2HIT
2393,MEMACC
28562,MEMACC
28577,MEMACC
