27835,MEMACC
15390,MEMACC
10067,MEMACC
3650,MEMACC
17267,MEMACC
23998,MEMACC
17664,MEMACC
11355,MEMACC
28561,MEMACC
29721,MEMACC
29651,MEMACC
1685,MEMACC
10467,MEMACC
12682,MEMACC
29947,L1HIT
3224,MEMACC
10577,MEMACC
21572,MEMACC
21820,L1HIT
30273,MEMACC
21657,L1HIT
13038,MEMACC
30751,MEMACC
4300,MEMACC
22816,MEMACC
21241,MEMACC
18423,MEMACC
28366,MEMACC
29674,L1HIT
18526,MEMACC
28993,MEMACC
8922,MEMACC
3661,L1HIT
15793,L1HIT
31145,L1HIT
19707,MEMACC
7616,MEMACC
20760,MEMACC
21903,L1HIT
4500,L1HIT
24237,MEMACC
16206,MEMACC
474,MEMACC
491,L1HIT
494,L1HIT
27503,MEMACC
27669,MEMACC
4136,L1HIT
22904,MEMACC
12166,MEMACC
26282,MEMACC
19842,MEMACC
23198,MEMACC
9413,MEMACC
25171,MEMACC
20597,MEMACC
10574,L1HIT
18511,L1HIT
22087,MEMACC
25334,MEMACC
16419,MEMACC
21130,MEMACC
28450,L1HIT
20349,MEMACC
15962,L1HIT
12644,MEMACC
12662,L1HIT
12663,L1HIT
12663,L1HIT
3723,L1HIT
742,MEMACC
16399,MEMACC
14458,MEMACC
14017,MEMACC
25179,L1HIT
1830,MEMACC
14989,MEMACC
2604,MEMACC
12241,MEMACC
27834,L1HIT
12241,MEMACC
27834,L1HIT
22632,L1HIT
5459,MEMACC
16457,L1HIT
6077,MEMACC
656,L1HIT
6680,MEMACC
742,L1HIT
16399,L1HIT
14458,L1HIT
14017,MEMACC
25179,L1HIT
1830,L1HIT
14989,MEMACC
2604,MEMACC
12241,MEMACC
27834,L1HIT
22632,L1HIT
5459,L1HIT
23379,MEMACC
9376,L1HIT
938,L1HIT
31577,MEMACC
8698,MEMACC
15759,L1HIT
19335,MEMACC
5967,L1HIT
24158,L1HIT
13734,MEMACC
17301,MEMACC
15111,MEMACC
9940,L1HIT
21228,L1HIT
18197,MEMACC
10432,L1HIT
17575,MEMACC
17917,L1HIT
4217,L1HIT
7058,MEMACC
14983,MEMACC
15002,L1HIT
15014,L1HIT
15028,L1HIT
15039,L1HIT
15058,L1HIT
15065,L1HIT
15075,L1HIT
22627,L1HIT
29967,L1HIT
13529,MEMACC
29943,L1HIT
21218,L1HIT
643,L1HIT
30401,L1HIT
30625,L1HIT
23132,MEMACC
29451,L1HIT
21730,L1HIT
23822,L1HIT
9648,L1HIT
10640,L1HIT
26230,MEMACC
31569,L1HIT
26773,MEMACC
3185,MEMACC
460,L1HIT
51,L1HIT
512,L1HIT
7368,L1HIT
21935,L1HIT
14089,MEMACC
15619,L1HIT
32097,MEMACC
22133,L1HIT
9894,L1HIT
22836,L1HIT
14882,L1HIT
21099,L1HIT
22256,L1HIT
18370,MEMACC
2729,MEMACC
25383,L1HIT
31553,L1HIT
3022,L1HIT
26667,MEMACC
4214,L1HIT
18116,MEMACC
32238,L1HIT
32255,L1HIT
32265,MEMACC
22592,L1HIT
16094,L1HIT
15704,L1HIT
26202,L1HIT
25707,MEMACC
27732,L1HIT
24539,L1HIT
2909,L1HIT
31996,L1HIT
10878,MEMACC
802,L1HIT
13538,MEMACC
26878,L1HIT
6607,MEMACC
29738,L1HIT
2267,MEMACC
30466,L1HIT
15964,L1HIT
8374,L1HIT
29728,L1HIT
19038,L1HIT
19051,L1HIT
19059,L1HIT
19077,L1HIT
19087,L1HIT
19092,L1HIT
22914,L1HIT
25092,L1HIT
8206,L1HIT
2100,L1HIT
23063,L1HIT
19565,MEMACC
13921,MEMACC
2245,L1HIT
15845,L1HIT
23816,L1HIT
22237,L1HIT
27237,MEMACC
32283,MEMACC
30566,L1HIT
10910,L1HIT
4134,L1HIT
3943,L1HIT
30398,L1HIT
12169,MEMACC
30720,L1HIT
30877,L1HIT
13922,L1HIT
13112,MEMACC
2899,L1HIT
15867,L1HIT
12207,MEMACC
11354,L1HIT
28018,L1HIT
1871,L1HIT
31978,L1HIT
30877,L1HIT
30877,L1HIT
13922,L1HIT
13112,MEMACC
2899,L1HIT
15867,L1HIT
17194,MEMACC
18975,L1HIT
417,L1HIT
24448,L1HIT
26568,L1HIT
15249,L1HIT
1966,L1HIT
6533,L1HIT
21445,L1HIT
18921,L1HIT
16543,L1HIT
647,L1HIT
13301,MEMACC
25995,L1HIT
25837,L1HIT
996,L1HIT
4508,L1HIT
24301,L1HIT
11722,L1HIT
11597,L1HIT
26396,L1HIT
26400,L1HIT
26413,L1HIT
26415,L1HIT
17619,L1HIT
27122,L1HIT
19405,L1HIT
14544,L1HIT
2943,L1HIT
28721,L1HIT
484,L1HIT
15995,L1HIT
5668,L1HIT
2865,L1HIT
30392,L1HIT
4922,MEMACC
230,L1HIT
14405,L1HIT
9273,L1HIT
17059,MEMACC
17066,L1HIT
17079,L1HIT
17092,L1HIT
1114,MEMACC
1130,L1HIT
1141,L1HIT
27315,L1HIT
14901,L1HIT
27888,L1HIT
25232,L1HIT
2827,L1HIT
8354,L1HIT
28366,L1HIT
30123,L1HIT
30109,L1HIT
3398,MEMACC
9223,L1HIT
28060,L1HIT
30619,L1HIT
30680,L1HIT
2813,L1HIT
19675,L1HIT
16441,L1HIT
27184,L1HIT
25942,L1HIT
4930,MEMACC
23244,L1HIT
23248,L1HIT
23258,L1HIT
23268,L1HIT
16124,L1HIT
16129,L1HIT
16147,L1HIT
29911,L1HIT
22313,L1HIT
28829,L1HIT
10512,L1HIT
29164,L1HIT
4276,L1HIT
19249,L1HIT
25829,L1HIT
29272,L1HIT
31924,L1HIT
14904,L1HIT
11977,MEMACC
5841,L1HIT
5626,L1HIT
12502,L1HIT
4276,L1HIT
31924,L1HIT
14904,L1HIT
11977,MEMACC
5841,L1HIT
5626,L1HIT
31553,L1HIT
31554,L1HIT
31572,L1HIT
31579,L1HIT
31579,L1HIT
31584,L1HIT
31585,L1HIT
21819,L1HIT
14007,L1HIT
21249,L1HIT
11633,L1HIT
7812,MEMACC
16629,L1HIT
5694,L1HIT
25675,L1HIT
15766,L1HIT
28482,L1HIT
11503,L1HIT
20578,L1HIT
29492,L1HIT
6946,MEMACC
13748,L1HIT
18011,L1HIT
561,L1HIT
12029,MEMACC
1843,L1HIT
13057,MEMACC
9890,L1HIT
5780,L1HIT
5789,L1HIT
5807,L1HIT
27288,L1HIT
6825,MEMACC
1156,L1HIT
735,L1HIT
15761,L1HIT
28058,L1HIT
6842,L1HIT
26199,L1HIT
22278,L1HIT
28921,L1HIT
2830,L1HIT
3434,MEMACC
28089,L1HIT
7813,L1HIT
4683,L1HIT
14388,L1HIT
18334,L1HIT
6357,L1HIT
31918,L1HIT
20963,L1HIT
25554,L1HIT
8811,L1HIT
20794,L1HIT
29647,L1HIT
27960,L1HIT
13351,L1HIT
26898,L1HIT
26248,L1HIT
25881,L1HIT
22396,L1HIT
2260,L1HIT
5706,L1HIT
26202,L1HIT
4984,L1HIT
11520,L1HIT
2191,L1HIT
28468,L1HIT
3358,MEMACC
32681,L1HIT
32001,L1HIT
5091,L1HIT
18679,L1HIT
25090,L1HIT
1084,L1HIT
32306,L1HIT
12195,L1HIT
6437,L1HIT
6656,L1HIT
21993,L1HIT
18815,L1HIT
2994,L1HIT
27530,L1HIT
21722,L1HIT
31724,L1HIT
3878,L1HIT
26422,L1HIT
12619,L1HIT
11361,L1HIT
6577,L1HIT
16822,L1HIT
16619,L1HIT
16621,L1HIT
26536,L1HIT
25674,L1HIT
10187,L1HIT
21198,L1HIT
1990,L1HIT
22530,L1HIT
27,L1HIT
27014,L1HIT
29049,L1HIT
26647,L1HIT
4623,L1HIT
2058,L1HIT
27287,L1HIT
22139,L1HIT
9363,L1HIT
6566,L1HIT
3542,MEMACC
4245,L1HIT
30023,L1HIT
22012,L1HIT
17634,L1HIT
27233,L1HIT
10623,L1HIT
29911,L1HIT
12013,L1HIT
1092,L1HIT
28155,L1HIT
31432,L1HIT
221,L1HIT
2001,L1HIT
29451,L1HIT
30779,L1HIT
2791,L1HIT
27927,L1HIT
22176,L1HIT
28587,L1HIT
87,L1HIT
1721,L1HIT
11649,L1HIT
12549,L1HIT
28045,L1HIT
26897,L1HIT
5675,L1HIT
5679,L1HIT
12583,L1HIT
12599,L1HIT
12600,L1HIT
12613,L1HIT
12621,L1HIT
12635,L1HIT
28359,L1HIT
28363,L1HIT
28369,L1HIT
28376,L1HIT
28388,L1HIT
28393,L1HIT
4287,L1HIT
4288,L1HIT
4304,L1HIT
4318,L1HIT
4319,L1HIT
4336,L1HIT
25547,L1HIT
27018,L1HIT
18977,L1HIT
7597,L1HIT
14623,L1HIT
14629,L1HIT
14640,L1HIT
969,L1HIT
10715,L1HIT
17286,L1HIT
31354,L1HIT
20764,L1HIT
25040,MEMACC
25980,L1HIT
9059,L1HIT
30519,L1HIT
31825,L1HIT
17543,L1HIT
969,L1HIT
3556,MEMACC
4579,L1HIT
18421,L1HIT
30742,L1HIT
6428,L1HIT
1014,L1HIT
3556,MEMACC
4579,L1HIT
18421,L1HIT
30742,L1HIT
28200,L1HIT
31975,L1HIT
5199,L1HIT
24643,L1HIT
28083,L1HIT
9909,L1HIT
24776,L1HIT
10575,L1HIT
814,L1HIT
1650,L1HIT
6736,L1HIT
1015,L1HIT
6408,L1HIT
19389,L1HIT
24028,L1HIT
9230,L1HIT
12359,L1HIT
29416,L1HIT
20834,L1HIT
3583,MEMACC
20437,L1HIT
19389,L1HIT
24028,L1HIT
9230,L1HIT
12359,L1HIT
29416,L1HIT
20643,L1HIT
25837,L1HIT
13524,L1HIT
13419,L1HIT
5441,L1HIT
14832,L1HIT
799,L1HIT
10614,L1HIT
13402,L1HIT
23408,L1HIT
20781,L1HIT
9986,L1HIT
16367,L1HIT
11377,L1HIT
25392,L1HIT
9177,L1HIT
32260,L1HIT
1054,L1HIT
12959,MEMACC
5668,L1HIT
18499,L1HIT
18511,L1HIT
18521,L1HIT
21176,L1HIT
31244,L1HIT
14739,L1HIT
5698,L1HIT
2852,L1HIT
20043,L1HIT
24099,L1HIT
8779,L1HIT
1135,L1HIT
18612,L1HIT
27312,L1HIT
11020,L1HIT
6971,L1HIT
8177,L1HIT
26679,L1HIT
1626,L1HIT
254,L1HIT
9759,L1HIT
30406,L1HIT
31164,L1HIT
5561,L1HIT
16333,L1HIT
15234,L1HIT
24644,L1HIT
7918,L1HIT
19040,L1HIT
19470,L1HIT
19871,L1HIT
6241,L1HIT
17805,L1HIT
16333,L1HIT
15234,L1HIT
18554,L1HIT
9531,L1HIT
4363,L1HIT
10066,L1HIT
18884,L1HIT
19471,L1HIT
17832,L1HIT
822,L1HIT
7219,L1HIT
5818,L1HIT
4763,L1HIT
32293,L1HIT
10837,L1HIT
315,L1HIT
30939,L1HIT
28122,L1HIT
11437,L1HIT
25893,L1HIT
25493,L1HIT
994,L1HIT
27167,L1HIT
25102,L1HIT
25119,L1HIT
25126,L1HIT
25139,L1HIT
25157,L1HIT
23506,L1HIT
23507,L1HIT
23521,L1HIT
23527,L1HIT
23531,L1HIT
23535,L1HIT
23552,L1HIT
24579,L1HIT
13020,MEMACC
24799,L1HIT
20756,L1HIT
69,L1HIT
14724,L1HIT
32184,L1HIT
15615,L1HIT
12271,L1HIT
30739,L1HIT
10518,L1HIT
10361,L1HIT
32710,L1HIT
23972,L1HIT
9268,L1HIT
6042,L1HIT
5545,L1HIT
18435,L1HIT
3122,L1HIT
27007,L1HIT
27288,L1HIT
8509,L1HIT
7132,L1HIT
22940,L1HIT
12317,L1HIT
17496,L1HIT
27860,L1HIT
27520,L1HIT
18835,L1HIT
30162,L1HIT
31864,L1HIT
6813,L1HIT
8679,L1HIT
27656,L1HIT
17683,L1HIT
9661,L1HIT
7125,L1HIT
8679,L1HIT
27656,L1HIT
30162,L1HIT
14429,L1HIT
11922,L1HIT
31643,L1HIT
9191,L1HIT
25123,L1HIT
3752,L1HIT
28565,L1HIT
7816,L1HIT
22867,L1HIT
32031,L1HIT
10200,L1HIT
6622,L1HIT
587,L1HIT
29256,L1HIT
22611,L1HIT
8867,L1HIT
17531,L1HIT
17544,L1HIT
17550,L1HIT
7990,L1HIT
16152,L1HIT
4753,L1HIT
21132,L1HIT
28086,L1HIT
6019,L1HIT
14396,L1HIT
5822,L1HIT
22744,L1HIT
14354,L1HIT
9272,L1HIT
26171,L1HIT
24290,L1HIT
26656,L1HIT
22034,L1HIT
15596,L1HIT
2918,L1HIT
17761,L1HIT
18651,L1HIT
6000,L1HIT
12536,L1HIT
12294,L1HIT
8009,L1HIT
30504,L1HIT
27919,L1HIT
19010,L1HIT
188,L1HIT
14983,L1HIT
7887,L1HIT
5919,L1HIT
10903,L1HIT
5152,L1HIT
22377,L1HIT
12966,MEMACC
31590,L1HIT
9981,L1HIT
848,L1HIT
2833,L1HIT
22685,L1HIT
5413,L1HIT
28106,L1HIT
9928,L1HIT
25842,L1HIT
18437,L1HIT
1183,L1HIT
25307,L1HIT
21229,L1HIT
20124,L1HIT
7545,L1HIT
28453,L1HIT
25998,L1HIT
29200,L1HIT
28794,L1HIT
5957,L1HIT
20098,L1HIT
19282,L1HIT
31703,L1HIT
28677,L1HIT
3525,L1HIT
4921,L1HIT
16428,L1HIT
2032,L1HIT
30516,L1HIT
5538,L1HIT
2365,L1HIT
12757,L1HIT
30702,L1HIT
30709,L1HIT
16201,L1HIT
17180,L1HIT
30253,L1HIT
18500,L1HIT
23036,L1HIT
14318,L1HIT
5215,L1HIT
6948,L1HIT
6616,L1HIT
18077,L1HIT
505,L1HIT
5265,L1HIT
12244,L1HIT
28875,L1HIT
24242,L1HIT
27392,L1HIT
26376,L1HIT
17247,L1HIT
20390,L1HIT
9577,L1HIT
1283,L1HIT
1298,L1HIT
1298,L1HIT
1315,L1HIT
1317,L1HIT
1333,L1HIT
3322,L1HIT
3335,L1HIT
3343,L1HIT
3357,L1HIT
3363,L1HIT
