19922,MEMACC
28256,MEMACC
22465,MEMACC
26235,MEMACC
7685,MEMACC
6061,MEMACC
8524,MEMACC
21187,MEMACC
22633,MEMACC
25032,MEMACC
24408,MEMACC
20261,MEMACC
6012,L1HIT
10253,MEMACC
7468,MEMACC
15896,MEMACC
13934,MEMACC
11310,MEMACC
7938,L1HIT
8871,MEMACC
23059,MEMACC
3839,MEMACC
1509,MEMACC
12798,MEMACC
12176,MEMACC
12176,MEMACC
9851,MEMACC
16048,MEMACC
20105,L1HIT
28913,MEMACC
12082,MEMACC
14189,MEMACC
30562,MEMACC
11945,L1HIT
15209,MEMACC
15888,L1HIT
16332,L1HIT
13587,MEMACC
5120,MEMACC
13229,MEMACC
26437,L1HIT
6319,MEMACC
2445,MEMACC
30010,MEMACC
16362,L1HIT
31450,MEMACC
31863,MEMACC
32760,MEMACC
32490,MEMACC
9897,L1HIT
20973,MEMACC
10201,L1HIT
21613,MEMACC
11649,MEMACC
28860,MEMACC
27173,MEMACC
4151,MEMACC
18850,MEMACC
29222,MEMACC
7974,L1HIT
27107,MEMACC
29824,MEMACC
18495,L1HIT
24218,L1HIT
29729,L1HIT
30320,MEMACC
30330,MEMACC
30346,L1HIT
30347,L1HIT
16997,MEMACC
26463,L1HIT
25031,L1HIT
4236,L1HIT
6687,MEMACC
18587,L1HIT
18482,L1HIT
25094,MEMACC
24286,L1HIT
22605,L1HIT
13382,L1HIT
9787,L1HIT
10799,MEMACC
20842,MEMACC
13738,L1HIT
20233,L1HIT
2548,MEMACC
9693,MEMACC
27290,MEMACC
29062,MEMACC
11012,MEMACC
11024,MEMACC
11039,L1HIT
16001,L1HIT
16010,L1HIT
16029,L1HIT
16042,L1HIT
16054,L1HIT
26332,L1HIT
30208,L1HIT
6181,MEMACC
16026,L1HIT
997,MEMACC
2670,MEMACC
31166,MEMACC
22197,MEMACC
5724,L1HIT
2101,L1HIT
23618,MEMACC
27165,L1HIT
18889,L1HIT
5168,MEMACC
4197,L1HIT
31781,MEMACC
20779,L1HIT
13902,L1HIT
656,L1HIT
10617,L1HIT
2058,L1HIT
24343,L1HIT
2081,L1HIT
19015,MEMACC
13127,MEMACC
22914,L1HIT
5979,L1HIT
21049,L1HIT
21049,L1HIT
13049,L1HIT
27363,L1HIT
6437,L1HIT
31818,L1HIT
27791,MEMACC
24891,L1HIT
14868,MEMACC
8031,L1HIT
12436,L1HIT
2058,L1HIT
24343,L1HIT
2081,L1HIT
19015,L1HIT
13127,L1HIT
22914,L1HIT
5979,L1HIT
21049,L1HIT
6727,MEMACC
7567,MEMACC
16167,L1HIT
15489,MEMACC
27201,L1HIT
27385,L1HIT
1200,MEMACC
10291,L1HIT
26021,MEMACC
28533,L1HIT
20728,L1HIT
31019,L1HIT
17716,MEMACC
10291,L1HIT
26021,L1HIT
28533,L1HIT
8699,L1HIT
6727,MEMACC
13269,L1HIT
13280,L1HIT
13297,L1HIT
4603,L1HIT
2477,L1HIT
4468,L1HIT
27963,L1HIT
27073,MEMACC
29920,L1HIT
19796,L1HIT
11067,L1HIT
18252,MEMACC
31917,L1HIT
27293,L1HIT
20624,L1HIT
26745,L1HIT
27293,L1HIT
19178,L1HIT
349,MEMACC
28582,L1HIT
7381,L1HIT
16255,L1HIT
4603,L1HIT
2477,L1HIT
4468,L1HIT
653,L1HIT
670,L1HIT
684,L1HIT
685,L1HIT
698,L1HIT
710,L1HIT
9523,MEMACC
19088,L1HIT
26104,L1HIT
14195,L1HIT
12499,L1HIT
12310,L1HIT
28145,L1HIT
18855,L1HIT
9364,L1HIT
21269,L1HIT
5559,MEMACC
25808,L1HIT
27121,L1HIT
7632,L1HIT
30363,L1HIT
12760,L1HIT
24117,L1HIT
11516,MEMACC
4102,L1HIT
4193,L1HIT
30051,L1HIT
15847,L1HIT
15850,L1HIT
15866,L1HIT
32193,L1HIT
14480,MEMACC
5295,MEMACC
26116,L1HIT
32372,L1HIT
13608,L1HIT
24732,L1HIT
8837,L1HIT
7061,MEMACC
3744,L1HIT
30134,L1HIT
24866,L1HIT
30591,L1HIT
26423,L1HIT
23843,MEMACC
28980,MEMACC
16707,MEMACC
29564,MEMACC
25853,L1HIT
11940,L1HIT
8917,L1HIT
8925,L1HIT
8934,L1HIT
8945,L1HIT
8959,L1HIT
32574,L1HIT
15376,L1HIT
11479,MEMACC
23771,MEMACC
4801,MEMACC
21495,L1HIT
18634,L1HIT
11721,L1HIT
9636,L1HIT
5803,L1HIT
22934,L1HIT
27455,L1HIT
8561,L1HIT
8962,L1HIT
9670,L1HIT
18724,L1HIT
23126,L1HIT
30615,L1HIT
29130,MEMACC
2150,L1HIT
21329,L1HIT
21716,L1HIT
1076,MEMACC
31496,MEMACC
22803,L1HIT
21329,L1HIT
21716,L1HIT
1076,L1HIT
31496,MEMACC
22803,L1HIT
24904,L1HIT
23513,L1HIT
19943,L1HIT
23437,L1HIT
13831,L1HIT
18211,L1HIT
18230,L1HIT
11080,L1HIT
12829,L1HIT
16508,L1HIT
6928,MEMACC
4357,L1HIT
11258,L1HIT
22799,L1HIT
27537,L1HIT
22378,L1HIT
2121,L1HIT
22799,L1HIT
27537,L1HIT
22378,L1HIT
2121,L1HIT
729,L1HIT
10417,L1HIT
31987,L1HIT
30385,L1HIT
6021,L1HIT
12829,L1HIT
16508,L1HIT
6928,L1HIT
4357,L1HIT
11258,L1HIT
22799,L1HIT
27537,L1HIT
22378,L1HIT
2121,L1HIT
30385,L1HIT
6021,L1HIT
28687,MEMACC
18738,L1HIT
8248,L1HIT
21852,L1HIT
10046,L1HIT
11080,L1HIT
12795,L1HIT
24434,L1HIT
18925,L1HIT
10207,L1HIT
8813,L1HIT
7039,L1HIT
12795,L1HIT
29455,L1HIT
21723,L1HIT
24197,L1HIT
24434,L1HIT
18925,L1HIT
10207,L1HIT
8813,L1HIT
4218,L1HIT
30633,L1HIT
11255,L1HIT
7295,L1HIT
9152,L1HIT
14873,L1HIT
8977,L1HIT
10443,L1HIT
17424,L1HIT
7570,L1HIT
31318,MEMACC
29802,L1HIT
10833,L1HIT
8907,L1HIT
20454,L1HIT
13172,L1HIT
30811,L1HIT
12135,L1HIT
4981,MEMACC
6197,L1HIT
24541,L1HIT
22395,L1HIT
30128,L1HIT
8875,L1HIT
320,L1HIT
17223,MEMACC
16349,L1HIT
15541,L1HIT
10966,L1HIT
3949,L1HIT
17223,L1HIT
16349,L1HIT
15541,L1HIT
320,L1HIT
17223,L1HIT
16349,L1HIT
15541,L1HIT
10966,L1HIT
3949,L1HIT
9231,L1HIT
29209,L1HIT
21102,L1HIT
21119,L1HIT
21137,L1HIT
21149,L1HIT
3025,MEMACC
7973,L1HIT
28818,L1HIT
17165,L1HIT
14007,L1HIT
32355,L1HIT
8766,L1HIT
16585,L1HIT
2175,L1HIT
14306,L1HIT
7880,L1HIT
13074,L1HIT
7236,L1HIT
29830,L1HIT
13089,L1HIT
4981,L1HIT
9457,L1HIT
21413,L1HIT
30289,L1HIT
5680,L1HIT
28345,L1HIT
15073,L1HIT
2548,L1HIT
28345,L1HIT
15073,L1HIT
16878,L1HIT
10936,L1HIT
25655,L1HIT
4513,L1HIT
12425,L1HIT
4321,L1HIT
13831,L1HIT
24287,L1HIT
7706,L1HIT
20015,L1HIT
8778,L1HIT
28218,L1HIT
20015,L1HIT
8778,L1HIT
28218,L1HIT
1303,L1HIT
23083,L1HIT
24100,L1HIT
23083,L1HIT
24100,L1HIT
8921,L1HIT
9810,L1HIT
1289,L1HIT
28339,L1HIT
20773,L1HIT
7886,L1HIT
17199,L1HIT
14336,MEMACC
10386,L1HIT
15663,L1HIT
13956,L1HIT
349,L1HIT
27960,L1HIT
17532,L1HIT
15189,L1HIT
4740,L1HIT
30120,L1HIT
6340,L1HIT
30485,L1HIT
25973,L1HIT
31956,L1HIT
16239,L1HIT
24229,L1HIT
27689,L1HIT
1074,L1HIT
5704,L1HIT
11672,L1HIT
26778,L1HIT
815,L1HIT
11872,L1HIT
26778,L1HIT
815,L1HIT
11872,L1HIT
2918,L1HIT
2980,L1HIT
4826,L1HIT
13555,L1HIT
9364,L1HIT
24229,L1HIT
24536,L1HIT
21147,L1HIT
9071,L1HIT
3904,L1HIT
9010,L1HIT
15359,L1HIT
5348,MEMACC
18625,L1HIT
32364,L1HIT
4096,L1HIT
10649,L1HIT
14016,L1HIT
13311,L1HIT
26109,L1HIT
7543,L1HIT
11082,L1HIT
21270,L1HIT
24536,L1HIT
11201,L1HIT
14513,MEMACC
9665,L1HIT
4414,L1HIT
15047,L1HIT
9316,L1HIT
29029,L1HIT
6490,L1HIT
30618,L1HIT
17461,L1HIT
10567,L1HIT
32767,L1HIT
23266,L1HIT
28426,L1HIT
15470,L1HIT
5507,MEMACC
26795,L1HIT
586,L1HIT
29834,L1HIT
31233,MEMACC
22628,L1HIT
8298,L1HIT
7128,L1HIT
17961,L1HIT
26839,L1HIT
24294,L1HIT
6006,L1HIT
16221,L1HIT
29798,L1HIT
30841,L1HIT
30620,L1HIT
4363,L1HIT
8519,L1HIT
15855,L1HIT
18262,L1HIT
10036,L1HIT
30370,L1HIT
12296,L1HIT
26059,L1HIT
18112,L1HIT
27589,L1HIT
25395,MEMACC
28872,L1HIT
28155,L1HIT
21976,L1HIT
8406,L1HIT
30791,L1HIT
17996,L1HIT
3707,L1HIT
7315,L1HIT
16882,L1HIT
24495,L1HIT
10882,L1HIT
16093,L1HIT
3814,L1HIT
21266,L1HIT
17431,L1HIT
23400,L1HIT
24379,L1HIT
31175,L1HIT
3220,MEMACC
14071,L1HIT
29122,L1HIT
28985,L1HIT
27071,L1HIT
30119,L1HIT
14071,L1HIT
29122,L1HIT
28985,L1HIT
11437,L1HIT
3184,L1HIT
7902,L1HIT
30758,L1HIT
6444,L1HIT
20008,L1HIT
19324,L1HIT
7902,L1HIT
30758,L1HIT
6444,L1HIT
20008,L1HIT
19324,L1HIT
16922,L1HIT
12329,L1HIT
6095,L1HIT
29126,L1HIT
3194,L1HIT
18252,L1HIT
10111,L1HIT
27850,L1HIT
20558,L1HIT
31597,L1HIT
25460,MEMACC
20352,L1HIT
17076,L1HIT
5371,MEMACC
5856,L1HIT
16724,L1HIT
14410,MEMACC
24471,L1HIT
31612,L1HIT
25273,L1HIT
13865,L1HIT
29226,L1HIT
4195,L1HIT
25769,L1HIT
30221,L1HIT
15508,L1HIT
16160,L1HIT
20698,L1HIT
27166,L1HIT
371,L1HIT
30623,L1HIT
14612,L1HIT
26657,L1HIT
15688,L1HIT
30633,L1HIT
17765,L1HIT
3164,L1HIT
32191,L1HIT
29513,L1HIT
19227,L1HIT
24458,L1HIT
25191,L1HIT
24459,L1HIT
2216,L1HIT
15529,L1HIT
30975,L1HIT
30975,L1HIT
30983,L1HIT
30992,L1HIT
31010,L1HIT
31015,L1HIT
31022,L1HIT
2991,L1HIT
3200,L1HIT
15430,L1HIT
4195,L1HIT
27520,L1HIT
14533,L1HIT
27144,L1HIT
14409,L1HIT
16689,L1HIT
12658,L1HIT
27447,L1HIT
20744,L1HIT
24776,L1HIT
26557,L1HIT
8130,L1HIT
18192,L1HIT
3903,L1HIT
25970,L1HIT
25807,L1HIT
3495,L1HIT
7536,L1HIT
7540,L1HIT
7542,L1HIT
7236,L1HIT
22119,L1HIT
31548,L1HIT
20134,L1HIT
11047,L1HIT
8804,L1HIT
28224,L1HIT
11271,L1HIT
14780,L1HIT
28668,L1HIT
6467,L1HIT
15974,L1HIT
11971,L1HIT
8835,L1HIT
20127,L1HIT
30572,L1HIT
1216,L1HIT
22119,L1HIT
31548,L1HIT
30271,L1HIT
30279,L1HIT
30297,L1HIT
30304,L1HIT
2753,L1HIT
2755,L1HIT
18579,L1HIT
24891,L1HIT
31571,L1HIT
11859,L1HIT
268,L1HIT
18579,L1HIT
24891,L1HIT
31571,L1HIT
11859,L1HIT
268,L1HIT
8613,L1HIT
18017,L1HIT
17546,L1HIT
19628,L1HIT
1921,MEMACC
32321,L1HIT
22267,L1HIT
6687,L1HIT
8701,L1HIT
3813,L1HIT
23080,L1HIT
19457,L1HIT
10131,L1HIT
4288,L1HIT
3813,L1HIT
23080,L1HIT
19457,L1HIT
10131,L1HIT
4288,L1HIT
28486,L1HIT
21405,L1HIT
13341,L1HIT
19438,L1HIT
26820,L1HIT
8469,L1HIT
681,L1HIT
11367,L1HIT
10852,L1HIT
13228,L1HIT
562,L1HIT
4291,L1HIT
8469,L1HIT
681,L1HIT
11367,L1HIT
10852,L1HIT
13228,L1HIT
9843,L1HIT
8469,L1HIT
681,L1HIT
11367,L1HIT
10577,L1HIT
17879,L1HIT
6119,L1HIT
12079,L1HIT
30619,L1HIT
12785,L1HIT
26158,L1HIT
17921,L1HIT
26575,L1HIT
18213,L1HIT
7566,L1HIT
32535,L1HIT
16403,L1HIT
5593,L1HIT
12944,L1HIT
23625,MEMACC
16884,L1HIT
9461,L1HIT
25698,L1HIT
7984,L1HIT
26726,L1HIT
26453,L1HIT
18348,L1HIT
4270,L1HIT
18331,L1HIT
8031,L1HIT
8799,L1HIT
4113,L1HIT
13323,L1HIT
27289,L1HIT
26415,L1HIT
13096,L1HIT
20397,L1HIT
31682,L1HIT
26568,L1HIT
10738,L1HIT
9086,L1HIT
17595,L1HIT
19992,L1HIT
24273,L1HIT
28938,L1HIT
27345,L1HIT
14607,L1HIT
20916,L1HIT
28759,L1HIT
5099,L1HIT
28502,L1HIT
2983,L1HIT
4337,L1HIT
4895,L1HIT
27190,L1HIT
6626,L1HIT
10826,L1HIT
9324,L1HIT
13986,L1HIT
27128,L1HIT
22390,L1HIT
1174,L1HIT
2163,L1HIT
26493,L1HIT
19733,L1HIT
1594,L1HIT
26600,L1HIT
22993,L1HIT
24712,L1HIT
7983,L1HIT
15245,L1HIT
24533,L1HIT
19327,L1HIT
1596,L1HIT
25086,L1HIT
13401,L1HIT
4002,L1HIT
19684,L1HIT
8842,L1HIT
31446,L1HIT
8745,L1HIT
5232,L1HIT
19624,L1HIT
27364,L1HIT
23035,L1HIT
7938,L1HIT
3518,L1HIT
3642,L1HIT
4136,L1HIT
8745,L1HIT
5232,L1HIT
2392,L1HIT
15696,L1HIT
15703,L1HIT
15717,L1HIT
2712,L1HIT
919,L1HIT
5141,L1HIT
11988,L1HIT
26305,L1HIT
24944,L1HIT
23025,L1HIT
23043,L1HIT
23043,L1HIT
23052,L1HIT
23054,L1HIT
517,L1HIT
533,L1HIT
547,L1HIT
557,L1HIT
567,L1HIT
15199,L1HIT
8259,L1HIT
27236,L1HIT
31009,L1HIT
30340,L1HIT
19008,L1HIT
4491,L1HIT
10984,L1HIT
7449,L1HIT
6869,L1HIT
12533,L1HIT
23344,L1HIT
23460,L1HIT
21438,L1HIT
20795,L1HIT
22616,L1HIT
31857,L1HIT
25243,L1HIT
9720,L1HIT
5088,L1HIT
4974,L1HIT
4992,L1HIT
18786,L1HIT
10958,L1HIT
25157,L1HIT
510,L1HIT
8412,L1HIT
14187,L1HIT
8657,L1HIT
22069,L1HIT
7016,L1HIT
10711,L1HIT
12560,L1HIT
20058,L1HIT
9528,L1HIT
4297,L1HIT
23907,L1HIT
13284,L1HIT
27775,L1HIT
27928,L1HIT
6002,L1HIT
11695,L1HIT
25211,L1HIT
11611,L1HIT
29423,L1HIT
20146,L1HIT
11115,L1HIT
30702,L1HIT
29423,L1HIT
20146,L1HIT
11115,L1HIT
30702,L1HIT
22364,L1HIT
20484,L1HIT
17018,L1HIT
3141,L1HIT
9990,L1HIT
15112,L1HIT
6274,L1HIT
31504,L1HIT
7638,L1HIT
28025,L1HIT
12829,L1HIT
29305,L1HIT
411,L1HIT
1380,L1HIT
21585,L1HIT
9990,L1HIT
30384,L1HIT
24198,L1HIT
22916,L1HIT
350,L1HIT
9435,L1HIT
19461,L1HIT
350,L1HIT
9435,L1HIT
19461,L1HIT
23897,L1HIT
22183,L1HIT
23897,L1HIT
22183,L1HIT
17773,L1HIT
16893,L1HIT
3476,L1HIT
3287,L1HIT
11588,L1HIT
3349,L1HIT
18378,L1HIT
23548,L1HIT
7360,L1HIT
29474,L1HIT
16893,L1HIT
3476,L1HIT
3287,L1HIT
11588,L1HIT
3349,L1HIT
18378,L1HIT
23548,L1HIT
9280,L1HIT
12539,L1HIT
15441,L1HIT
26035,L1HIT
14169,L1HIT
6154,L1HIT
3287,L1HIT
11588,L1HIT
3349,L1HIT
18378,L1HIT
23548,L1HIT
7360,L1HIT
29474,L1HIT
28512,L1HIT
28531,L1HIT
28540,L1HIT
28556,L1HIT
28570,L1HIT
10155,L1HIT
25546,L1HIT
7542,L1HIT
9783,L1HIT
2283,L1HIT
23836,L1HIT
31206,L1HIT
11594,L1HIT
739,L1HIT
15689,L1HIT
32694,L1HIT
20900,L1HIT
13436,L1HIT
904,L1HIT
22737,L1HIT
17805,L1HIT
25411,L1HIT
10964,L1HIT
10503,L1HIT
9298,L1HIT
10347,L1HIT
140,L1HIT
30915,L1HIT
7881,L1HIT
31313,L1HIT
24183,L1HIT
21429,L1HIT
18006,L1HIT
17867,L1HIT
17220,L1HIT
29312,L1HIT
17841,L1HIT
1508,L1HIT
21331,L1HIT
30081,L1HIT
24859,L1HIT
18924,L1HIT
2407,L1HIT
9881,L1HIT
29305,L1HIT
