6395,MEMACC
20244,MEMACC
2595,MEMACC
29141,MEMACC
24313,MEMACC
8897,MEMACC
30967,MEMACC
1224,MEMACC
29984,MEMACC
5290,MEMACC
27366,MEMACC
32513,MEMACC
4684,MEMACC
6018,MEMACC
5448,MEMACC
21888,MEMACC
4203,MEMACC
31153,MEMACC
1731,MEMACC
16693,MEMACC
18900,MEMACC
12247,MEMACC
2952,MEMACC
22948,MEMACC
2875,MEMACC
15187,MEMACC
10961,MEMACC
31872,MEMACC
14953,MEMACC
14045,MEMACC
12000,MEMACC
213,MEMACC
8599,MEMACC
2927,MEMACC
32119,MEMACC
22388,MEMACC
32050,MEMACC
17876,MEMACC
24267,MEMACC
1862,MEMACC
15425,MEMACC
28841,MEMACC
10849,MEMACC
27371,MEMACC
12079,MEMACC
23047,MEMACC
28101,MEMACC
18783,MEMACC
13684,MEMACC
11598,MEMACC
11658,MEMACC
15425,L1HIT
28841,L1HIT
10849,L1HIT
14492,MEMACC
2401,MEMACC
11190,MEMACC
13721,MEMACC
11598,MEMACC
22828,MEMACC
23828,MEMACC
14797,MEMACC
31443,MEMACC
1203,MEMACC
1738,MEMACC
12786,MEMACC
518,MEMACC
28752,MEMACC
28752,MEMACC
29589,MEMACC
9633,MEMACC
25102,MEMACC
4181,MEMACC
7028,MEMACC
27559,MEMACC
6922,MEMACC
9240,MEMACC
360,MEMACC
22828,L1HIT
23828,MEMACC
9240,MEMACC
360,L1HIT
22828,L1HIT
23828,MEMACC
14797,L1HIT
11726,MEMACC
2295,MEMACC
16572,MEMACC
15446,MEMACC
16487,MEMACC
10874,MEMACC
30436,MEMACC
27307,MEMACC
10693,MEMACC
1067,MEMACC
22669,MEMACC
8625,MEMACC
11202,MEMACC
6424,MEMACC
23107,MEMACC
7001,MEMACC
30940,MEMACC
8375,MEMACC
26648,MEMACC
25913,MEMACC
21590,MEMACC
31775,MEMACC
11019,MEMACC
12471,MEMACC
2760,MEMACC
17650,MEMACC
4396,MEMACC
24137,MEMACC
18582,MEMACC
23597,MEMACC
7966,MEMACC
18844,MEMACC
1227,L1HIT
3313,MEMACC
14855,MEMACC
18944,MEMACC
25167,MEMACC
10850,L1HIT
12079,L1HIT
14,MEMACC
14190,MEMACC
20102,MEMACC
17440,MEMACC
28758,MEMACC
5875,MEMACC
5403,MEMACC
9428,MEMACC
413,MEMACC
7920,MEMACC
26534,MEMACC
30093,MEMACC
27320,MEMACC
8789,MEMACC
23807,MEMACC
27889,MEMACC
18565,MEMACC
24026,MEMACC
6309,MEMACC
21356,MEMACC
30658,MEMACC
27965,MEMACC
6989,MEMACC
27415,MEMACC
23807,MEMACC
13563,MEMACC
16812,MEMACC
782,MEMACC
13164,MEMACC
6361,MEMACC
782,MEMACC
13164,L1HIT
6361,MEMACC
26964,MEMACC
7962,MEMACC
782,MEMACC
13164,L1HIT
6361,MEMACC
26964,MEMACC
24657,MEMACC
15831,MEMACC
26820,MEMACC
11820,MEMACC
1693,MEMACC
802,MEMACC
14870,MEMACC
31690,MEMACC
12032,MEMACC
14870,MEMACC
31690,L1HIT
4361,MEMACC
24692,MEMACC
12032,L1HIT
14870,MEMACC
31690,L1HIT
4361,L1HIT
15687,MEMACC
15689,MEMACC
15694,MEMACC
15711,MEMACC
15713,MEMACC
15723,MEMACC
15738,MEMACC
140,MEMACC
19327,MEMACC
13658,MEMACC
21620,MEMACC
3728,MEMACC
6628,MEMACC
6728,MEMACC
7039,MEMACC
1776,MEMACC
18156,MEMACC
140,L1HIT
19327,L1HIT
13658,MEMACC
21620,L1HIT
3728,L1HIT
13112,MEMACC
6716,MEMACC
11582,MEMACC
3492,MEMACC
3500,MEMACC
30527,MEMACC
22478,MEMACC
19269,MEMACC
26200,MEMACC
26722,MEMACC
31510,MEMACC
32007,MEMACC
17712,MEMACC
2024,MEMACC
32335,MEMACC
968,MEMACC
14633,MEMACC
16832,MEMACC
16197,MEMACC
21793,MEMACC
30270,MEMACC
8721,MEMACC
2024,L1HIT
32335,L1HIT
9111,MEMACC
12004,MEMACC
9413,MEMACC
1489,MEMACC
26589,MEMACC
9609,MEMACC
26589,MEMACC
968,L1HIT
14633,L1HIT
16832,MEMACC
2587,MEMACC
4470,MEMACC
30599,MEMACC
7592,MEMACC
12512,MEMACC
12059,MEMACC
21184,MEMACC
78,MEMACC
28086,MEMACC
14713,MEMACC
6112,MEMACC
11972,MEMACC
15548,MEMACC
20150,MEMACC
7995,MEMACC
21744,MEMACC
16919,MEMACC
5403,L1HIT
10855,L1HIT
29215,MEMACC
21909,MEMACC
21924,MEMACC
21929,MEMACC
21938,MEMACC
9398,MEMACC
7728,MEMACC
29706,MEMACC
28227,MEMACC
16620,MEMACC
27987,MEMACC
12679,MEMACC
8442,MEMACC
5974,MEMACC
32437,MEMACC
27868,MEMACC
30519,MEMACC
23446,MEMACC
19459,MEMACC
24110,MEMACC
25401,MEMACC
21233,MEMACC
3504,MEMACC
4739,MEMACC
29510,MEMACC
6516,MEMACC
15944,MEMACC
14374,MEMACC
5957,MEMACC
20681,MEMACC
8140,MEMACC
15269,MEMACC
30076,MEMACC
8045,MEMACC
29122,MEMACC
1812,MEMACC
3662,MEMACC
2531,MEMACC
28099,L1HIT
14793,L1HIT
23731,MEMACC
19442,MEMACC
24266,L1HIT
12186,MEMACC
7241,MEMACC
9197,MEMACC
11268,MEMACC
6435,MEMACC
22925,MEMACC
12212,MEMACC
29424,MEMACC
10034,MEMACC
11891,MEMACC
19576,MEMACC
26100,MEMACC
15733,MEMACC
11891,L1HIT
19576,L1HIT
26100,L1HIT
22925,L1HIT
12212,MEMACC
29424,MEMACC
10034,MEMACC
11891,L1HIT
26100,L1HIT
15733,MEMACC
5389,MEMACC
10533,MEMACC
21223,MEMACC
21570,MEMACC
10988,MEMACC
28012,MEMACC
2921,L1HIT
23856,MEMACC
25734,MEMACC
28939,MEMACC
11448,MEMACC
31032,MEMACC
3381,MEMACC
30919,MEMACC
12971,MEMACC
7151,MEMACC
5681,MEMACC
26789,MEMACC
21118,MEMACC
23917,MEMACC
22872,MEMACC
10554,MEMACC
19723,MEMACC
9825,MEMACC
8206,MEMACC
432,MEMACC
22509,MEMACC
16490,MEMACC
28783,MEMACC
25998,MEMACC
14496,MEMACC
13401,MEMACC
7440,MEMACC
17508,MEMACC
9825,MEMACC
8206,MEMACC
432,L1HIT
30351,MEMACC
29834,MEMACC
22986,MEMACC
17508,MEMACC
6050,MEMACC
4802,MEMACC
9306,MEMACC
8265,MEMACC
7847,MEMACC
26395,MEMACC
1011,MEMACC
8968,MEMACC
23218,MEMACC
23376,MEMACC
6714,MEMACC
10516,MEMACC
17621,MEMACC
16907,MEMACC
26645,MEMACC
7030,L1HIT
30568,MEMACC
14678,MEMACC
13548,MEMACC
32220,MEMACC
8290,MEMACC
3361,MEMACC
1324,MEMACC
6423,MEMACC
27786,MEMACC
10688,MEMACC
8389,MEMACC
13725,MEMACC
4579,MEMACC
2136,MEMACC
12871,MEMACC
7772,MEMACC
3052,MEMACC
27063,MEMACC
6130,MEMACC
28573,MEMACC
24931,MEMACC
20629,MEMACC
13067,MEMACC
1254,MEMACC
22410,MEMACC
15692,L1HIT
8103,MEMACC
15344,MEMACC
8935,MEMACC
14743,MEMACC
28255,MEMACC
11034,MEMACC
31510,MEMACC
23246,MEMACC
3044,MEMACC
24244,MEMACC
5580,MEMACC
4630,MEMACC
13685,MEMACC
22278,MEMACC
16032,MEMACC
2396,MEMACC
10006,MEMACC
24912,MEMACC
7647,MEMACC
25672,MEMACC
8885,MEMACC
22510,L1HIT
12729,MEMACC
27526,MEMACC
22372,MEMACC
2943,MEMACC
4935,MEMACC
4952,MEMACC
4971,MEMACC
4987,MEMACC
5000,MEMACC
2266,MEMACC
2284,MEMACC
2297,MEMACC
2310,MEMACC
9905,MEMACC
9915,MEMACC
9933,MEMACC
9948,MEMACC
9965,MEMACC
4199,MEMACC
4206,L1HIT
4214,MEMACC
4220,MEMACC
14087,MEMACC
5433,MEMACC
7217,MEMACC
21622,L1HIT
24830,MEMACC
9597,MEMACC
13260,MEMACC
25038,MEMACC
13123,MEMACC
24419,MEMACC
14402,MEMACC
10816,MEMACC
31768,L1HIT
31820,MEMACC
28408,MEMACC
26463,MEMACC
21159,MEMACC
26012,MEMACC
28024,MEMACC
17409,MEMACC
6972,MEMACC
13296,MEMACC
19136,MEMACC
28929,MEMACC
10777,MEMACC
22449,MEMACC
25724,MEMACC
2576,MEMACC
12963,MEMACC
15793,MEMACC
26328,MEMACC
18526,MEMACC
32591,MEMACC
25866,MEMACC
12984,MEMACC
17671,MEMACC
11029,MEMACC
16762,MEMACC
25289,MEMACC
16651,MEMACC
9697,MEMACC
9697,L1HIT
9713,MEMACC
9719,L1HIT
7377,MEMACC
18884,MEMACC
9742,MEMACC
23215,MEMACC
20305,MEMACC
29713,MEMACC
32456,MEMACC
24472,MEMACC
3768,MEMACC
9695,MEMACC
2487,MEMACC
19522,MEMACC
30491,MEMACC
9457,MEMACC
19378,MEMACC
25923,MEMACC
21172,MEMACC
30285,MEMACC
8949,MEMACC
13236,MEMACC
3263,MEMACC
27040,MEMACC
15280,MEMACC
8736,MEMACC
1877,MEMACC
10294,MEMACC
17114,MEMACC
3995,MEMACC
32737,MEMACC
22559,MEMACC
9940,MEMACC
26778,MEMACC
27002,MEMACC
13862,MEMACC
17353,MEMACC
27531,MEMACC
32508,MEMACC
9467,MEMACC
27365,L1HIT
5120,MEMACC
8114,MEMACC
26839,MEMACC
21805,MEMACC
1780,L1HIT
15426,L1HIT
7254,MEMACC
25709,MEMACC
6260,MEMACC
15879,MEMACC
7320,MEMACC
5053,MEMACC
24815,MEMACC
14401,L1HIT
28636,MEMACC
15423,MEMACC
11154,MEMACC
16531,MEMACC
20962,MEMACC
14521,MEMACC
29265,MEMACC
2670,MEMACC
28692,MEMACC
15459,MEMACC
32002,L1HIT
21449,MEMACC
28637,MEMACC
3265,MEMACC
3802,MEMACC
20800,MEMACC
5831,MEMACC
24746,MEMACC
16193,MEMACC
5539,MEMACC
20263,MEMACC
15906,MEMACC
21839,MEMACC
14790,MEMACC
22903,MEMACC
21102,MEMACC
6526,MEMACC
9940,MEMACC
8345,MEMACC
30767,MEMACC
6583,MEMACC
17279,MEMACC
16370,MEMACC
13349,MEMACC
20417,MEMACC
20831,MEMACC
10892,MEMACC
10503,MEMACC
30470,MEMACC
4734,MEMACC
7101,MEMACC
7651,MEMACC
18416,MEMACC
904,MEMACC
32416,MEMACC
10150,MEMACC
22505,L1HIT
27795,MEMACC
27804,MEMACC
27806,L1HIT
17547,MEMACC
17552,MEMACC
9377,MEMACC
23893,MEMACC
5177,MEMACC
12220,MEMACC
28516,MEMACC
9377,MEMACC
10875,MEMACC
10875,L1HIT
10884,MEMACC
10891,MEMACC
10905,MEMACC
10922,MEMACC
21250,MEMACC
6951,MEMACC
10400,MEMACC
12204,MEMACC
6121,MEMACC
49,MEMACC
25890,MEMACC
9417,MEMACC
15024,MEMACC
16512,MEMACC
14944,MEMACC
12946,MEMACC
26338,MEMACC
24836,MEMACC
25210,MEMACC
5304,MEMACC
18244,MEMACC
5085,MEMACC
16634,MEMACC
15645,MEMACC
8648,MEMACC
25368,MEMACC
14683,MEMACC
31762,MEMACC
8764,MEMACC
31208,MEMACC
31068,MEMACC
24137,L1HIT
13296,L1HIT
5420,MEMACC
27733,MEMACC
23176,MEMACC
1918,MEMACC
12122,MEMACC
6200,MEMACC
24222,MEMACC
29937,MEMACC
21710,MEMACC
11901,MEMACC
14474,MEMACC
8550,MEMACC
2879,L1HIT
19348,MEMACC
13376,MEMACC
6683,MEMACC
11614,MEMACC
6765,MEMACC
23993,MEMACC
19407,MEMACC
5846,MEMACC
9481,MEMACC
26609,MEMACC
8802,MEMACC
15252,MEMACC
28619,MEMACC
859,MEMACC
30284,MEMACC
15355,MEMACC
25764,MEMACC
22627,MEMACC
26355,MEMACC
23109,MEMACC
19117,MEMACC
10695,L1HIT
24902,MEMACC
3383,MEMACC
21903,MEMACC
18682,MEMACC
27458,MEMACC
31686,MEMACC
23771,MEMACC
2834,MEMACC
19370,MEMACC
13258,L1HIT
30247,MEMACC
11638,MEMACC
13725,MEMACC
14592,MEMACC
25121,MEMACC
14499,MEMACC
29441,MEMACC
28195,MEMACC
21349,MEMACC
14848,L1HIT
25404,L1HIT
13099,MEMACC
10882,L1HIT
19518,MEMACC
13745,MEMACC
9121,MEMACC
13718,MEMACC
2207,MEMACC
19715,MEMACC
22207,MEMACC
26309,MEMACC
6993,MEMACC
10197,MEMACC
14663,MEMACC
20947,MEMACC
32582,MEMACC
10671,MEMACC
13994,MEMACC
23734,L1HIT
28029,MEMACC
554,MEMACC
6805,MEMACC
31136,MEMACC
29090,MEMACC
142,L1HIT
7949,MEMACC
20938,MEMACC
2378,MEMACC
4926,MEMACC
13994,MEMACC
23734,L1HIT
28029,L1HIT
8699,MEMACC
27700,MEMACC
5567,MEMACC
10231,MEMACC
372,MEMACC
29458,MEMACC
24120,MEMACC
9791,MEMACC
5671,MEMACC
9481,MEMACC
5850,MEMACC
9337,MEMACC
27949,MEMACC
17650,MEMACC
20038,MEMACC
858,MEMACC
12755,MEMACC
17786,MEMACC
24978,MEMACC
1448,MEMACC
5701,MEMACC
28668,MEMACC
24995,MEMACC
21295,MEMACC
1345,MEMACC
4970,L1HIT
15628,MEMACC
17922,MEMACC
1405,MEMACC
17637,MEMACC
13972,MEMACC
