32680,MEMACC
28758,MEMACC
5844,MEMACC
6407,MEMACC
11051,MEMACC
7233,MEMACC
4784,MEMACC
25407,MEMACC
31889,MEMACC
29641,MEMACC
25343,MEMACC
4267,MEMACC
20284,MEMACC
15975,MEMACC
9206,MEMACC
39,MEMACC
25043,MEMACC
24821,MEMACC
6733,MEMACC
7470,MEMACC
52,MEMACC
53,L1HIT
59,L1HIT
68,MEMACC
3181,MEMACC
7655,MEMACC
1284,MEMACC
22003,MEMACC
17211,MEMACC
5886,MEMACC
11153,MEMACC
1435,MEMACC
1107,MEMACC
6779,L1HIT
13576,MEMACC
7003,MEMACC
7022,L1HIT
7030,L1HIT
7039,L1HIT
7044,MEMACC
7050,MEMACC
7052,MEMACC
7068,MEMACC
22931,MEMACC
22931,MEMACC
22931,MEMACC
22935,L1HIT
29787,MEMACC
29788,L1HIT
29801,L1HIT
29815,L1HIT
22738,MEMACC
22739,L1HIT
22740,L1HIT
25321,MEMACC
25337,MEMACC
25355,L1HIT
25358,L1HIT
25365,L1HIT
25382,L1HIT
3985,MEMACC
2172,MEMACC
21270,MEMACC
22559,MEMACC
25782,MEMACC
24538,MEMACC
16667,MEMACC
31158,MEMACC
16667,L1HIT
31158,MEMACC
19378,MEMACC
9908,MEMACC
8357,MEMACC
4866,MEMACC
18061,MEMACC
3985,L1HIT
2172,L1HIT
21270,MEMACC
22559,MEMACC
27459,MEMACC
24288,MEMACC
28590,MEMACC
30722,MEMACC
7956,MEMACC
12867,MEMACC
22893,MEMACC
1796,MEMACC
18884,MEMACC
5440,MEMACC
32664,MEMACC
9748,MEMACC
14209,MEMACC
23166,MEMACC
5911,MEMACC
26213,MEMACC
24591,MEMACC
31961,MEMACC
24231,MEMACC
20893,MEMACC
21474,MEMACC
30554,MEMACC
1622,MEMACC
3469,MEMACC
6237,MEMACC
3350,MEMACC
9374,MEMACC
8295,MEMACC
14530,MEMACC
20242,L1HIT
2680,MEMACC
31463,MEMACC
32189,MEMACC
14428,MEMACC
24666,MEMACC
1587,MEMACC
32430,MEMACC
10326,MEMACC
30125,MEMACC
10758,MEMACC
19252,MEMACC
19254,L1HIT
19269,MEMACC
25568,MEMACC
28994,MEMACC
25646,MEMACC
18807,MEMACC
164,MEMACC
27238,MEMACC
7450,MEMACC
13274,MEMACC
8979,MEMACC
9879,L1HIT
15759,MEMACC
32125,MEMACC
19016,MEMACC
9963,MEMACC
16044,MEMACC
32525,MEMACC
22692,MEMACC
17686,MEMACC
9234,MEMACC
29245,MEMACC
22512,MEMACC
23435,MEMACC
19258,L1HIT
32525,MEMACC
2649,L1HIT
17288,MEMACC
11120,MEMACC
22692,L1HIT
17686,MEMACC
9234,L1HIT
23435,MEMACC
19258,L1HIT
16895,MEMACC
2566,MEMACC
4074,MEMACC
10161,MEMACC
17627,MEMACC
13343,MEMACC
31058,MEMACC
13027,MEMACC
28220,MEMACC
7264,L1HIT
4152,MEMACC
31844,MEMACC
21651,MEMACC
22197,MEMACC
25207,MEMACC
14829,MEMACC
23647,MEMACC
29832,MEMACC
24014,MEMACC
8252,MEMACC
321,MEMACC
30601,MEMACC
10640,MEMACC
10645,MEMACC
10654,L1HIT
10658,L1HIT
10664,L1HIT
10008,MEMACC
10010,L1HIT
10029,L1HIT
10032,L1HIT
10043,L1HIT
11010,L1HIT
11017,L1HIT
11020,L1HIT
11033,L1HIT
11036,L1HIT
11048,L1HIT
26461,MEMACC
20720,MEMACC
28583,L1HIT
22487,MEMACC
22487,MEMACC
4622,MEMACC
17657,L1HIT
5269,MEMACC
28259,MEMACC
25714,MEMACC
23253,MEMACC
24984,MEMACC
26722,MEMACC
21894,MEMACC
9817,MEMACC
27546,MEMACC
18857,MEMACC
9181,L1HIT
4933,MEMACC
3209,MEMACC
30157,MEMACC
13512,MEMACC
15978,MEMACC
15551,MEMACC
17658,L1HIT
9931,MEMACC
26477,MEMACC
19978,MEMACC
19973,MEMACC
30980,MEMACC
11196,MEMACC
4396,MEMACC
10671,L1HIT
5148,MEMACC
4605,MEMACC
20458,MEMACC
27338,MEMACC
28392,MEMACC
13511,L1HIT
12657,MEMACC
15952,L1HIT
15580,MEMACC
23710,MEMACC
15955,L1HIT
17726,MEMACC
12258,MEMACC
7105,MEMACC
29647,MEMACC
1974,MEMACC
14890,MEMACC
26325,MEMACC
25764,MEMACC
23717,L1HIT
23720,L1HIT
32336,MEMACC
17907,MEMACC
3397,MEMACC
32467,MEMACC
18034,MEMACC
8705,MEMACC
11652,MEMACC
27840,MEMACC
26362,L1HIT
3476,L1HIT
11410,MEMACC
23636,L1HIT
26113,MEMACC
22655,MEMACC
14823,MEMACC
25043,L1HIT
11010,L1HIT
24348,MEMACC
5538,MEMACC
18251,MEMACC
16583,MEMACC
16591,L1HIT
16600,L1HIT
16617,L1HIT
16626,L1HIT
31443,MEMACC
14764,MEMACC
15688,MEMACC
19026,MEMACC
13051,L1HIT
9588,MEMACC
32498,L1HIT
20466,L1HIT
25510,MEMACC
27559,L1HIT
14948,MEMACC
2539,MEMACC
31220,MEMACC
1884,MEMACC
4217,MEMACC
21727,MEMACC
5272,MEMACC
20961,MEMACC
4572,L1HIT
7139,L1HIT
10107,MEMACC
13248,L1HIT
26393,MEMACC
31749,MEMACC
25647,L1HIT
15054,MEMACC
27705,MEMACC
27714,MEMACC
27729,MEMACC
20344,MEMACC
9010,MEMACC
9027,MEMACC
26682,MEMACC
21600,MEMACC
19997,MEMACC
9836,L1HIT
27937,MEMACC
12124,MEMACC
7855,MEMACC
24746,MEMACC
5634,MEMACC
18031,L1HIT
7102,L1HIT
2929,MEMACC
15991,L1HIT
1981,MEMACC
26682,MEMACC
15991,L1HIT
1981,L1HIT
26682,MEMACC
5294,L1HIT
5300,L1HIT
13983,MEMACC
17097,MEMACC
21455,L1HIT
15397,MEMACC
21835,MEMACC
23878,MEMACC
29241,MEMACC
13203,MEMACC
28026,MEMACC
10406,MEMACC
21835,MEMACC
23878,MEMACC
29241,L1HIT
13203,L1HIT
7649,MEMACC
10431,L1HIT
20266,L1HIT
3173,L1HIT
19582,MEMACC
2314,MEMACC
29026,MEMACC
512,MEMACC
8057,MEMACC
6809,MEMACC
28218,MEMACC
14638,MEMACC
20266,L1HIT
3173,L1HIT
19582,MEMACC
2314,MEMACC
29026,L1HIT
512,L1HIT
8057,L1HIT
6809,L1HIT
6039,MEMACC
14638,L1HIT
20266,L1HIT
3173,L1HIT
19582,MEMACC
2314,MEMACC
13890,MEMACC
32646,MEMACC
2822,MEMACC
28171,MEMACC
6039,L1HIT
14638,L1HIT
32389,L1HIT
20717,MEMACC
14330,MEMACC
11348,MEMACC
10435,MEMACC
12866,L1HIT
31205,L1HIT
1659,MEMACC
14157,MEMACC
28999,L1HIT
13861,MEMACC
13270,L1HIT
16459,MEMACC
14727,MEMACC
15747,L1HIT
17907,L1HIT
7073,L1HIT
31403,MEMACC
13784,MEMACC
14727,L1HIT
4857,MEMACC
1798,MEMACC
23433,MEMACC
20731,MEMACC
30231,MEMACC
3459,L1HIT
15820,MEMACC
17978,MEMACC
1860,MEMACC
25519,L1HIT
26524,MEMACC
19733,MEMACC
12347,MEMACC
16703,L1HIT
10357,L1HIT
11904,MEMACC
22878,L1HIT
16781,MEMACC
28009,MEMACC
31600,MEMACC
8653,MEMACC
24690,L1HIT
16604,L1HIT
2548,L1HIT
28311,MEMACC
14309,L1HIT
22447,MEMACC
13675,MEMACC
17846,MEMACC
9499,MEMACC
15752,L1HIT
14984,MEMACC
9346,MEMACC
20941,L1HIT
29562,MEMACC
19257,L1HIT
9755,MEMACC
25137,MEMACC
12009,MEMACC
31887,L1HIT
21616,L1HIT
19379,MEMACC
22244,MEMACC
3672,MEMACC
11340,L1HIT
5425,MEMACC
22244,MEMACC
3672,MEMACC
31887,L1HIT
21616,L1HIT
19379,L1HIT
24963,L1HIT
29854,L1HIT
11874,MEMACC
11547,MEMACC
7579,MEMACC
12424,MEMACC
15260,MEMACC
24874,MEMACC
24837,L1HIT
3342,MEMACC
17848,L1HIT
2878,L1HIT
32153,MEMACC
26857,MEMACC
10871,MEMACC
23163,MEMACC
18754,MEMACC
4721,MEMACC
24440,MEMACC
31340,MEMACC
7393,MEMACC
644,MEMACC
17788,MEMACC
31454,MEMACC
30649,MEMACC
11137,MEMACC
7781,MEMACC
7785,MEMACC
7792,L1HIT
7807,L1HIT
7813,MEMACC
13285,L1HIT
14904,MEMACC
23443,L1HIT
31286,MEMACC
3686,MEMACC
5815,MEMACC
2966,MEMACC
30792,MEMACC
11446,MEMACC
22204,L1HIT
1755,MEMACC
884,MEMACC
9984,L1HIT
10462,L1HIT
28073,MEMACC
9020,L1HIT
19911,MEMACC
22183,L1HIT
29404,MEMACC
9811,L1HIT
8457,MEMACC
16208,MEMACC
3187,L1HIT
5869,L1HIT
12790,MEMACC
19737,MEMACC
13247,L1HIT
16451,MEMACC
381,MEMACC
19737,MEMACC
13247,L1HIT
16451,L1HIT
381,L1HIT
20506,MEMACC
22153,L1HIT
23562,MEMACC
27789,MEMACC
23189,MEMACC
23189,MEMACC
27175,MEMACC
8803,MEMACC
7685,MEMACC
7375,MEMACC
17355,MEMACC
3367,MEMACC
9591,L1HIT
20816,MEMACC
17906,L1HIT
11819,MEMACC
20902,L1HIT
7206,MEMACC
1177,MEMACC
4767,L1HIT
3893,MEMACC
21029,MEMACC
4137,MEMACC
22262,MEMACC
3784,MEMACC
21800,MEMACC
25345,L1HIT
63,L1HIT
22929,L1HIT
28927,MEMACC
26743,MEMACC
7551,MEMACC
1960,L1HIT
6015,MEMACC
517,L1HIT
1275,MEMACC
1793,L1HIT
25032,L1HIT
703,L1HIT
14229,MEMACC
224,MEMACC
29954,MEMACC
5913,L1HIT
10893,MEMACC
4094,MEMACC
24216,MEMACC
17691,MEMACC
22554,MEMACC
24384,L1HIT
405,MEMACC
28956,MEMACC
30792,MEMACC
8205,MEMACC
7077,L1HIT
20279,L1HIT
12549,MEMACC
28571,L1HIT
25034,L1HIT
2214,MEMACC
13187,L1HIT
32747,MEMACC
2041,MEMACC
26723,MEMACC
1040,MEMACC
22833,MEMACC
7209,L1HIT
11990,L1HIT
32500,L1HIT
27816,MEMACC
8837,MEMACC
21121,MEMACC
10155,L1HIT
31412,L1HIT
1917,MEMACC
5189,MEMACC
16181,MEMACC
705,MEMACC
3915,MEMACC
2206,MEMACC
9005,L1HIT
266,MEMACC
16119,MEMACC
16409,MEMACC
471,MEMACC
16409,MEMACC
471,L1HIT
30558,MEMACC
23655,L1HIT
27577,L1HIT
4579,L1HIT
4770,L1HIT
2869,L1HIT
15256,L1HIT
650,L1HIT
27338,MEMACC
23341,MEMACC
18560,MEMACC
32590,MEMACC
3330,L1HIT
19203,L1HIT
25526,L1HIT
10380,L1HIT
2440,MEMACC
16859,MEMACC
10894,MEMACC
27476,MEMACC
17132,L1HIT
1782,MEMACC
1513,MEMACC
5781,L1HIT
26226,MEMACC
32748,L1HIT
23620,L1HIT
21819,MEMACC
32064,MEMACC
23043,MEMACC
7313,MEMACC
2923,MEMACC
13874,L1HIT
2018,MEMACC
13232,L1HIT
6662,MEMACC
28210,L1HIT
27332,MEMACC
4534,MEMACC
7873,MEMACC
17821,L1HIT
23281,MEMACC
6472,MEMACC
25357,L1HIT
14239,MEMACC
9505,L1HIT
15978,L1HIT
11431,L1HIT
15482,MEMACC
3606,MEMACC
6584,MEMACC
23281,L1HIT
6472,MEMACC
25357,L1HIT
24692,L1HIT
8955,MEMACC
17538,MEMACC
32182,L1HIT
9824,L1HIT
6987,L1HIT
15482,L1HIT
3606,L1HIT
6584,MEMACC
23281,L1HIT
6472,MEMACC
25357,L1HIT
12284,L1HIT
10657,L1HIT
9723,MEMACC
3141,L1HIT
6046,L1HIT
19716,MEMACC
23395,MEMACC
18126,MEMACC
6637,MEMACC
3958,L1HIT
2894,MEMACC
20459,L1HIT
23395,MEMACC
18126,L1HIT
6637,L1HIT
3958,L1HIT
29967,L1HIT
3835,L1HIT
16124,L1HIT
2193,MEMACC
5453,L1HIT
18163,L1HIT
30091,MEMACC
820,MEMACC
7026,L1HIT
25102,MEMACC
13754,MEMACC
3355,L1HIT
26859,MEMACC
27720,L1HIT
29811,L1HIT
5000,MEMACC
11766,MEMACC
14533,MEMACC
18149,L1HIT
17948,MEMACC
4178,L1HIT
32532,MEMACC
21079,MEMACC
23595,L1HIT
21207,MEMACC
25204,MEMACC
28429,MEMACC
23078,L1HIT
22762,L1HIT
13067,MEMACC
22371,MEMACC
21377,MEMACC
12097,MEMACC
24550,MEMACC
23078,L1HIT
22762,L1HIT
13067,MEMACC
23447,L1HIT
17793,L1HIT
13261,L1HIT
6767,L1HIT
22619,L1HIT
2574,L1HIT
17798,L1HIT
13034,L1HIT
20329,L1HIT
21531,MEMACC
18666,MEMACC
19410,MEMACC
5869,L1HIT
25649,L1HIT
968,MEMACC
25184,MEMACC
26358,L1HIT
3037,MEMACC
29967,L1HIT
5651,MEMACC
13359,L1HIT
13364,L1HIT
22405,L1HIT
15082,MEMACC
2136,L1HIT
856,MEMACC
29773,L1HIT
24977,L1HIT
23982,MEMACC
16824,L1HIT
9699,L1HIT
11785,L1HIT
22405,L1HIT
3614,L1HIT
18875,L1HIT
28390,L1HIT
14301,L1HIT
25374,L1HIT
2062,MEMACC
9667,L1HIT
25929,MEMACC
4823,MEMACC
11717,L1HIT
11606,MEMACC
18562,MEMACC
16747,MEMACC
31010,L1HIT
30436,MEMACC
9723,L1HIT
26596,MEMACC
17514,MEMACC
4055,L1HIT
24426,L1HIT
27749,L1HIT
27762,L1HIT
27780,MEMACC
32690,MEMACC
32708,L1HIT
32713,L1HIT
32717,L1HIT
14557,MEMACC
14559,L1HIT
14572,L1HIT
14585,L1HIT
14594,L1HIT
14605,L1HIT
