24634,MEMACC
21361,MEMACC
9111,MEMACC
12450,MEMACC
23015,MEMACC
24408,MEMACC
780,MEMACC
24634,L1HIT
18909,MEMACC
1751,MEMACC
24450,MEMACC
14613,MEMACC
9172,MEMACC
24073,MEMACC
17391,MEMACC
15302,MEMACC
26532,MEMACC
29384,MEMACC
15983,MEMACC
4742,MEMACC
22697,MEMACC
23626,MEMACC
8447,MEMACC
10305,MEMACC
2595,MEMACC
8398,L1HIT
17601,MEMACC
18468,MEMACC
27683,MEMACC
18919,MEMACC
31764,MEMACC
1147,MEMACC
23217,MEMACC
31764,MEMACC
1147,L1HIT
27683,L1HIT
18919,MEMACC
22962,MEMACC
1826,MEMACC
5575,MEMACC
16253,MEMACC
8784,MEMACC
11586,MEMACC
19461,MEMACC
4508,MEMACC
24844,MEMACC
19581,MEMACC
26235,MEMACC
24125,L1HIT
18200,MEMACC
11396,MEMACC
24419,L1HIT
3689,MEMACC
2774,MEMACC
25563,MEMACC
5739,MEMACC
15424,MEMACC
30838,MEMACC
3566,MEMACC
18299,MEMACC
9983,MEMACC
15155,MEMACC
19289,MEMACC
19302,MEMACC
29309,MEMACC
2793,L1HIT
29309,MEMACC
2793,L1HIT
18233,MEMACC
31519,MEMACC
20418,MEMACC
15397,L1HIT
20090,MEMACC
7026,MEMACC
31378,MEMACC
9965,MEMACC
14005,MEMACC
32378,MEMACC
30042,MEMACC
11693,MEMACC
25332,MEMACC
4142,MEMACC
10090,MEMACC
25326,L1HIT
25707,MEMACC
15138,MEMACC
28644,MEMACC
28240,MEMACC
7356,MEMACC
16554,MEMACC
31682,MEMACC
19868,MEMACC
10468,MEMACC
24225,MEMACC
30881,MEMACC
9306,MEMACC
6593,MEMACC
32579,MEMACC
31323,MEMACC
9879,L1HIT
8396,L1HIT
3597,L1HIT
2608,MEMACC
28558,L1HIT
27079,MEMACC
5002,MEMACC
8112,MEMACC
20529,MEMACC
20921,MEMACC
2278,MEMACC
1654,MEMACC
16880,MEMACC
30352,MEMACC
7283,MEMACC
2144,MEMACC
20127,MEMACC
10684,MEMACC
20509,MEMACC
25456,MEMACC
20751,MEMACC
6507,MEMACC
13585,MEMACC
6696,MEMACC
4843,MEMACC
19747,MEMACC
19105,MEMACC
23754,MEMACC
27008,MEMACC
24023,MEMACC
18626,MEMACC
21549,MEMACC
22510,MEMACC
23859,MEMACC
24142,L1HIT
11804,MEMACC
2897,MEMACC
18284,MEMACC
26157,MEMACC
439,MEMACC
24776,MEMACC
22444,L1HIT
4569,L1HIT
4435,MEMACC
23114,MEMACC
31202,MEMACC
31207,L1HIT
31213,L1HIT
14506,MEMACC
4613,MEMACC
14421,MEMACC
174,MEMACC
14400,L1HIT
198,L1HIT
28043,MEMACC
19845,MEMACC
13141,MEMACC
4647,L1HIT
16082,MEMACC
24222,L1HIT
22941,L1HIT
21636,MEMACC
5712,MEMACC
8275,MEMACC
13139,MEMACC
4824,MEMACC
8177,L1HIT
28389,MEMACC
16199,MEMACC
16200,L1HIT
25887,MEMACC
1756,L1HIT
5657,MEMACC
5100,L1HIT
30447,L1HIT
24077,L1HIT
3727,MEMACC
16324,MEMACC
2231,L1HIT
5657,L1HIT
5100,L1HIT
30447,L1HIT
24077,L1HIT
3727,L1HIT
16324,L1HIT
29751,MEMACC
11777,L1HIT
3627,L1HIT
9013,MEMACC
25478,L1HIT
23965,MEMACC
8994,L1HIT
447,MEMACC
18246,MEMACC
13707,MEMACC
17699,MEMACC
13112,MEMACC
6521,L1HIT
3547,MEMACC
7823,MEMACC
18108,MEMACC
3738,L1HIT
31222,L1HIT
15254,L1HIT
26466,MEMACC
29308,MEMACC
27961,MEMACC
3552,MEMACC
6741,L1HIT
28693,MEMACC
9528,MEMACC
21070,MEMACC
21584,MEMACC
3843,MEMACC
15226,L1HIT
27543,MEMACC
29380,L1HIT
9527,MEMACC
10871,MEMACC
17669,L1HIT
32630,MEMACC
32640,MEMACC
32658,MEMACC
32660,L1HIT
32672,L1HIT
32674,L1HIT
12968,MEMACC
12051,MEMACC
11437,L1HIT
5716,L1HIT
19621,MEMACC
27457,MEMACC
28892,MEMACC
10530,MEMACC
28288,MEMACC
19263,L1HIT
31911,MEMACC
12285,MEMACC
20627,MEMACC
14155,MEMACC
20277,MEMACC
8252,L1HIT
30705,MEMACC
27125,L1HIT
27809,MEMACC
15306,L1HIT
26662,MEMACC
26535,MEMACC
19034,MEMACC
21936,MEMACC
28033,L1HIT
15976,L1HIT
29692,MEMACC
8651,MEMACC
32075,MEMACC
29692,L1HIT
8651,MEMACC
32075,MEMACC
6308,MEMACC
19064,MEMACC
4068,MEMACC
27816,L1HIT
26662,L1HIT
26535,L1HIT
19034,L1HIT
21936,L1HIT
28033,L1HIT
28033,L1HIT
678,MEMACC
28549,L1HIT
23967,MEMACC
23925,MEMACC
23748,MEMACC
31225,L1HIT
16497,MEMACC
31605,L1HIT
32336,L1HIT
29180,MEMACC
32043,MEMACC
450,MEMACC
17150,MEMACC
8660,MEMACC
18769,MEMACC
13062,L1HIT
27588,MEMACC
813,L1HIT
9452,MEMACC
4239,MEMACC
8600,L1HIT
8601,L1HIT
8605,L1HIT
4311,L1HIT
4326,L1HIT
4337,L1HIT
4356,MEMACC
6905,MEMACC
30367,L1HIT
11412,L1HIT
13607,L1HIT
15957,L1HIT
31956,MEMACC
10425,L1HIT
6905,MEMACC
30367,L1HIT
23128,MEMACC
23135,MEMACC
23142,L1HIT
476,MEMACC
20529,L1HIT
19786,MEMACC
8301,L1HIT
14526,MEMACC
6301,L1HIT
24908,L1HIT
18574,MEMACC
12369,MEMACC
6315,L1HIT
9898,L1HIT
3789,L1HIT
26659,L1HIT
21845,MEMACC
6962,L1HIT
14457,L1HIT
28902,L1HIT
3547,L1HIT
26906,MEMACC
14944,MEMACC
19007,L1HIT
19015,L1HIT
19021,L1HIT
19038,L1HIT
8575,MEMACC
28252,L1HIT
23023,L1HIT
20456,MEMACC
8288,L1HIT
30584,MEMACC
14279,MEMACC
30999,MEMACC
22048,MEMACC
18734,MEMACC
5839,MEMACC
32496,MEMACC
28712,MEMACC
5621,L1HIT
8756,L1HIT
29477,MEMACC
690,MEMACC
12504,MEMACC
19037,L1HIT
30268,MEMACC
18285,MEMACC
6496,L1HIT
12300,L1HIT
23034,L1HIT
29442,MEMACC
22411,L1HIT
6211,MEMACC
17520,MEMACC
18371,MEMACC
32732,L1HIT
3811,L1HIT
23513,MEMACC
30357,L1HIT
1161,MEMACC
17600,L1HIT
27826,L1HIT
27878,L1HIT
25465,MEMACC
29700,MEMACC
14190,L1HIT
19385,MEMACC
26795,MEMACC
26807,L1HIT
26808,L1HIT
26826,L1HIT
3645,L1HIT
14646,L1HIT
21903,L1HIT
4507,L1HIT
23750,L1HIT
1155,L1HIT
22940,L1HIT
10514,L1HIT
27888,L1HIT
31930,L1HIT
616,MEMACC
24577,L1HIT
21338,MEMACC
20613,MEMACC
4333,L1HIT
1085,L1HIT
31099,MEMACC
18945,L1HIT
23866,MEMACC
21325,L1HIT
19266,L1HIT
19267,L1HIT
19276,L1HIT
19287,L1HIT
19289,L1HIT
19301,L1HIT
322,MEMACC
12316,L1HIT
23855,MEMACC
3095,MEMACC
8140,L1HIT
2481,MEMACC
4614,L1HIT
3299,MEMACC
10287,L1HIT
8754,L1HIT
30116,MEMACC
12152,MEMACC
941,MEMACC
8678,L1HIT
4004,MEMACC
15690,MEMACC
29786,MEMACC
28814,L1HIT
17078,L1HIT
21377,MEMACC
31930,L1HIT
4594,L1HIT
22831,MEMACC
23365,MEMACC
24892,L1HIT
25071,MEMACC
15832,MEMACC
16934,MEMACC
30090,L1HIT
1119,L1HIT
31930,L1HIT
4213,L1HIT
14513,MEMACC
5007,L1HIT
13997,L1HIT
16400,MEMACC
12504,MEMACC
22870,MEMACC
18737,L1HIT
20822,L1HIT
17797,MEMACC
30931,L1HIT
25017,L1HIT
25854,MEMACC
16711,MEMACC
28759,MEMACC
18638,L1HIT
14513,L1HIT
5007,L1HIT
27301,MEMACC
27782,L1HIT
13997,L1HIT
11558,MEMACC
6676,L1HIT
28679,L1HIT
28255,L1HIT
23831,L1HIT
24276,L1HIT
15413,L1HIT
15076,MEMACC
26110,MEMACC
6843,MEMACC
914,MEMACC
15649,L1HIT
31643,L1HIT
31902,L1HIT
12428,MEMACC
8162,L1HIT
29735,MEMACC
2403,MEMACC
21570,L1HIT
2632,MEMACC
23686,L1HIT
27400,L1HIT
2121,L1HIT
3619,L1HIT
14485,L1HIT
28903,L1HIT
17197,MEMACC
22724,L1HIT
26548,L1HIT
17946,MEMACC
2578,L1HIT
8628,L1HIT
27673,L1HIT
25490,L1HIT
10857,MEMACC
5867,MEMACC
144,L1HIT
24434,L1HIT
6262,L1HIT
25561,L1HIT
15229,L1HIT
6280,L1HIT
2945,MEMACC
9018,L1HIT
29690,L1HIT
5103,L1HIT
24787,L1HIT
1405,MEMACC
15229,L1HIT
6280,L1HIT
10622,L1HIT
10631,L1HIT
10638,L1HIT
10649,L1HIT
25108,MEMACC
25109,MEMACC
25122,MEMACC
25139,MEMACC
25149,MEMACC
25156,L1HIT
25164,L1HIT
29989,MEMACC
29995,L1HIT
30009,L1HIT
631,L1HIT
1395,MEMACC
32218,MEMACC
27554,MEMACC
14295,MEMACC
26581,L1HIT
16241,L1HIT
29003,MEMACC
14050,L1HIT
13861,MEMACC
2189,L1HIT
6149,L1HIT
26676,L1HIT
22235,MEMACC
29803,MEMACC
24060,MEMACC
3148,MEMACC
26485,MEMACC
11629,L1HIT
27038,L1HIT
754,MEMACC
26520,L1HIT
22557,MEMACC
9540,L1HIT
6231,L1HIT
27415,L1HIT
7153,MEMACC
26902,L1HIT
20781,L1HIT
11958,MEMACC
27475,L1HIT
29333,L1HIT
2049,L1HIT
616,L1HIT
16067,MEMACC
28468,MEMACC
20195,L1HIT
18882,MEMACC
24451,MEMACC
845,L1HIT
18045,MEMACC
1561,L1HIT
23705,L1HIT
425,MEMACC
29432,L1HIT
2257,L1HIT
21688,L1HIT
16834,MEMACC
27827,L1HIT
6712,L1HIT
9135,MEMACC
14163,L1HIT
28373,L1HIT
6051,MEMACC
8805,L1HIT
7041,MEMACC
23719,L1HIT
26534,L1HIT
7461,MEMACC
22006,L1HIT
26781,L1HIT
13855,L1HIT
29533,L1HIT
54,MEMACC
28454,L1HIT
22502,L1HIT
11240,MEMACC
955,L1HIT
21669,L1HIT
14324,MEMACC
31178,L1HIT
4989,MEMACC
5567,L1HIT
26914,L1HIT
16317,L1HIT
10493,L1HIT
224,L1HIT
32304,L1HIT
32637,L1HIT
29914,MEMACC
15427,L1HIT
15435,L1HIT
15449,L1HIT
4953,MEMACC
31887,L1HIT
5528,L1HIT
30219,MEMACC
26802,L1HIT
16122,L1HIT
14335,L1HIT
24151,L1HIT
1323,MEMACC
21882,L1HIT
4253,L1HIT
8811,L1HIT
19281,L1HIT
19287,L1HIT
19302,L1HIT
3292,MEMACC
20737,L1HIT
7456,L1HIT
6701,L1HIT
5524,L1HIT
11302,MEMACC
1377,L1HIT
27136,MEMACC
6131,L1HIT
1841,L1HIT
11776,L1HIT
2221,L1HIT
1990,MEMACC
24911,L1HIT
25748,MEMACC
11643,L1HIT
15243,L1HIT
20994,MEMACC
29094,L1HIT
581,L1HIT
29086,L1HIT
17717,L1HIT
13307,MEMACC
8564,L1HIT
4556,L1HIT
29491,L1HIT
21280,L1HIT
26268,MEMACC
17930,MEMACC
7,MEMACC
1098,L1HIT
11967,L1HIT
15401,L1HIT
32009,L1HIT
165,L1HIT
354,MEMACC
25806,L1HIT
29961,L1HIT
26224,L1HIT
5053,L1HIT
10440,L1HIT
22910,L1HIT
27964,MEMACC
355,MEMACC
7037,L1HIT
29623,L1HIT
23551,MEMACC
28992,L1HIT
28497,L1HIT
1429,MEMACC
14683,L1HIT
3200,L1HIT
4580,L1HIT
9895,L1HIT
32343,L1HIT
24939,L1HIT
14534,L1HIT
5649,L1HIT
10287,L1HIT
17439,MEMACC
26458,MEMACC
3250,L1HIT
27401,L1HIT
27860,L1HIT
9997,L1HIT
27783,L1HIT
5468,MEMACC
5352,MEMACC
10239,MEMACC
32307,L1HIT
458,MEMACC
13439,MEMACC
696,MEMACC
23603,MEMACC
28496,L1HIT
2081,L1HIT
696,MEMACC
23603,L1HIT
28496,L1HIT
17327,MEMACC
22908,L1HIT
2509,L1HIT
23640,L1HIT
23657,L1HIT
23668,L1HIT
23683,L1HIT
23689,L1HIT
10130,MEMACC
5310,L1HIT
11674,L1HIT
7418,MEMACC
8798,L1HIT
21936,L1HIT
18156,MEMACC
30626,L1HIT
6906,MEMACC
3071,L1HIT
23109,L1HIT
19404,MEMACC
21936,L1HIT
18156,MEMACC
30626,L1HIT
6906,L1HIT
20977,MEMACC
23145,L1HIT
32476,MEMACC
13148,L1HIT
17010,L1HIT
20465,MEMACC
27494,L1HIT
30478,MEMACC
3964,MEMACC
16714,MEMACC
1427,L1HIT
778,L1HIT
16610,MEMACC
8681,L1HIT
29058,L1HIT
22878,L1HIT
3628,L1HIT
12953,MEMACC
11077,MEMACC
13229,MEMACC
2548,L1HIT
21346,L1HIT
13231,L1HIT
29715,MEMACC
27886,L1HIT
19283,L1HIT
25520,L1HIT
707,MEMACC
30538,L1HIT
8710,L1HIT
1805,L1HIT
29313,L1HIT
5155,MEMACC
20574,L1HIT
15034,L1HIT
3287,L1HIT
18021,MEMACC
17841,L1HIT
26046,MEMACC
22022,L1HIT
20867,MEMACC
20732,MEMACC
3554,L1HIT
846,L1HIT
5749,L1HIT
4816,MEMACC
32266,L1HIT
16732,MEMACC
17539,L1HIT
26334,L1HIT
15418,L1HIT
7291,L1HIT
4451,L1HIT
5749,L1HIT
4816,L1HIT
24625,L1HIT
2762,L1HIT
13369,L1HIT
32266,L1HIT
16732,MEMACC
17539,L1HIT
20613,L1HIT
26709,L1HIT
7586,MEMACC
12484,L1HIT
27718,L1HIT
26709,L1HIT
7586,MEMACC
12484,L1HIT
27718,L1HIT
21012,MEMACC
3910,MEMACC
21237,MEMACC
4626,L1HIT
30464,L1HIT
8343,L1HIT
15969,L1HIT
21067,L1HIT
5217,MEMACC
31074,MEMACC
6899,L1HIT
30337,L1HIT
24589,L1HIT
12405,L1HIT
13054,MEMACC
13349,L1HIT
25602,MEMACC
4293,L1HIT
8724,L1HIT
17485,MEMACC
27395,L1HIT
19498,MEMACC
16840,MEMACC
7959,MEMACC
3550,L1HIT
20532,L1HIT
8628,L1HIT
14344,L1HIT
7426,L1HIT
9844,MEMACC
25042,L1HIT
14821,MEMACC
3865,MEMACC
32553,L1HIT
16178,L1HIT
17281,L1HIT
2699,L1HIT
19703,L1HIT
8863,MEMACC
27889,L1HIT
6436,L1HIT
8455,L1HIT
10117,MEMACC
1281,L1HIT
26346,L1HIT
4131,L1HIT
4009,L1HIT
28964,L1HIT
24725,L1HIT
30070,L1HIT
13080,L1HIT
14746,L1HIT
24339,L1HIT
9948,L1HIT
12370,L1HIT
16525,L1HIT
26330,L1HIT
31227,L1HIT
23677,L1HIT
2706,L1HIT
14746,L1HIT
24339,L1HIT
8297,L1HIT
6381,L1HIT
1384,L1HIT
154,L1HIT
14272,L1HIT
522,L1HIT
20716,L1HIT
10171,MEMACC
32120,L1HIT
16828,MEMACC
17942,L1HIT
5989,MEMACC
28399,L1HIT
24901,L1HIT
24887,L1HIT
8028,MEMACC
21252,L1HIT
8074,L1HIT
8544,L1HIT
18504,MEMACC
7305,MEMACC
21294,L1HIT
29137,L1HIT
7039,L1HIT
698,MEMACC
31439,MEMACC
6659,L1HIT
15784,L1HIT
21538,L1HIT
14910,MEMACC
10227,MEMACC
6659,L1HIT
15784,L1HIT
10227,MEMACC
20592,L1HIT
14188,L1HIT
10227,MEMACC
20592,L1HIT
14188,L1HIT
3594,L1HIT
