20310,MEMACC
10989,MEMACC
32511,MEMACC
23982,MEMACC
24768,MEMACC
15220,MEMACC
32708,MEMACC
23280,MEMACC
27473,MEMACC
15759,MEMACC
17818,MEMACC
20310,MEMACC
10989,MEMACC
32511,L1HIT
23982,MEMACC
24768,L1HIT
15220,L1HIT
32708,L1HIT
23280,L1HIT
27473,L1HIT
8636,MEMACC
23280,L1HIT
27473,L1HIT
8636,L1HIT
29437,MEMACC
564,MEMACC
8636,L1HIT
29437,L1HIT
564,MEMACC
29470,MEMACC
19336,MEMACC
17794,MEMACC
16399,MEMACC
10848,MEMACC
20693,MEMACC
26609,MEMACC
29302,MEMACC
17464,MEMACC
10240,MEMACC
13863,MEMACC
20263,MEMACC
10037,MEMACC
970,MEMACC
25177,MEMACC
14782,MEMACC
21555,MEMACC
28099,MEMACC
25503,MEMACC
25271,MEMACC
14474,MEMACC
16138,MEMACC
25860,MEMACC
7794,MEMACC
9367,MEMACC
27616,MEMACC
9687,MEMACC
4667,MEMACC
4674,MEMACC
4693,MEMACC
4700,MEMACC
4718,MEMACC
4732,MEMACC
4750,MEMACC
14915,MEMACC
16699,MEMACC
27922,MEMACC
19556,MEMACC
4960,MEMACC
28303,MEMACC
5183,MEMACC
21805,MEMACC
14915,L1HIT
16699,MEMACC
27922,MEMACC
8805,MEMACC
32156,MEMACC
32158,MEMACC
11678,MEMACC
5138,MEMACC
31515,MEMACC
9135,MEMACC
23711,MEMACC
9135,L1HIT
23711,MEMACC
17176,MEMACC
5157,MEMACC
32567,MEMACC
10754,MEMACC
15595,MEMACC
22223,MEMACC
26575,MEMACC
26592,MEMACC
5604,MEMACC
5618,MEMACC
5626,MEMACC
9377,MEMACC
31171,MEMACC
10049,MEMACC
20136,MEMACC
6984,MEMACC
8229,MEMACC
18321,MEMACC
28805,MEMACC
30772,MEMACC
7513,MEMACC
13778,MEMACC
27665,MEMACC
12521,MEMACC
9377,MEMACC
31171,MEMACC
26455,MEMACC
4444,MEMACC
28805,L1HIT
30772,MEMACC
7513,L1HIT
6964,MEMACC
936,MEMACC
16520,MEMACC
6631,MEMACC
12859,MEMACC
18314,MEMACC
28429,MEMACC
9972,MEMACC
14119,MEMACC
24894,MEMACC
8449,MEMACC
2614,MEMACC
30083,MEMACC
32168,MEMACC
5995,MEMACC
8669,MEMACC
31214,MEMACC
13154,MEMACC
27298,MEMACC
32266,MEMACC
10038,L2HIT
10041,L2HIT
10050,L2HIT
10051,L2HIT
11877,MEMACC
11879,MEMACC
11885,L1HIT
11900,MEMACC
11919,MEMACC
11919,L1HIT
15441,MEMACC
15444,L1HIT
15457,MEMACC
15468,L1HIT
15477,MEMACC
22553,MEMACC
20339,MEMACC
23923,MEMACC
7830,MEMACC
4503,MEMACC
15344,MEMACC
1933,MEMACC
19176,MEMACC
14116,L2HIT
993,MEMACC
12004,MEMACC
5574,MEMACC
8772,MEMACC
17894,MEMACC
10269,MEMACC
16899,MEMACC
15711,MEMACC
22693,MEMACC
24579,MEMACC
2996,MEMACC
12614,MEMACC
12629,MEMACC
12641,MEMACC
12658,MEMACC
17976,MEMACC
3559,MEMACC
29915,MEMACC
25671,MEMACC
30821,MEMACC
17976,L1HIT
3559,L1HIT
29915,MEMACC
25671,MEMACC
2814,MEMACC
2847,MEMACC
6683,MEMACC
19927,MEMACC
26621,MEMACC
14522,MEMACC
17557,MEMACC
30711,MEMACC
30821,MEMACC
17976,L1HIT
3559,L1HIT
29915,MEMACC
15727,MEMACC
28826,MEMACC
29011,MEMACC
20537,MEMACC
11396,MEMACC
8422,MEMACC
27632,MEMACC
14928,MEMACC
25544,MEMACC
7075,MEMACC
2251,MEMACC
9167,MEMACC
29011,L1HIT
20537,MEMACC
22588,MEMACC
11364,MEMACC
11396,MEMACC
8422,L1HIT
27632,L1HIT
14928,L1HIT
15727,MEMACC
28826,MEMACC
29011,L1HIT
15784,MEMACC
24952,MEMACC
27391,MEMACC
26743,MEMACC
20346,MEMACC
11513,MEMACC
23674,MEMACC
18903,MEMACC
10395,MEMACC
10789,MEMACC
30757,MEMACC
6689,MEMACC
1569,MEMACC
18426,MEMACC
7505,L2HIT
20054,MEMACC
4108,MEMACC
7899,MEMACC
25929,MEMACC
25625,MEMACC
5185,MEMACC
22951,MEMACC
5326,MEMACC
19795,MEMACC
19814,MEMACC
7768,MEMACC
260,MEMACC
16414,MEMACC
487,MEMACC
2382,MEMACC
19961,MEMACC
2696,MEMACC
1867,MEMACC
30616,MEMACC
25778,MEMACC
11484,MEMACC
804,MEMACC
25657,MEMACC
1867,MEMACC
30616,L1HIT
2592,MEMACC
2593,L1HIT
2598,L1HIT
2598,L1HIT
25489,L2HIT
14610,MEMACC
25121,MEMACC
451,MEMACC
23486,MEMACC
16354,MEMACC
30801,MEMACC
6980,MEMACC
25585,MEMACC
4968,MEMACC
8619,MEMACC
2135,MEMACC
31619,MEMACC
19150,MEMACC
13238,MEMACC
30623,L1HIT
23362,MEMACC
8789,MEMACC
29096,MEMACC
4887,MEMACC
7119,MEMACC
12527,L2HIT
18571,MEMACC
12485,MEMACC
28451,MEMACC
19882,MEMACC
25116,MEMACC
26601,MEMACC
19148,L1HIT
28460,MEMACC
28351,MEMACC
29435,L2HIT
25690,MEMACC
7296,MEMACC
31422,MEMACC
30093,L2HIT
22767,MEMACC
8416,L2HIT
6198,MEMACC
26533,MEMACC
4753,MEMACC
29318,MEMACC
17558,MEMACC
16444,MEMACC
14231,MEMACC
12861,L2HIT
16545,MEMACC
15289,MEMACC
20519,MEMACC
22251,MEMACC
4753,L1HIT
29318,MEMACC
17558,MEMACC
16444,L1HIT
14231,L1HIT
9022,MEMACC
9041,MEMACC
9056,MEMACC
9073,MEMACC
9074,MEMACC
16336,MEMACC
6654,MEMACC
18184,MEMACC
21899,MEMACC
27384,L2HIT
10737,MEMACC
18505,MEMACC
14920,L2HIT
17644,MEMACC
5938,MEMACC
29348,MEMACC
29366,MEMACC
31998,MEMACC
32013,MEMACC
32022,MEMACC
32034,MEMACC
32036,MEMACC
24097,MEMACC
3123,MEMACC
4354,MEMACC
4155,MEMACC
7542,MEMACC
28448,MEMACC
17841,MEMACC
4550,MEMACC
30676,MEMACC
1669,MEMACC
23815,MEMACC
10455,MEMACC
24264,MEMACC
29012,L2HIT
5762,MEMACC
481,MEMACC
23394,MEMACC
16932,MEMACC
25190,MEMACC
8251,MEMACC
18861,MEMACC
18874,MEMACC
18889,MEMACC
18899,L2HIT
18909,L2HIT
18924,MEMACC
16032,MEMACC
20606,MEMACC
9733,MEMACC
16074,MEMACC
3455,MEMACC
25726,MEMACC
25508,MEMACC
23043,MEMACC
25147,MEMACC
30324,MEMACC
24911,MEMACC
23375,L2HIT
24706,MEMACC
26737,L2HIT
15012,MEMACC
11329,MEMACC
14212,MEMACC
9259,MEMACC
28678,MEMACC
24912,MEMACC
5202,MEMACC
7604,MEMACC
31158,MEMACC
19985,MEMACC
6290,MEMACC
5773,L2HIT
15817,MEMACC
32431,MEMACC
24363,MEMACC
15521,MEMACC
32431,L1HIT
24363,L1HIT
794,MEMACC
15313,MEMACC
31713,MEMACC
13514,MEMACC
21464,MEMACC
27792,MEMACC
32431,L1HIT
24363,L1HIT
11936,MEMACC
16142,L2HIT
28091,MEMACC
19370,MEMACC
27439,MEMACC
4944,MEMACC
16839,MEMACC
15875,MEMACC
24472,MEMACC
2726,MEMACC
19435,MEMACC
20763,MEMACC
7712,MEMACC
11948,L1HIT
1917,MEMACC
20069,MEMACC
20086,MEMACC
20086,L1HIT
20089,L1HIT
20099,MEMACC
20115,MEMACC
7575,MEMACC
31455,MEMACC
20683,MEMACC
29739,MEMACC
16836,MEMACC
2448,MEMACC
12563,MEMACC
11592,MEMACC
14570,MEMACC
4656,MEMACC
9007,MEMACC
21116,MEMACC
26063,MEMACC
28329,MEMACC
14677,MEMACC
14516,L2HIT
32187,MEMACC
32650,MEMACC
24959,L2HIT
3775,MEMACC
22146,MEMACC
25582,MEMACC
20433,MEMACC
14174,MEMACC
28905,MEMACC
29090,L2HIT
17921,MEMACC
23226,MEMACC
567,MEMACC
17123,MEMACC
7371,MEMACC
10600,MEMACC
20107,L1HIT
17851,MEMACC
910,MEMACC
9924,MEMACC
5413,MEMACC
23673,MEMACC
24591,MEMACC
24495,MEMACC
11311,MEMACC
4340,MEMACC
16653,MEMACC
25833,MEMACC
31541,MEMACC
16458,MEMACC
32327,MEMACC
29386,MEMACC
8101,MEMACC
17921,L2HIT
1994,MEMACC
18784,MEMACC
32221,MEMACC
6762,MEMACC
4485,MEMACC
32033,L2HIT
5888,MEMACC
22719,MEMACC
10607,L1HIT
27815,MEMACC
20891,MEMACC
20903,MEMACC
20904,L1HIT
20916,MEMACC
7118,MEMACC
29464,L2HIT
9316,MEMACC
17447,MEMACC
22078,MEMACC
7118,MEMACC
29464,L1HIT
9316,L1HIT
4546,MEMACC
25096,MEMACC
12426,MEMACC
2161,MEMACC
14906,MEMACC
15336,MEMACC
26145,MEMACC
21290,MEMACC
14349,MEMACC
6833,MEMACC
15573,MEMACC
32753,MEMACC
4389,MEMACC
26016,MEMACC
4891,L2HIT
11618,MEMACC
22789,MEMACC
1188,MEMACC
1389,MEMACC
30920,MEMACC
7251,MEMACC
5763,L2HIT
15801,MEMACC
6276,MEMACC
26981,MEMACC
12258,MEMACC
31880,MEMACC
29896,MEMACC
17163,MEMACC
9789,MEMACC
16091,MEMACC
3516,MEMACC
31202,MEMACC
7701,MEMACC
25625,MEMACC
25269,MEMACC
23792,MEMACC
29736,L2HIT
27632,L2HIT
5596,MEMACC
27807,L2HIT
24872,MEMACC
12708,MEMACC
8588,MEMACC
25387,MEMACC
7307,L2HIT
7310,L2HIT
7321,MEMACC
26946,MEMACC
28988,MEMACC
28183,MEMACC
11236,MEMACC
25540,MEMACC
10201,MEMACC
19479,MEMACC
6759,L2HIT
21739,MEMACC
24430,MEMACC
28994,MEMACC
31510,L2HIT
2196,MEMACC
25535,MEMACC
12391,MEMACC
10295,MEMACC
9248,MEMACC
17968,L2HIT
28441,MEMACC
17649,MEMACC
1070,MEMACC
16492,MEMACC
16504,MEMACC
16511,MEMACC
16524,L2HIT
16525,L1HIT
9481,MEMACC
59,MEMACC
20738,MEMACC
6392,MEMACC
12713,MEMACC
1504,MEMACC
25133,L2HIT
32442,MEMACC
28666,MEMACC
18775,MEMACC
8143,MEMACC
27200,MEMACC
11006,MEMACC
3851,MEMACC
9246,MEMACC
17422,MEMACC
27200,MEMACC
11006,MEMACC
3851,L1HIT
9246,L1HIT
17422,MEMACC
2130,MEMACC
28338,L2HIT
9481,L1HIT
59,MEMACC
20738,MEMACC
6392,MEMACC
15208,MEMACC
22104,MEMACC
22112,MEMACC
8030,MEMACC
374,MEMACC
9545,MEMACC
11014,MEMACC
6903,MEMACC
31599,MEMACC
16207,MEMACC
6515,MEMACC
25799,MEMACC
3548,MEMACC
4649,MEMACC
2661,MEMACC
8344,MEMACC
6103,MEMACC
31438,MEMACC
28531,MEMACC
24999,MEMACC
23011,MEMACC
23013,L1HIT
23022,L1HIT
23033,MEMACC
23044,MEMACC
23045,MEMACC
30638,MEMACC
30650,MEMACC
30650,L1HIT
20438,L2HIT
6253,MEMACC
27490,MEMACC
18760,MEMACC
10332,MEMACC
19065,MEMACC
1955,MEMACC
19646,MEMACC
16049,MEMACC
10332,L1HIT
19065,L1HIT
1955,L1HIT
23029,MEMACC
737,MEMACC
19518,MEMACC
11466,MEMACC
23194,MEMACC
30107,MEMACC
16232,MEMACC
23240,MEMACC
6218,MEMACC
16536,MEMACC
4722,MEMACC
6513,L2HIT
27655,MEMACC
4694,L2HIT
9419,MEMACC
26798,MEMACC
8700,MEMACC
19783,MEMACC
18808,MEMACC
30874,MEMACC
22564,MEMACC
30605,MEMACC
24070,MEMACC
22224,MEMACC
10062,L2HIT
19128,MEMACC
5878,MEMACC
14631,MEMACC
20364,MEMACC
21431,MEMACC
24353,L2HIT
26016,MEMACC
7246,MEMACC
14557,MEMACC
21621,MEMACC
22154,L2HIT
12105,MEMACC
9873,MEMACC
27537,MEMACC
12933,MEMACC
22825,MEMACC
13494,MEMACC
27874,MEMACC
9878,MEMACC
30706,MEMACC
23152,MEMACC
1750,MEMACC
6705,MEMACC
1532,MEMACC
30706,L1HIT
23152,L1HIT
1750,L1HIT
26328,MEMACC
31230,MEMACC
13494,MEMACC
27874,L1HIT
17929,L2HIT
16036,L2HIT
22467,MEMACC
22474,MEMACC
28879,MEMACC
23427,MEMACC
3130,MEMACC
30305,MEMACC
18426,L2HIT
22199,MEMACC
15164,MEMACC
13112,MEMACC
26991,L2HIT
31468,MEMACC
2808,L2HIT
900,MEMACC
20007,MEMACC
29163,MEMACC
9322,L2HIT
4381,MEMACC
28609,MEMACC
2876,MEMACC
9330,MEMACC
14561,L2HIT
31408,MEMACC
31411,L1HIT
31426,MEMACC
27199,MEMACC
17134,L2HIT
25299,MEMACC
16431,MEMACC
23416,MEMACC
25299,MEMACC
16431,MEMACC
23416,MEMACC
29527,MEMACC
8971,MEMACC
8642,MEMACC
23361,L2HIT
9367,MEMACC
8971,L1HIT
13105,L2HIT
9044,MEMACC
25400,MEMACC
22745,MEMACC
6595,MEMACC
14527,L2HIT
22238,L2HIT
30180,MEMACC
24307,MEMACC
18345,MEMACC
28939,MEMACC
5878,L2HIT
31727,MEMACC
31871,MEMACC
11916,L2HIT
29766,MEMACC
26524,MEMACC
27233,MEMACC
18563,MEMACC
1278,MEMACC
28535,L2HIT
7396,MEMACC
11196,MEMACC
18447,MEMACC
10831,MEMACC
26361,MEMACC
13073,MEMACC
28038,MEMACC
7327,L2HIT
18398,MEMACC
6661,MEMACC
21524,MEMACC
8579,L2HIT
7942,MEMACC
12433,MEMACC
26756,MEMACC
4384,MEMACC
12980,MEMACC
1059,L2HIT
24756,MEMACC
30030,MEMACC
7197,MEMACC
7204,MEMACC
21561,MEMACC
21572,MEMACC
21580,MEMACC
21588,MEMACC
21600,MEMACC
21611,L1HIT
14788,MEMACC
12795,MEMACC
23757,MEMACC
9407,MEMACC
27069,MEMACC
22132,MEMACC
23757,L1HIT
9407,MEMACC
27069,L1HIT
22132,MEMACC
12676,MEMACC
4394,MEMACC
19795,MEMACC
11068,MEMACC
22273,MEMACC
25635,MEMACC
11068,MEMACC
22273,MEMACC
25635,L1HIT
10736,L2HIT
7147,MEMACC
16323,MEMACC
24462,MEMACC
15209,MEMACC
28665,L2HIT
21581,MEMACC
5980,MEMACC
6737,MEMACC
30299,MEMACC
20956,MEMACC
2088,MEMACC
56,MEMACC
12799,L1HIT
5945,L2HIT
27635,L2HIT
1056,L2HIT
26349,MEMACC
9662,MEMACC
21490,MEMACC
28125,MEMACC
12452,MEMACC
15628,MEMACC
15631,MEMACC
15646,MEMACC
15665,MEMACC
15670,MEMACC
10646,MEMACC
10648,L1HIT
10655,L1HIT
10662,MEMACC
10669,MEMACC
10675,MEMACC
28602,MEMACC
21574,L1HIT
10618,MEMACC
22320,MEMACC
12623,MEMACC
6140,MEMACC
2962,MEMACC
11236,MEMACC
16352,L2HIT
20961,MEMACC
19426,MEMACC
31229,L2HIT
19985,MEMACC
21907,MEMACC
6857,MEMACC
13574,MEMACC
10143,MEMACC
28082,L2HIT
16629,MEMACC
23587,MEMACC
15820,L2HIT
22149,L2HIT
9689,MEMACC
9052,L2HIT
