8708,MEMACC
10490,MEMACC
31788,MEMACC
24136,MEMACC
4572,MEMACC
19459,MEMACC
22878,MEMACC
28648,MEMACC
15468,MEMACC
28835,MEMACC
32580,MEMACC
23946,MEMACC
7679,MEMACC
5771,MEMACC
5150,MEMACC
28771,MEMACC
16998,MEMACC
26897,MEMACC
26350,MEMACC
139,MEMACC
14540,MEMACC
15671,MEMACC
26016,MEMACC
10149,MEMACC
22387,MEMACC
18633,MEMACC
23869,MEMACC
4358,MEMACC
26087,MEMACC
6597,MEMACC
17543,MEMACC
16731,MEMACC
2472,MEMACC
27721,MEMACC
11258,MEMACC
9699,MEMACC
27028,MEMACC
13827,MEMACC
11073,MEMACC
16126,MEMACC
12827,MEMACC
30679,MEMACC
17244,MEMACC
22195,MEMACC
18032,MEMACC
16269,MEMACC
2383,MEMACC
7945,MEMACC
7954,MEMACC
7966,MEMACC
27694,MEMACC
14764,MEMACC
6423,MEMACC
17509,MEMACC
27977,MEMACC
23657,MEMACC
4851,MEMACC
18960,MEMACC
18127,MEMACC
28277,MEMACC
9823,MEMACC
9172,MEMACC
13175,MEMACC
32055,MEMACC
12539,MEMACC
10578,MEMACC
15594,MEMACC
31915,MEMACC
19355,MEMACC
26366,MEMACC
22495,MEMACC
22513,MEMACC
22513,L1HIT
22515,L1HIT
22520,MEMACC
1415,MEMACC
1434,MEMACC
1440,MEMACC
1447,MEMACC
1466,MEMACC
1479,MEMACC
10042,MEMACC
19407,MEMACC
10292,MEMACC
18573,MEMACC
11088,MEMACC
32127,MEMACC
1441,L1HIT
7043,MEMACC
15114,MEMACC
29347,MEMACC
12812,MEMACC
25741,MEMACC
23005,MEMACC
23363,MEMACC
30394,MEMACC
6164,MEMACC
2173,MEMACC
28363,MEMACC
32626,MEMACC
16678,MEMACC
20106,MEMACC
20115,MEMACC
20127,MEMACC
21852,MEMACC
1795,MEMACC
26006,MEMACC
28819,MEMACC
14494,MEMACC
12722,MEMACC
24581,MEMACC
31998,MEMACC
23790,MEMACC
10787,MEMACC
16924,MEMACC
25592,MEMACC
28307,MEMACC
21852,L1HIT
1795,MEMACC
5983,MEMACC
8511,MEMACC
10787,L1HIT
16924,MEMACC
25592,L1HIT
28307,MEMACC
21852,L1HIT
1795,MEMACC
14884,MEMACC
317,MEMACC
13728,MEMACC
22966,MEMACC
10931,MEMACC
30870,MEMACC
18291,MEMACC
14884,MEMACC
317,MEMACC
13728,L1HIT
22513,L1HIT
13536,MEMACC
7333,MEMACC
3927,MEMACC
30870,L1HIT
18291,MEMACC
14884,MEMACC
317,MEMACC
13728,L1HIT
22513,L1HIT
13536,MEMACC
7333,MEMACC
3927,MEMACC
20743,MEMACC
29488,MEMACC
22966,L1HIT
10931,MEMACC
30870,L1HIT
14874,MEMACC
9627,MEMACC
1542,MEMACC
18153,MEMACC
3384,MEMACC
30221,MEMACC
14153,MEMACC
29678,MEMACC
14363,MEMACC
7077,MEMACC
5442,MEMACC
29678,L1HIT
14363,L1HIT
7077,MEMACC
5442,MEMACC
5225,MEMACC
32455,MEMACC
22196,MEMACC
14874,L1HIT
9627,L1HIT
1542,L1HIT
12891,MEMACC
30509,MEMACC
6445,MEMACC
7757,MEMACC
15350,MEMACC
31309,MEMACC
26582,MEMACC
27238,MEMACC
15576,MEMACC
27089,MEMACC
12717,MEMACC
26582,L1HIT
4955,MEMACC
15350,MEMACC
31309,L1HIT
26582,L1HIT
27238,MEMACC
15576,L1HIT
27089,L1HIT
28362,MEMACC
3453,MEMACC
3626,MEMACC
3890,MEMACC
20416,MEMACC
8353,MEMACC
21050,MEMACC
6750,MEMACC
29131,MEMACC
28362,MEMACC
3453,L1HIT
7129,MEMACC
6062,MEMACC
6077,MEMACC
27814,MEMACC
20603,MEMACC
18676,MEMACC
32619,MEMACC
11868,MEMACC
30666,MEMACC
27116,MEMACC
27814,MEMACC
20603,L1HIT
18676,L1HIT
20603,L1HIT
18676,L1HIT
32619,L1HIT
11868,MEMACC
30666,L1HIT
17045,MEMACC
13553,MEMACC
19869,MEMACC
22316,MEMACC
5426,MEMACC
20482,MEMACC
11136,MEMACC
9602,MEMACC
21206,MEMACC
20152,MEMACC
18221,MEMACC
31644,MEMACC
28894,MEMACC
3847,MEMACC
15924,MEMACC
810,MEMACC
24969,MEMACC
14547,MEMACC
15019,MEMACC
19436,MEMACC
28549,MEMACC
4420,MEMACC
30715,MEMACC
8595,MEMACC
8469,MEMACC
5560,MEMACC
9444,MEMACC
15383,MEMACC
29506,MEMACC
22750,MEMACC
15858,MEMACC
22596,MEMACC
26769,MEMACC
12348,MEMACC
31852,MEMACC
9444,L1HIT
15383,MEMACC
28036,MEMACC
24229,MEMACC
29197,MEMACC
28728,MEMACC
28733,MEMACC
27634,MEMACC
14495,MEMACC
4694,MEMACC
24780,MEMACC
22734,MEMACC
13,MEMACC
10350,MEMACC
26295,MEMACC
26581,L1HIT
24838,MEMACC
31410,MEMACC
21180,MEMACC
23175,MEMACC
13835,MEMACC
11437,MEMACC
437,MEMACC
31129,MEMACC
14962,MEMACC
26973,MEMACC
13202,MEMACC
17123,MEMACC
17123,MEMACC
17125,MEMACC
17141,MEMACC
14593,MEMACC
13358,MEMACC
25571,MEMACC
17024,MEMACC
6086,MEMACC
8574,MEMACC
9188,MEMACC
32338,MEMACC
28253,MEMACC
15557,MEMACC
28253,MEMACC
15557,MEMACC
10972,MEMACC
27743,MEMACC
6353,MEMACC
6351,MEMACC
30465,MEMACC
31118,MEMACC
15557,MEMACC
10972,L1HIT
27743,L1HIT
6353,L1HIT
6351,L1HIT
30465,MEMACC
9439,MEMACC
18222,MEMACC
22727,MEMACC
6383,MEMACC
23765,MEMACC
15639,MEMACC
8236,MEMACC
4477,MEMACC
4599,MEMACC
13900,MEMACC
18511,MEMACC
3077,MEMACC
3679,MEMACC
21187,MEMACC
7622,MEMACC
20163,MEMACC
1852,MEMACC
5667,MEMACC
3705,MEMACC
27626,MEMACC
19529,MEMACC
12838,MEMACC
3617,MEMACC
28024,MEMACC
15812,MEMACC
8925,MEMACC
5376,MEMACC
20761,MEMACC
13402,MEMACC
9605,MEMACC
407,MEMACC
28340,MEMACC
20353,MEMACC
8789,MEMACC
13031,MEMACC
31323,MEMACC
10470,MEMACC
27996,MEMACC
29287,MEMACC
1591,MEMACC
24314,MEMACC
24317,MEMACC
20754,MEMACC
20765,MEMACC
20774,MEMACC
32275,MEMACC
21625,MEMACC
10671,MEMACC
2551,MEMACC
21873,MEMACC
3498,MEMACC
1213,MEMACC
8756,MEMACC
26470,MEMACC
11788,MEMACC
32275,L1HIT
21625,MEMACC
10671,L1HIT
2551,MEMACC
21873,L1HIT
3498,L1HIT
1213,MEMACC
8756,MEMACC
21589,MEMACC
14467,MEMACC
7117,MEMACC
15596,MEMACC
14564,MEMACC
32170,MEMACC
2817,MEMACC
16187,MEMACC
25819,MEMACC
12567,MEMACC
20027,MEMACC
10308,MEMACC
5390,MEMACC
2929,MEMACC
26018,MEMACC
22895,MEMACC
22733,MEMACC
12814,MEMACC
30818,MEMACC
23940,MEMACC
28030,MEMACC
2929,L1HIT
25368,MEMACC
2929,L1HIT
26018,L1HIT
6746,MEMACC
5209,MEMACC
26160,MEMACC
19961,MEMACC
31169,MEMACC
8103,MEMACC
7194,MEMACC
28406,MEMACC
30345,MEMACC
32718,MEMACC
15702,MEMACC
703,MEMACC
20654,MEMACC
23958,MEMACC
27104,MEMACC
25134,MEMACC
10444,MEMACC
26505,MEMACC
5527,MEMACC
31007,MEMACC
4214,MEMACC
15040,MEMACC
3315,MEMACC
18333,MEMACC
24048,MEMACC
7298,MEMACC
4879,MEMACC
16704,MEMACC
18125,L1HIT
6504,MEMACC
5978,MEMACC
17339,MEMACC
8616,MEMACC
3554,MEMACC
12993,MEMACC
20576,MEMACC
9055,MEMACC
18116,MEMACC
4534,MEMACC
14371,MEMACC
965,MEMACC
2733,MEMACC
26143,MEMACC
11568,MEMACC
2561,MEMACC
17567,MEMACC
14865,MEMACC
18653,MEMACC
18040,MEMACC
28039,MEMACC
29403,MEMACC
8072,MEMACC
141,MEMACC
231,MEMACC
10499,MEMACC
22244,MEMACC
7304,MEMACC
7748,MEMACC
22833,MEMACC
14825,MEMACC
28581,MEMACC
28585,MEMACC
28594,MEMACC
25459,MEMACC
1512,MEMACC
16751,MEMACC
19591,MEMACC
5384,MEMACC
13846,MEMACC
30344,MEMACC
23487,MEMACC
31745,MEMACC
21712,MEMACC
19671,MEMACC
1633,MEMACC
3710,MEMACC
5688,MEMACC
3717,MEMACC
1257,MEMACC
19924,MEMACC
13121,MEMACC
20786,MEMACC
22245,L1HIT
8759,MEMACC
8770,MEMACC
8778,MEMACC
8789,L1HIT
472,MEMACC
27211,MEMACC
29668,MEMACC
25348,MEMACC
445,MEMACC
7300,MEMACC
28692,MEMACC
417,MEMACC
19382,MEMACC
1109,MEMACC
13731,L1HIT
27153,MEMACC
27356,MEMACC
8390,MEMACC
23902,MEMACC
22427,MEMACC
15907,MEMACC
5366,MEMACC
348,MEMACC
32319,MEMACC
1115,MEMACC
19688,MEMACC
19119,MEMACC
5290,MEMACC
5777,MEMACC
16145,MEMACC
24703,MEMACC
24634,MEMACC
29222,MEMACC
23334,MEMACC
22418,MEMACC
24786,MEMACC
29591,MEMACC
30403,MEMACC
21001,MEMACC
22418,L1HIT
24786,MEMACC
29591,L1HIT
20632,MEMACC
19047,MEMACC
10326,MEMACC
28432,MEMACC
6700,MEMACC
10326,L1HIT
28432,L1HIT
6700,MEMACC
32652,MEMACC
12008,MEMACC
23346,MEMACC
17926,MEMACC
22071,MEMACC
7938,MEMACC
28432,L1HIT
6700,MEMACC
32652,MEMACC
12008,L1HIT
23454,MEMACC
23458,MEMACC
23462,MEMACC
23472,MEMACC
10838,MEMACC
10628,MEMACC
12874,MEMACC
16612,MEMACC
9154,MEMACC
12090,MEMACC
8141,MEMACC
10159,MEMACC
18796,MEMACC
28900,MEMACC
1268,MEMACC
16252,MEMACC
18099,MEMACC
6620,MEMACC
13526,MEMACC
10542,MEMACC
8330,MEMACC
7084,MEMACC
6754,MEMACC
31771,MEMACC
8853,MEMACC
8869,MEMACC
8871,L1HIT
19665,MEMACC
19677,MEMACC
19695,MEMACC
19710,MEMACC
26636,MEMACC
26649,MEMACC
26657,MEMACC
26676,MEMACC
26685,MEMACC
26697,MEMACC
5247,MEMACC
30973,MEMACC
5482,MEMACC
5604,MEMACC
20576,MEMACC
31518,MEMACC
21379,MEMACC
8436,MEMACC
7020,MEMACC
15331,MEMACC
27839,MEMACC
733,MEMACC
27650,MEMACC
9649,MEMACC
26543,MEMACC
1991,MEMACC
2183,MEMACC
4880,MEMACC
23594,MEMACC
14141,MEMACC
26927,MEMACC
25035,MEMACC
13999,MEMACC
17927,MEMACC
16992,MEMACC
3696,MEMACC
15345,MEMACC
28254,MEMACC
10391,MEMACC
1212,MEMACC
4027,MEMACC
3679,MEMACC
24560,MEMACC
4758,MEMACC
8231,MEMACC
15875,MEMACC
16678,L1HIT
24489,MEMACC
9014,MEMACC
15429,MEMACC
11234,MEMACC
18763,MEMACC
13736,MEMACC
23128,MEMACC
7669,MEMACC
32686,MEMACC
6831,MEMACC
14723,MEMACC
8664,MEMACC
17163,MEMACC
1634,MEMACC
13803,MEMACC
22341,MEMACC
496,MEMACC
13520,MEMACC
3329,MEMACC
4156,MEMACC
3922,MEMACC
2439,MEMACC
32731,MEMACC
17272,MEMACC
9481,MEMACC
9758,MEMACC
7603,MEMACC
14101,MEMACC
30287,MEMACC
14725,MEMACC
12594,MEMACC
11604,MEMACC
11878,MEMACC
17272,L1HIT
9481,L1HIT
9758,MEMACC
7603,L1HIT
9758,MEMACC
7603,L1HIT
14101,L1HIT
30287,L1HIT
4267,MEMACC
7782,MEMACC
5832,MEMACC
21061,MEMACC
9626,L1HIT
9640,MEMACC
17839,MEMACC
21071,MEMACC
32133,MEMACC
22838,MEMACC
29696,MEMACC
19359,MEMACC
14226,MEMACC
13752,MEMACC
4346,MEMACC
23114,MEMACC
11891,MEMACC
22416,L1HIT
3883,MEMACC
3657,MEMACC
17142,L1HIT
32524,MEMACC
21060,L1HIT
4572,L1HIT
25169,MEMACC
31740,MEMACC
23210,MEMACC
6922,MEMACC
21324,MEMACC
6671,MEMACC
31630,MEMACC
19190,MEMACC
9160,MEMACC
17128,MEMACC
3097,MEMACC
20945,MEMACC
19871,MEMACC
18304,MEMACC
9604,L1HIT
28175,MEMACC
1957,MEMACC
16246,MEMACC
11581,MEMACC
6826,MEMACC
25245,MEMACC
14570,MEMACC
8461,MEMACC
4981,MEMACC
3681,MEMACC
30301,MEMACC
3036,MEMACC
9867,MEMACC
11343,MEMACC
10500,MEMACC
21889,MEMACC
3947,MEMACC
4307,MEMACC
28102,MEMACC
20260,MEMACC
23941,L1HIT
12736,MEMACC
12739,L1HIT
12747,MEMACC
12757,MEMACC
12775,MEMACC
12791,MEMACC
12796,MEMACC
794,MEMACC
811,MEMACC
22156,MEMACC
22160,MEMACC
6028,MEMACC
3281,MEMACC
30442,MEMACC
14876,MEMACC
7667,MEMACC
12314,MEMACC
13740,MEMACC
6236,MEMACC
26072,MEMACC
26525,MEMACC
31508,MEMACC
3844,L1HIT
7667,MEMACC
12314,MEMACC
13740,L1HIT
6236,MEMACC
24173,MEMACC
5215,MEMACC
13235,MEMACC
20080,MEMACC
686,MEMACC
22965,L1HIT
5419,MEMACC
649,MEMACC
28534,MEMACC
28087,MEMACC
19406,MEMACC
3980,MEMACC
27158,MEMACC
6448,MEMACC
1997,MEMACC
20534,MEMACC
5184,MEMACC
1137,MEMACC
29950,MEMACC
6153,MEMACC
19919,MEMACC
19930,MEMACC
19933,MEMACC
19950,MEMACC
19960,L1HIT
14703,MEMACC
14712,MEMACC
14722,L1HIT
29808,MEMACC
14866,MEMACC
30255,MEMACC
14486,MEMACC
24064,MEMACC
29875,MEMACC
14462,MEMACC
10892,MEMACC
31964,MEMACC
29808,L1HIT
14866,MEMACC
10033,MEMACC
28273,MEMACC
2721,MEMACC
13193,MEMACC
9456,MEMACC
3409,MEMACC
26389,MEMACC
14229,MEMACC
13993,MEMACC
13797,MEMACC
1623,MEMACC
30993,MEMACC
1711,MEMACC
9009,MEMACC
28107,MEMACC
1071,MEMACC
18917,MEMACC
13993,MEMACC
13797,MEMACC
1623,L1HIT
30993,L1HIT
1711,MEMACC
19333,MEMACC
19335,L1HIT
19348,MEMACC
19355,L1HIT
19369,MEMACC
19379,MEMACC
11808,MEMACC
4203,MEMACC
3904,MEMACC
11541,MEMACC
21746,MEMACC
26311,MEMACC
25379,MEMACC
6642,MEMACC
23529,MEMACC
7652,MEMACC
8077,MEMACC
32151,MEMACC
14432,MEMACC
32151,L1HIT
14432,MEMACC
20617,MEMACC
2140,MEMACC
11808,MEMACC
4203,MEMACC
3904,L1HIT
11541,MEMACC
17186,MEMACC
30570,MEMACC
23124,MEMACC
9853,MEMACC
11213,MEMACC
7406,MEMACC
24961,MEMACC
23290,MEMACC
14658,MEMACC
9622,MEMACC
32063,MEMACC
25358,MEMACC
26058,MEMACC
10988,MEMACC
18526,MEMACC
3355,MEMACC
14304,MEMACC
21580,MEMACC
31269,MEMACC
18329,MEMACC
12136,MEMACC
718,MEMACC
8595,MEMACC
11948,MEMACC
22726,MEMACC
30728,MEMACC
6952,MEMACC
1503,MEMACC
29757,MEMACC
20852,MEMACC
17931,MEMACC
24728,MEMACC
30075,MEMACC
29993,MEMACC
13827,MEMACC
21977,MEMACC
14466,MEMACC
5168,MEMACC
16747,MEMACC
29653,MEMACC
22786,MEMACC
10945,MEMACC
26114,MEMACC
16529,MEMACC
23076,MEMACC
990,MEMACC
467,MEMACC
959,MEMACC
31336,MEMACC
22786,L1HIT
10945,L1HIT
26114,L1HIT
31336,MEMACC
22786,L1HIT
10945,L1HIT
26114,L1HIT
29104,MEMACC
14027,MEMACC
10051,MEMACC
11391,MEMACC
17225,MEMACC
30713,L1HIT
19729,MEMACC
10159,MEMACC
22281,MEMACC
4531,MEMACC
11941,MEMACC
11942,L1HIT
11945,MEMACC
11952,MEMACC
11963,MEMACC
11970,MEMACC
11985,MEMACC
11997,MEMACC
32127,MEMACC
32131,MEMACC
32149,L1HIT
32154,MEMACC
32158,MEMACC
32175,MEMACC
32188,MEMACC
32191,MEMACC
22428,MEMACC
22445,MEMACC
22461,MEMACC
22465,MEMACC
6055,MEMACC
28019,MEMACC
21818,MEMACC
16989,MEMACC
4924,MEMACC
2402,MEMACC
1008,MEMACC
5755,MEMACC
10166,MEMACC
24231,L1HIT
6703,MEMACC
20018,MEMACC
15010,MEMACC
21559,MEMACC
13215,MEMACC
18276,MEMACC
9698,MEMACC
2045,MEMACC
31353,MEMACC
803,MEMACC
31575,MEMACC
14351,MEMACC
14906,MEMACC
30083,MEMACC
3990,MEMACC
13634,MEMACC
16802,MEMACC
4043,MEMACC
21122,MEMACC
27401,MEMACC
16142,MEMACC
20275,MEMACC
6868,MEMACC
753,MEMACC
11616,MEMACC
12992,MEMACC
29883,MEMACC
10135,MEMACC
12593,L1HIT
20683,MEMACC
9520,MEMACC
9523,L1HIT
1844,MEMACC
1858,MEMACC
1877,MEMACC
1877,L1HIT
1891,MEMACC
28813,MEMACC
18055,MEMACC
27360,MEMACC
8574,MEMACC
14574,MEMACC
23349,MEMACC
16947,MEMACC
21537,MEMACC
4330,MEMACC
4330,MEMACC
16248,MEMACC
15866,MEMACC
16499,MEMACC
22206,MEMACC
17470,MEMACC
12842,MEMACC
21438,MEMACC
22804,MEMACC
3487,MEMACC
10137,MEMACC
14319,MEMACC
26217,MEMACC
17435,MEMACC
3686,MEMACC
20250,MEMACC
27246,MEMACC
29160,MEMACC
2932,MEMACC
30262,MEMACC
17110,MEMACC
17248,MEMACC
6047,MEMACC
26074,MEMACC
24960,MEMACC
10931,MEMACC
19860,MEMACC
6328,MEMACC
23657,MEMACC
252,MEMACC
5306,MEMACC
13872,MEMACC
9699,MEMACC
25273,MEMACC
3735,MEMACC
1286,MEMACC
7125,MEMACC
1568,MEMACC
21528,MEMACC
7810,MEMACC
8911,MEMACC
32044,MEMACC
25843,MEMACC
20608,MEMACC
13339,MEMACC
22951,MEMACC
2599,MEMACC
9792,MEMACC
32752,MEMACC
26368,MEMACC
9717,MEMACC
23431,MEMACC
15602,MEMACC
28563,MEMACC
23732,MEMACC
14452,MEMACC
32043,MEMACC
26304,MEMACC
5569,MEMACC
71,MEMACC
18154,MEMACC
30281,MEMACC
27623,MEMACC
2851,MEMACC
21596,MEMACC
6649,MEMACC
11902,MEMACC
18356,MEMACC
12781,MEMACC
26235,MEMACC
26289,MEMACC
2094,MEMACC
1090,MEMACC
27560,MEMACC
26862,MEMACC
20289,MEMACC
8314,MEMACC
19607,MEMACC
15884,MEMACC
8591,MEMACC
3401,MEMACC
2710,MEMACC
24250,MEMACC
25274,L1HIT
29556,MEMACC
29556,L1HIT
31140,MEMACC
19448,MEMACC
7973,MEMACC
24152,MEMACC
30619,MEMACC
24055,MEMACC
19555,MEMACC
17266,MEMACC
31949,MEMACC
30739,MEMACC
3993,MEMACC
23606,MEMACC
10379,MEMACC
30561,MEMACC
32272,L1HIT
15121,MEMACC
21029,MEMACC
3993,L1HIT
23606,MEMACC
10379,L1HIT
30561,MEMACC
5512,MEMACC
31922,MEMACC
32430,MEMACC
7890,MEMACC
25918,MEMACC
30128,MEMACC
25153,MEMACC
16562,MEMACC
32624,MEMACC
8066,MEMACC
25326,MEMACC
15204,MEMACC
25395,MEMACC
6855,MEMACC
5960,MEMACC
21273,MEMACC
14138,MEMACC
3296,MEMACC
24777,MEMACC
3591,MEMACC
