28739,MEMACC
24550,MEMACC
7543,MEMACC
4555,MEMACC
19258,MEMACC
16601,MEMACC
26775,MEMACC
32535,MEMACC
6014,MEMACC
31373,MEMACC
22468,MEMACC
8288,MEMACC
25451,MEMACC
31550,MEMACC
8228,MEMACC
20732,MEMACC
18962,MEMACC
17278,MEMACC
15313,MEMACC
30936,MEMACC
3762,MEMACC
22105,MEMACC
23793,MEMACC
32337,MEMACC
19348,MEMACC
2367,MEMACC
16347,MEMACC
31246,MEMACC
25775,MEMACC
26745,MEMACC
21054,MEMACC
1485,MEMACC
22758,MEMACC
24304,MEMACC
29524,MEMACC
32674,MEMACC
9197,MEMACC
23299,MEMACC
16748,MEMACC
7509,MEMACC
19204,MEMACC
31339,MEMACC
20707,MEMACC
16485,MEMACC
27065,MEMACC
11333,MEMACC
31996,MEMACC
1508,MEMACC
23260,MEMACC
13704,MEMACC
31108,MEMACC
2896,MEMACC
6044,MEMACC
5586,MEMACC
26642,MEMACC
19458,MEMACC
11034,MEMACC
3670,MEMACC
22643,MEMACC
17191,MEMACC
4699,MEMACC
15656,MEMACC
1089,MEMACC
30622,MEMACC
1980,MEMACC
12259,MEMACC
9124,MEMACC
8492,MEMACC
22377,MEMACC
1551,MEMACC
28409,MEMACC
11145,MEMACC
19940,MEMACC
13637,MEMACC
30142,MEMACC
30491,MEMACC
19398,MEMACC
2008,MEMACC
25028,MEMACC
28989,MEMACC
16354,MEMACC
13555,MEMACC
5454,MEMACC
13262,MEMACC
21140,MEMACC
55,MEMACC
30657,MEMACC
24899,MEMACC
24899,L1HIT
62,MEMACC
1598,MEMACC
13138,MEMACC
31564,MEMACC
8522,MEMACC
8112,MEMACC
16986,MEMACC
8031,MEMACC
16354,MEMACC
21468,MEMACC
24793,MEMACC
16977,MEMACC
11017,MEMACC
12186,MEMACC
21034,MEMACC
21746,MEMACC
20987,MEMACC
18870,MEMACC
10071,MEMACC
27796,MEMACC
13249,MEMACC
26811,MEMACC
27539,MEMACC
7711,MEMACC
7259,MEMACC
2192,MEMACC
4617,MEMACC
21023,MEMACC
15066,MEMACC
27523,MEMACC
8919,MEMACC
956,MEMACC
18592,MEMACC
8950,MEMACC
12135,MEMACC
27823,MEMACC
21055,MEMACC
19740,MEMACC
23703,MEMACC
19457,L1HIT
19457,L1HIT
19466,MEMACC
19482,MEMACC
19500,MEMACC
14728,MEMACC
14730,MEMACC
14748,MEMACC
14758,MEMACC
14772,MEMACC
14423,MEMACC
14052,MEMACC
23752,MEMACC
27264,MEMACC
18101,MEMACC
25023,MEMACC
17982,MEMACC
18282,MEMACC
788,MEMACC
23654,MEMACC
32224,MEMACC
9269,MEMACC
16611,MEMACC
15039,MEMACC
985,MEMACC
14163,MEMACC
18212,MEMACC
16617,MEMACC
10790,MEMACC
14250,MEMACC
6066,MEMACC
27928,MEMACC
30996,MEMACC
32238,MEMACC
20766,MEMACC
7124,MEMACC
22751,MEMACC
17122,MEMACC
15591,MEMACC
20690,MEMACC
31310,MEMACC
27165,MEMACC
3320,MEMACC
14945,MEMACC
21270,MEMACC
5126,MEMACC
18928,MEMACC
13089,MEMACC
2019,MEMACC
10136,MEMACC
24050,MEMACC
15242,MEMACC
18329,MEMACC
24128,MEMACC
21454,MEMACC
3907,MEMACC
16899,MEMACC
28193,MEMACC
14303,MEMACC
9306,MEMACC
27237,MEMACC
8026,L1HIT
10660,MEMACC
27130,MEMACC
15135,MEMACC
4229,MEMACC
13495,MEMACC
6342,MEMACC
27237,L1HIT
2791,MEMACC
15546,MEMACC
9560,MEMACC
9540,MEMACC
13938,MEMACC
9560,L1HIT
9540,MEMACC
13938,L1HIT
4766,MEMACC
10314,MEMACC
7033,MEMACC
31243,L1HIT
21231,MEMACC
28478,MEMACC
22832,MEMACC
18353,MEMACC
31647,MEMACC
17400,MEMACC
18563,MEMACC
30396,MEMACC
2816,MEMACC
16470,MEMACC
17223,MEMACC
10396,MEMACC
28425,MEMACC
2811,MEMACC
13873,MEMACC
18631,MEMACC
30158,MEMACC
30160,MEMACC
30162,MEMACC
30173,MEMACC
30192,MEMACC
5713,MEMACC
5723,MEMACC
2903,L1HIT
3872,MEMACC
21954,MEMACC
18700,MEMACC
11660,MEMACC
2830,MEMACC
28381,MEMACC
7318,MEMACC
4559,L1HIT
16034,MEMACC
26883,MEMACC
11121,MEMACC
2903,L1HIT
3872,MEMACC
21954,L1HIT
18700,MEMACC
11660,MEMACC
26874,MEMACC
4341,MEMACC
26153,MEMACC
27622,MEMACC
61,L1HIT
21559,MEMACC
13973,MEMACC
19935,MEMACC
898,MEMACC
12624,MEMACC
27560,MEMACC
22014,MEMACC
7336,MEMACC
17947,MEMACC
24316,MEMACC
24485,MEMACC
24354,MEMACC
1699,MEMACC
4604,MEMACC
19628,MEMACC
25869,MEMACC
15782,MEMACC
24638,MEMACC
12551,MEMACC
11092,MEMACC
26602,MEMACC
12712,MEMACC
24638,MEMACC
12551,L1HIT
11092,L1HIT
26602,MEMACC
12712,MEMACC
18027,MEMACC
16187,MEMACC
24991,MEMACC
22157,MEMACC
21556,L1HIT
1348,MEMACC
25869,MEMACC
15782,MEMACC
24638,MEMACC
12551,L1HIT
15895,MEMACC
21307,MEMACC
11743,MEMACC
29589,MEMACC
30467,MEMACC
17566,MEMACC
13902,MEMACC
19739,L1HIT
18769,MEMACC
31937,MEMACC
28678,MEMACC
31480,MEMACC
12723,MEMACC
21214,MEMACC
2321,MEMACC
8335,MEMACC
7086,MEMACC
9124,MEMACC
144,MEMACC
23289,MEMACC
10068,MEMACC
3327,MEMACC
12193,MEMACC
10068,MEMACC
3327,MEMACC
29878,MEMACC
29892,MEMACC
14642,MEMACC
9845,MEMACC
25824,MEMACC
20698,MEMACC
5924,MEMACC
16593,MEMACC
26598,MEMACC
8721,MEMACC
23073,MEMACC
22047,MEMACC
22320,MEMACC
27063,MEMACC
28489,MEMACC
31085,MEMACC
839,MEMACC
18836,MEMACC
15276,MEMACC
5471,MEMACC
28902,MEMACC
22854,MEMACC
1695,MEMACC
31569,MEMACC
22643,L1HIT
22643,L1HIT
28402,MEMACC
20539,MEMACC
6446,MEMACC
17481,MEMACC
4525,MEMACC
3501,MEMACC
27505,MEMACC
32203,MEMACC
1948,MEMACC
10365,MEMACC
3971,MEMACC
11610,MEMACC
10255,MEMACC
9784,MEMACC
29795,MEMACC
24303,MEMACC
11198,MEMACC
14944,L1HIT
18083,MEMACC
26806,MEMACC
1848,MEMACC
29206,MEMACC
22574,MEMACC
28105,MEMACC
4022,MEMACC
23260,MEMACC
24813,MEMACC
24464,MEMACC
861,MEMACC
20623,MEMACC
20639,MEMACC
20655,MEMACC
20666,MEMACC
8904,MEMACC
8906,L1HIT
8912,L1HIT
7117,MEMACC
10116,MEMACC
29928,MEMACC
16395,MEMACC
30195,L1HIT
7117,MEMACC
10116,L1HIT
29928,MEMACC
11357,MEMACC
31071,MEMACC
25141,MEMACC
16395,MEMACC
30195,L1HIT
7117,MEMACC
10116,L1HIT
30145,MEMACC
13632,L1HIT
28060,MEMACC
25075,MEMACC
26122,MEMACC
14531,MEMACC
4809,MEMACC
15482,MEMACC
15489,MEMACC
15489,L1HIT
4229,L1HIT
30291,MEMACC
29190,MEMACC
11766,MEMACC
29794,MEMACC
332,MEMACC
27467,MEMACC
29190,MEMACC
11766,L1HIT
17772,MEMACC
6190,MEMACC
11057,MEMACC
8110,MEMACC
17772,MEMACC
6190,L1HIT
11057,MEMACC
6266,MEMACC
15942,MEMACC
11354,MEMACC
10686,MEMACC
14819,MEMACC
11354,L1HIT
10686,L1HIT
14819,L1HIT
5744,MEMACC
5974,MEMACC
19736,L1HIT
20735,MEMACC
7716,MEMACC
11057,MEMACC
6266,L1HIT
15942,MEMACC
8397,MEMACC
22173,MEMACC
20248,MEMACC
3106,MEMACC
9858,MEMACC
4972,MEMACC
23083,MEMACC
20248,MEMACC
3106,L1HIT
5881,MEMACC
7160,MEMACC
13847,MEMACC
24575,MEMACC
15092,MEMACC
28244,MEMACC
22523,MEMACC
15579,MEMACC
25421,MEMACC
3296,MEMACC
13238,MEMACC
20395,MEMACC
18911,MEMACC
14677,MEMACC
6597,MEMACC
30170,L1HIT
2153,MEMACC
13422,MEMACC
29130,MEMACC
32021,MEMACC
16253,MEMACC
24890,MEMACC
1398,MEMACC
24879,MEMACC
1134,MEMACC
13578,MEMACC
29135,L1HIT
31465,MEMACC
31441,MEMACC
13225,MEMACC
11460,MEMACC
15102,MEMACC
9238,MEMACC
5607,MEMACC
22630,MEMACC
6281,MEMACC
23436,MEMACC
25900,MEMACC
28870,MEMACC
23687,MEMACC
7954,MEMACC
25405,MEMACC
17114,MEMACC
8359,MEMACC
25302,MEMACC
6868,MEMACC
19503,MEMACC
14816,L1HIT
14834,MEMACC
14846,MEMACC
25290,MEMACC
4954,MEMACC
30507,MEMACC
21235,MEMACC
2626,MEMACC
32762,MEMACC
18316,MEMACC
5363,MEMACC
2513,MEMACC
12305,MEMACC
14075,MEMACC
28073,MEMACC
3625,MEMACC
18149,MEMACC
7168,MEMACC
18621,MEMACC
18753,MEMACC
14115,MEMACC
14241,MEMACC
28798,MEMACC
9562,L1HIT
23439,MEMACC
23805,MEMACC
8888,MEMACC
27764,MEMACC
21972,MEMACC
21986,MEMACC
22001,MEMACC
31003,MEMACC
6403,MEMACC
31380,MEMACC
23228,MEMACC
16226,MEMACC
27294,MEMACC
17686,MEMACC
7302,MEMACC
7314,L1HIT
14010,MEMACC
3639,MEMACC
16704,MEMACC
1963,MEMACC
28165,MEMACC
24358,MEMACC
310,MEMACC
26960,MEMACC
14010,L1HIT
3639,MEMACC
16704,MEMACC
1963,MEMACC
20000,MEMACC
20000,L1HIT
20006,L1HIT
27291,L1HIT
362,MEMACC
24344,MEMACC
4193,MEMACC
18862,MEMACC
21460,MEMACC
22363,MEMACC
17241,MEMACC
13297,MEMACC
7663,MEMACC
28697,MEMACC
8234,MEMACC
2199,L1HIT
26000,MEMACC
29392,MEMACC
31042,MEMACC
21129,MEMACC
23007,MEMACC
15601,MEMACC
29861,MEMACC
15465,MEMACC
30579,MEMACC
22225,MEMACC
7170,L1HIT
32571,MEMACC
14159,MEMACC
19695,MEMACC
15262,MEMACC
14630,MEMACC
10621,MEMACC
26190,MEMACC
4744,MEMACC
11356,L1HIT
14159,L1HIT
19695,MEMACC
15262,MEMACC
14630,L1HIT
14237,MEMACC
19648,MEMACC
30150,L1HIT
16101,MEMACC
12910,MEMACC
19954,MEMACC
16700,MEMACC
20071,MEMACC
7005,MEMACC
2166,MEMACC
32037,MEMACC
25283,MEMACC
1786,MEMACC
10857,MEMACC
25966,MEMACC
7229,MEMACC
17579,MEMACC
4950,MEMACC
4884,MEMACC
205,MEMACC
4289,MEMACC
16255,L1HIT
1315,MEMACC
24347,MEMACC
17976,MEMACC
3906,L1HIT
5725,MEMACC
8826,MEMACC
10595,MEMACC
8488,MEMACC
12792,MEMACC
29606,MEMACC
31846,MEMACC
29333,MEMACC
8574,MEMACC
20853,MEMACC
26062,MEMACC
6003,MEMACC
6427,MEMACC
6785,MEMACC
2571,MEMACC
25121,MEMACC
25131,MEMACC
30960,MEMACC
15231,MEMACC
31864,MEMACC
7385,MEMACC
7392,MEMACC
18041,MEMACC
18045,MEMACC
18060,MEMACC
18061,L1HIT
18072,MEMACC
18082,MEMACC
23465,MEMACC
23465,L1HIT
23470,L1HIT
12780,MEMACC
26104,MEMACC
10798,MEMACC
7838,MEMACC
24048,L1HIT
17086,MEMACC
23754,L1HIT
15568,MEMACC
13318,MEMACC
19597,MEMACC
10836,MEMACC
16456,MEMACC
25535,MEMACC
22657,MEMACC
480,MEMACC
2488,MEMACC
5202,MEMACC
4223,MEMACC
28006,MEMACC
3027,MEMACC
22194,MEMACC
29008,MEMACC
9148,MEMACC
25504,MEMACC
4626,MEMACC
19332,MEMACC
4949,L1HIT
2039,MEMACC
22194,MEMACC
29008,MEMACC
9148,MEMACC
25504,L1HIT
16581,MEMACC
27379,MEMACC
11737,L1HIT
4090,MEMACC
1513,MEMACC
21256,MEMACC
28928,MEMACC
15409,MEMACC
12070,MEMACC
29094,MEMACC
27691,MEMACC
5775,MEMACC
1546,MEMACC
27379,L1HIT
11737,L1HIT
4090,L1HIT
1513,L1HIT
21256,MEMACC
28928,L1HIT
15409,L1HIT
21610,MEMACC
23726,MEMACC
