11372,MEMACC
11385,MEMACC
11397,MEMACC
11411,MEMACC
19009,MEMACC
13699,MEMACC
19470,MEMACC
31350,MEMACC
26693,MEMACC
26693,L1HIT
8764,MEMACC
11206,MEMACC
22740,MEMACC
7095,MEMACC
1753,MEMACC
10325,MEMACC
14329,MEMACC
8859,MEMACC
19328,MEMACC
2779,MEMACC
30327,MEMACC
27495,MEMACC
6255,MEMACC
18303,MEMACC
32716,MEMACC
28927,MEMACC
14329,L1HIT
8859,L1HIT
19328,L1HIT
20161,MEMACC
32079,MEMACC
17505,MEMACC
21814,MEMACC
17505,L1HIT
21814,L1HIT
14332,L1HIT
28096,MEMACC
25857,MEMACC
29454,MEMACC
5843,MEMACC
7935,MEMACC
2874,MEMACC
4127,MEMACC
7117,MEMACC
26710,MEMACC
21078,MEMACC
7533,MEMACC
23931,MEMACC
13006,MEMACC
14494,MEMACC
16523,MEMACC
2817,MEMACC
27554,MEMACC
558,MEMACC
13184,MEMACC
11158,MEMACC
4472,MEMACC
29708,MEMACC
11363,MEMACC
19589,MEMACC
13241,MEMACC
5303,MEMACC
28996,MEMACC
26181,MEMACC
4104,MEMACC
5301,L1HIT
29708,MEMACC
11363,L1HIT
19589,MEMACC
13241,MEMACC
9602,MEMACC
6509,MEMACC
14342,MEMACC
25040,MEMACC
22511,MEMACC
17901,MEMACC
22511,MEMACC
17901,MEMACC
15981,MEMACC
27305,MEMACC
27310,L1HIT
5301,L1HIT
15787,MEMACC
9302,MEMACC
11965,MEMACC
29788,MEMACC
8674,MEMACC
29417,MEMACC
7408,MEMACC
17609,MEMACC
20573,MEMACC
25461,MEMACC
25582,MEMACC
18554,MEMACC
17609,L1HIT
20573,MEMACC
25461,L1HIT
25582,MEMACC
18554,L1HIT
20047,MEMACC
21881,MEMACC
24754,MEMACC
4198,MEMACC
4217,MEMACC
4228,MEMACC
4231,MEMACC
4241,MEMACC
16978,MEMACC
16990,MEMACC
17008,MEMACC
27787,MEMACC
27795,MEMACC
27798,L1HIT
27801,L1HIT
27808,MEMACC
27818,L1HIT
15064,MEMACC
16272,MEMACC
26840,MEMACC
6191,MEMACC
27290,MEMACC
25274,MEMACC
10851,MEMACC
8354,MEMACC
10043,MEMACC
10854,MEMACC
10854,MEMACC
30635,MEMACC
25718,MEMACC
2638,MEMACC
19934,MEMACC
15064,MEMACC
1387,MEMACC
1401,MEMACC
1412,MEMACC
4547,MEMACC
4829,MEMACC
17610,L1HIT
15049,MEMACC
27374,MEMACC
11417,L2HIT
26446,MEMACC
23955,MEMACC
7043,MEMACC
3895,MEMACC
16691,MEMACC
5494,MEMACC
483,MEMACC
19743,MEMACC
16653,MEMACC
22170,MEMACC
19571,MEMACC
26840,L1HIT
26290,MEMACC
20618,MEMACC
28561,MEMACC
28570,L1HIT
8205,MEMACC
13554,MEMACC
24040,MEMACC
14061,MEMACC
15427,MEMACC
28150,MEMACC
7411,L1HIT
5536,MEMACC
15431,MEMACC
4572,MEMACC
3040,MEMACC
16496,MEMACC
12227,MEMACC
32421,MEMACC
20909,MEMACC
14144,MEMACC
16039,MEMACC
3252,MEMACC
729,MEMACC
29590,MEMACC
20817,MEMACC
30698,MEMACC
29467,MEMACC
11952,L1HIT
28968,MEMACC
13288,MEMACC
21021,MEMACC
27528,MEMACC
711,MEMACC
23263,MEMACC
30221,MEMACC
26665,MEMACC
291,MEMACC
14433,MEMACC
18433,MEMACC
8022,MEMACC
19988,MEMACC
22017,MEMACC
32563,MEMACC
27414,MEMACC
8665,MEMACC
8671,MEMACC
8675,MEMACC
8681,L1HIT
8697,MEMACC
20701,MEMACC
27694,MEMACC
5895,MEMACC
20491,MEMACC
29210,MEMACC
5895,MEMACC
20491,MEMACC
29210,L1HIT
28502,MEMACC
11357,MEMACC
10126,MEMACC
30892,MEMACC
20701,L1HIT
27694,MEMACC
5895,MEMACC
20491,MEMACC
20701,L1HIT
27694,MEMACC
5895,MEMACC
20491,MEMACC
29210,L1HIT
28502,L1HIT
11606,MEMACC
944,MEMACC
29127,MEMACC
30078,MEMACC
944,MEMACC
29127,MEMACC
30078,MEMACC
12665,MEMACC
10722,MEMACC
680,MEMACC
31484,MEMACC
32451,MEMACC
18987,MEMACC
11631,MEMACC
10989,MEMACC
26547,MEMACC
24348,MEMACC
9318,MEMACC
10722,MEMACC
680,L1HIT
31484,L1HIT
12043,MEMACC
17583,MEMACC
31377,MEMACC
46,MEMACC
4365,MEMACC
30423,MEMACC
10466,MEMACC
23886,MEMACC
16368,MEMACC
26005,MEMACC
1640,MEMACC
8321,MEMACC
27615,MEMACC
4970,MEMACC
674,L1HIT
22055,MEMACC
11594,MEMACC
19769,MEMACC
19088,MEMACC
21575,MEMACC
11081,MEMACC
15388,MEMACC
16702,L1HIT
25400,MEMACC
965,MEMACC
19921,L2HIT
31444,MEMACC
25400,L1HIT
965,MEMACC
19921,L1HIT
31444,MEMACC
8113,MEMACC
2184,MEMACC
27851,MEMACC
7990,MEMACC
17674,MEMACC
965,MEMACC
19921,L1HIT
31444,MEMACC
8113,MEMACC
9649,MEMACC
30820,MEMACC
6717,MEMACC
27829,MEMACC
13348,MEMACC
21595,MEMACC
18448,MEMACC
21548,MEMACC
25688,MEMACC
639,MEMACC
9184,MEMACC
30471,MEMACC
26764,MEMACC
290,L1HIT
8450,MEMACC
27586,MEMACC
4060,MEMACC
12142,MEMACC
7164,MEMACC
25912,MEMACC
17429,MEMACC
17430,MEMACC
17449,MEMACC
17464,MEMACC
17475,MEMACC
16839,MEMACC
24151,MEMACC
6840,MEMACC
25190,MEMACC
30901,MEMACC
13968,MEMACC
12121,MEMACC
15827,MEMACC
16687,MEMACC
21434,MEMACC
20648,MEMACC
30382,MEMACC
14986,MEMACC
711,L1HIT
31974,MEMACC
2607,MEMACC
16839,MEMACC
24151,L1HIT
6840,L1HIT
25190,L1HIT
30901,MEMACC
13968,L1HIT
12121,L1HIT
14427,MEMACC
14433,L1HIT
14434,L1HIT
30260,MEMACC
26169,MEMACC
10274,MEMACC
7033,MEMACC
13193,L2HIT
11683,MEMACC
23363,MEMACC
11821,MEMACC
372,MEMACC
785,MEMACC
5334,MEMACC
21587,MEMACC
539,MEMACC
28260,MEMACC
5108,MEMACC
7534,L2HIT
22148,MEMACC
32627,MEMACC
10717,MEMACC
7251,MEMACC
31632,MEMACC
10463,MEMACC
7251,MEMACC
31632,MEMACC
10463,L1HIT
31958,MEMACC
2242,MEMACC
7275,MEMACC
21644,MEMACC
30905,MEMACC
4090,MEMACC
9862,MEMACC
31580,MEMACC
16262,MEMACC
16267,MEMACC
16277,MEMACC
16287,MEMACC
16304,MEMACC
27472,MEMACC
11362,L2HIT
24465,MEMACC
10126,L2HIT
15306,MEMACC
4957,MEMACC
15126,MEMACC
27472,MEMACC
11362,L2HIT
24465,MEMACC
22710,MEMACC
22004,MEMACC
22004,L1HIT
20014,MEMACC
5151,MEMACC
21107,MEMACC
13972,L1HIT
19533,MEMACC
21874,MEMACC
20235,MEMACC
20371,MEMACC
31792,MEMACC
29869,MEMACC
21561,MEMACC
5439,MEMACC
22736,MEMACC
22125,MEMACC
8002,MEMACC
30731,MEMACC
26419,MEMACC
16632,MEMACC
2449,MEMACC
1453,MEMACC
21446,MEMACC
32021,MEMACC
22432,MEMACC
22450,MEMACC
7453,MEMACC
7462,MEMACC
7468,MEMACC
7485,MEMACC
7491,MEMACC
7495,MEMACC
7513,MEMACC
6469,MEMACC
6483,MEMACC
29938,MEMACC
22277,MEMACC
27998,MEMACC
16970,MEMACC
18196,MEMACC
20777,MEMACC
10569,MEMACC
1316,MEMACC
18210,MEMACC
32035,MEMACC
7798,MEMACC
19038,MEMACC
5078,MEMACC
3196,MEMACC
4042,MEMACC
6396,MEMACC
350,MEMACC
12757,MEMACC
27101,MEMACC
3929,MEMACC
16735,MEMACC
16751,MEMACC
16763,MEMACC
16779,MEMACC
16785,MEMACC
16792,MEMACC
16797,L1HIT
16812,MEMACC
16819,MEMACC
18170,MEMACC
18931,MEMACC
249,MEMACC
21256,MEMACC
14262,MEMACC
8596,MEMACC
26805,MEMACC
17646,MEMACC
16313,L1HIT
17442,MEMACC
3925,MEMACC
18170,L1HIT
18931,L1HIT
249,L1HIT
21256,L1HIT
14262,MEMACC
29611,MEMACC
1770,MEMACC
11425,MEMACC
21803,MEMACC
7318,MEMACC
3785,MEMACC
16887,MEMACC
8610,MEMACC
22203,MEMACC
23959,L2HIT
8414,MEMACC
26779,MEMACC
10001,MEMACC
14601,MEMACC
7600,MEMACC
2619,MEMACC
8180,MEMACC
32600,MEMACC
2410,MEMACC
26733,MEMACC
24000,MEMACC
24001,L1HIT
24004,L1HIT
24011,L1HIT
23009,MEMACC
2573,MEMACC
27800,L2HIT
10453,L1HIT
10152,MEMACC
30625,MEMACC
3854,MEMACC
17283,MEMACC
19106,MEMACC
30252,MEMACC
11687,L1HIT
31256,MEMACC
23713,MEMACC
12038,L2HIT
1382,MEMACC
683,L2HIT
23928,L2HIT
423,MEMACC
23186,MEMACC
29880,MEMACC
10219,MEMACC
20599,MEMACC
13925,MEMACC
21841,MEMACC
19972,MEMACC
13925,MEMACC
21841,L1HIT
19972,L1HIT
29324,MEMACC
18425,MEMACC
13925,MEMACC
21841,L1HIT
19972,L1HIT
29324,L1HIT
18425,L1HIT
21259,L1HIT
28509,L2HIT
11466,MEMACC
17247,MEMACC
17254,MEMACC
31794,L1HIT
20675,MEMACC
7256,MEMACC
19275,MEMACC
21229,MEMACC
18876,MEMACC
18039,MEMACC
25815,MEMACC
1258,MEMACC
16995,MEMACC
19299,MEMACC
14976,L2HIT
30232,MEMACC
26424,L1HIT
11407,L2HIT
21079,L2HIT
7695,MEMACC
13692,MEMACC
25173,MEMACC
113,MEMACC
6584,MEMACC
28270,L2HIT
3430,MEMACC
8671,MEMACC
7733,MEMACC
32378,MEMACC
27860,MEMACC
15768,MEMACC
10625,MEMACC
7806,MEMACC
986,MEMACC
29911,MEMACC
19696,MEMACC
31585,MEMACC
32670,MEMACC
16102,MEMACC
8985,MEMACC
13678,MEMACC
15303,L2HIT
21939,MEMACC
17109,MEMACC
17125,MEMACC
17136,MEMACC
31797,L1HIT
31813,MEMACC
28928,MEMACC
22731,MEMACC
24505,MEMACC
26619,MEMACC
16788,L2HIT
7225,MEMACC
8416,MEMACC
14591,MEMACC
30860,MEMACC
2366,MEMACC
10402,MEMACC
6141,MEMACC
5138,L2HIT
23619,MEMACC
19377,MEMACC
23608,MEMACC
27265,MEMACC
2951,MEMACC
1843,MEMACC
26886,MEMACC
7084,MEMACC
9152,MEMACC
13456,MEMACC
14224,MEMACC
4653,MEMACC
10440,MEMACC
20229,L2HIT
19233,MEMACC
21597,L2HIT
17300,MEMACC
1134,MEMACC
24077,MEMACC
29887,L1HIT
29840,MEMACC
2632,MEMACC
15924,MEMACC
19941,MEMACC
16115,MEMACC
9075,MEMACC
7025,L2HIT
2632,MEMACC
15924,L1HIT
19941,MEMACC
16115,L1HIT
9075,MEMACC
2632,MEMACC
15924,L1HIT
19941,MEMACC
16115,L1HIT
9075,MEMACC
7025,L1HIT
10673,MEMACC
10692,MEMACC
10704,MEMACC
18958,MEMACC
19536,MEMACC
8371,MEMACC
12558,MEMACC
16597,MEMACC
12434,MEMACC
4643,L1HIT
15375,MEMACC
28823,MEMACC
19066,MEMACC
12239,MEMACC
17204,MEMACC
6389,L2HIT
18958,MEMACC
19536,L1HIT
8371,L1HIT
26415,MEMACC
9037,MEMACC
24896,MEMACC
24856,MEMACC
17185,MEMACC
9907,MEMACC
10466,L2HIT
11839,MEMACC
14463,MEMACC
184,MEMACC
28884,MEMACC
26415,L1HIT
9037,MEMACC
30394,MEMACC
30409,MEMACC
30423,MEMACC
30430,MEMACC
10224,MEMACC
3539,MEMACC
15919,MEMACC
15929,L1HIT
15936,MEMACC
15954,MEMACC
15960,MEMACC
15965,MEMACC
24301,MEMACC
17396,MEMACC
24430,MEMACC
12107,MEMACC
14290,MEMACC
3324,MEMACC
23443,MEMACC
6246,L2HIT
28182,MEMACC
1605,MEMACC
28966,MEMACC
18123,MEMACC
14241,MEMACC
11763,MEMACC
28785,MEMACC
30226,L2HIT
23998,MEMACC
20654,L2HIT
3170,MEMACC
31124,MEMACC
37,L2HIT
1291,MEMACC
15089,MEMACC
9427,MEMACC
6535,MEMACC
25120,MEMACC
18570,MEMACC
32725,MEMACC
23560,MEMACC
15741,MEMACC
29704,MEMACC
16512,L2HIT
3938,MEMACC
7581,MEMACC
212,MEMACC
5780,MEMACC
14929,MEMACC
24611,MEMACC
25244,MEMACC
1076,MEMACC
13397,MEMACC
3029,MEMACC
8296,MEMACC
1013,MEMACC
9628,MEMACC
19507,MEMACC
27036,MEMACC
13751,MEMACC
13830,MEMACC
16178,MEMACC
10270,MEMACC
25129,MEMACC
2244,L2HIT
19089,MEMACC
24739,MEMACC
11419,L2HIT
7340,MEMACC
11473,MEMACC
22211,MEMACC
3682,MEMACC
15361,MEMACC
7098,L2HIT
2984,MEMACC
17484,MEMACC
8056,MEMACC
32086,MEMACC
7300,MEMACC
29399,MEMACC
17315,MEMACC
8789,MEMACC
16084,MEMACC
29173,MEMACC
27007,MEMACC
16147,MEMACC
27409,MEMACC
9060,MEMACC
1684,MEMACC
7415,L2HIT
7434,MEMACC
26481,MEMACC
24901,L1HIT
10659,MEMACC
28314,MEMACC
31851,MEMACC
5283,MEMACC
353,MEMACC
10050,MEMACC
26481,MEMACC
24901,L1HIT
10659,MEMACC
3560,MEMACC
9642,MEMACC
8267,MEMACC
3441,MEMACC
21490,MEMACC
23101,MEMACC
27507,MEMACC
1528,MEMACC
26553,MEMACC
3453,L1HIT
17924,MEMACC
16054,MEMACC
24369,MEMACC
12801,MEMACC
19516,MEMACC
29401,MEMACC
29699,L1HIT
7090,L2HIT
9804,MEMACC
26916,MEMACC
2124,MEMACC
21724,MEMACC
9328,MEMACC
14807,MEMACC
30689,MEMACC
19845,MEMACC
25638,MEMACC
10541,MEMACC
21846,L2HIT
26453,MEMACC
29894,MEMACC
2950,MEMACC
28388,MEMACC
5967,MEMACC
20579,MEMACC
28812,MEMACC
16025,MEMACC
31977,L2HIT
3877,MEMACC
5793,MEMACC
16012,MEMACC
2491,MEMACC
24892,MEMACC
28638,MEMACC
1012,L1HIT
27881,MEMACC
6021,MEMACC
10635,L2HIT
32558,MEMACC
16674,MEMACC
16481,MEMACC
27858,L2HIT
9847,MEMACC
25812,MEMACC
20131,MEMACC
27665,MEMACC
12324,MEMACC
14832,MEMACC
29887,L2HIT
13932,MEMACC
13677,MEMACC
28497,L2HIT
22088,MEMACC
17644,L2HIT
10425,MEMACC
24468,MEMACC
32720,L1HIT
1314,L2HIT
12892,MEMACC
13804,MEMACC
20340,MEMACC
26355,MEMACC
19026,L2HIT
11357,MEMACC
6245,L2HIT
26661,L2HIT
30113,MEMACC
20753,MEMACC
17178,MEMACC
26084,MEMACC
13265,MEMACC
