23110,MEMACC
23110,MEMACC
23127,L1HIT
23140,L1HIT
28652,MEMACC
8447,MEMACC
17104,MEMACC
16165,MEMACC
70,MEMACC
16165,L1HIT
70,L1HIT
28652,L1HIT
8447,MEMACC
17104,MEMACC
16165,L1HIT
1868,MEMACC
1868,MEMACC
1876,MEMACC
15639,MEMACC
15652,L1HIT
17315,MEMACC
7351,MEMACC
2798,MEMACC
19967,MEMACC
27700,MEMACC
15444,L1HIT
11077,MEMACC
15646,L1HIT
30883,MEMACC
6417,MEMACC
5901,MEMACC
15444,L1HIT
11077,L1HIT
15646,L1HIT
30883,L1HIT
15098,MEMACC
21107,MEMACC
21788,MEMACC
23280,L1HIT
25783,MEMACC
31072,L1HIT
28243,L1HIT
4468,MEMACC
6926,MEMACC
16639,MEMACC
11401,MEMACC
22965,MEMACC
4754,MEMACC
28034,MEMACC
12031,MEMACC
12924,MEMACC
23372,L1HIT
21936,L1HIT
29061,MEMACC
27426,MEMACC
23654,MEMACC
7951,MEMACC
29378,MEMACC
3189,MEMACC
8737,MEMACC
23766,MEMACC
5432,MEMACC
32335,MEMACC
13424,MEMACC
23829,L1HIT
1696,L1HIT
30935,L1HIT
20991,MEMACC
7706,MEMACC
16600,MEMACC
4148,L1HIT
11478,MEMACC
20145,MEMACC
12158,L1HIT
18934,MEMACC
7165,L1HIT
19236,MEMACC
17956,MEMACC
4927,L1HIT
15025,MEMACC
30096,MEMACC
18406,L1HIT
5088,L1HIT
19503,MEMACC
13845,MEMACC
28999,MEMACC
3685,MEMACC
31868,MEMACC
473,L1HIT
32055,L1HIT
28691,L1HIT
18406,L1HIT
5088,L1HIT
19503,L1HIT
13845,L1HIT
28999,L1HIT
10166,MEMACC
19073,MEMACC
24491,MEMACC
16588,L1HIT
32055,L1HIT
28691,L1HIT
18406,L1HIT
5088,L1HIT
7393,L1HIT
3685,L1HIT
31868,L1HIT
473,L1HIT
21426,MEMACC
23785,L1HIT
27542,MEMACC
15383,L1HIT
15387,L1HIT
15405,L1HIT
6805,L1HIT
5105,L1HIT
8592,MEMACC
7503,L1HIT
22009,L1HIT
20294,L1HIT
19306,MEMACC
21813,L1HIT
29313,L1HIT
16693,L1HIT
8504,L1HIT
31538,MEMACC
29189,L1HIT
32102,L1HIT
7689,L1HIT
8235,L1HIT
18314,L1HIT
22541,L1HIT
18595,L1HIT
6692,L1HIT
23098,L1HIT
23201,L1HIT
10035,L1HIT
22950,L1HIT
29909,L1HIT
18172,L1HIT
29578,L1HIT
20482,MEMACC
13235,MEMACC
21748,L1HIT
1239,MEMACC
26040,L1HIT
23325,L1HIT
1239,L1HIT
21844,L1HIT
21846,L1HIT
21850,L1HIT
17404,L1HIT
17417,MEMACC
17430,L1HIT
17690,L1HIT
17706,L1HIT
20985,L1HIT
10989,L1HIT
22647,L1HIT
20862,L1HIT
6994,L1HIT
25234,MEMACC
2095,MEMACC
28651,L1HIT
2266,MEMACC
20475,L1HIT
2315,MEMACC
2845,MEMACC
9986,L1HIT
7606,L1HIT
3951,L1HIT
20491,L1HIT
13283,MEMACC
16470,L1HIT
17797,L1HIT
21272,L1HIT
18438,L1HIT
32176,L1HIT
20695,L1HIT
7981,L1HIT
18073,L1HIT
13525,L1HIT
11318,L1HIT
2029,L1HIT
7494,L1HIT
17746,L1HIT
26021,L1HIT
5112,L1HIT
21505,L1HIT
10503,MEMACC
16622,L1HIT
27860,MEMACC
31611,MEMACC
27663,L1HIT
25609,L1HIT
26942,MEMACC
10589,L1HIT
8809,L1HIT
23539,L1HIT
7959,L1HIT
19349,L1HIT
4170,L1HIT
22168,MEMACC
21760,L1HIT
30321,MEMACC
25389,L1HIT
24039,L1HIT
30424,MEMACC
29646,L1HIT
29646,L1HIT
29519,L1HIT
4170,L1HIT
22168,MEMACC
21760,L1HIT
30321,MEMACC
26354,MEMACC
32341,MEMACC
32351,MEMACC
32368,MEMACC
32368,MEMACC
32375,MEMACC
32393,MEMACC
3217,L1HIT
28168,L1HIT
30133,L1HIT
5819,L1HIT
9331,MEMACC
22113,MEMACC
25687,L1HIT
20913,L1HIT
9078,L1HIT
15447,L1HIT
2595,MEMACC
11812,L1HIT
15015,MEMACC
3604,L1HIT
127,L1HIT
1376,L1HIT
26770,MEMACC
10828,L1HIT
30787,L1HIT
7764,L1HIT
19132,L1HIT
23889,L1HIT
4443,L1HIT
24373,L1HIT
7218,L1HIT
21071,L1HIT
22192,L1HIT
24619,MEMACC
24623,L1HIT
24634,L1HIT
23764,L1HIT
2808,L1HIT
833,MEMACC
4990,L1HIT
297,L1HIT
12382,MEMACC
20376,L1HIT
5678,L1HIT
21481,L1HIT
16943,L1HIT
19347,L1HIT
25799,L1HIT
10822,L1HIT
20530,L1HIT
7735,L1HIT
16244,L1HIT
11960,L1HIT
2450,MEMACC
10507,L1HIT
5377,MEMACC
8031,L1HIT
8042,L1HIT
26877,MEMACC
25641,L1HIT
30883,L1HIT
27891,L1HIT
64,L1HIT
29458,L1HIT
29400,L1HIT
26317,MEMACC
20735,L1HIT
19579,L1HIT
14829,MEMACC
30266,MEMACC
4821,L1HIT
1508,L1HIT
14451,L1HIT
19263,L1HIT
28389,L1HIT
21108,L1HIT
955,L1HIT
14019,L1HIT
3444,L1HIT
3446,L1HIT
3446,L1HIT
16114,L1HIT
16129,L1HIT
16129,L1HIT
16146,L1HIT
16150,L1HIT
16164,L1HIT
16177,L1HIT
25091,L1HIT
25099,L1HIT
25105,L1HIT
25109,L1HIT
30412,L1HIT
30420,L1HIT
30424,L1HIT
30439,L1HIT
31773,L1HIT
25702,L1HIT
87,L1HIT
12899,MEMACC
19670,L1HIT
31267,MEMACC
21389,L1HIT
31773,L1HIT
25702,L1HIT
87,L1HIT
28890,L1HIT
27778,L1HIT
28387,L1HIT
28890,L1HIT
27778,L1HIT
28387,L1HIT
14230,L1HIT
10222,L1HIT
30494,L1HIT
2059,MEMACC
3380,L1HIT
15511,L1HIT
11189,L1HIT
30494,L1HIT
2059,MEMACC
3380,L1HIT
15511,L1HIT
26489,MEMACC
12071,L1HIT
28453,L1HIT
31624,MEMACC
26271,MEMACC
24443,L1HIT
15656,L1HIT
23068,L1HIT
10302,L1HIT
9063,L1HIT
32055,L1HIT
28453,L1HIT
31624,MEMACC
10512,L1HIT
10528,L1HIT
10547,L1HIT
3155,L1HIT
4691,L1HIT
4694,L1HIT
4707,L1HIT
4716,L1HIT
4734,L1HIT
4744,L1HIT
4756,L1HIT
4759,L1HIT
23812,L1HIT
17,L1HIT
2339,MEMACC
5646,L1HIT
9295,MEMACC
14081,L1HIT
29032,L1HIT
29407,L1HIT
26414,MEMACC
5778,L1HIT
23290,L1HIT
19531,L1HIT
17324,L1HIT
5658,L1HIT
10468,L1HIT
22204,L1HIT
4725,L1HIT
23732,L1HIT
3094,L1HIT
9117,L1HIT
16318,L1HIT
30180,L1HIT
10207,L1HIT
7637,L1HIT
20827,L1HIT
6789,L1HIT
21111,L1HIT
32635,L1HIT
32498,L1HIT
918,L1HIT
13021,MEMACC
17035,L1HIT
16301,L1HIT
12949,MEMACC
12175,L1HIT
8807,L1HIT
21243,L1HIT
21350,L1HIT
19596,L1HIT
1045,L1HIT
32464,L1HIT
2635,L1HIT
27742,L1HIT
10076,L1HIT
26610,MEMACC
32395,L1HIT
4222,L1HIT
27501,L1HIT
21712,L1HIT
16079,L1HIT
21705,L1HIT
9535,L1HIT
7171,L1HIT
22223,L1HIT
28598,L1HIT
29717,L1HIT
13277,MEMACC
13430,L1HIT
11156,L1HIT
18853,L1HIT
6341,L1HIT
32515,L1HIT
18072,L1HIT
3510,L1HIT
28274,L1HIT
30073,L1HIT
26381,L1HIT
11456,L1HIT
14882,L1HIT
26558,L1HIT
32534,L1HIT
18310,L1HIT
9011,L1HIT
1136,L1HIT
1849,L1HIT
6078,L1HIT
5653,L1HIT
10367,L1HIT
14576,L1HIT
16308,L1HIT
19563,L1HIT
14010,L1HIT
31357,MEMACC
8978,L1HIT
4931,L1HIT
23099,L1HIT
26269,L1HIT
21344,L1HIT
9371,L1HIT
15269,L1HIT
31529,MEMACC
6855,L1HIT
9504,L1HIT
7879,L1HIT
24042,L1HIT
14091,L1HIT
7096,L1HIT
27424,L1HIT
26424,L1HIT
12884,MEMACC
22483,L1HIT
3792,L1HIT
4885,L1HIT
22623,L1HIT
12295,MEMACC
12884,L1HIT
22483,L1HIT
3792,L1HIT
4885,L1HIT
22483,L1HIT
3792,L1HIT
4885,L1HIT
21864,L1HIT
16358,L1HIT
30193,L1HIT
19242,L1HIT
6326,L1HIT
26300,L1HIT
17083,L1HIT
19154,L1HIT
18390,L1HIT
8475,L1HIT
11379,L1HIT
8208,L1HIT
11252,L1HIT
15204,L1HIT
10000,L1HIT
14176,L1HIT
12296,MEMACC
2838,L1HIT
4434,L1HIT
25290,L1HIT
22647,L1HIT
12389,L1HIT
16324,L1HIT
712,L1HIT
24643,L1HIT
26464,L1HIT
16362,L1HIT
2554,MEMACC
4113,L1HIT
1753,L1HIT
12330,L1HIT
8966,L1HIT
24296,L1HIT
4688,L1HIT
5908,L1HIT
7552,L1HIT
10086,L1HIT
11788,L1HIT
17489,L1HIT
32544,L1HIT
32371,L1HIT
883,L1HIT
9325,L1HIT
30144,L1HIT
30449,L1HIT
19834,L1HIT
25373,L1HIT
27580,L1HIT
14087,L1HIT
5247,L1HIT
1177,L1HIT
2063,L1HIT
11751,L1HIT
7393,L1HIT
4717,L1HIT
3561,L1HIT
980,L1HIT
28954,L1HIT
19974,L1HIT
23088,L1HIT
26706,MEMACC
13529,L1HIT
11207,L1HIT
30227,L1HIT
9981,L1HIT
9675,L1HIT
28132,L1HIT
12631,L1HIT
23088,L1HIT
26706,MEMACC
6321,L1HIT
30227,L1HIT
9981,L1HIT
9675,L1HIT
1263,L1HIT
30882,L1HIT
10203,L1HIT
6933,L1HIT
5808,L1HIT
31390,MEMACC
20908,L1HIT
8981,L1HIT
9586,L1HIT
1639,L1HIT
21631,L1HIT
17676,L1HIT
7703,L1HIT
3221,L1HIT
12671,L1HIT
17541,L1HIT
24941,L1HIT
32098,L1HIT
11197,L1HIT
22028,L1HIT
26981,MEMACC
19277,L1HIT
9648,L1HIT
9664,L1HIT
9678,L1HIT
9684,L1HIT
7211,L1HIT
5673,L1HIT
7978,L1HIT
17530,L1HIT
2870,L1HIT
14955,L1HIT
21324,L1HIT
4096,L1HIT
17866,L1HIT
11683,L1HIT
28289,L1HIT
24276,L1HIT
24331,L1HIT
32028,L1HIT
20830,L1HIT
18242,L1HIT
22690,L1HIT
14530,L1HIT
5184,L1HIT
30075,L1HIT
7592,L1HIT
1476,L1HIT
7697,L1HIT
29449,L1HIT
20611,L1HIT
14669,L1HIT
125,L1HIT
14909,L1HIT
10284,L1HIT
9602,L1HIT
31129,L1HIT
27539,L1HIT
2082,L1HIT
21197,L1HIT
9767,L1HIT
25285,L1HIT
19205,L1HIT
6621,L1HIT
5448,L1HIT
8469,L1HIT
29220,L1HIT
