16922,MEMACC
232,MEMACC
14048,MEMACC
15385,MEMACC
9041,MEMACC
16034,MEMACC
1538,MEMACC
3803,MEMACC
1332,MEMACC
427,MEMACC
24048,MEMACC
16922,L1HIT
232,L1HIT
14048,L1HIT
20462,MEMACC
7357,MEMACC
20975,MEMACC
17992,MEMACC
18549,MEMACC
18440,MEMACC
27880,MEMACC
13574,MEMACC
8839,MEMACC
16084,MEMACC
9385,MEMACC
23547,MEMACC
7612,MEMACC
1793,MEMACC
26146,MEMACC
22890,MEMACC
1793,L1HIT
15895,MEMACC
23547,L1HIT
7612,L1HIT
1793,L1HIT
15895,L1HIT
24972,MEMACC
3828,MEMACC
3833,MEMACC
3839,L1HIT
27990,MEMACC
9208,MEMACC
5936,MEMACC
30365,MEMACC
14872,MEMACC
23964,MEMACC
19849,MEMACC
3551,MEMACC
15455,MEMACC
19643,MEMACC
5946,MEMACC
21877,MEMACC
17955,MEMACC
14341,MEMACC
32114,MEMACC
5401,MEMACC
31214,MEMACC
23389,MEMACC
18487,MEMACC
27130,MEMACC
20175,MEMACC
2208,MEMACC
11885,MEMACC
28188,MEMACC
26932,MEMACC
5363,MEMACC
13343,MEMACC
134,MEMACC
2369,MEMACC
13359,MEMACC
13343,MEMACC
134,MEMACC
2369,L1HIT
13359,L1HIT
1102,MEMACC
5084,MEMACC
21064,MEMACC
2695,MEMACC
17440,MEMACC
19821,MEMACC
16279,MEMACC
18386,MEMACC
28679,MEMACC
32103,MEMACC
13809,MEMACC
30884,MEMACC
28214,MEMACC
1118,MEMACC
12419,MEMACC
7376,MEMACC
15099,MEMACC
21064,MEMACC
2695,L1HIT
17440,MEMACC
19821,MEMACC
8187,MEMACC
31019,MEMACC
18386,MEMACC
28679,MEMACC
32103,L1HIT
21064,MEMACC
2695,L1HIT
17440,MEMACC
19821,MEMACC
16279,L1HIT
31019,MEMACC
18386,MEMACC
28679,MEMACC
32103,L1HIT
13809,MEMACC
30884,MEMACC
28214,MEMACC
1118,L1HIT
12419,L1HIT
7376,MEMACC
15099,MEMACC
21064,MEMACC
2695,L1HIT
21621,MEMACC
2669,MEMACC
20908,MEMACC
1239,MEMACC
31607,MEMACC
2669,MEMACC
20908,L1HIT
1239,L1HIT
31607,L1HIT
20149,MEMACC
12536,MEMACC
22376,MEMACC
11431,MEMACC
1239,L1HIT
31607,L1HIT
20149,MEMACC
12536,L1HIT
5496,MEMACC
18235,MEMACC
9800,MEMACC
23789,MEMACC
7149,MEMACC
3657,MEMACC
23789,L1HIT
7149,MEMACC
3657,MEMACC
27725,MEMACC
12299,MEMACC
16043,MEMACC
13624,MEMACC
15567,MEMACC
10592,MEMACC
32609,MEMACC
13624,MEMACC
15567,MEMACC
10592,L1HIT
32609,MEMACC
2223,MEMACC
5669,MEMACC
9531,MEMACC
28940,MEMACC
13546,MEMACC
4564,MEMACC
9111,MEMACC
20411,MEMACC
12768,MEMACC
15286,MEMACC
21502,MEMACC
5072,MEMACC
15676,MEMACC
10079,MEMACC
16716,MEMACC
12657,MEMACC
8379,MEMACC
5072,L1HIT
15676,L1HIT
13546,MEMACC
4564,L1HIT
9111,L1HIT
29367,MEMACC
6703,MEMACC
22981,MEMACC
5576,MEMACC
29720,MEMACC
329,MEMACC
17373,MEMACC
22117,MEMACC
10115,MEMACC
14116,MEMACC
8815,MEMACC
7223,MEMACC
7666,MEMACC
15753,MEMACC
13944,MEMACC
26902,MEMACC
26882,MEMACC
15360,MEMACC
13526,MEMACC
29151,MEMACC
15961,MEMACC
15968,MEMACC
15984,MEMACC
15996,MEMACC
23105,MEMACC
7561,MEMACC
14866,MEMACC
26186,MEMACC
4927,MEMACC
6985,MEMACC
13043,MEMACC
5673,MEMACC
31747,MEMACC
28058,MEMACC
16584,MEMACC
15823,MEMACC
28461,MEMACC
21809,MEMACC
17159,MEMACC
6485,MEMACC
29349,MEMACC
14379,MEMACC
2472,MEMACC
31097,MEMACC
17544,MEMACC
17544,L1HIT
17553,MEMACC
17565,MEMACC
17584,MEMACC
30484,MEMACC
30502,MEMACC
30513,MEMACC
19450,MEMACC
12971,MEMACC
31034,MEMACC
22975,MEMACC
31850,MEMACC
29409,MEMACC
25474,MEMACC
3040,MEMACC
15343,MEMACC
14261,MEMACC
7048,MEMACC
32532,MEMACC
13763,MEMACC
16193,MEMACC
20777,MEMACC
27429,MEMACC
12551,MEMACC
25249,MEMACC
18279,MEMACC
21538,MEMACC
23670,MEMACC
20199,MEMACC
22750,MEMACC
4816,MEMACC
8036,MEMACC
20596,MEMACC
4462,MEMACC
10633,MEMACC
15508,MEMACC
26490,MEMACC
32175,MEMACC
22295,MEMACC
23090,MEMACC
3212,MEMACC
958,MEMACC
9103,MEMACC
14832,MEMACC
20446,MEMACC
32382,MEMACC
20969,L1HIT
9163,MEMACC
23573,MEMACC
29311,MEMACC
26400,MEMACC
14161,MEMACC
19567,MEMACC
1426,MEMACC
23559,MEMACC
24720,MEMACC
32698,MEMACC
11718,MEMACC
24312,MEMACC
5967,MEMACC
29928,MEMACC
29345,L1HIT
19639,MEMACC
32631,MEMACC
22577,MEMACC
4879,MEMACC
5262,MEMACC
29070,MEMACC
29071,L1HIT
29076,MEMACC
29077,MEMACC
29091,MEMACC
29107,MEMACC
29114,MEMACC
12770,MEMACC
22105,MEMACC
31849,L1HIT
620,MEMACC
23014,MEMACC
17403,MEMACC
2731,MEMACC
25764,MEMACC
24811,MEMACC
24762,MEMACC
6453,MEMACC
9195,MEMACC
7228,MEMACC
31007,MEMACC
3545,MEMACC
12706,MEMACC
19795,MEMACC
18310,MEMACC
19165,MEMACC
32579,MEMACC
19617,MEMACC
19323,MEMACC
32472,MEMACC
16073,MEMACC
30709,MEMACC
4194,MEMACC
29567,MEMACC
1956,MEMACC
20542,MEMACC
19584,MEMACC
16388,MEMACC
28904,MEMACC
19095,MEMACC
19301,MEMACC
32740,MEMACC
19617,L1HIT
19323,L1HIT
10183,MEMACC
10200,MEMACC
10211,MEMACC
24634,MEMACC
19957,MEMACC
21155,MEMACC
2298,MEMACC
20108,MEMACC
25531,MEMACC
21594,MEMACC
13931,MEMACC
30603,MEMACC
30481,MEMACC
23030,MEMACC
12010,MEMACC
27731,MEMACC
24328,MEMACC
6141,MEMACC
6208,MEMACC
13815,MEMACC
19011,MEMACC
30509,MEMACC
3595,MEMACC
28537,MEMACC
18678,MEMACC
31292,MEMACC
24288,MEMACC
3572,MEMACC
19452,L1HIT
15767,MEMACC
26765,MEMACC
15892,L1HIT
150,MEMACC
10295,MEMACC
17638,MEMACC
4557,MEMACC
19794,L1HIT
16904,MEMACC
4162,MEMACC
1317,MEMACC
29551,MEMACC
25419,MEMACC
23018,MEMACC
8242,MEMACC
336,MEMACC
29137,MEMACC
16142,MEMACC
9946,MEMACC
10649,MEMACC
23994,MEMACC
21345,MEMACC
7446,MEMACC
20638,MEMACC
8242,MEMACC
8242,MEMACC
336,MEMACC
29137,L1HIT
16142,MEMACC
9946,MEMACC
10649,MEMACC
23994,MEMACC
7446,MEMACC
20638,MEMACC
8242,MEMACC
336,MEMACC
29137,L1HIT
16142,MEMACC
9946,MEMACC
10649,MEMACC
22625,MEMACC
7174,MEMACC
28974,MEMACC
31210,L1HIT
15499,MEMACC
10577,MEMACC
3011,MEMACC
15769,MEMACC
19213,MEMACC
16148,MEMACC
8263,MEMACC
3628,MEMACC
16148,L1HIT
8263,L1HIT
3628,L1HIT
18887,MEMACC
2958,MEMACC
23105,MEMACC
16148,L1HIT
8263,L1HIT
3628,L1HIT
18887,L1HIT
12234,MEMACC
20298,MEMACC
8649,MEMACC
12138,MEMACC
1878,MEMACC
18025,MEMACC
18539,MEMACC
28,MEMACC
5275,MEMACC
5863,MEMACC
30864,MEMACC
29907,MEMACC
26551,MEMACC
10977,MEMACC
3642,MEMACC
29343,MEMACC
32559,MEMACC
28152,MEMACC
4879,MEMACC
6480,MEMACC
9169,MEMACC
9185,MEMACC
9195,L1HIT
22897,MEMACC
22897,MEMACC
22905,MEMACC
22918,MEMACC
2699,MEMACC
2715,MEMACC
2715,MEMACC
2724,MEMACC
2731,MEMACC
2750,MEMACC
4613,MEMACC
1929,MEMACC
11305,MEMACC
7981,MEMACC
8546,MEMACC
31591,MEMACC
26440,MEMACC
8222,MEMACC
3984,MEMACC
4194,L1HIT
13944,MEMACC
20470,MEMACC
12390,MEMACC
7691,MEMACC
15051,MEMACC
19791,MEMACC
13390,MEMACC
23846,MEMACC
8231,MEMACC
14391,MEMACC
15403,MEMACC
5571,MEMACC
28337,MEMACC
10472,MEMACC
966,MEMACC
5805,MEMACC
6451,L1HIT
11732,MEMACC
19287,MEMACC
583,MEMACC
1830,MEMACC
28487,MEMACC
15730,MEMACC
1221,MEMACC
23402,MEMACC
25616,MEMACC
11360,MEMACC
20401,MEMACC
2255,MEMACC
29331,MEMACC
8808,L1HIT
7836,MEMACC
8519,MEMACC
15191,MEMACC
8858,MEMACC
25867,MEMACC
5943,L1HIT
24308,MEMACC
1229,MEMACC
18891,MEMACC
27778,MEMACC
24461,MEMACC
1242,MEMACC
7293,MEMACC
19163,MEMACC
31084,MEMACC
11887,MEMACC
6968,MEMACC
24073,MEMACC
7059,MEMACC
20229,MEMACC
20243,MEMACC
20244,L1HIT
20245,L1HIT
20247,L1HIT
20256,MEMACC
20258,L1HIT
17125,MEMACC
9768,MEMACC
12991,MEMACC
28076,MEMACC
23323,MEMACC
20546,MEMACC
6495,MEMACC
15509,MEMACC
10418,MEMACC
22309,MEMACC
25264,MEMACC
24729,MEMACC
30818,MEMACC
22102,MEMACC
14189,MEMACC
336,MEMACC
12169,MEMACC
26400,MEMACC
19509,MEMACC
20824,MEMACC
24339,MEMACC
24340,L1HIT
24352,MEMACC
25546,MEMACC
10123,MEMACC
27795,MEMACC
24939,MEMACC
16199,L1HIT
1349,MEMACC
29039,MEMACC
30096,MEMACC
2310,MEMACC
12178,MEMACC
1906,MEMACC
8577,MEMACC
15161,MEMACC
29120,MEMACC
32362,MEMACC
20574,MEMACC
13369,MEMACC
480,MEMACC
18921,MEMACC
1856,MEMACC
16111,MEMACC
1845,MEMACC
30804,MEMACC
23733,MEMACC
28344,MEMACC
28346,MEMACC
28354,MEMACC
11992,MEMACC
16037,L1HIT
19390,MEMACC
14376,L1HIT
14115,L1HIT
32666,MEMACC
22325,MEMACC
25281,MEMACC
20231,MEMACC
15701,MEMACC
31038,MEMACC
26969,MEMACC
31501,MEMACC
2475,MEMACC
867,MEMACC
25305,MEMACC
2658,MEMACC
13878,MEMACC
9492,MEMACC
21293,MEMACC
21206,MEMACC
24100,MEMACC
12743,MEMACC
5095,MEMACC
15405,L1HIT
332,MEMACC
27,L1HIT
28710,MEMACC
14881,MEMACC
18087,MEMACC
28705,MEMACC
6355,MEMACC
11870,MEMACC
28212,MEMACC
6870,MEMACC
4048,MEMACC
21202,MEMACC
29272,MEMACC
18107,MEMACC
4258,MEMACC
19033,MEMACC
15956,MEMACC
6900,MEMACC
13420,MEMACC
15588,MEMACC
13994,MEMACC
3346,MEMACC
12612,MEMACC
17032,MEMACC
17866,MEMACC
20078,MEMACC
19126,MEMACC
30777,MEMACC
26948,MEMACC
2591,MEMACC
19844,MEMACC
8654,L1HIT
7341,MEMACC
31069,MEMACC
9652,MEMACC
29,L1HIT
15879,MEMACC
3346,MEMACC
8567,MEMACC
3762,MEMACC
19741,MEMACC
18859,MEMACC
14383,L1HIT
25867,L1HIT
26950,L1HIT
31827,MEMACC
14609,MEMACC
6093,MEMACC
11595,MEMACC
32544,MEMACC
32746,MEMACC
6690,MEMACC
9882,MEMACC
21485,MEMACC
28265,MEMACC
31738,MEMACC
10993,MEMACC
32708,MEMACC
8921,MEMACC
24226,MEMACC
2487,MEMACC
15103,MEMACC
18629,MEMACC
9612,MEMACC
31909,MEMACC
30169,MEMACC
9603,MEMACC
22112,L1HIT
23656,MEMACC
10082,MEMACC
32500,MEMACC
29336,L1HIT
1861,MEMACC
20730,MEMACC
24369,MEMACC
18374,MEMACC
20588,MEMACC
14652,MEMACC
25552,MEMACC
1255,MEMACC
9134,MEMACC
1177,MEMACC
1149,MEMACC
1183,L1HIT
1183,L1HIT
8289,MEMACC
7623,MEMACC
24369,MEMACC
18374,MEMACC
518,MEMACC
528,MEMACC
14662,MEMACC
8325,MEMACC
2669,MEMACC
8833,MEMACC
9699,MEMACC
15613,MEMACC
1891,MEMACC
3978,MEMACC
17603,MEMACC
13829,MEMACC
7664,MEMACC
2745,MEMACC
6515,MEMACC
3978,MEMACC
20617,MEMACC
16307,MEMACC
26124,MEMACC
13501,MEMACC
26013,MEMACC
3546,L1HIT
32221,MEMACC
18744,MEMACC
32518,MEMACC
7795,MEMACC
28729,MEMACC
19370,MEMACC
1572,MEMACC
2018,MEMACC
17733,MEMACC
16852,MEMACC
20375,MEMACC
14975,MEMACC
25301,MEMACC
22496,MEMACC
4071,MEMACC
7572,MEMACC
13702,MEMACC
10633,MEMACC
6801,MEMACC
6307,MEMACC
30473,MEMACC
7959,MEMACC
15873,MEMACC
20127,MEMACC
17932,MEMACC
8836,MEMACC
22002,MEMACC
4604,MEMACC
27047,MEMACC
7351,MEMACC
17277,MEMACC
1461,MEMACC
7576,MEMACC
12378,MEMACC
