32627,MEMACC
3475,MEMACC
1604,MEMACC
770,MEMACC
453,MEMACC
6483,MEMACC
13787,MEMACC
31712,MEMACC
24029,MEMACC
31379,MEMACC
25318,MEMACC
11141,MEMACC
4337,MEMACC
26783,MEMACC
12362,MEMACC
21677,MEMACC
21314,MEMACC
14004,MEMACC
11141,MEMACC
4337,MEMACC
26783,MEMACC
12362,MEMACC
21677,MEMACC
21314,L1HIT
14004,MEMACC
8183,MEMACC
32161,MEMACC
11988,MEMACC
1020,MEMACC
1629,MEMACC
15801,MEMACC
27499,MEMACC
27504,L1HIT
29470,MEMACC
17078,MEMACC
24848,MEMACC
2274,MEMACC
5072,MEMACC
23389,MEMACC
28331,MEMACC
11003,MEMACC
30012,MEMACC
1342,MEMACC
30523,MEMACC
16077,MEMACC
11926,MEMACC
8737,MEMACC
963,L1HIT
30338,MEMACC
27732,MEMACC
29490,L1HIT
6092,MEMACC
29416,MEMACC
31358,MEMACC
13410,MEMACC
23750,MEMACC
27320,MEMACC
20605,MEMACC
31564,MEMACC
20277,MEMACC
21099,MEMACC
31615,L1HIT
10210,MEMACC
28144,MEMACC
14379,MEMACC
5367,MEMACC
5384,MEMACC
5400,MEMACC
17235,MEMACC
18856,MEMACC
20028,MEMACC
7547,MEMACC
6618,MEMACC
20028,MEMACC
30583,MEMACC
17235,L1HIT
18856,MEMACC
1348,L1HIT
12567,MEMACC
7724,MEMACC
25226,MEMACC
22504,MEMACC
30055,L1HIT
25226,L1HIT
22504,L1HIT
30055,L1HIT
22503,L1HIT
529,MEMACC
534,MEMACC
545,L1HIT
548,L1HIT
553,L1HIT
561,L1HIT
7830,MEMACC
7830,MEMACC
7849,MEMACC
7866,L1HIT
25941,MEMACC
25941,L1HIT
28486,MEMACC
4361,MEMACC
2566,MEMACC
4013,MEMACC
23019,MEMACC
18681,MEMACC
5118,L1HIT
12458,MEMACC
2566,L1HIT
4013,L1HIT
29642,MEMACC
11923,L1HIT
29199,MEMACC
22981,MEMACC
8405,MEMACC
29642,L1HIT
11923,L1HIT
29199,L1HIT
22981,MEMACC
8405,MEMACC
23019,MEMACC
18681,L1HIT
5118,L1HIT
12458,L1HIT
17107,L1HIT
5520,MEMACC
14975,MEMACC
12129,MEMACC
19262,MEMACC
30871,MEMACC
1094,MEMACC
3567,L1HIT
7651,MEMACC
26427,MEMACC
32678,MEMACC
25273,L1HIT
1227,MEMACC
6559,L1HIT
5483,MEMACC
25335,L1HIT
24563,MEMACC
30893,L1HIT
18132,MEMACC
29415,MEMACC
22140,MEMACC
3476,L1HIT
22406,L1HIT
5890,MEMACC
2202,MEMACC
31634,L1HIT
12375,MEMACC
6745,MEMACC
4103,MEMACC
5890,MEMACC
2202,MEMACC
31634,L1HIT
12375,MEMACC
29881,MEMACC
13299,MEMACC
27284,MEMACC
22869,MEMACC
1842,MEMACC
16864,MEMACC
25372,MEMACC
19102,MEMACC
6724,MEMACC
31344,MEMACC
17564,MEMACC
7218,MEMACC
10287,MEMACC
31312,L1HIT
28941,MEMACC
3085,MEMACC
19663,MEMACC
25372,MEMACC
19102,MEMACC
6724,L1HIT
31344,L1HIT
17564,MEMACC
4884,MEMACC
19663,L1HIT
25372,MEMACC
19102,MEMACC
6724,L1HIT
31344,L1HIT
17564,MEMACC
17564,MEMACC
7218,MEMACC
20264,L1HIT
17547,MEMACC
12387,MEMACC
16265,MEMACC
17262,L1HIT
25830,MEMACC
24173,MEMACC
6608,L1HIT
29123,MEMACC
15126,MEMACC
28346,L1HIT
29123,L1HIT
15126,MEMACC
28346,L1HIT
28655,MEMACC
28249,MEMACC
14504,MEMACC
6659,L1HIT
23375,MEMACC
5477,MEMACC
30332,MEMACC
440,MEMACC
25158,MEMACC
14196,MEMACC
20251,L1HIT
17732,MEMACC
19079,MEMACC
23230,MEMACC
27942,MEMACC
17902,MEMACC
14209,MEMACC
16419,MEMACC
1115,MEMACC
29136,L1HIT
5324,MEMACC
25346,MEMACC
28631,MEMACC
11030,MEMACC
14970,L1HIT
3912,MEMACC
31912,MEMACC
141,MEMACC
32295,MEMACC
4124,MEMACC
21009,L1HIT
26446,MEMACC
11109,L1HIT
7463,MEMACC
16512,MEMACC
30737,MEMACC
31694,L1HIT
5434,MEMACC
27434,L1HIT
20444,MEMACC
29100,L1HIT
10411,MEMACC
6739,L1HIT
30994,MEMACC
30998,MEMACC
31011,L1HIT
31020,L1HIT
31037,L1HIT
31774,MEMACC
5521,L1HIT
29236,L1HIT
20658,MEMACC
21084,L1HIT
6922,MEMACC
17629,MEMACC
28473,L1HIT
10867,MEMACC
19918,MEMACC
19189,MEMACC
30863,L1HIT
28313,L1HIT
31773,L1HIT
14519,L1HIT
27464,L1HIT
14142,MEMACC
19736,MEMACC
15,MEMACC
29199,L1HIT
20575,MEMACC
11949,L1HIT
15196,MEMACC
7994,MEMACC
11283,MEMACC
22719,MEMACC
16017,MEMACC
11094,L1HIT
13384,L1HIT
1973,MEMACC
1990,L1HIT
1998,L1HIT
5829,MEMACC
29033,MEMACC
25340,L1HIT
28093,MEMACC
24668,MEMACC
11558,MEMACC
6014,MEMACC
21042,L1HIT
15726,MEMACC
10589,MEMACC
27321,L1HIT
14542,L1HIT
18631,L1HIT
30785,MEMACC
10603,L1HIT
17733,L1HIT
15545,MEMACC
26535,MEMACC
22808,L1HIT
14894,L1HIT
23374,L1HIT
2939,MEMACC
22659,MEMACC
1085,L1HIT
298,MEMACC
29826,MEMACC
3673,MEMACC
2319,MEMACC
26975,MEMACC
12911,MEMACC
7822,L1HIT
23374,L1HIT
2939,L1HIT
23119,MEMACC
28560,MEMACC
2433,MEMACC
2939,L1HIT
23119,L1HIT
28560,L1HIT
2433,L1HIT
10823,L1HIT
6491,MEMACC
27787,MEMACC
4884,L1HIT
31999,L1HIT
30874,L1HIT
13525,MEMACC
22365,MEMACC
19622,L1HIT
26956,L1HIT
28527,L1HIT
24565,L1HIT
32473,MEMACC
27373,L1HIT
27837,MEMACC
32114,MEMACC
19943,L1HIT
5967,MEMACC
2586,L1HIT
5376,MEMACC
19223,MEMACC
19241,L1HIT
19244,L1HIT
7772,MEMACC
7781,MEMACC
7787,L1HIT
7798,L1HIT
7817,L1HIT
7820,L1HIT
7837,L1HIT
5465,MEMACC
17918,L1HIT
15428,MEMACC
10024,MEMACC
11771,MEMACC
854,MEMACC
865,MEMACC
28378,L1HIT
19041,MEMACC
3376,MEMACC
17024,L1HIT
6956,L1HIT
6477,L1HIT
3563,L1HIT
8434,MEMACC
7689,L1HIT
21768,MEMACC
4884,L1HIT
8624,MEMACC
25409,MEMACC
8415,MEMACC
31582,L1HIT
16889,L1HIT
4002,L1HIT
4002,L1HIT
4004,L1HIT
19229,L1HIT
19240,L1HIT
19252,L1HIT
1430,MEMACC
27329,L1HIT
19820,L1HIT
2880,L1HIT
214,L1HIT
11707,L1HIT
23982,MEMACC
10469,L1HIT
27477,L1HIT
4940,L1HIT
27114,MEMACC
19503,MEMACC
16831,L1HIT
1679,MEMACC
1805,L1HIT
2696,MEMACC
26086,MEMACC
8418,L1HIT
2668,L1HIT
23780,L1HIT
14440,L1HIT
14458,L1HIT
14474,L1HIT
14474,L1HIT
14474,L1HIT
32472,L1HIT
31704,L1HIT
18925,MEMACC
16641,MEMACC
9815,MEMACC
10078,L1HIT
11351,MEMACC
18647,L1HIT
428,L1HIT
6840,MEMACC
29876,L1HIT
508,L1HIT
21205,MEMACC
31947,L1HIT
32283,MEMACC
1345,L1HIT
1570,L1HIT
4465,MEMACC
18487,MEMACC
21674,MEMACC
1821,L1HIT
14587,L1HIT
9599,MEMACC
28200,MEMACC
5794,MEMACC
26736,MEMACC
10611,L1HIT
20491,MEMACC
24604,L1HIT
32131,MEMACC
16366,L1HIT
6283,MEMACC
7691,L1HIT
14835,MEMACC
18774,MEMACC
5222,MEMACC
23422,L1HIT
28051,L1HIT
6968,L1HIT
12939,MEMACC
21451,MEMACC
11114,L1HIT
17874,L1HIT
4666,MEMACC
5437,L1HIT
4372,MEMACC
27528,MEMACC
27539,L1HIT
27550,L1HIT
27553,L1HIT
27560,L1HIT
29263,L1HIT
6730,L1HIT
31865,L1HIT
32219,L1HIT
19071,L1HIT
9899,MEMACC
3600,MEMACC
14831,L1HIT
11545,MEMACC
7469,L1HIT
2689,MEMACC
9367,MEMACC
18199,MEMACC
31641,L1HIT
3785,MEMACC
31662,L1HIT
17942,MEMACC
25975,L1HIT
11206,MEMACC
12302,MEMACC
25240,L1HIT
6332,MEMACC
11289,MEMACC
15298,MEMACC
11661,L1HIT
30163,MEMACC
10804,L1HIT
8031,MEMACC
4653,L1HIT
7830,L1HIT
6982,L1HIT
26331,MEMACC
23571,MEMACC
3189,MEMACC
7485,L1HIT
16520,L1HIT
21789,L1HIT
18756,MEMACC
393,L1HIT
19037,L1HIT
18420,MEMACC
20344,L1HIT
25478,MEMACC
17477,MEMACC
22000,MEMACC
30736,MEMACC
19321,L1HIT
1379,L1HIT
8210,MEMACC
32231,L1HIT
17795,L1HIT
22586,MEMACC
15746,L1HIT
18265,MEMACC
18284,L1HIT
18297,L1HIT
20037,MEMACC
19406,MEMACC
31840,L1HIT
22713,MEMACC
30501,MEMACC
21786,L1HIT
22172,MEMACC
29147,L1HIT
28844,MEMACC
16067,MEMACC
13024,MEMACC
29265,L1HIT
18795,MEMACC
26859,MEMACC
14185,L1HIT
7992,MEMACC
17511,MEMACC
11210,MEMACC
25382,MEMACC
31744,L1HIT
22570,MEMACC
4668,L1HIT
29423,L1HIT
11895,MEMACC
2028,L1HIT
21123,L1HIT
19870,L1HIT
14939,L1HIT
16002,L1HIT
2055,MEMACC
32122,MEMACC
27421,L1HIT
22899,L1HIT
24968,MEMACC
13381,L1HIT
30088,MEMACC
20698,MEMACC
7418,MEMACC
19603,L1HIT
7642,MEMACC
7174,MEMACC
22853,L1HIT
22871,L1HIT
22873,L1HIT
17137,L1HIT
11122,L1HIT
1374,L1HIT
16784,L1HIT
22491,L1HIT
8189,L1HIT
31473,L1HIT
6184,MEMACC
15663,L1HIT
27588,L1HIT
24946,L1HIT
1318,L1HIT
14947,L1HIT
3823,MEMACC
8000,L1HIT
12012,L1HIT
7648,MEMACC
26682,L1HIT
3569,L1HIT
26798,MEMACC
17779,L1HIT
3789,MEMACC
27381,L1HIT
20259,L1HIT
17406,MEMACC
28494,L1HIT
23583,MEMACC
32002,MEMACC
338,MEMACC
7591,L1HIT
10461,L1HIT
14939,L1HIT
7034,L1HIT
11578,MEMACC
11444,MEMACC
21469,L1HIT
404,L1HIT
11040,L1HIT
10877,L1HIT
22569,MEMACC
17062,L1HIT
5349,L1HIT
9301,MEMACC
5763,L1HIT
12746,MEMACC
9966,MEMACC
16493,MEMACC
28025,L1HIT
3522,L1HIT
19564,MEMACC
3053,MEMACC
12711,L1HIT
22389,MEMACC
23176,MEMACC
14920,L1HIT
3855,MEMACC
24575,L1HIT
6208,L1HIT
8036,L1HIT
30153,MEMACC
5861,L1HIT
19483,L1HIT
6784,L1HIT
3599,L1HIT
23196,MEMACC
31420,L1HIT
18163,L1HIT
20305,L1HIT
21214,L1HIT
19336,MEMACC
31349,L1HIT
32739,MEMACC
8952,MEMACC
20789,MEMACC
23150,L1HIT
21861,L1HIT
14987,MEMACC
28015,L1HIT
29399,L1HIT
16555,L1HIT
32082,L1HIT
18113,L1HIT
574,L1HIT
16198,MEMACC
22001,L1HIT
12495,L1HIT
3801,L1HIT
17876,L1HIT
4307,MEMACC
5048,L1HIT
17389,L1HIT
10152,L1HIT
10352,MEMACC
23238,L1HIT
27678,L1HIT
12679,L1HIT
25784,L1HIT
19033,L1HIT
5059,L1HIT
8074,L1HIT
1264,MEMACC
1617,L1HIT
18436,L1HIT
15132,L1HIT
22926,MEMACC
8293,L1HIT
11626,L1HIT
26014,MEMACC
8293,L1HIT
11626,L1HIT
26014,MEMACC
10563,L1HIT
1264,MEMACC
1617,L1HIT
8058,L1HIT
21271,L1HIT
21693,MEMACC
73,MEMACC
207,L1HIT
28056,L1HIT
26579,L1HIT
1777,L1HIT
4298,MEMACC
9209,MEMACC
28181,MEMACC
5292,L1HIT
28468,L1HIT
24900,L1HIT
24532,L1HIT
16733,L1HIT
14345,L1HIT
3670,L1HIT
16856,L1HIT
13562,MEMACC
27232,MEMACC
16857,L1HIT
10255,L1HIT
28902,L1HIT
13158,MEMACC
8968,MEMACC
13372,L1HIT
28267,MEMACC
7875,L1HIT
31364,L1HIT
29874,L1HIT
27219,MEMACC
8611,L1HIT
15333,L1HIT
30393,L1HIT
16670,L1HIT
2439,L1HIT
5557,L1HIT
31277,L1HIT
13952,MEMACC
7666,L1HIT
509,L1HIT
2530,L1HIT
15108,L1HIT
20109,MEMACC
13483,MEMACC
23263,L1HIT
5572,L1HIT
20974,MEMACC
3278,MEMACC
24008,L1HIT
22741,MEMACC
8046,L1HIT
22931,L1HIT
24608,L1HIT
27355,L1HIT
26587,L1HIT
3896,MEMACC
7457,L1HIT
11729,L1HIT
26511,L1HIT
26511,L1HIT
26517,L1HIT
26531,L1HIT
26536,L1HIT
26621,L1HIT
677,MEMACC
32330,MEMACC
24566,L1HIT
30274,L1HIT
11816,MEMACC
12303,MEMACC
20851,L1HIT
32506,L1HIT
17041,L1HIT
17041,L1HIT
15355,L1HIT
1830,L1HIT
11762,L1HIT
183,L1HIT
21030,L1HIT
8187,L1HIT
5968,L1HIT
13465,L1HIT
21542,MEMACC
30285,L1HIT
12294,MEMACC
5021,L1HIT
4408,L1HIT
27001,L1HIT
28281,MEMACC
24153,L1HIT
15792,L1HIT
21818,L1HIT
18514,L1HIT
14972,L1HIT
1356,L1HIT
19272,L1HIT
13780,L1HIT
8786,L1HIT
6358,MEMACC
8402,L1HIT
27473,L1HIT
12235,MEMACC
28871,L1HIT
28258,L1HIT
32309,MEMACC
31527,L1HIT
11285,MEMACC
11364,L1HIT
29061,L1HIT
27646,L1HIT
27655,L1HIT
6995,L1HIT
693,L1HIT
9748,L1HIT
6106,L1HIT
30365,L1HIT
3405,MEMACC
9211,MEMACC
32116,L1HIT
16758,L1HIT
5290,L1HIT
6181,L1HIT
9712,MEMACC
15031,MEMACC
19890,L1HIT
19902,L1HIT
19921,L1HIT
19929,L1HIT
4224,MEMACC
20290,L1HIT
7020,L1HIT
29596,L1HIT
10798,L1HIT
29402,L1HIT
32470,L1HIT
25265,L1HIT
16172,L1HIT
29402,L1HIT
32470,L1HIT
3338,MEMACC
19081,L1HIT
15807,L1HIT
8440,L1HIT
27449,L1HIT
10096,L1HIT
4431,L1HIT
1545,L1HIT
20470,L1HIT
19566,L1HIT
9558,MEMACC
25651,MEMACC
4803,MEMACC
32105,L1HIT
3568,L1HIT
10608,L1HIT
4703,L1HIT
6157,L1HIT
26396,L1HIT
10940,L1HIT
27819,MEMACC
25893,L1HIT
13437,L1HIT
1855,L1HIT
27288,L1HIT
31021,L1HIT
2252,MEMACC
16799,L1HIT
28553,L1HIT
21389,L1HIT
16812,L1HIT
28109,L1HIT
25670,L1HIT
11016,L1HIT
21724,L1HIT
29374,L1HIT
25893,L1HIT
13437,L1HIT
27169,MEMACC
31944,L1HIT
16296,L1HIT
18639,L1HIT
25914,L1HIT
9180,MEMACC
22012,L1HIT
5991,L1HIT
17734,L1HIT
16538,L1HIT
432,L1HIT
27653,L1HIT
3696,L1HIT
6547,L1HIT
26339,MEMACC
31933,L1HIT
8297,L1HIT
19709,L1HIT
24182,L1HIT
31366,L1HIT
11434,L1HIT
7644,L1HIT
8091,L1HIT
31401,L1HIT
1088,L1HIT
1092,L1HIT
1097,L1HIT
1116,L1HIT
1129,L1HIT
1145,L1HIT
18315,MEMACC
29759,MEMACC
32690,MEMACC
10627,MEMACC
32604,MEMACC
30179,MEMACC
3656,L1HIT
5428,L1HIT
11801,MEMACC
13887,MEMACC
9476,MEMACC
31512,L1HIT
8396,L1HIT
21419,L1HIT
1520,MEMACC
26264,L1HIT
16163,L1HIT
31809,L1HIT
8444,L1HIT
8224,L1HIT
