8418,MEMACC
29690,MEMACC
15693,MEMACC
20704,MEMACC
26724,MEMACC
7356,MEMACC
3239,MEMACC
8626,MEMACC
11754,MEMACC
12257,MEMACC
14333,MEMACC
304,MEMACC
8331,MEMACC
2634,MEMACC
24643,MEMACC
23783,MEMACC
1846,MEMACC
32590,MEMACC
28800,MEMACC
23831,MEMACC
13622,MEMACC
24144,MEMACC
10549,MEMACC
9855,MEMACC
20929,MEMACC
14945,MEMACC
31848,MEMACC
20636,MEMACC
30369,MEMACC
4343,MEMACC
2573,MEMACC
4799,MEMACC
3580,MEMACC
6761,MEMACC
12851,MEMACC
23160,MEMACC
26349,MEMACC
15266,MEMACC
1567,MEMACC
28718,MEMACC
22176,MEMACC
22181,L1HIT
4165,MEMACC
4878,MEMACC
1616,MEMACC
13755,MEMACC
15893,MEMACC
20969,MEMACC
1251,MEMACC
23287,MEMACC
445,MEMACC
3495,MEMACC
1251,MEMACC
23287,L1HIT
445,MEMACC
3495,L1HIT
8705,MEMACC
25050,MEMACC
8336,MEMACC
30091,MEMACC
4988,MEMACC
14173,MEMACC
4878,L1HIT
1616,L1HIT
13755,L1HIT
15893,L1HIT
20969,L1HIT
1251,MEMACC
23287,L1HIT
445,MEMACC
3495,L1HIT
8705,L1HIT
25050,MEMACC
32583,L1HIT
23597,MEMACC
24541,MEMACC
23514,MEMACC
31632,MEMACC
8603,MEMACC
8339,L1HIT
13032,MEMACC
29382,MEMACC
23085,MEMACC
21651,MEMACC
30413,MEMACC
22293,MEMACC
3686,MEMACC
30080,L1HIT
855,MEMACC
8125,MEMACC
5247,MEMACC
22612,MEMACC
2632,L1HIT
13540,MEMACC
30173,MEMACC
8151,MEMACC
26484,MEMACC
7862,MEMACC
826,MEMACC
5934,MEMACC
8934,MEMACC
11335,MEMACC
23138,MEMACC
12010,MEMACC
3188,MEMACC
30626,MEMACC
12958,MEMACC
3487,MEMACC
23619,MEMACC
16128,MEMACC
10506,MEMACC
3666,MEMACC
17032,MEMACC
6425,MEMACC
23804,MEMACC
26638,MEMACC
31423,MEMACC
17678,MEMACC
25358,MEMACC
16054,MEMACC
2332,MEMACC
20099,MEMACC
999,MEMACC
8690,MEMACC
16502,MEMACC
32485,MEMACC
10591,MEMACC
18249,MEMACC
26509,MEMACC
24566,MEMACC
8256,MEMACC
32470,MEMACC
21589,MEMACC
17608,MEMACC
17627,MEMACC
7397,MEMACC
7411,MEMACC
23275,MEMACC
23286,L1HIT
23288,L1HIT
29061,MEMACC
17920,MEMACC
821,L1HIT
30318,MEMACC
5999,MEMACC
31929,MEMACC
30514,MEMACC
14316,MEMACC
14606,MEMACC
11064,MEMACC
29401,MEMACC
23879,MEMACC
13220,MEMACC
16846,MEMACC
23021,MEMACC
24930,MEMACC
6679,MEMACC
13196,MEMACC
18711,MEMACC
24351,MEMACC
17882,MEMACC
21594,MEMACC
9935,MEMACC
15584,MEMACC
18987,MEMACC
685,MEMACC
1136,MEMACC
28535,MEMACC
7419,L1HIT
9043,MEMACC
24868,MEMACC
2677,MEMACC
19270,MEMACC
16997,MEMACC
25228,MEMACC
1783,MEMACC
4263,MEMACC
5743,MEMACC
12174,MEMACC
2956,MEMACC
17140,MEMACC
21411,MEMACC
29259,MEMACC
8546,MEMACC
77,MEMACC
7419,L1HIT
5743,L1HIT
12174,L1HIT
2956,L1HIT
17140,L1HIT
14819,MEMACC
18717,MEMACC
5423,MEMACC
31704,MEMACC
29845,MEMACC
23705,MEMACC
5065,MEMACC
15374,MEMACC
31301,MEMACC
7046,MEMACC
31511,MEMACC
7271,MEMACC
3453,MEMACC
29494,MEMACC
21657,L1HIT
19908,MEMACC
25111,MEMACC
15297,MEMACC
29807,MEMACC
5227,MEMACC
14175,MEMACC
21657,L1HIT
29120,MEMACC
27030,MEMACC
8050,MEMACC
20676,MEMACC
9305,MEMACC
1138,MEMACC
905,MEMACC
165,MEMACC
11198,MEMACC
24614,MEMACC
19505,MEMACC
8514,MEMACC
13538,MEMACC
17966,MEMACC
13896,MEMACC
431,MEMACC
19779,MEMACC
7655,MEMACC
7656,L1HIT
7657,L1HIT
7671,MEMACC
32586,L1HIT
28994,MEMACC
16722,MEMACC
10634,MEMACC
13062,MEMACC
16980,MEMACC
10319,MEMACC
25205,MEMACC
20285,MEMACC
32269,MEMACC
16295,MEMACC
851,L1HIT
11794,MEMACC
17557,MEMACC
17876,MEMACC
17274,MEMACC
28282,MEMACC
16779,MEMACC
102,MEMACC
14833,MEMACC
10368,MEMACC
7296,MEMACC
16885,MEMACC
2808,MEMACC
380,MEMACC
24408,MEMACC
12150,MEMACC
2462,MEMACC
17784,MEMACC
9914,MEMACC
21399,MEMACC
12274,MEMACC
19171,MEMACC
14725,MEMACC
20785,MEMACC
1166,MEMACC
542,MEMACC
26668,MEMACC
16720,L1HIT
21984,MEMACC
14837,MEMACC
26321,MEMACC
11843,MEMACC
8500,MEMACC
23008,L1HIT
29591,MEMACC
10731,MEMACC
28498,MEMACC
27253,MEMACC
15341,MEMACC
4839,MEMACC
18309,MEMACC
6425,MEMACC
6908,MEMACC
32150,MEMACC
26662,L1HIT
27674,MEMACC
30749,MEMACC
28841,MEMACC
548,MEMACC
8388,MEMACC
3293,MEMACC
9787,MEMACC
28604,MEMACC
27715,MEMACC
2235,MEMACC
8904,MEMACC
31311,MEMACC
3077,MEMACC
1435,MEMACC
18513,MEMACC
5180,MEMACC
5186,MEMACC
5199,MEMACC
5209,MEMACC
5225,MEMACC
30881,MEMACC
30886,L1HIT
30886,L1HIT
30900,MEMACC
3406,MEMACC
5996,MEMACC
15833,MEMACC
24634,MEMACC
20337,MEMACC
11219,MEMACC
2201,MEMACC
22029,MEMACC
1079,MEMACC
3034,MEMACC
6255,MEMACC
8972,MEMACC
3406,MEMACC
5996,L1HIT
681,MEMACC
16483,MEMACC
16823,MEMACC
2379,MEMACC
9546,MEMACC
26096,MEMACC
7738,MEMACC
27495,MEMACC
5528,MEMACC
27096,MEMACC
7276,MEMACC
21286,MEMACC
2,MEMACC
20236,MEMACC
26752,MEMACC
20714,MEMACC
16047,MEMACC
16064,MEMACC
16065,MEMACC
17107,MEMACC
28041,MEMACC
11268,MEMACC
17316,MEMACC
4666,MEMACC
24018,MEMACC
923,MEMACC
1821,MEMACC
14125,MEMACC
11102,MEMACC
32424,MEMACC
7300,MEMACC
4666,L1HIT
24018,L1HIT
17316,L1HIT
4666,L1HIT
24018,L1HIT
923,MEMACC
32424,L1HIT
7300,MEMACC
5715,MEMACC
134,MEMACC
9481,MEMACC
6710,MEMACC
26777,MEMACC
27366,MEMACC
27969,MEMACC
14347,MEMACC
27065,MEMACC
24771,MEMACC
15789,MEMACC
1720,MEMACC
448,MEMACC
15944,MEMACC
22737,MEMACC
2532,MEMACC
26237,MEMACC
9398,MEMACC
3813,MEMACC
24711,MEMACC
25521,MEMACC
25173,MEMACC
25177,MEMACC
25187,MEMACC
25202,MEMACC
25218,L1HIT
25235,MEMACC
25252,MEMACC
15179,MEMACC
15189,MEMACC
15194,L1HIT
15196,L1HIT
15199,L1HIT
9028,MEMACC
1333,MEMACC
19134,MEMACC
11174,MEMACC
18952,MEMACC
1572,MEMACC
31126,MEMACC
7530,MEMACC
31140,MEMACC
29238,MEMACC
9338,MEMACC
8619,MEMACC
30191,MEMACC
10483,MEMACC
3116,MEMACC
3114,MEMACC
9650,MEMACC
25719,MEMACC
16543,MEMACC
6524,MEMACC
13691,MEMACC
10123,MEMACC
17552,MEMACC
27352,MEMACC
29640,MEMACC
26584,MEMACC
7037,MEMACC
18929,MEMACC
13691,L1HIT
10123,L1HIT
17552,L1HIT
18979,MEMACC
9885,MEMACC
15892,L2HIT
20610,MEMACC
20965,L2HIT
2170,MEMACC
23555,MEMACC
24796,MEMACC
21194,MEMACC
2400,MEMACC
15515,MEMACC
15519,L1HIT
15537,MEMACC
15555,MEMACC
15559,MEMACC
15567,MEMACC
18077,MEMACC
26602,MEMACC
16768,MEMACC
9956,MEMACC
9791,MEMACC
28804,MEMACC
7119,MEMACC
23031,MEMACC
19550,MEMACC
10111,MEMACC
11225,MEMACC
26391,MEMACC
1968,MEMACC
7766,MEMACC
17373,MEMACC
3989,MEMACC
26915,MEMACC
23124,MEMACC
26771,MEMACC
31450,MEMACC
23842,MEMACC
25137,MEMACC
2231,L1HIT
27932,MEMACC
11685,MEMACC
30432,MEMACC
14364,MEMACC
23842,L1HIT
23842,L1HIT
25137,L1HIT
2231,L1HIT
15103,MEMACC
24112,MEMACC
3401,MEMACC
9428,MEMACC
28482,MEMACC
28347,MEMACC
9428,MEMACC
28482,L1HIT
26510,MEMACC
32434,MEMACC
9803,MEMACC
22872,MEMACC
21405,L1HIT
23534,MEMACC
3134,MEMACC
28347,L1HIT
9428,MEMACC
12736,MEMACC
11440,MEMACC
5325,MEMACC
16214,MEMACC
32330,MEMACC
15484,MEMACC
11104,MEMACC
11440,MEMACC
5325,MEMACC
16214,L1HIT
27607,MEMACC
27613,L1HIT
27617,MEMACC
578,MEMACC
30439,MEMACC
12582,MEMACC
3522,MEMACC
13219,MEMACC
9335,L1HIT
20360,MEMACC
8271,MEMACC
3718,MEMACC
9151,MEMACC
19151,MEMACC
8087,MEMACC
27108,MEMACC
1149,L2HIT
14759,MEMACC
10394,MEMACC
9144,MEMACC
13715,MEMACC
11006,MEMACC
12987,MEMACC
1229,MEMACC
3841,MEMACC
4408,MEMACC
2778,MEMACC
21914,MEMACC
3921,MEMACC
4043,MEMACC
12819,MEMACC
25802,MEMACC
13074,MEMACC
9116,MEMACC
6446,MEMACC
5716,MEMACC
25684,MEMACC
25157,MEMACC
25174,MEMACC
25177,L1HIT
25187,MEMACC
25203,MEMACC
25212,L1HIT
27765,MEMACC
27771,MEMACC
27777,MEMACC
27783,MEMACC
27802,MEMACC
10513,MEMACC
10516,MEMACC
11221,L1HIT
11240,MEMACC
12735,MEMACC
16031,MEMACC
8229,MEMACC
2335,MEMACC
14458,MEMACC
30341,MEMACC
12143,MEMACC
28845,MEMACC
27510,MEMACC
13434,MEMACC
12735,L1HIT
24086,MEMACC
14722,L2HIT
12143,L1HIT
28845,L1HIT
18373,MEMACC
18382,MEMACC
18395,MEMACC
17954,L2HIT
3654,MEMACC
22840,MEMACC
24960,MEMACC
2650,MEMACC
27034,MEMACC
16744,MEMACC
28944,MEMACC
23878,MEMACC
5000,MEMACC
18818,MEMACC
8352,MEMACC
5943,MEMACC
7145,MEMACC
7473,MEMACC
32307,MEMACC
25425,MEMACC
7180,MEMACC
23859,MEMACC
21891,MEMACC
29490,MEMACC
16349,MEMACC
21627,MEMACC
8125,MEMACC
21265,MEMACC
405,MEMACC
32698,MEMACC
20732,MEMACC
7252,MEMACC
9559,MEMACC
30486,MEMACC
5953,MEMACC
2841,MEMACC
1329,L1HIT
2583,MEMACC
2902,MEMACC
13170,MEMACC
12998,MEMACC
7288,MEMACC
7128,MEMACC
10639,MEMACC
30304,MEMACC
3852,L1HIT
24437,MEMACC
12021,MEMACC
32562,MEMACC
31418,MEMACC
10190,MEMACC
26040,MEMACC
21484,MEMACC
18069,MEMACC
15952,MEMACC
10639,MEMACC
30304,L1HIT
3852,L1HIT
24437,L1HIT
12021,L1HIT
32562,L1HIT
31418,MEMACC
12021,L1HIT
32562,L1HIT
31418,MEMACC
10190,L1HIT
23209,MEMACC
1066,MEMACC
21429,MEMACC
10045,MEMACC
315,MEMACC
4054,MEMACC
2474,MEMACC
19519,L2HIT
17108,L2HIT
242,MEMACC
12604,MEMACC
681,L1HIT
30745,MEMACC
10053,MEMACC
1066,L1HIT
30702,MEMACC
25491,MEMACC
9720,MEMACC
24719,L1HIT
24727,MEMACC
24735,MEMACC
21553,MEMACC
21565,MEMACC
13306,MEMACC
4611,MEMACC
26886,MEMACC
3876,MEMACC
32718,MEMACC
31384,MEMACC
2428,MEMACC
25127,MEMACC
13306,MEMACC
4611,MEMACC
26886,MEMACC
31384,L1HIT
2428,L1HIT
25127,MEMACC
17090,MEMACC
11723,MEMACC
17919,MEMACC
21102,MEMACC
29726,MEMACC
11325,MEMACC
11336,L2HIT
11338,L2HIT
