14357,MEMACC
5000,MEMACC
10491,MEMACC
19042,MEMACC
23678,MEMACC
10127,MEMACC
32335,MEMACC
30194,MEMACC
32514,MEMACC
28247,MEMACC
4176,MEMACC
25167,MEMACC
24588,MEMACC
25637,MEMACC
21125,MEMACC
29655,MEMACC
24006,MEMACC
15984,MEMACC
21756,MEMACC
14357,L1HIT
5000,L1HIT
10491,MEMACC
3643,MEMACC
15986,MEMACC
29217,MEMACC
6006,MEMACC
17878,MEMACC
18150,MEMACC
17157,MEMACC
17013,MEMACC
860,MEMACC
3643,MEMACC
15986,L1HIT
29217,MEMACC
6006,MEMACC
28884,MEMACC
3184,MEMACC
26133,MEMACC
3473,MEMACC
16825,MEMACC
3232,MEMACC
25276,MEMACC
25619,MEMACC
6110,MEMACC
32333,MEMACC
29000,MEMACC
21607,MEMACC
21874,MEMACC
18991,MEMACC
23876,MEMACC
2929,MEMACC
15228,MEMACC
20086,MEMACC
13135,MEMACC
8139,MEMACC
6979,MEMACC
6983,MEMACC
6992,MEMACC
6998,L1HIT
7005,L1HIT
29382,MEMACC
30478,MEMACC
32575,L1HIT
3178,L1HIT
23128,MEMACC
26344,MEMACC
16757,MEMACC
19004,L1HIT
2585,MEMACC
19739,MEMACC
16056,MEMACC
31915,MEMACC
32198,MEMACC
21560,L1HIT
20244,MEMACC
23848,MEMACC
25436,MEMACC
2865,MEMACC
29211,MEMACC
10441,MEMACC
26590,MEMACC
25952,MEMACC
27336,MEMACC
7827,MEMACC
22908,MEMACC
19197,MEMACC
22274,MEMACC
7685,MEMACC
27433,MEMACC
24590,MEMACC
13433,MEMACC
20483,MEMACC
30313,MEMACC
17203,L1HIT
22482,MEMACC
30560,L1HIT
26020,MEMACC
19218,MEMACC
11736,MEMACC
20529,L1HIT
21532,L1HIT
29440,MEMACC
30180,MEMACC
12963,MEMACC
19649,MEMACC
3043,MEMACC
25886,L1HIT
16946,MEMACC
9837,MEMACC
30660,MEMACC
30112,L1HIT
32339,L1HIT
27933,MEMACC
12963,MEMACC
19649,L1HIT
13230,MEMACC
13237,MEMACC
13245,L1HIT
13246,L1HIT
5599,MEMACC
8551,MEMACC
13615,MEMACC
31608,MEMACC
30440,MEMACC
6225,MEMACC
6042,MEMACC
20771,MEMACC
13083,L1HIT
25240,MEMACC
15996,L1HIT
22117,MEMACC
24123,MEMACC
11039,MEMACC
27834,MEMACC
11855,MEMACC
17648,MEMACC
15560,MEMACC
9567,MEMACC
23864,MEMACC
26878,MEMACC
17943,MEMACC
14139,MEMACC
4907,MEMACC
32300,L1HIT
12725,MEMACC
24247,MEMACC
26357,L1HIT
20035,L1HIT
2734,MEMACC
21197,L1HIT
17369,MEMACC
17720,MEMACC
32155,MEMACC
3557,MEMACC
10357,MEMACC
3972,MEMACC
7099,MEMACC
13354,MEMACC
11079,MEMACC
7169,MEMACC
20320,MEMACC
14283,MEMACC
5799,MEMACC
17629,L1HIT
7169,MEMACC
20320,MEMACC
14283,MEMACC
5799,MEMACC
17629,L1HIT
29068,MEMACC
11571,MEMACC
27029,MEMACC
9403,MEMACC
27215,MEMACC
26591,L1HIT
11107,L1HIT
1220,MEMACC
26983,MEMACC
29102,MEMACC
20343,MEMACC
28071,MEMACC
10504,MEMACC
21752,L1HIT
4801,MEMACC
30873,MEMACC
11661,L1HIT
2539,MEMACC
2030,MEMACC
28329,MEMACC
12692,MEMACC
4380,MEMACC
11566,L1HIT
143,MEMACC
12876,MEMACC
26164,MEMACC
11675,L1HIT
11675,L1HIT
30211,L1HIT
693,MEMACC
4388,MEMACC
693,MEMACC
4388,L1HIT
6391,MEMACC
24955,MEMACC
20359,MEMACC
20360,MEMACC
20368,MEMACC
20376,MEMACC
20389,MEMACC
19672,L1HIT
22790,L1HIT
21955,MEMACC
11604,L1HIT
11776,L1HIT
23022,MEMACC
12968,MEMACC
17885,MEMACC
11551,L1HIT
177,MEMACC
32161,L1HIT
25018,MEMACC
21533,L1HIT
10107,MEMACC
27463,L1HIT
11100,L1HIT
31209,MEMACC
32159,L1HIT
20089,L1HIT
32149,L1HIT
16914,L1HIT
9947,MEMACC
26142,L1HIT
21931,L1HIT
3565,MEMACC
16210,MEMACC
14354,L1HIT
17680,L1HIT
12015,MEMACC
23690,MEMACC
11888,L1HIT
796,L1HIT
4601,MEMACC
31600,MEMACC
7836,MEMACC
2384,MEMACC
15760,MEMACC
8120,MEMACC
15070,MEMACC
13616,MEMACC
20816,L1HIT
2408,MEMACC
20870,MEMACC
1108,MEMACC
10731,MEMACC
17371,L1HIT
20862,L1HIT
32284,L1HIT
22678,MEMACC
32616,L1HIT
18015,MEMACC
2957,L1HIT
22935,L1HIT
23502,MEMACC
17006,L1HIT
19199,MEMACC
5361,MEMACC
32394,MEMACC
22066,MEMACC
27436,L1HIT
8439,MEMACC
758,MEMACC
525,MEMACC
5193,MEMACC
28383,MEMACC
5374,L1HIT
2631,MEMACC
11749,L1HIT
11171,MEMACC
6769,MEMACC
23596,MEMACC
12465,MEMACC
9602,MEMACC
9612,L1HIT
9613,L1HIT
9630,L1HIT
4676,MEMACC
4680,L1HIT
4686,L1HIT
4705,L1HIT
21424,MEMACC
21433,L1HIT
21447,L1HIT
21450,L1HIT
21453,L1HIT
21471,L1HIT
7773,L1HIT
10361,L1HIT
2183,MEMACC
25846,MEMACC
2183,MEMACC
25846,MEMACC
22096,MEMACC
16009,L1HIT
31117,L1HIT
3680,MEMACC
1402,MEMACC
18017,MEMACC
4474,L1HIT
18340,MEMACC
12380,MEMACC
10869,MEMACC
25193,MEMACC
6207,MEMACC
22918,L1HIT
30767,MEMACC
3417,MEMACC
3907,MEMACC
31744,MEMACC
26276,L1HIT
25346,L1HIT
27701,MEMACC
1157,MEMACC
364,MEMACC
19650,L1HIT
27745,MEMACC
27575,MEMACC
26605,L1HIT
3123,L1HIT
18274,MEMACC
13071,L1HIT
11244,L1HIT
26605,L1HIT
3123,L1HIT
18274,L1HIT
13071,L1HIT
11244,L1HIT
15955,L1HIT
26775,MEMACC
26605,L1HIT
26298,L1HIT
13706,MEMACC
23320,MEMACC
7615,MEMACC
28141,MEMACC
4339,MEMACC
29471,MEMACC
25565,MEMACC
21430,L1HIT
11102,L1HIT
19517,MEMACC
3591,L1HIT
27242,MEMACC
20187,MEMACC
3585,L1HIT
30038,MEMACC
28917,L1HIT
13998,MEMACC
31440,MEMACC
1112,MEMACC
25550,MEMACC
25555,L1HIT
25559,L1HIT
25563,L1HIT
25566,L1HIT
19973,L1HIT
21354,MEMACC
32601,L1HIT
18656,MEMACC
9305,MEMACC
6494,MEMACC
267,L1HIT
22302,MEMACC
15653,MEMACC
2081,MEMACC
13386,L1HIT
14289,MEMACC
13523,MEMACC
19428,MEMACC
7119,L1HIT
8323,MEMACC
29256,MEMACC
12204,MEMACC
28617,MEMACC
18389,L1HIT
1564,MEMACC
23128,L1HIT
1528,MEMACC
20252,L1HIT
16515,MEMACC
1045,L1HIT
17717,L1HIT
28358,L1HIT
27200,MEMACC
28808,L1HIT
16998,L1HIT
3535,MEMACC
11871,L1HIT
10928,MEMACC
7547,MEMACC
28832,L1HIT
16776,MEMACC
16767,MEMACC
14838,MEMACC
23509,MEMACC
31289,MEMACC
6939,L1HIT
32620,L1HIT
21577,L1HIT
27782,MEMACC
6496,L1HIT
31704,MEMACC
18621,L1HIT
10563,MEMACC
28574,MEMACC
2577,L1HIT
2329,L1HIT
28527,MEMACC
18621,L1HIT
10563,L1HIT
28574,MEMACC
2577,L1HIT
25693,L1HIT
25703,L1HIT
25705,L1HIT
25714,L1HIT
25718,L1HIT
22189,MEMACC
13920,MEMACC
12931,L1HIT
21924,L1HIT
15188,L1HIT
7400,MEMACC
26928,L1HIT
26353,L1HIT
8229,MEMACC
1104,L1HIT
25197,MEMACC
7991,MEMACC
29413,MEMACC
4492,MEMACC
31681,L1HIT
24892,L1HIT
3454,MEMACC
22226,MEMACC
2585,L1HIT
25160,L1HIT
3446,L1HIT
27179,MEMACC
542,MEMACC
5247,MEMACC
18374,L1HIT
29351,L1HIT
8588,MEMACC
25824,MEMACC
29351,L1HIT
8588,MEMACC
13364,L1HIT
8668,MEMACC
14869,MEMACC
29344,L1HIT
11459,MEMACC
7561,MEMACC
22837,L1HIT
8944,MEMACC
27450,L1HIT
31407,MEMACC
29720,MEMACC
28643,MEMACC
17523,MEMACC
27120,MEMACC
7537,L1HIT
18117,MEMACC
32028,MEMACC
10849,L1HIT
2568,L1HIT
26517,L1HIT
26124,L1HIT
26134,L1HIT
26145,L1HIT
26151,L1HIT
26168,L1HIT
1267,MEMACC
22484,L1HIT
20307,L1HIT
25995,MEMACC
21181,L1HIT
2353,L1HIT
17345,L1HIT
1267,MEMACC
22484,L1HIT
20307,L1HIT
25995,L1HIT
21181,L1HIT
2353,L1HIT
25847,MEMACC
28274,L1HIT
23470,L1HIT
11377,MEMACC
30836,L1HIT
25987,L1HIT
14894,MEMACC
5909,MEMACC
4966,L1HIT
7817,MEMACC
22556,MEMACC
22676,MEMACC
30802,L1HIT
20453,L1HIT
17358,L1HIT
16136,MEMACC
6939,L1HIT
27017,MEMACC
12753,MEMACC
4188,MEMACC
17942,MEMACC
29029,MEMACC
8915,L1HIT
30350,MEMACC
10330,L1HIT
12542,MEMACC
17793,MEMACC
2369,L1HIT
20945,MEMACC
4805,MEMACC
30928,MEMACC
14049,MEMACC
23845,L1HIT
4373,L1HIT
30460,L1HIT
24724,MEMACC
12716,MEMACC
13055,L1HIT
3223,L1HIT
11380,L1HIT
17234,L1HIT
16647,MEMACC
16656,L1HIT
16657,L1HIT
4628,L1HIT
4637,L1HIT
4648,L1HIT
4658,L1HIT
4675,L1HIT
493,MEMACC
24517,MEMACC
22782,L1HIT
17461,MEMACC
15721,L1HIT
30009,MEMACC
6919,L1HIT
16678,L1HIT
21371,MEMACC
15425,MEMACC
28621,MEMACC
8066,MEMACC
5461,MEMACC
1175,MEMACC
16859,L1HIT
9004,MEMACC
4860,MEMACC
29546,MEMACC
7375,L1HIT
22973,L1HIT
8699,L1HIT
14040,L1HIT
21244,L1HIT
16902,L1HIT
11219,L1HIT
30188,L1HIT
22742,L1HIT
19033,L1HIT
8224,MEMACC
6189,MEMACC
16347,MEMACC
19934,MEMACC
16130,L1HIT
21244,L1HIT
16902,L1HIT
11219,L1HIT
4230,MEMACC
30188,L1HIT
23565,L1HIT
15354,MEMACC
3226,L1HIT
21629,L1HIT
2604,L1HIT
4128,MEMACC
29018,L1HIT
27595,MEMACC
32494,L1HIT
10308,L1HIT
1166,L1HIT
1016,MEMACC
4252,L1HIT
16889,L1HIT
19802,MEMACC
8771,MEMACC
23378,L1HIT
12099,MEMACC
10997,L1HIT
1178,L1HIT
29470,L1HIT
29473,L1HIT
29482,L1HIT
29488,L1HIT
29490,L1HIT
29504,L1HIT
31867,L1HIT
30128,L1HIT
6852,MEMACC
22688,L1HIT
18557,MEMACC
2514,L1HIT
26454,MEMACC
19729,MEMACC
19136,L1HIT
23921,L1HIT
27340,MEMACC
15286,L1HIT
108,MEMACC
1067,L1HIT
30175,L1HIT
31051,MEMACC
5514,L1HIT
6503,L1HIT
28533,L1HIT
18417,L1HIT
28342,L1HIT
5576,L1HIT
24898,L1HIT
10157,L1HIT
12803,MEMACC
24822,MEMACC
2347,L1HIT
9862,MEMACC
18119,MEMACC
19964,MEMACC
2967,L1HIT
3371,L1HIT
32203,L1HIT
27124,L1HIT
2413,L1HIT
28515,L1HIT
20917,MEMACC
2354,L1HIT
26819,L1HIT
19132,L1HIT
28146,L1HIT
18502,MEMACC
25285,L1HIT
13199,L1HIT
19486,L1HIT
9896,MEMACC
29617,MEMACC
4358,L1HIT
23993,L1HIT
31446,MEMACC
18153,MEMACC
4752,MEMACC
13466,L1HIT
14532,MEMACC
3150,L1HIT
870,L1HIT
8452,L1HIT
6082,MEMACC
9894,MEMACC
22806,L1HIT
9350,L1HIT
2104,MEMACC
10074,L1HIT
10454,L1HIT
10850,L1HIT
4718,L1HIT
20140,MEMACC
25047,MEMACC
2104,L1HIT
10074,L1HIT
10454,L1HIT
10850,L1HIT
4718,L1HIT
20140,L1HIT
4418,L1HIT
8935,L1HIT
4555,MEMACC
10466,L1HIT
1408,MEMACC
22163,MEMACC
17133,MEMACC
8312,MEMACC
15484,L1HIT
28664,L1HIT
10805,L1HIT
5751,MEMACC
17166,L1HIT
22163,L1HIT
17133,L1HIT
8312,MEMACC
3626,L1HIT
7478,L1HIT
21024,MEMACC
21026,MEMACC
21030,L1HIT
10466,L1HIT
23904,L1HIT
24378,MEMACC
8482,L1HIT
19904,MEMACC
15139,L1HIT
5749,L1HIT
29334,L1HIT
30796,L1HIT
9000,MEMACC
10927,L1HIT
31582,L1HIT
26677,MEMACC
16044,L1HIT
19831,MEMACC
14986,MEMACC
11581,L1HIT
17674,L1HIT
27888,L1HIT
24120,L1HIT
25130,L1HIT
28618,L1HIT
14343,L1HIT
9000,MEMACC
10927,L1HIT
31582,L1HIT
26677,MEMACC
16044,L1HIT
10927,L1HIT
31582,L1HIT
26677,MEMACC
16044,L1HIT
9000,MEMACC
10927,L1HIT
30733,L1HIT
6422,L1HIT
4510,MEMACC
13788,L1HIT
12657,MEMACC
4350,L1HIT
2338,L1HIT
28317,L1HIT
12406,L1HIT
27724,L1HIT
13888,MEMACC
14615,MEMACC
14469,L1HIT
3780,MEMACC
18398,L1HIT
20568,L1HIT
6686,L1HIT
29149,MEMACC
20533,L1HIT
3427,L1HIT
18757,MEMACC
18758,MEMACC
18777,MEMACC
18796,MEMACC
18805,MEMACC
10521,L1HIT
10526,L1HIT
10545,L1HIT
10556,L1HIT
10568,L1HIT
26029,L1HIT
24733,MEMACC
7492,L1HIT
14777,L1HIT
15236,L1HIT
8535,L1HIT
13178,L1HIT
4242,L1HIT
8622,L1HIT
14277,MEMACC
26114,L1HIT
1940,MEMACC
5341,L1HIT
19249,MEMACC
905,L1HIT
14296,L1HIT
29658,L1HIT
5532,L1HIT
8977,MEMACC
25958,L1HIT
10299,L1HIT
10303,L1HIT
10311,L1HIT
10322,L1HIT
27110,L1HIT
27127,L1HIT
27128,L1HIT
27137,MEMACC
27138,L1HIT
27156,L1HIT
27170,L1HIT
27182,L1HIT
27183,L1HIT
15941,L1HIT
15957,L1HIT
15968,L1HIT
15975,L1HIT
15988,L1HIT
15998,L1HIT
14703,MEMACC
4265,L1HIT
21197,L1HIT
3809,MEMACC
3809,L1HIT
12466,MEMACC
16784,L1HIT
24234,L1HIT
7217,MEMACC
14703,L1HIT
4265,L1HIT
21197,L1HIT
3809,L1HIT
12466,MEMACC
16784,L1HIT
24234,L1HIT
14518,L1HIT
8396,L1HIT
17449,MEMACC
32418,L1HIT
32540,L1HIT
7217,L1HIT
24186,L1HIT
17449,L1HIT
32418,L1HIT
32540,L1HIT
7217,L1HIT
14703,L1HIT
4265,L1HIT
27296,MEMACC
27299,L1HIT
27302,L1HIT
28385,L1HIT
28386,L1HIT
20592,L1HIT
1004,L1HIT
13209,L1HIT
31971,MEMACC
10979,L1HIT
14058,L1HIT
1506,MEMACC
28101,L1HIT
12244,L1HIT
12244,L1HIT
12254,L1HIT
29681,L1HIT
13242,L1HIT
32629,L1HIT
8921,L1HIT
13795,L1HIT
7998,MEMACC
11757,L1HIT
28939,L1HIT
7901,L1HIT
13242,L1HIT
32629,L1HIT
2354,L1HIT
7901,L1HIT
13242,L1HIT
32629,L1HIT
2354,L1HIT
5216,L1HIT
5224,L1HIT
20104,L1HIT
20118,L1HIT
23240,MEMACC
21317,L1HIT
5390,L1HIT
59,L1HIT
30534,L1HIT
7984,L1HIT
2561,L1HIT
26089,L1HIT
24273,L1HIT
3364,L1HIT
25612,L1HIT
25214,L1HIT
9677,L1HIT
12692,L1HIT
8252,MEMACC
18537,MEMACC
1807,MEMACC
6920,L1HIT
9809,MEMACC
19050,L1HIT
4761,MEMACC
3392,L1HIT
25622,L1HIT
16132,L1HIT
11384,L1HIT
12208,L1HIT
4695,L1HIT
7207,L1HIT
10344,L1HIT
4221,MEMACC
23529,L1HIT
26993,L1HIT
8768,MEMACC
3896,L1HIT
10719,MEMACC
19837,MEMACC
4714,L1HIT
27813,L1HIT
28700,MEMACC
28759,L1HIT
7996,L1HIT
8011,L1HIT
8015,L1HIT
8034,L1HIT
8045,L1HIT
30510,L1HIT
18064,L1HIT
25703,L1HIT
19489,L1HIT
30336,L1HIT
29683,L1HIT
22177,L1HIT
20895,MEMACC
24380,MEMACC
3653,L1HIT
22177,L1HIT
6086,L1HIT
14285,L1HIT
20531,L1HIT
32131,L1HIT
20869,L1HIT
9119,MEMACC
6542,MEMACC
21158,L1HIT
12847,L1HIT
10700,L1HIT
23084,L1HIT
28669,L1HIT
2762,L1HIT
27270,L1HIT
13179,L1HIT
22154,L1HIT
26769,L1HIT
18939,MEMACC
18367,L1HIT
26965,L1HIT
31603,L1HIT
9612,L1HIT
2149,L1HIT
5698,L1HIT
6512,L1HIT
17470,L1HIT
15778,L1HIT
30746,L1HIT
19599,L1HIT
25834,L1HIT
25846,L1HIT
25847,L1HIT
25851,L1HIT
25869,L1HIT
23540,L1HIT
4262,L1HIT
26607,L1HIT
20844,L1HIT
29673,L1HIT
4910,L1HIT
24140,L1HIT
12668,MEMACC
30145,L1HIT
18208,L1HIT
