6565,MEMACC
1417,MEMACC
18147,MEMACC
3221,MEMACC
6700,MEMACC
31170,MEMACC
8740,MEMACC
23278,MEMACC
14008,MEMACC
29970,MEMACC
17659,MEMACC
8635,MEMACC
17187,MEMACC
19521,MEMACC
10980,MEMACC
8254,MEMACC
9145,MEMACC
6446,MEMACC
24101,MEMACC
10980,MEMACC
8254,L1HIT
9145,MEMACC
6446,L1HIT
24101,L1HIT
3527,MEMACC
6565,MEMACC
19521,L1HIT
10980,MEMACC
8254,L1HIT
9145,MEMACC
6446,L1HIT
24101,L1HIT
3527,L1HIT
6565,MEMACC
1417,MEMACC
18147,L1HIT
21080,MEMACC
26786,MEMACC
24554,MEMACC
5669,MEMACC
3663,MEMACC
29922,MEMACC
29397,MEMACC
16575,MEMACC
31223,MEMACC
18229,MEMACC
2132,MEMACC
32531,MEMACC
4667,MEMACC
20748,MEMACC
26783,MEMACC
20806,MEMACC
23542,MEMACC
18435,MEMACC
2996,MEMACC
3702,MEMACC
18878,MEMACC
11734,MEMACC
21026,MEMACC
29872,MEMACC
11013,MEMACC
30337,MEMACC
16605,MEMACC
10628,MEMACC
4832,MEMACC
955,MEMACC
20615,MEMACC
8840,MEMACC
8883,MEMACC
32762,MEMACC
12753,MEMACC
25563,MEMACC
31755,MEMACC
30393,MEMACC
28800,MEMACC
13276,MEMACC
4318,MEMACC
14203,MEMACC
20787,MEMACC
15663,MEMACC
10752,MEMACC
25255,MEMACC
4240,MEMACC
670,MEMACC
18823,MEMACC
18878,MEMACC
18883,MEMACC
18894,MEMACC
10600,MEMACC
19421,MEMACC
6710,MEMACC
30723,MEMACC
7344,MEMACC
3482,MEMACC
16787,MEMACC
478,MEMACC
31654,MEMACC
20083,MEMACC
1855,MEMACC
13573,MEMACC
27400,MEMACC
26156,MEMACC
30211,MEMACC
3986,MEMACC
24268,MEMACC
5463,MEMACC
26655,MEMACC
31412,MEMACC
15839,MEMACC
963,MEMACC
11055,MEMACC
31308,MEMACC
27521,MEMACC
1942,MEMACC
20954,MEMACC
24181,MEMACC
11342,MEMACC
26419,MEMACC
7200,MEMACC
30935,MEMACC
14634,MEMACC
14246,MEMACC
1151,MEMACC
15595,MEMACC
28240,MEMACC
27636,MEMACC
29452,MEMACC
6237,MEMACC
24977,MEMACC
24978,L1HIT
24984,MEMACC
21221,MEMACC
21231,MEMACC
21242,MEMACC
21253,MEMACC
19421,L1HIT
29015,MEMACC
19421,L1HIT
1701,MEMACC
24059,MEMACC
15023,MEMACC
13782,MEMACC
13782,MEMACC
26095,MEMACC
4338,MEMACC
9116,MEMACC
26095,MEMACC
4338,L1HIT
9116,MEMACC
16473,MEMACC
2618,MEMACC
13527,MEMACC
20667,MEMACC
31002,MEMACC
13032,MEMACC
7649,MEMACC
32181,MEMACC
10817,MEMACC
1701,L1HIT
24059,MEMACC
15023,L1HIT
13782,MEMACC
26095,MEMACC
22048,MEMACC
29747,MEMACC
30709,MEMACC
26606,MEMACC
19322,MEMACC
13831,MEMACC
18489,MEMACC
22048,L1HIT
18489,MEMACC
22048,L1HIT
29747,L1HIT
27368,MEMACC
18509,MEMACC
13370,MEMACC
7648,MEMACC
26008,MEMACC
24938,MEMACC
14172,MEMACC
23628,MEMACC
24922,MEMACC
3046,MEMACC
14549,MEMACC
24922,L1HIT
29642,MEMACC
25946,MEMACC
23609,MEMACC
3536,MEMACC
22162,MEMACC
28629,MEMACC
16783,MEMACC
5884,MEMACC
30073,MEMACC
3855,MEMACC
22150,MEMACC
10497,MEMACC
24934,MEMACC
3108,MEMACC
26137,MEMACC
26524,MEMACC
25859,MEMACC
22548,MEMACC
16962,MEMACC
21936,MEMACC
15938,MEMACC
15949,MEMACC
15954,MEMACC
15968,MEMACC
26844,MEMACC
27099,MEMACC
30691,MEMACC
26916,MEMACC
1915,MEMACC
12417,MEMACC
14871,MEMACC
12343,MEMACC
30645,MEMACC
30654,MEMACC
30669,MEMACC
22583,MEMACC
22583,L1HIT
23864,MEMACC
14934,MEMACC
19891,MEMACC
21925,MEMACC
13144,MEMACC
8968,MEMACC
13144,MEMACC
8968,L1HIT
9798,MEMACC
9798,MEMACC
19560,MEMACC
19178,MEMACC
10645,MEMACC
10548,MEMACC
11149,MEMACC
17032,MEMACC
1447,MEMACC
17717,MEMACC
12473,MEMACC
22661,MEMACC
6331,MEMACC
9679,MEMACC
19011,MEMACC
14377,MEMACC
9962,MEMACC
80,MEMACC
21269,MEMACC
5083,MEMACC
28232,MEMACC
21269,MEMACC
5083,L1HIT
28232,MEMACC
11149,MEMACC
17032,L1HIT
1447,L1HIT
17717,L1HIT
470,MEMACC
473,MEMACC
481,MEMACC
18147,L1HIT
8076,MEMACC
31118,MEMACC
2754,MEMACC
25725,MEMACC
28921,MEMACC
29726,MEMACC
13566,MEMACC
24734,MEMACC
22841,MEMACC
26943,MEMACC
22255,MEMACC
9750,MEMACC
125,MEMACC
17161,MEMACC
23708,MEMACC
21812,MEMACC
17990,MEMACC
32044,MEMACC
20661,MEMACC
7703,MEMACC
20782,MEMACC
8523,MEMACC
29039,MEMACC
22409,MEMACC
10860,MEMACC
13455,MEMACC
23014,MEMACC
12615,MEMACC
22078,MEMACC
7743,MEMACC
29836,MEMACC
31321,MEMACC
13548,MEMACC
8644,MEMACC
2328,MEMACC
26922,MEMACC
31019,MEMACC
31020,L1HIT
14354,MEMACC
30126,MEMACC
379,MEMACC
27661,MEMACC
26304,MEMACC
19371,MEMACC
29200,MEMACC
6999,MEMACC
25816,MEMACC
19711,MEMACC
3731,MEMACC
27426,MEMACC
1506,MEMACC
14983,MEMACC
30687,MEMACC
9264,MEMACC
430,MEMACC
31626,MEMACC
18518,MEMACC
29926,MEMACC
17692,MEMACC
29692,MEMACC
32475,MEMACC
30994,MEMACC
20236,MEMACC
21438,MEMACC
1552,MEMACC
31204,MEMACC
24386,MEMACC
27254,MEMACC
18352,MEMACC
10736,MEMACC
29455,MEMACC
17785,MEMACC
22200,MEMACC
9707,MEMACC
21287,MEMACC
1724,MEMACC
4012,MEMACC
21917,MEMACC
3357,MEMACC
19548,MEMACC
21260,MEMACC
27914,MEMACC
27601,MEMACC
10514,MEMACC
19168,MEMACC
16026,MEMACC
1724,L1HIT
4012,L1HIT
23259,MEMACC
12479,L1HIT
21917,MEMACC
3357,L1HIT
19548,MEMACC
29455,L1HIT
17785,MEMACC
22200,MEMACC
9707,L1HIT
19086,MEMACC
6756,MEMACC
30073,L1HIT
29337,MEMACC
2508,MEMACC
5327,MEMACC
3735,L1HIT
20358,MEMACC
18018,MEMACC
19121,MEMACC
14238,MEMACC
19,MEMACC
7638,MEMACC
16581,MEMACC
1941,MEMACC
5391,MEMACC
17500,MEMACC
7328,MEMACC
26220,MEMACC
6614,MEMACC
21047,MEMACC
7381,MEMACC
25108,MEMACC
25815,MEMACC
29238,MEMACC
27587,MEMACC
26847,L1HIT
20480,MEMACC
3793,MEMACC
4235,MEMACC
20295,MEMACC
20296,MEMACC
20303,L1HIT
27618,MEMACC
15894,MEMACC
9577,MEMACC
30344,MEMACC
17370,MEMACC
31569,MEMACC
229,MEMACC
235,MEMACC
238,L1HIT
254,MEMACC
273,MEMACC
277,MEMACC
286,MEMACC
293,MEMACC
298,MEMACC
7232,MEMACC
7246,MEMACC
7246,MEMACC
7252,MEMACC
7271,MEMACC
15655,MEMACC
15672,MEMACC
15673,MEMACC
19720,MEMACC
24542,MEMACC
1848,L1HIT
27712,MEMACC
24066,MEMACC
1157,MEMACC
19919,MEMACC
27632,L1HIT
13450,L1HIT
31306,MEMACC
19720,L1HIT
24542,MEMACC
1157,L1HIT
19919,L1HIT
27632,L1HIT
13247,MEMACC
3783,MEMACC
31478,MEMACC
6453,MEMACC
21321,MEMACC
20318,MEMACC
25793,MEMACC
23035,MEMACC
677,MEMACC
688,MEMACC
16791,L1HIT
14582,MEMACC
7229,MEMACC
31905,MEMACC
22690,MEMACC
17286,MEMACC
12699,MEMACC
22459,MEMACC
16283,MEMACC
32753,MEMACC
15993,MEMACC
4951,MEMACC
24691,MEMACC
1211,MEMACC
21106,MEMACC
10482,MEMACC
21904,MEMACC
15483,MEMACC
4567,MEMACC
27743,MEMACC
18334,MEMACC
10365,MEMACC
17932,MEMACC
4042,MEMACC
4054,MEMACC
4060,MEMACC
7539,MEMACC
11182,MEMACC
17885,MEMACC
4878,MEMACC
25169,MEMACC
14674,MEMACC
15867,MEMACC
13796,MEMACC
21385,MEMACC
22025,MEMACC
3194,MEMACC
21556,MEMACC
22560,MEMACC
13131,MEMACC
22836,MEMACC
31092,MEMACC
426,L1HIT
14295,MEMACC
30864,MEMACC
16293,MEMACC
5944,MEMACC
10329,MEMACC
16793,MEMACC
2878,MEMACC
7667,MEMACC
6193,MEMACC
28594,MEMACC
7774,MEMACC
10848,MEMACC
4235,MEMACC
19855,MEMACC
13250,MEMACC
7406,MEMACC
14312,MEMACC
31264,MEMACC
13349,MEMACC
19566,L1HIT
9407,MEMACC
7598,MEMACC
13166,MEMACC
12743,MEMACC
16628,MEMACC
23099,MEMACC
27258,MEMACC
23047,MEMACC
11405,MEMACC
16587,MEMACC
14182,MEMACC
298,MEMACC
22638,MEMACC
18036,MEMACC
7425,MEMACC
19842,MEMACC
4722,MEMACC
18256,MEMACC
30773,MEMACC
29160,MEMACC
19156,MEMACC
24587,MEMACC
17850,MEMACC
5138,MEMACC
15518,MEMACC
13086,MEMACC
20063,MEMACC
10405,MEMACC
17573,MEMACC
9002,MEMACC
5830,MEMACC
20043,MEMACC
5094,MEMACC
28161,MEMACC
30819,MEMACC
16164,MEMACC
29296,MEMACC
7786,MEMACC
11785,MEMACC
11545,MEMACC
14766,MEMACC
10837,MEMACC
29031,MEMACC
12034,MEMACC
32255,MEMACC
7249,L1HIT
12034,L1HIT
1020,MEMACC
4135,MEMACC
32255,MEMACC
7249,L1HIT
12034,L1HIT
11785,MEMACC
11545,MEMACC
14766,L1HIT
26428,MEMACC
26441,MEMACC
26458,MEMACC
27287,MEMACC
27295,MEMACC
17572,MEMACC
29359,MEMACC
13494,MEMACC
30759,MEMACC
1656,MEMACC
2566,MEMACC
24304,MEMACC
14248,MEMACC
7006,MEMACC
13423,MEMACC
22386,MEMACC
12195,MEMACC
9149,MEMACC
24189,MEMACC
102,MEMACC
27774,MEMACC
28702,MEMACC
17925,MEMACC
14165,MEMACC
28961,MEMACC
7009,MEMACC
5856,MEMACC
25868,MEMACC
13667,MEMACC
10248,MEMACC
6278,MEMACC
27573,MEMACC
25035,MEMACC
3405,MEMACC
1269,MEMACC
330,MEMACC
7009,L1HIT
5856,L1HIT
25868,MEMACC
13667,MEMACC
10248,MEMACC
24126,MEMACC
7661,MEMACC
21603,MEMACC
16042,MEMACC
12064,MEMACC
13841,MEMACC
3839,MEMACC
77,MEMACC
3760,MEMACC
3760,L1HIT
18118,MEMACC
22365,MEMACC
18441,MEMACC
27740,MEMACC
8752,MEMACC
12161,MEMACC
28035,MEMACC
7572,MEMACC
16042,MEMACC
12064,L1HIT
1561,MEMACC
10449,MEMACC
913,MEMACC
16042,MEMACC
12064,L1HIT
1561,MEMACC
10449,MEMACC
28306,MEMACC
30192,MEMACC
6930,MEMACC
4901,MEMACC
31067,MEMACC
937,MEMACC
640,MEMACC
11075,MEMACC
27534,MEMACC
13188,MEMACC
22463,L1HIT
28572,MEMACC
31472,MEMACC
12914,MEMACC
16469,MEMACC
19187,MEMACC
18796,MEMACC
6825,MEMACC
22831,MEMACC
31376,MEMACC
25126,MEMACC
6428,MEMACC
1218,MEMACC
30473,MEMACC
22822,MEMACC
17232,MEMACC
16215,MEMACC
30001,MEMACC
14509,MEMACC
27106,MEMACC
26150,MEMACC
30082,MEMACC
16639,MEMACC
78,MEMACC
16774,MEMACC
1047,MEMACC
26666,MEMACC
32244,MEMACC
23764,MEMACC
10292,MEMACC
4246,L1HIT
4248,MEMACC
4262,MEMACC
4262,MEMACC
23254,MEMACC
17837,MEMACC
4574,MEMACC
14300,MEMACC
9308,MEMACC
5969,MEMACC
8349,MEMACC
9410,MEMACC
7885,MEMACC
2108,MEMACC
7485,MEMACC
18368,MEMACC
4143,MEMACC
10439,MEMACC
4331,MEMACC
30700,MEMACC
783,MEMACC
30949,MEMACC
9255,MEMACC
4791,MEMACC
14717,MEMACC
3114,MEMACC
20531,MEMACC
27771,L1HIT
21586,MEMACC
32149,MEMACC
25331,MEMACC
9691,MEMACC
31672,MEMACC
12953,MEMACC
32703,MEMACC
4095,MEMACC
20448,MEMACC
20940,MEMACC
10978,MEMACC
8989,MEMACC
15342,MEMACC
26754,MEMACC
27971,MEMACC
18519,MEMACC
21292,MEMACC
3410,MEMACC
17199,MEMACC
5976,MEMACC
20117,MEMACC
32470,MEMACC
19659,MEMACC
18451,MEMACC
12522,MEMACC
15049,MEMACC
20706,MEMACC
21379,MEMACC
15797,MEMACC
23682,MEMACC
19920,MEMACC
27314,MEMACC
8603,MEMACC
9949,MEMACC
22095,MEMACC
14109,MEMACC
23304,MEMACC
23703,MEMACC
7195,MEMACC
6502,MEMACC
29398,L1HIT
13940,MEMACC
9171,MEMACC
26610,MEMACC
21409,MEMACC
30880,MEMACC
9421,MEMACC
21401,MEMACC
12387,MEMACC
22631,MEMACC
16737,MEMACC
4633,MEMACC
25708,MEMACC
25749,MEMACC
8130,MEMACC
9264,L1HIT
26480,MEMACC
19324,L1HIT
8645,MEMACC
17249,MEMACC
29352,L1HIT
4350,MEMACC
2978,MEMACC
26176,MEMACC
28716,MEMACC
13082,MEMACC
25831,MEMACC
23645,MEMACC
23309,L1HIT
29352,L1HIT
4350,MEMACC
2978,MEMACC
26176,MEMACC
28716,L1HIT
8612,MEMACC
8618,MEMACC
8627,MEMACC
8639,MEMACC
8647,L1HIT
8651,MEMACC
4070,MEMACC
7760,MEMACC
17106,MEMACC
30385,MEMACC
13752,MEMACC
5386,L1HIT
1537,MEMACC
28951,MEMACC
28920,MEMACC
30501,MEMACC
11999,MEMACC
22574,MEMACC
25655,MEMACC
9542,MEMACC
14395,MEMACC
14901,MEMACC
13486,MEMACC
15206,MEMACC
21206,MEMACC
11008,L1HIT
22985,MEMACC
29159,MEMACC
13428,MEMACC
4520,MEMACC
15147,MEMACC
10136,MEMACC
5902,MEMACC
9631,MEMACC
8679,MEMACC
20870,MEMACC
23132,MEMACC
32439,MEMACC
3023,MEMACC
5444,MEMACC
11650,MEMACC
2603,MEMACC
15615,MEMACC
11481,MEMACC
6071,MEMACC
28140,MEMACC
6121,MEMACC
30917,MEMACC
30917,MEMACC
30933,L1HIT
30934,L1HIT
30949,MEMACC
26859,MEMACC
8669,MEMACC
24676,MEMACC
6666,MEMACC
31602,MEMACC
6102,MEMACC
18755,MEMACC
28658,MEMACC
28977,MEMACC
6832,MEMACC
30010,MEMACC
10774,MEMACC
30896,MEMACC
26162,MEMACC
24369,MEMACC
940,MEMACC
22490,MEMACC
26371,MEMACC
13231,MEMACC
3747,MEMACC
8688,MEMACC
19738,MEMACC
22257,MEMACC
26371,MEMACC
13231,L1HIT
3747,L1HIT
8688,MEMACC
10954,MEMACC
