15702,MEMACC
16294,MEMACC
12613,MEMACC
16337,L1HIT
710,MEMACC
21001,MEMACC
3565,MEMACC
19495,MEMACC
14729,MEMACC
16001,MEMACC
9393,MEMACC
11800,MEMACC
21151,L1HIT
16146,L1HIT
18626,MEMACC
25450,MEMACC
21262,MEMACC
25062,MEMACC
25239,MEMACC
18761,MEMACC
9162,MEMACC
9177,MEMACC
9180,L1HIT
25811,MEMACC
7215,MEMACC
25982,MEMACC
24495,MEMACC
20395,MEMACC
25665,L1HIT
14966,MEMACC
11623,MEMACC
5659,MEMACC
756,MEMACC
27556,MEMACC
19919,MEMACC
16325,L1HIT
12788,MEMACC
7428,MEMACC
2491,MEMACC
2332,MEMACC
9821,MEMACC
27044,MEMACC
31156,MEMACC
3394,MEMACC
3410,MEMACC
3426,MEMACC
3433,L1HIT
3436,L1HIT
3439,L1HIT
3446,L1HIT
13590,MEMACC
15931,MEMACC
1692,MEMACC
6419,MEMACC
25454,MEMACC
20119,MEMACC
7447,L1HIT
27327,MEMACC
15987,L1HIT
26473,MEMACC
26979,L1HIT
6057,MEMACC
15557,MEMACC
23904,MEMACC
22180,MEMACC
23824,MEMACC
18091,MEMACC
9198,L1HIT
1248,MEMACC
29753,MEMACC
11211,MEMACC
11226,L1HIT
11230,L1HIT
11245,L1HIT
11258,L1HIT
11266,MEMACC
11281,MEMACC
6922,MEMACC
5450,MEMACC
10629,MEMACC
31253,MEMACC
25605,L1HIT
13234,MEMACC
1244,L1HIT
735,MEMACC
30105,MEMACC
21041,L1HIT
10629,L1HIT
31253,MEMACC
28365,MEMACC
27842,MEMACC
4199,MEMACC
20950,MEMACC
4916,MEMACC
23040,MEMACC
7192,L1HIT
1488,MEMACC
2506,MEMACC
20586,MEMACC
3104,MEMACC
8420,MEMACC
16525,MEMACC
27375,MEMACC
30696,MEMACC
17082,MEMACC
2414,L1HIT
26643,MEMACC
22283,MEMACC
3280,L1HIT
18513,L1HIT
23149,L1HIT
13785,MEMACC
23149,L1HIT
13785,L1HIT
31478,MEMACC
10267,MEMACC
10535,L1HIT
14808,MEMACC
18746,MEMACC
8289,L1HIT
13865,MEMACC
19816,L1HIT
16906,L1HIT
1238,L1HIT
3701,MEMACC
19354,MEMACC
21371,L1HIT
762,MEMACC
10799,MEMACC
10037,MEMACC
24678,MEMACC
24935,MEMACC
14778,L1HIT
28844,MEMACC
16853,MEMACC
11912,L1HIT
5100,MEMACC
12935,MEMACC
22816,MEMACC
4750,MEMACC
12767,L1HIT
16503,MEMACC
6340,MEMACC
16095,L1HIT
32486,MEMACC
1861,MEMACC
9819,MEMACC
19985,MEMACC
21852,MEMACC
28370,MEMACC
17573,MEMACC
28106,MEMACC
19739,L1HIT
12972,L1HIT
6321,MEMACC
24740,MEMACC
23180,L1HIT
28568,MEMACC
27310,MEMACC
27327,MEMACC
27334,L1HIT
27342,L1HIT
5835,L1HIT
18541,L1HIT
27899,MEMACC
30033,MEMACC
30912,MEMACC
1513,MEMACC
25448,L1HIT
1704,L1HIT
31396,L1HIT
32092,MEMACC
4678,MEMACC
30989,L1HIT
13130,L1HIT
22824,MEMACC
15379,L1HIT
4061,MEMACC
22008,MEMACC
25541,L1HIT
25599,L1HIT
29896,L1HIT
2110,MEMACC
15681,MEMACC
11785,L1HIT
11647,MEMACC
21792,MEMACC
11854,L1HIT
29251,MEMACC
20047,L1HIT
30530,L1HIT
27894,MEMACC
5970,L1HIT
28733,MEMACC
19039,MEMACC
666,L1HIT
6819,MEMACC
27950,L1HIT
28792,L1HIT
25151,L1HIT
20586,MEMACC
19432,MEMACC
16273,L1HIT
16926,L1HIT
4760,MEMACC
10291,L1HIT
10968,MEMACC
7416,L1HIT
10573,L1HIT
11243,L1HIT
14476,MEMACC
12407,MEMACC
19578,L1HIT
25545,L1HIT
16063,L1HIT
31967,MEMACC
3960,MEMACC
5857,L1HIT
7724,MEMACC
20917,MEMACC
28418,L1HIT
24782,MEMACC
20529,MEMACC
29623,MEMACC
29642,MEMACC
9495,MEMACC
7082,L1HIT
909,MEMACC
2455,L1HIT
14265,MEMACC
12686,L1HIT
29233,MEMACC
32245,L1HIT
20154,L1HIT
14311,MEMACC
10079,L1HIT
4837,L1HIT
7621,L1HIT
8392,L1HIT
20153,L1HIT
16890,MEMACC
25611,L1HIT
26086,L1HIT
30879,MEMACC
12205,MEMACC
21275,L1HIT
21275,L1HIT
21294,L1HIT
21297,L1HIT
21314,L1HIT
21330,L1HIT
21580,MEMACC
11869,L1HIT
13371,MEMACC
23330,MEMACC
23712,MEMACC
19644,L1HIT
32374,L1HIT
4374,MEMACC
5415,MEMACC
28174,L1HIT
32161,L1HIT
20777,L1HIT
941,MEMACC
26501,L1HIT
22908,L1HIT
29199,MEMACC
11651,MEMACC
10741,L1HIT
21130,L1HIT
18783,L1HIT
3162,L1HIT
3168,L1HIT
3168,L1HIT
3183,L1HIT
14999,L1HIT
15008,L1HIT
15024,L1HIT
15025,L1HIT
15039,L1HIT
15049,L1HIT
14522,MEMACC
29838,L1HIT
254,MEMACC
20314,L1HIT
8931,MEMACC
31746,MEMACC
14851,L1HIT
4087,L1HIT
3442,L1HIT
16941,L1HIT
31710,MEMACC
22476,L1HIT
28123,L1HIT
18729,L1HIT
17016,L1HIT
13044,L1HIT
27158,L1HIT
26547,L1HIT
9082,L1HIT
13678,L1HIT
13228,L1HIT
13228,L1HIT
13238,L1HIT
13245,L1HIT
13263,L1HIT
13265,L1HIT
4375,L1HIT
9677,L1HIT
23765,MEMACC
22681,MEMACC
14003,L1HIT
12965,L1HIT
21172,L1HIT
14518,L1HIT
168,MEMACC
3455,L1HIT
6539,L1HIT
3828,MEMACC
3455,L1HIT
6539,L1HIT
3828,L1HIT
4375,L1HIT
9677,L1HIT
9693,L1HIT
5686,L1HIT
22421,L1HIT
18632,L1HIT
6067,L1HIT
8120,MEMACC
26683,MEMACC
12975,L1HIT
32732,MEMACC
16494,L1HIT
2679,MEMACC
22912,L1HIT
18336,MEMACC
13477,MEMACC
15202,MEMACC
3691,L1HIT
24528,L1HIT
21398,L1HIT
15095,L1HIT
1720,L1HIT
4369,L1HIT
9217,MEMACC
1788,L1HIT
30551,L1HIT
18666,L1HIT
6313,L1HIT
2393,L1HIT
641,L1HIT
30425,MEMACC
30430,L1HIT
15010,L1HIT
15658,L1HIT
30852,MEMACC
27717,L1HIT
218,L1HIT
20478,L1HIT
15781,L1HIT
19831,L1HIT
19831,L1HIT
16671,MEMACC
11756,L1HIT
27799,L1HIT
7215,L1HIT
31099,L1HIT
5716,L1HIT
6327,L1HIT
10157,L1HIT
3761,L1HIT
3769,L1HIT
3786,L1HIT
3802,L1HIT
3820,L1HIT
3837,L1HIT
5619,MEMACC
5630,MEMACC
5639,L1HIT
25445,L1HIT
25461,L1HIT
25479,L1HIT
25479,L1HIT
25481,L1HIT
25492,L1HIT
13396,L1HIT
17212,MEMACC
30796,L1HIT
11864,L1HIT
30658,L1HIT
520,L1HIT
20133,L1HIT
13383,L1HIT
29285,L1HIT
12974,L1HIT
28410,L1HIT
10134,L1HIT
29991,MEMACC
6781,MEMACC
7680,MEMACC
28587,L1HIT
1962,L1HIT
2836,MEMACC
12130,L1HIT
6785,MEMACC
19179,L1HIT
12861,L1HIT
27943,L1HIT
30452,L1HIT
19913,L1HIT
28069,L1HIT
17474,MEMACC
27903,L1HIT
15691,L1HIT
11551,L1HIT
17543,MEMACC
15956,L1HIT
20835,L1HIT
23845,MEMACC
23362,MEMACC
18325,L1HIT
30935,L1HIT
30629,L1HIT
3793,L1HIT
26395,L1HIT
16514,L1HIT
16533,L1HIT
16543,L1HIT
16548,L1HIT
16562,L1HIT
31472,L1HIT
19632,L1HIT
28771,L1HIT
29060,MEMACC
16664,MEMACC
28189,L1HIT
24680,MEMACC
1790,L1HIT
22638,L1HIT
28827,L1HIT
10234,L1HIT
29440,MEMACC
29119,MEMACC
29132,MEMACC
29143,MEMACC
29157,L1HIT
3132,L1HIT
3146,L1HIT
3159,L1HIT
3162,L1HIT
3165,L1HIT
24940,MEMACC
24941,MEMACC
24954,L1HIT
24971,L1HIT
21361,L1HIT
18462,L1HIT
13235,L1HIT
27105,L1HIT
17267,MEMACC
9159,L1HIT
3838,L1HIT
32425,L1HIT
20746,L1HIT
20251,L1HIT
26608,L1HIT
29761,L1HIT
11029,L1HIT
30948,L1HIT
13481,L1HIT
19140,L1HIT
29589,L1HIT
31792,L1HIT
6574,L1HIT
17365,MEMACC
25600,L1HIT
28117,L1HIT
22577,L1HIT
7931,MEMACC
1021,L1HIT
15363,L1HIT
10118,L1HIT
23924,MEMACC
2108,MEMACC
11988,L1HIT
11366,MEMACC
14615,L1HIT
17198,MEMACC
1021,L1HIT
15363,L1HIT
10118,L1HIT
23924,L1HIT
2108,MEMACC
11988,L1HIT
11366,MEMACC
14615,L1HIT
1709,L1HIT
16356,L1HIT
11988,L1HIT
1021,L1HIT
15363,L1HIT
24040,L1HIT
24051,L1HIT
24065,MEMACC
15138,MEMACC
26021,L1HIT
31482,L1HIT
27702,L1HIT
24217,MEMACC
11504,MEMACC
25586,L1HIT
4888,L1HIT
30615,L1HIT
31742,MEMACC
9895,L1HIT
15033,L1HIT
2121,MEMACC
321,MEMACC
19103,L1HIT
4916,L1HIT
4437,L1HIT
26415,L1HIT
27293,L1HIT
29862,L1HIT
15897,L1HIT
14816,L1HIT
8955,MEMACC
25411,L1HIT
24939,L1HIT
30674,L1HIT
9001,L1HIT
12020,L1HIT
6003,L1HIT
21367,L1HIT
22484,L1HIT
22485,L1HIT
22492,L1HIT
22511,L1HIT
15768,L1HIT
29146,L1HIT
4824,L1HIT
7780,L1HIT
21560,MEMACC
103,L1HIT
29262,L1HIT
19422,MEMACC
29823,L1HIT
5093,L1HIT
23678,L1HIT
27238,L1HIT
25359,L1HIT
8948,MEMACC
29201,L1HIT
15607,L1HIT
32699,MEMACC
14602,L1HIT
12070,L1HIT
23969,L1HIT
8944,L1HIT
28393,L1HIT
19829,L1HIT
12340,L1HIT
12739,L1HIT
13121,L1HIT
5266,MEMACC
14303,MEMACC
7998,MEMACC
8944,L1HIT
28393,L1HIT
19829,L1HIT
12340,L1HIT
24002,L1HIT
17131,L1HIT
19668,L1HIT
7182,L1HIT
26118,MEMACC
14011,L1HIT
7779,L1HIT
5433,L1HIT
3820,L1HIT
16961,L1HIT
3800,L1HIT
31306,L1HIT
18159,MEMACC
31242,L1HIT
5172,L1HIT
5689,L1HIT
32198,L1HIT
152,L1HIT
16904,L1HIT
24114,MEMACC
16128,L1HIT
26133,L1HIT
19069,L1HIT
25809,L1HIT
27725,L1HIT
9462,L1HIT
31986,L1HIT
19908,L1HIT
10312,L1HIT
2462,L1HIT
5818,L1HIT
5827,L1HIT
5841,L1HIT
26081,L1HIT
2474,L1HIT
32737,MEMACC
26151,L1HIT
13882,L1HIT
13755,L1HIT
25999,L1HIT
32737,L1HIT
26151,L1HIT
20474,L1HIT
32501,L1HIT
1496,L1HIT
16797,L1HIT
13327,L1HIT
10055,L1HIT
24518,L1HIT
23606,L1HIT
30831,L1HIT
13683,L1HIT
13953,L1HIT
17253,MEMACC
25269,L1HIT
29345,L1HIT
7541,L1HIT
12035,L1HIT
14993,L1HIT
15614,L1HIT
1333,L1HIT
15664,L1HIT
24,L1HIT
30197,MEMACC
206,L1HIT
28223,L1HIT
4618,L1HIT
23057,L1HIT
8196,L1HIT
3428,L1HIT
19622,L1HIT
22660,L1HIT
700,L1HIT
21957,MEMACC
20811,L1HIT
16241,L1HIT
4388,L1HIT
25094,L1HIT
2234,MEMACC
32414,L1HIT
561,L1HIT
12719,L1HIT
1975,L1HIT
14871,L1HIT
14879,L1HIT
14880,L1HIT
14881,L1HIT
6305,L1HIT
6309,L1HIT
6326,L1HIT
6344,L1HIT
6356,L1HIT
6360,L1HIT
23128,L1HIT
24380,L1HIT
8358,L1HIT
2236,L1HIT
2032,L1HIT
27223,L1HIT
11988,L1HIT
12144,L1HIT
31500,L1HIT
24319,MEMACC
20469,L1HIT
31499,L1HIT
16962,L1HIT
16197,L1HIT
28635,L1HIT
14545,L1HIT
27410,MEMACC
1122,L1HIT
16383,L1HIT
19266,L1HIT
31161,L1HIT
4637,L1HIT
28612,L1HIT
17017,L1HIT
20204,L1HIT
19474,L1HIT
13540,L1HIT
27410,MEMACC
23679,L1HIT
10502,L1HIT
12281,L1HIT
31582,L1HIT
6123,L1HIT
21875,MEMACC
27365,L1HIT
4936,L1HIT
13212,L1HIT
22729,L1HIT
5638,L1HIT
20308,L1HIT
6407,L1HIT
23672,L1HIT
13133,L1HIT
13821,L1HIT
8057,L1HIT
30500,L1HIT
15231,MEMACC
6959,L1HIT
30543,L1HIT
5813,L1HIT
23759,L1HIT
19069,L1HIT
14598,L1HIT
25820,L1HIT
28465,L1HIT
11531,L1HIT
14345,L1HIT
5685,L1HIT
14751,L1HIT
23955,L1HIT
13984,L1HIT
21462,L1HIT
17112,L1HIT
21957,L1HIT
8438,L1HIT
14375,L1HIT
11663,L1HIT
10979,MEMACC
31589,L1HIT
1256,L1HIT
1261,L1HIT
1280,L1HIT
7089,L1HIT
7094,L1HIT
7101,L1HIT
27412,MEMACC
27428,MEMACC
7902,L1HIT
7909,L1HIT
7921,L1HIT
210,L1HIT
11759,L1HIT
8855,L1HIT
12528,L1HIT
28234,L1HIT
32068,L1HIT
11706,L1HIT
18779,L1HIT
23017,L1HIT
24167,L1HIT
20161,L1HIT
2484,L1HIT
26370,L1HIT
14391,L1HIT
5247,L1HIT
28777,L1HIT
18570,L1HIT
7766,L1HIT
16557,L1HIT
26096,L1HIT
29169,L1HIT
1246,L1HIT
20649,L1HIT
10331,L1HIT
23664,L1HIT
28386,L1HIT
2027,L1HIT
1246,L1HIT
20649,L1HIT
10331,L1HIT
23664,L1HIT
28386,L1HIT
11482,L1HIT
700,L1HIT
17820,MEMACC
17767,MEMACC
17820,L1HIT
17767,L1HIT
21825,L1HIT
9193,L1HIT
19487,L1HIT
1380,L1HIT
24458,L1HIT
4139,MEMACC
16281,L1HIT
19327,L1HIT
28746,L1HIT
5998,L1HIT
11305,L1HIT
31623,L1HIT
8544,MEMACC
21092,L1HIT
4982,L1HIT
12510,L1HIT
7201,L1HIT
19837,L1HIT
28251,L1HIT
31794,L1HIT
20407,L1HIT
4681,L1HIT
15350,MEMACC
18073,L1HIT
26325,L1HIT
4138,L1HIT
21513,L1HIT
24111,L1HIT
32757,L1HIT
12830,L1HIT
21981,L1HIT
11006,L1HIT
3117,L1HIT
19132,L1HIT
3415,L1HIT
29053,L1HIT
28103,L1HIT
9011,L1HIT
32280,L1HIT
19310,L1HIT
19848,L1HIT
29558,L1HIT
12457,L1HIT
7830,L1HIT
8282,L1HIT
16005,L1HIT
5439,L1HIT
4162,L1HIT
1270,L1HIT
829,L1HIT
16843,L1HIT
15023,L1HIT
7820,L1HIT
4217,L1HIT
9828,L1HIT
13757,L1HIT
28404,L1HIT
11985,L1HIT
11068,L1HIT
379,MEMACC
15475,L1HIT
25744,L1HIT
16005,L1HIT
5439,L1HIT
4162,L1HIT
1270,L1HIT
16005,L1HIT
5439,L1HIT
4162,L1HIT
1270,L1HIT
829,L1HIT
