1766,MEMACC
1772,L1HIT
10487,MEMACC
6400,MEMACC
16153,MEMACC
24671,MEMACC
17373,MEMACC
10781,MEMACC
16958,MEMACC
4277,MEMACC
7462,MEMACC
10231,MEMACC
28046,MEMACC
27729,MEMACC
3046,MEMACC
14156,MEMACC
18615,MEMACC
23897,MEMACC
6279,MEMACC
22734,MEMACC
14077,MEMACC
9772,MEMACC
13731,MEMACC
10166,MEMACC
5592,MEMACC
9906,MEMACC
15333,MEMACC
5838,MEMACC
3233,MEMACC
3123,MEMACC
2851,MEMACC
23877,MEMACC
20609,MEMACC
30850,MEMACC
12509,MEMACC
20908,MEMACC
12707,MEMACC
10794,MEMACC
13580,MEMACC
14508,MEMACC
32487,MEMACC
29710,MEMACC
1407,MEMACC
19041,MEMACC
9698,MEMACC
22496,MEMACC
27252,MEMACC
32217,MEMACC
17583,MEMACC
15158,MEMACC
14703,MEMACC
16204,MEMACC
4948,MEMACC
20320,MEMACC
5223,MEMACC
9578,MEMACC
27392,MEMACC
11288,MEMACC
28135,MEMACC
15382,MEMACC
25529,MEMACC
16013,MEMACC
13507,MEMACC
4835,MEMACC
32081,MEMACC
22762,MEMACC
19672,MEMACC
2362,MEMACC
13507,L1HIT
4835,L1HIT
32081,L1HIT
22762,MEMACC
19672,L1HIT
1504,MEMACC
11406,MEMACC
16304,MEMACC
30090,MEMACC
17745,MEMACC
9326,MEMACC
6222,MEMACC
11338,MEMACC
9345,MEMACC
28208,MEMACC
5865,MEMACC
17745,MEMACC
9326,L1HIT
6222,MEMACC
11338,MEMACC
9345,L1HIT
9345,L1HIT
21553,MEMACC
10200,MEMACC
2362,L1HIT
13507,L1HIT
4835,L1HIT
12507,MEMACC
28925,MEMACC
24829,MEMACC
26262,MEMACC
20481,MEMACC
3163,MEMACC
19607,MEMACC
30879,MEMACC
19623,MEMACC
10832,MEMACC
9173,MEMACC
12507,MEMACC
28925,L1HIT
4584,MEMACC
32541,MEMACC
11020,MEMACC
11391,MEMACC
7263,MEMACC
9558,MEMACC
1404,L1HIT
14925,MEMACC
4481,MEMACC
28030,MEMACC
17019,MEMACC
14728,MEMACC
4382,MEMACC
20194,MEMACC
13498,MEMACC
15215,MEMACC
10090,MEMACC
12370,MEMACC
14991,MEMACC
23043,MEMACC
32418,MEMACC
2163,MEMACC
22156,MEMACC
1489,MEMACC
21293,MEMACC
901,MEMACC
18453,MEMACC
27334,MEMACC
10829,MEMACC
11270,MEMACC
23019,MEMACC
29985,MEMACC
10724,MEMACC
6107,MEMACC
6690,MEMACC
13449,MEMACC
30678,MEMACC
32014,MEMACC
22544,MEMACC
9225,MEMACC
19533,MEMACC
19552,MEMACC
19555,MEMACC
19571,MEMACC
19573,MEMACC
20248,MEMACC
11042,MEMACC
607,MEMACC
22575,MEMACC
11457,MEMACC
4811,MEMACC
27612,MEMACC
18475,MEMACC
3617,MEMACC
28398,MEMACC
6363,MEMACC
23879,MEMACC
28524,MEMACC
19037,MEMACC
32730,MEMACC
32498,MEMACC
6283,L1HIT
31043,MEMACC
19277,MEMACC
2096,MEMACC
8605,MEMACC
8613,MEMACC
8628,MEMACC
4627,MEMACC
4628,L1HIT
4640,MEMACC
4655,L1HIT
4674,MEMACC
4373,MEMACC
21758,MEMACC
25586,MEMACC
20127,MEMACC
4373,MEMACC
21758,L1HIT
25586,L1HIT
20127,MEMACC
16998,MEMACC
18389,MEMACC
15969,MEMACC
14939,MEMACC
14940,L1HIT
14953,MEMACC
14970,MEMACC
7038,MEMACC
13973,MEMACC
15263,MEMACC
4766,MEMACC
6891,MEMACC
16379,MEMACC
1415,MEMACC
19874,MEMACC
28860,MEMACC
16051,MEMACC
31061,MEMACC
7168,MEMACC
8520,MEMACC
16076,MEMACC
4249,MEMACC
14547,MEMACC
23932,MEMACC
32139,MEMACC
8122,MEMACC
12458,MEMACC
24884,MEMACC
24647,MEMACC
13790,MEMACC
10331,MEMACC
5856,L1HIT
19746,MEMACC
9243,MEMACC
2409,MEMACC
10478,MEMACC
14273,MEMACC
21909,MEMACC
30249,MEMACC
19722,MEMACC
31397,MEMACC
5855,MEMACC
11653,MEMACC
8968,MEMACC
27754,MEMACC
6984,MEMACC
1881,MEMACC
26857,MEMACC
5135,MEMACC
17072,MEMACC
2964,MEMACC
22288,MEMACC
26131,MEMACC
26270,MEMACC
10473,L1HIT
6908,MEMACC
6916,MEMACC
6931,MEMACC
6942,MEMACC
23201,MEMACC
23205,L1HIT
23220,MEMACC
23228,MEMACC
11891,MEMACC
11902,L1HIT
24344,MEMACC
22921,MEMACC
2952,MEMACC
21031,MEMACC
31769,MEMACC
16234,MEMACC
8643,MEMACC
4127,MEMACC
2270,MEMACC
5001,MEMACC
23513,MEMACC
12721,MEMACC
32302,MEMACC
32254,MEMACC
21397,MEMACC
22533,MEMACC
1913,MEMACC
3746,MEMACC
26792,MEMACC
14664,MEMACC
15253,MEMACC
13092,MEMACC
10026,MEMACC
4069,MEMACC
28601,MEMACC
1538,MEMACC
9567,MEMACC
12694,MEMACC
10549,MEMACC
412,MEMACC
4130,MEMACC
20832,MEMACC
10227,L1HIT
13875,MEMACC
21165,MEMACC
21859,MEMACC
11297,MEMACC
22122,MEMACC
11714,MEMACC
17766,MEMACC
18728,MEMACC
31177,MEMACC
3621,MEMACC
27702,MEMACC
32765,MEMACC
31631,MEMACC
32329,MEMACC
20129,MEMACC
5272,MEMACC
29866,MEMACC
30538,MEMACC
18728,L1HIT
31177,L1HIT
32329,MEMACC
20129,L1HIT
5272,MEMACC
18790,MEMACC
31797,MEMACC
1766,L1HIT
9312,L1HIT
18761,MEMACC
9915,MEMACC
26471,MEMACC
8961,L1HIT
8690,MEMACC
7065,MEMACC
11179,MEMACC
24427,MEMACC
469,MEMACC
17907,MEMACC
10474,L1HIT
29075,MEMACC
8590,MEMACC
3118,MEMACC
10689,MEMACC
12786,MEMACC
32373,MEMACC
4270,MEMACC
28676,MEMACC
25751,MEMACC
5432,MEMACC
2709,MEMACC
14537,MEMACC
10831,MEMACC
32679,MEMACC
20798,MEMACC
11591,MEMACC
31146,MEMACC
571,MEMACC
32213,L1HIT
26886,MEMACC
19318,MEMACC
25902,MEMACC
27496,MEMACC
30867,L1HIT
12708,L1HIT
10605,MEMACC
24573,MEMACC
4554,MEMACC
1775,L1HIT
32313,MEMACC
12635,MEMACC
28578,MEMACC
11142,MEMACC
31114,MEMACC
13124,MEMACC
18313,MEMACC
18702,MEMACC
5886,MEMACC
5973,MEMACC
30977,MEMACC
25622,MEMACC
28825,MEMACC
16559,MEMACC
16687,MEMACC
27633,MEMACC
6774,MEMACC
6781,MEMACC
6797,MEMACC
3867,MEMACC
1674,MEMACC
2719,MEMACC
15532,MEMACC
15733,MEMACC
28634,MEMACC
2528,MEMACC
12033,MEMACC
26084,MEMACC
3309,MEMACC
19533,L1HIT
14701,L1HIT
16115,MEMACC
13746,MEMACC
15933,MEMACC
10233,L1HIT
23012,MEMACC
4714,MEMACC
16121,L1HIT
28991,MEMACC
1064,MEMACC
19777,MEMACC
18158,MEMACC
19181,MEMACC
23895,L1HIT
965,MEMACC
30283,MEMACC
394,MEMACC
27188,MEMACC
26028,MEMACC
6315,MEMACC
21520,MEMACC
18768,MEMACC
31505,MEMACC
5113,MEMACC
23749,MEMACC
5136,MEMACC
15745,MEMACC
27446,MEMACC
23455,MEMACC
21630,MEMACC
24308,MEMACC
23243,MEMACC
23347,MEMACC
8703,MEMACC
24026,MEMACC
9001,MEMACC
15621,MEMACC
7918,MEMACC
17700,MEMACC
206,MEMACC
22104,MEMACC
1961,MEMACC
28960,MEMACC
22401,MEMACC
30260,MEMACC
22657,MEMACC
7601,MEMACC
1854,MEMACC
26999,MEMACC
25112,MEMACC
5839,L1HIT
8375,MEMACC
21330,MEMACC
32408,MEMACC
14598,MEMACC
27085,MEMACC
21961,MEMACC
19647,MEMACC
19647,MEMACC
16883,MEMACC
12827,MEMACC
2615,MEMACC
7637,MEMACC
21351,MEMACC
23323,MEMACC
8579,L1HIT
3439,MEMACC
22954,MEMACC
5694,MEMACC
19044,L1HIT
30250,MEMACC
25448,MEMACC
3439,L1HIT
22954,MEMACC
5694,MEMACC
19044,L1HIT
24239,MEMACC
1158,MEMACC
15951,MEMACC
28617,MEMACC
28636,MEMACC
24901,MEMACC
24907,L1HIT
24914,MEMACC
24928,MEMACC
24939,MEMACC
15113,MEMACC
17121,MEMACC
11260,MEMACC
4876,MEMACC
781,MEMACC
19922,MEMACC
22971,MEMACC
5712,MEMACC
5790,MEMACC
1924,MEMACC
10574,MEMACC
28501,MEMACC
15744,MEMACC
15059,MEMACC
10610,MEMACC
30657,MEMACC
7050,MEMACC
3921,MEMACC
19258,MEMACC
7726,MEMACC
21163,L1HIT
1413,MEMACC
24917,L1HIT
16367,MEMACC
24667,L1HIT
29688,MEMACC
8493,MEMACC
7404,MEMACC
3519,MEMACC
2697,MEMACC
24568,MEMACC
14621,MEMACC
15862,MEMACC
26860,L1HIT
12799,L1HIT
24730,MEMACC
1648,MEMACC
22250,MEMACC
29548,MEMACC
14404,MEMACC
14203,MEMACC
18351,MEMACC
27426,MEMACC
3390,MEMACC
9338,MEMACC
10324,MEMACC
9263,MEMACC
13848,MEMACC
192,MEMACC
4649,L1HIT
3287,MEMACC
3981,MEMACC
30678,L1HIT
15850,MEMACC
23730,MEMACC
3832,MEMACC
13060,MEMACC
28726,MEMACC
22109,MEMACC
6106,L1HIT
11281,L1HIT
3577,MEMACC
24415,MEMACC
5803,MEMACC
30052,MEMACC
16299,MEMACC
9418,MEMACC
2317,MEMACC
9081,MEMACC
6793,L1HIT
26032,MEMACC
10443,MEMACC
9682,MEMACC
1257,MEMACC
27925,MEMACC
27644,MEMACC
8916,MEMACC
7079,MEMACC
13737,MEMACC
26868,MEMACC
13737,L1HIT
26868,L1HIT
19854,MEMACC
10793,MEMACC
173,MEMACC
17085,L1HIT
32705,MEMACC
2054,MEMACC
28518,L1HIT
14983,L1HIT
5626,MEMACC
5153,MEMACC
32490,MEMACC
11364,MEMACC
31906,MEMACC
31921,MEMACC
27100,MEMACC
30417,MEMACC
24828,L1HIT
13040,MEMACC
30488,MEMACC
12281,MEMACC
24512,MEMACC
12025,MEMACC
18621,L1HIT
12612,MEMACC
14457,MEMACC
8122,L1HIT
22338,MEMACC
13186,MEMACC
17038,MEMACC
25626,L1HIT
7195,MEMACC
23814,MEMACC
32176,MEMACC
25082,MEMACC
1355,MEMACC
10481,L1HIT
15622,L1HIT
18163,MEMACC
14516,MEMACC
19125,MEMACC
25917,MEMACC
2303,MEMACC
25626,L1HIT
18079,MEMACC
11195,MEMACC
8265,MEMACC
19661,MEMACC
18894,MEMACC
7795,MEMACC
10541,MEMACC
27318,MEMACC
11745,MEMACC
6930,L1HIT
31832,MEMACC
24452,MEMACC
28071,MEMACC
19428,MEMACC
14204,MEMACC
24437,MEMACC
20564,MEMACC
10939,MEMACC
25582,MEMACC
1932,MEMACC
5899,MEMACC
12322,MEMACC
3770,MEMACC
18827,MEMACC
9932,MEMACC
1470,MEMACC
25852,MEMACC
9029,MEMACC
4090,MEMACC
5118,MEMACC
12162,MEMACC
22038,MEMACC
14391,MEMACC
20079,MEMACC
23098,MEMACC
29517,MEMACC
11258,L1HIT
28098,MEMACC
30542,MEMACC
28522,L1HIT
23745,L1HIT
4185,MEMACC
16684,L1HIT
18770,L1HIT
14731,MEMACC
24121,MEMACC
19659,MEMACC
1373,MEMACC
5005,L1HIT
30041,MEMACC
25858,MEMACC
15808,MEMACC
6945,MEMACC
12377,MEMACC
32518,MEMACC
4417,MEMACC
14568,MEMACC
9861,MEMACC
31819,MEMACC
26096,MEMACC
17527,MEMACC
13602,MEMACC
13608,L1HIT
28642,MEMACC
29575,MEMACC
10422,MEMACC
3198,MEMACC
28918,L1HIT
6343,MEMACC
17455,MEMACC
9370,MEMACC
212,MEMACC
20382,MEMACC
9206,MEMACC
24724,MEMACC
20382,MEMACC
17153,MEMACC
17163,L1HIT
17167,L1HIT
17180,MEMACC
5168,MEMACC
18763,L1HIT
29591,MEMACC
15895,MEMACC
29873,MEMACC
7947,MEMACC
10766,MEMACC
14449,MEMACC
29402,MEMACC
12891,MEMACC
14440,MEMACC
28997,MEMACC
29090,MEMACC
9092,MEMACC
5517,MEMACC
13075,MEMACC
17199,MEMACC
9461,MEMACC
24216,MEMACC
695,MEMACC
2816,MEMACC
16544,MEMACC
27019,MEMACC
26780,MEMACC
15248,L1HIT
543,MEMACC
16287,MEMACC
7706,MEMACC
8095,MEMACC
2734,MEMACC
2556,MEMACC
1294,MEMACC
17665,MEMACC
14324,MEMACC
6579,MEMACC
26297,MEMACC
5210,MEMACC
7946,L1HIT
18467,L1HIT
26265,MEMACC
2676,MEMACC
28946,MEMACC
30845,MEMACC
29265,MEMACC
31504,L1HIT
24786,MEMACC
15538,MEMACC
15465,MEMACC
17906,L1HIT
13305,MEMACC
3788,MEMACC
15715,MEMACC
15298,MEMACC
31053,MEMACC
11594,L1HIT
7343,MEMACC
17202,MEMACC
8685,MEMACC
18455,L1HIT
3752,MEMACC
1496,MEMACC
19418,MEMACC
32330,MEMACC
17442,MEMACC
7214,MEMACC
15452,MEMACC
28768,MEMACC
6773,L1HIT
20305,MEMACC
25270,MEMACC
20990,MEMACC
898,L1HIT
29069,MEMACC
28690,MEMACC
21662,MEMACC
12968,MEMACC
30621,MEMACC
19483,MEMACC
3130,L1HIT
30413,MEMACC
29700,L1HIT
5596,L1HIT
18745,MEMACC
9373,MEMACC
27100,L1HIT
14918,L1HIT
14601,MEMACC
30186,MEMACC
2694,L1HIT
27802,MEMACC
17451,L1HIT
17442,L1HIT
2883,MEMACC
28385,MEMACC
21240,MEMACC
24600,MEMACC
28074,MEMACC
27478,MEMACC
10895,MEMACC
12690,MEMACC
19296,MEMACC
25719,MEMACC
594,L1HIT
21503,MEMACC
3144,MEMACC
31299,MEMACC
15175,MEMACC
31122,MEMACC
1322,MEMACC
27287,MEMACC
27293,MEMACC
27298,MEMACC
4263,MEMACC
4277,MEMACC
4284,L1HIT
4302,MEMACC
4319,MEMACC
4323,MEMACC
4333,MEMACC
27606,L1HIT
26398,MEMACC
15554,MEMACC
26899,MEMACC
23090,L1HIT
6462,MEMACC
4696,MEMACC
20826,MEMACC
3146,MEMACC
7682,MEMACC
9278,MEMACC
14342,MEMACC
27606,L1HIT
26398,L1HIT
