6873,MEMACC
6892,MEMACC
26497,MEMACC
26502,L1HIT
26513,MEMACC
26514,L1HIT
26515,L1HIT
26686,MEMACC
26690,MEMACC
26700,MEMACC
26712,MEMACC
26730,MEMACC
26732,L1HIT
1628,MEMACC
1632,MEMACC
1651,MEMACC
1670,MEMACC
1673,MEMACC
6153,MEMACC
23785,MEMACC
13711,MEMACC
8650,MEMACC
23649,MEMACC
32563,MEMACC
15964,MEMACC
20227,MEMACC
20228,MEMACC
20230,MEMACC
20518,MEMACC
26498,L1HIT
30179,MEMACC
14676,MEMACC
13015,MEMACC
29663,MEMACC
1121,MEMACC
3733,MEMACC
9634,MEMACC
26317,MEMACC
28887,MEMACC
19386,MEMACC
27366,MEMACC
1694,MEMACC
11574,MEMACC
13115,MEMACC
8644,MEMACC
31882,MEMACC
17780,MEMACC
4528,MEMACC
26414,MEMACC
26425,MEMACC
26426,L1HIT
8254,MEMACC
28971,MEMACC
14749,MEMACC
17707,MEMACC
11093,MEMACC
18712,MEMACC
22468,MEMACC
5088,MEMACC
15336,MEMACC
11804,MEMACC
26054,MEMACC
23446,MEMACC
10764,MEMACC
7688,MEMACC
23797,MEMACC
21799,MEMACC
4717,MEMACC
8160,MEMACC
10614,MEMACC
25314,MEMACC
21541,MEMACC
20048,MEMACC
5848,MEMACC
32676,MEMACC
28264,MEMACC
28264,L1HIT
21541,L1HIT
20048,L1HIT
5848,MEMACC
32676,MEMACC
17024,MEMACC
17040,MEMACC
17044,L1HIT
17059,MEMACC
17062,MEMACC
23610,MEMACC
14472,MEMACC
17959,MEMACC
10985,MEMACC
29744,MEMACC
14335,MEMACC
1563,MEMACC
10244,MEMACC
12303,MEMACC
18095,MEMACC
15735,MEMACC
22884,MEMACC
23531,MEMACC
4562,MEMACC
31709,MEMACC
13011,L1HIT
22363,MEMACC
32128,MEMACC
22894,MEMACC
24378,MEMACC
21926,MEMACC
7232,MEMACC
10068,MEMACC
2176,MEMACC
20728,MEMACC
17070,MEMACC
12285,MEMACC
9620,MEMACC
6308,MEMACC
25513,MEMACC
28223,MEMACC
2975,MEMACC
7890,MEMACC
4047,MEMACC
20199,MEMACC
25347,MEMACC
24338,MEMACC
1995,MEMACC
21651,MEMACC
3212,MEMACC
2321,MEMACC
12593,MEMACC
7655,MEMACC
5406,MEMACC
14784,MEMACC
357,MEMACC
17507,MEMACC
9021,MEMACC
5328,MEMACC
19120,MEMACC
17803,MEMACC
9016,L1HIT
9026,MEMACC
9028,MEMACC
9043,MEMACC
9062,MEMACC
9074,MEMACC
8989,MEMACC
19359,MEMACC
6007,MEMACC
31695,MEMACC
28480,MEMACC
21978,MEMACC
21133,MEMACC
20646,MEMACC
28294,MEMACC
31419,MEMACC
32538,MEMACC
29081,MEMACC
8433,MEMACC
25423,MEMACC
32674,MEMACC
20041,MEMACC
13351,MEMACC
29546,MEMACC
26510,MEMACC
11867,MEMACC
10274,MEMACC
10293,MEMACC
10293,MEMACC
10308,MEMACC
6424,MEMACC
24456,MEMACC
12289,MEMACC
9027,L1HIT
87,MEMACC
4187,MEMACC
7638,MEMACC
25485,MEMACC
3894,MEMACC
24179,MEMACC
20735,L1HIT
248,MEMACC
31391,MEMACC
30479,MEMACC
14777,MEMACC
3749,MEMACC
6081,MEMACC
18899,MEMACC
15814,MEMACC
24921,MEMACC
19272,MEMACC
3816,MEMACC
6654,MEMACC
17470,MEMACC
18263,MEMACC
4458,MEMACC
16418,MEMACC
12746,MEMACC
17362,MEMACC
21143,MEMACC
27766,MEMACC
31346,MEMACC
29420,MEMACC
3904,MEMACC
849,MEMACC
28216,MEMACC
13755,MEMACC
19002,MEMACC
32555,MEMACC
17507,MEMACC
29406,MEMACC
19234,MEMACC
18941,MEMACC
25680,MEMACC
7048,MEMACC
11640,MEMACC
8277,MEMACC
29497,MEMACC
16408,MEMACC
16915,MEMACC
2941,MEMACC
20766,MEMACC
7284,MEMACC
1276,MEMACC
20684,MEMACC
7948,MEMACC
4868,MEMACC
27872,MEMACC
9566,MEMACC
3058,MEMACC
5522,MEMACC
5529,MEMACC
5531,MEMACC
5533,L1HIT
14341,MEMACC
6661,MEMACC
11670,MEMACC
10102,MEMACC
5201,MEMACC
19518,MEMACC
28202,MEMACC
26381,MEMACC
27157,MEMACC
21022,MEMACC
31813,MEMACC
3244,MEMACC
4996,MEMACC
5189,MEMACC
27157,MEMACC
21022,L1HIT
31813,MEMACC
3244,MEMACC
1611,MEMACC
20243,MEMACC
17025,MEMACC
3000,MEMACC
303,MEMACC
31617,MEMACC
4835,MEMACC
28832,MEMACC
29249,MEMACC
15136,MEMACC
20409,MEMACC
28704,MEMACC
21383,MEMACC
13512,MEMACC
24640,MEMACC
13698,MEMACC
25515,L1HIT
7526,MEMACC
10707,MEMACC
8693,MEMACC
26202,MEMACC
30475,MEMACC
26640,MEMACC
10948,MEMACC
19309,MEMACC
15195,MEMACC
16710,MEMACC
8735,MEMACC
30310,MEMACC
18265,MEMACC
6774,MEMACC
1569,MEMACC
114,MEMACC
24949,MEMACC
7262,MEMACC
3977,MEMACC
2357,MEMACC
20318,MEMACC
11043,MEMACC
15510,MEMACC
16883,MEMACC
5511,MEMACC
32715,MEMACC
30743,MEMACC
21925,MEMACC
31427,MEMACC
27960,MEMACC
12205,MEMACC
15669,MEMACC
1626,L1HIT
9059,L1HIT
19944,MEMACC
1012,MEMACC
2371,MEMACC
24413,MEMACC
21404,MEMACC
31333,MEMACC
26903,MEMACC
19580,MEMACC
10180,MEMACC
10319,MEMACC
7377,MEMACC
21145,MEMACC
12876,MEMACC
1290,MEMACC
1275,MEMACC
4569,MEMACC
20162,MEMACC
22863,MEMACC
18974,MEMACC
7826,MEMACC
31548,MEMACC
20304,MEMACC
19600,MEMACC
1290,MEMACC
1275,MEMACC
4569,MEMACC
12239,MEMACC
7558,MEMACC
32319,MEMACC
15610,MEMACC
30724,MEMACC
5636,MEMACC
22642,MEMACC
32448,MEMACC
26550,MEMACC
19158,MEMACC
12741,MEMACC
23047,MEMACC
10642,MEMACC
29957,MEMACC
3204,MEMACC
27784,MEMACC
6695,MEMACC
11934,MEMACC
29730,MEMACC
17986,MEMACC
22174,MEMACC
1196,MEMACC
13942,MEMACC
31025,MEMACC
22174,L1HIT
1196,L1HIT
13942,MEMACC
31025,L1HIT
14259,MEMACC
30713,MEMACC
12847,MEMACC
21587,MEMACC
30713,MEMACC
12847,MEMACC
21587,L1HIT
3479,MEMACC
31352,MEMACC
12328,MEMACC
21974,MEMACC
26144,MEMACC
21974,MEMACC
26144,L1HIT
14717,MEMACC
1525,MEMACC
15680,MEMACC
4222,MEMACC
24224,MEMACC
3340,MEMACC
21079,MEMACC
4060,MEMACC
31005,MEMACC
15680,MEMACC
4222,MEMACC
24224,L1HIT
3340,MEMACC
23377,MEMACC
6985,MEMACC
31543,MEMACC
28988,MEMACC
6985,MEMACC
31543,MEMACC
28988,L1HIT
31657,MEMACC
21801,MEMACC
28344,MEMACC
14910,MEMACC
14927,MEMACC
14927,MEMACC
14933,MEMACC
14937,MEMACC
14944,MEMACC
25912,MEMACC
25923,MEMACC
25934,MEMACC
25947,MEMACC
29319,MEMACC
21339,MEMACC
21727,MEMACC
22176,MEMACC
25156,MEMACC
2704,MEMACC
20876,MEMACC
22176,L1HIT
25156,L1HIT
2704,L1HIT
20876,MEMACC
13188,MEMACC
29794,MEMACC
17668,MEMACC
1933,MEMACC
611,MEMACC
27829,MEMACC
355,MEMACC
3614,MEMACC
2181,MEMACC
16725,MEMACC
19936,MEMACC
16998,MEMACC
27649,MEMACC
28495,MEMACC
6390,MEMACC
22453,MEMACC
21414,MEMACC
29910,MEMACC
31588,MEMACC
7615,MEMACC
1475,MEMACC
18091,MEMACC
795,MEMACC
32428,MEMACC
29699,MEMACC
9107,MEMACC
10181,MEMACC
5947,MEMACC
20033,MEMACC
16550,MEMACC
32668,MEMACC
15180,MEMACC
1593,MEMACC
4275,MEMACC
1253,MEMACC
12352,MEMACC
19794,MEMACC
6477,MEMACC
31431,L1HIT
27516,MEMACC
9493,MEMACC
19060,MEMACC
15405,MEMACC
22758,MEMACC
4780,MEMACC
16518,MEMACC
2810,MEMACC
16333,MEMACC
12391,MEMACC
29038,MEMACC
19573,MEMACC
2076,MEMACC
6505,MEMACC
387,MEMACC
28248,MEMACC
23922,MEMACC
2338,MEMACC
4100,MEMACC
30279,MEMACC
9593,MEMACC
27186,MEMACC
5546,MEMACC
32237,MEMACC
30279,L1HIT
9593,L1HIT
27186,MEMACC
5546,L1HIT
32237,L1HIT
28230,MEMACC
5142,MEMACC
22495,MEMACC
1018,MEMACC
23412,MEMACC
5801,MEMACC
5142,MEMACC
22495,MEMACC
1018,L1HIT
23412,L1HIT
5801,MEMACC
32036,MEMACC
27260,MEMACC
17968,MEMACC
31889,MEMACC
3627,MEMACC
7345,MEMACC
1310,MEMACC
29358,MEMACC
16068,MEMACC
9274,MEMACC
7757,MEMACC
22463,MEMACC
29727,MEMACC
3172,MEMACC
16692,MEMACC
6287,MEMACC
18877,MEMACC
29096,MEMACC
15116,MEMACC
8481,MEMACC
26800,MEMACC
2739,MEMACC
25826,MEMACC
26602,MEMACC
7395,MEMACC
7396,L1HIT
19169,MEMACC
19179,MEMACC
13692,MEMACC
13706,MEMACC
12133,MEMACC
2414,MEMACC
23286,MEMACC
26655,MEMACC
19283,MEMACC
29126,MEMACC
19647,MEMACC
23286,L1HIT
26655,MEMACC
19283,MEMACC
26655,MEMACC
19283,MEMACC
29126,L1HIT
19647,L1HIT
26216,MEMACC
15871,MEMACC
11925,MEMACC
28977,MEMACC
23771,MEMACC
31991,MEMACC
11440,MEMACC
17025,L1HIT
25333,MEMACC
25333,L1HIT
25349,MEMACC
9344,MEMACC
14575,MEMACC
18137,MEMACC
11418,MEMACC
25572,MEMACC
16242,MEMACC
12160,MEMACC
30217,MEMACC
32725,MEMACC
15590,MEMACC
215,MEMACC
7181,MEMACC
18137,L1HIT
11418,MEMACC
25572,MEMACC
16242,MEMACC
17241,MEMACC
765,MEMACC
9761,MEMACC
18013,MEMACC
5639,MEMACC
30462,MEMACC
5083,MEMACC
17396,MEMACC
9991,MEMACC
5639,MEMACC
25033,MEMACC
8965,MEMACC
29856,MEMACC
29867,MEMACC
21762,MEMACC
22351,MEMACC
13158,MEMACC
27404,MEMACC
28172,MEMACC
10484,MEMACC
32485,MEMACC
11943,MEMACC
26018,MEMACC
6002,MEMACC
10020,MEMACC
5992,MEMACC
24884,MEMACC
19636,MEMACC
18037,MEMACC
15149,MEMACC
5782,MEMACC
9771,MEMACC
26316,L1HIT
15513,MEMACC
32031,MEMACC
27760,MEMACC
31221,MEMACC
2317,MEMACC
19026,MEMACC
22259,MEMACC
17913,MEMACC
15285,MEMACC
30320,MEMACC
1109,MEMACC
23433,MEMACC
7743,MEMACC
29274,MEMACC
20187,MEMACC
13864,MEMACC
32189,MEMACC
2800,MEMACC
1418,MEMACC
4594,MEMACC
5333,L1HIT
16038,MEMACC
15285,MEMACC
6382,MEMACC
6390,MEMACC
6395,MEMACC
6406,MEMACC
9430,MEMACC
23836,MEMACC
4309,MEMACC
16259,MEMACC
28116,MEMACC
18100,MEMACC
4309,L1HIT
16259,L1HIT
28116,L1HIT
2181,L1HIT
1872,MEMACC
7083,MEMACC
9771,L1HIT
8352,MEMACC
17340,MEMACC
11071,MEMACC
31030,L1HIT
27239,MEMACC
8033,MEMACC
18103,L1HIT
8033,L1HIT
18103,L1HIT
16439,MEMACC
4229,MEMACC
3603,MEMACC
30719,MEMACC
8985,MEMACC
11653,MEMACC
156,MEMACC
6819,MEMACC
10057,MEMACC
25871,MEMACC
1802,MEMACC
32161,MEMACC
31030,L1HIT
27239,L1HIT
8033,L1HIT
18103,L1HIT
16439,L1HIT
4229,L1HIT
3603,L1HIT
30719,MEMACC
8985,MEMACC
2860,MEMACC
2866,MEMACC
2884,MEMACC
22681,MEMACC
15138,MEMACC
29823,MEMACC
1446,MEMACC
10789,MEMACC
14607,MEMACC
16285,MEMACC
4872,MEMACC
26631,MEMACC
23482,MEMACC
27638,MEMACC
23336,MEMACC
23482,L1HIT
27638,MEMACC
27006,MEMACC
27023,MEMACC
27034,MEMACC
27049,MEMACC
27055,L1HIT
27070,MEMACC
17947,MEMACC
17697,MEMACC
7973,MEMACC
6893,MEMACC
28748,MEMACC
18200,MEMACC
25325,MEMACC
2561,MEMACC
26514,L1HIT
28332,MEMACC
10344,MEMACC
28877,MEMACC
32755,MEMACC
18722,MEMACC
18432,MEMACC
21510,MEMACC
5339,MEMACC
17988,L1HIT
12483,MEMACC
9257,MEMACC
11997,MEMACC
12003,MEMACC
12004,L1HIT
12008,MEMACC
12018,MEMACC
596,MEMACC
612,L1HIT
622,MEMACC
633,MEMACC
19120,MEMACC
62,MEMACC
2759,MEMACC
25875,MEMACC
27490,MEMACC
24919,MEMACC
30778,MEMACC
24626,MEMACC
1130,MEMACC
20794,MEMACC
7378,L1HIT
19957,MEMACC
31166,MEMACC
14488,MEMACC
13251,MEMACC
14357,MEMACC
16362,MEMACC
13653,MEMACC
30481,MEMACC
15810,MEMACC
