10085,MEMACC
10094,L1HIT
10098,L1HIT
22186,MEMACC
462,MEMACC
11431,MEMACC
6223,MEMACC
7661,MEMACC
2368,MEMACC
6268,L1HIT
21549,MEMACC
18163,MEMACC
7250,MEMACC
9974,MEMACC
4629,MEMACC
24274,MEMACC
5587,MEMACC
5732,MEMACC
30687,MEMACC
22327,MEMACC
31176,MEMACC
14316,MEMACC
29915,MEMACC
18921,MEMACC
18927,L1HIT
22274,MEMACC
7139,MEMACC
9052,MEMACC
21780,MEMACC
8575,MEMACC
17488,MEMACC
31635,MEMACC
24721,MEMACC
14578,MEMACC
2479,MEMACC
17106,MEMACC
21027,MEMACC
7205,MEMACC
5649,L1HIT
20669,MEMACC
902,MEMACC
24500,MEMACC
30718,MEMACC
9483,MEMACC
22313,MEMACC
16110,MEMACC
26630,MEMACC
15537,MEMACC
10881,MEMACC
26577,MEMACC
15119,MEMACC
1397,MEMACC
29853,L1HIT
6537,MEMACC
22808,MEMACC
2307,MEMACC
26066,MEMACC
12651,MEMACC
1832,MEMACC
6554,L1HIT
28514,MEMACC
8130,MEMACC
21722,L1HIT
18606,MEMACC
23393,MEMACC
11486,L1HIT
11490,L1HIT
4818,MEMACC
3669,MEMACC
29458,MEMACC
28249,MEMACC
2085,MEMACC
6534,L1HIT
2085,L1HIT
6534,L1HIT
32643,MEMACC
13758,MEMACC
8108,MEMACC
15393,MEMACC
4818,L1HIT
3669,L1HIT
29458,L1HIT
6735,MEMACC
24010,MEMACC
1817,MEMACC
29003,MEMACC
5988,MEMACC
28554,MEMACC
31945,MEMACC
13301,MEMACC
29791,L1HIT
7041,L1HIT
13009,MEMACC
29014,L1HIT
22196,MEMACC
5064,MEMACC
21783,L1HIT
25994,MEMACC
5211,MEMACC
24350,L1HIT
10565,MEMACC
21648,L1HIT
17252,MEMACC
17256,L1HIT
17271,L1HIT
17274,L1HIT
6394,L1HIT
7398,MEMACC
13675,MEMACC
8616,L1HIT
28737,MEMACC
20527,L1HIT
3336,MEMACC
14985,MEMACC
29031,L1HIT
20402,MEMACC
16722,MEMACC
31076,MEMACC
2944,MEMACC
19504,MEMACC
6688,L1HIT
32206,MEMACC
15304,MEMACC
5554,L1HIT
6318,L1HIT
3039,L1HIT
18944,MEMACC
6683,L1HIT
17077,MEMACC
18810,L1HIT
4907,L1HIT
2540,L1HIT
25327,MEMACC
26251,MEMACC
30212,MEMACC
9351,MEMACC
9523,MEMACC
7705,MEMACC
12450,MEMACC
18873,L1HIT
8360,MEMACC
16785,L1HIT
10464,MEMACC
24369,L1HIT
16764,L1HIT
16260,MEMACC
1495,L1HIT
8927,MEMACC
26358,L1HIT
12714,MEMACC
8927,MEMACC
26358,L1HIT
12714,L1HIT
7054,L1HIT
9138,L1HIT
31111,L1HIT
27503,MEMACC
28142,MEMACC
31999,L1HIT
4702,L1HIT
913,L1HIT
922,L1HIT
922,L1HIT
940,L1HIT
950,L1HIT
967,L1HIT
32186,L1HIT
22551,MEMACC
22558,MEMACC
22572,L1HIT
22583,L1HIT
22600,L1HIT
22617,L1HIT
9641,MEMACC
13728,MEMACC
8270,L1HIT
3566,L1HIT
20670,L1HIT
13911,MEMACC
27566,MEMACC
22748,L1HIT
13309,MEMACC
9955,MEMACC
2375,L1HIT
9641,MEMACC
13728,L1HIT
8270,L1HIT
3566,L1HIT
20670,L1HIT
9955,MEMACC
2375,L1HIT
9641,MEMACC
27513,MEMACC
16093,MEMACC
1390,L1HIT
16245,MEMACC
7658,L1HIT
7674,L1HIT
16787,L1HIT
10947,MEMACC
24654,MEMACC
6754,L1HIT
29034,L1HIT
30208,L1HIT
14749,MEMACC
21918,L1HIT
11158,MEMACC
12546,L1HIT
27104,MEMACC
4279,MEMACC
8202,L1HIT
20565,L1HIT
30469,L1HIT
22019,L1HIT
10445,MEMACC
25401,MEMACC
30539,L1HIT
25291,L1HIT
4410,MEMACC
16104,L1HIT
8637,L1HIT
13029,L1HIT
18650,MEMACC
16613,MEMACC
28096,MEMACC
13029,L1HIT
18650,L1HIT
16613,L1HIT
28096,MEMACC
15421,MEMACC
17940,MEMACC
3152,MEMACC
7664,L1HIT
1218,MEMACC
4410,L1HIT
16104,L1HIT
16613,L1HIT
28096,MEMACC
15421,MEMACC
17940,MEMACC
3152,L1HIT
7664,L1HIT
21683,L1HIT
2922,L1HIT
2932,L1HIT
2934,L1HIT
11130,MEMACC
11134,L1HIT
11141,L1HIT
11145,L1HIT
11149,L1HIT
31683,MEMACC
5115,L1HIT
26885,MEMACC
22707,L1HIT
23834,L1HIT
31972,L1HIT
12053,MEMACC
22707,L1HIT
23834,L1HIT
31972,L1HIT
12053,L1HIT
21992,L1HIT
20918,MEMACC
646,MEMACC
1133,L1HIT
21663,L1HIT
4754,L1HIT
1133,L1HIT
21663,L1HIT
26702,MEMACC
283,MEMACC
17148,MEMACC
5188,L1HIT
402,MEMACC
31683,MEMACC
5115,L1HIT
26885,MEMACC
22707,L1HIT
25343,L1HIT
25343,L1HIT
25360,L1HIT
25363,L1HIT
3590,L1HIT
18297,MEMACC
30019,MEMACC
17031,L1HIT
2791,MEMACC
9242,MEMACC
8714,MEMACC
3590,L1HIT
18297,L1HIT
30019,L1HIT
17031,L1HIT
30019,L1HIT
17031,L1HIT
2791,L1HIT
14736,L1HIT
31180,L1HIT
3313,L1HIT
30940,MEMACC
5445,L1HIT
17789,MEMACC
6608,L1HIT
31126,L1HIT
504,L1HIT
6517,L1HIT
23510,L1HIT
28291,MEMACC
18616,L1HIT
5445,L1HIT
17789,MEMACC
6608,L1HIT
31126,L1HIT
9684,MEMACC
26358,L1HIT
13397,MEMACC
20448,L1HIT
16123,L1HIT
9797,MEMACC
1195,L1HIT
20448,L1HIT
17835,MEMACC
8375,L1HIT
5312,L1HIT
21847,L1HIT
17299,L1HIT
609,MEMACC
28249,MEMACC
7493,L1HIT
27315,MEMACC
590,MEMACC
7635,L1HIT
7135,L1HIT
3836,L1HIT
17053,L1HIT
4363,L1HIT
2373,L1HIT
19164,MEMACC
28601,MEMACC
27880,MEMACC
27357,L1HIT
22742,L1HIT
23615,MEMACC
1092,L1HIT
11002,MEMACC
30915,MEMACC
25562,L1HIT
5411,L1HIT
9408,MEMACC
29682,L1HIT
22344,L1HIT
6975,L1HIT
32426,MEMACC
7390,L1HIT
29827,L1HIT
29444,L1HIT
2959,L1HIT
8450,L1HIT
21902,L1HIT
26735,MEMACC
6750,L1HIT
5808,L1HIT
3638,L1HIT
23136,MEMACC
29231,MEMACC
2038,MEMACC
7683,MEMACC
4513,L1HIT
22292,L1HIT
13943,L1HIT
6320,L1HIT
11471,L1HIT
12691,L1HIT
14839,L1HIT
15623,MEMACC
21994,L1HIT
11757,MEMACC
31967,L1HIT
500,L1HIT
16694,L1HIT
27340,L1HIT
14839,L1HIT
15623,MEMACC
21994,L1HIT
66,MEMACC
10888,MEMACC
3511,L1HIT
28254,L1HIT
2784,L1HIT
15765,MEMACC
17301,L1HIT
29411,MEMACC
8920,MEMACC
24832,MEMACC
7625,L1HIT
6061,MEMACC
16585,L1HIT
31221,L1HIT
6110,L1HIT
2483,L1HIT
30297,L1HIT
3156,L1HIT
25015,MEMACC
27870,L1HIT
9158,L1HIT
18441,L1HIT
2190,L1HIT
2140,L1HIT
12629,L1HIT
27867,L1HIT
17427,MEMACC
8961,L1HIT
23995,L1HIT
20493,L1HIT
29492,L1HIT
25258,L1HIT
20500,L1HIT
10190,L1HIT
29356,MEMACC
9955,L1HIT
26948,MEMACC
2341,L1HIT
5287,L1HIT
4171,L1HIT
29667,L1HIT
19789,MEMACC
8063,L1HIT
7641,L1HIT
23882,L1HIT
8063,L1HIT
4215,L1HIT
4220,L1HIT
21068,L1HIT
19952,MEMACC
31373,MEMACC
6406,L1HIT
3724,L1HIT
4110,L1HIT
29279,MEMACC
3181,L1HIT
17459,MEMACC
25689,MEMACC
1938,MEMACC
4158,L1HIT
5601,L1HIT
16224,L1HIT
30765,MEMACC
8131,L1HIT
3623,L1HIT
23880,L1HIT
9836,L1HIT
7192,L1HIT
22024,L1HIT
24802,L1HIT
2452,L1HIT
7977,L1HIT
25600,MEMACC
2948,L1HIT
21286,MEMACC
26673,L1HIT
10560,MEMACC
2141,L1HIT
15117,MEMACC
4061,MEMACC
15652,L1HIT
23326,L1HIT
2952,L1HIT
9055,L1HIT
3964,MEMACC
13085,MEMACC
14233,L1HIT
16079,L1HIT
13853,L1HIT
4960,L1HIT
22880,MEMACC
347,L1HIT
18254,L1HIT
3232,L1HIT
20227,L1HIT
13157,MEMACC
11647,L1HIT
20671,L1HIT
11938,MEMACC
3144,L1HIT
5035,L1HIT
908,L1HIT
31665,MEMACC
31905,L1HIT
31110,L1HIT
27829,L1HIT
1330,L1HIT
15044,MEMACC
8747,MEMACC
27249,L1HIT
29321,L1HIT
9379,L1HIT
3360,L1HIT
4703,L1HIT
7094,L1HIT
10570,L1HIT
11181,L1HIT
8553,L1HIT
29154,L1HIT
30764,MEMACC
1492,L1HIT
9387,L1HIT
22537,L1HIT
24879,MEMACC
26541,MEMACC
31613,L1HIT
28973,L1HIT
25059,MEMACC
21572,L1HIT
15903,L1HIT
31613,L1HIT
28973,L1HIT
25059,MEMACC
22601,L1HIT
31842,L1HIT
3463,L1HIT
9064,L1HIT
7055,L1HIT
8396,L1HIT
27948,MEMACC
911,L1HIT
19013,L1HIT
14121,L1HIT
16915,L1HIT
29908,L1HIT
29920,L1HIT
1052,L1HIT
12510,MEMACC
2127,L1HIT
32619,MEMACC
826,L1HIT
23097,L1HIT
6711,L1HIT
7686,MEMACC
422,L1HIT
8405,L1HIT
13105,L1HIT
14923,L1HIT
22869,L1HIT
11097,L1HIT
5149,L1HIT
10523,L1HIT
31537,L1HIT
3840,L1HIT
272,L1HIT
31788,L1HIT
24602,L1HIT
21969,L1HIT
14982,L1HIT
12000,L1HIT
4746,L1HIT
27229,L1HIT
26887,MEMACC
13771,L1HIT
10822,L1HIT
18275,L1HIT
25311,L1HIT
23060,L1HIT
15322,MEMACC
10952,L1HIT
533,MEMACC
23273,L1HIT
15589,MEMACC
23587,L1HIT
6144,L1HIT
18796,L1HIT
20802,MEMACC
13775,L1HIT
5428,L1HIT
23617,L1HIT
8868,L1HIT
17666,L1HIT
26827,L1HIT
32692,L1HIT
20478,L1HIT
28655,MEMACC
22063,L1HIT
28131,L1HIT
21686,L1HIT
23102,L1HIT
21330,L1HIT
10576,L1HIT
3178,L1HIT
10604,L1HIT
1689,MEMACC
2194,L1HIT
23884,L1HIT
25440,L1HIT
14038,L1HIT
28474,L1HIT
30849,MEMACC
5748,L1HIT
1113,L1HIT
6929,L1HIT
30982,L1HIT
17048,L1HIT
1776,L1HIT
29789,L1HIT
8359,L1HIT
3329,L1HIT
2689,L1HIT
2876,L1HIT
3461,L1HIT
31194,L1HIT
20871,L1HIT
15108,MEMACC
21521,L1HIT
6629,L1HIT
32415,MEMACC
22202,L1HIT
9828,L1HIT
6750,L1HIT
7057,L1HIT
361,L1HIT
24612,L1HIT
6767,L1HIT
10492,MEMACC
24664,L1HIT
18982,L1HIT
24802,L1HIT
32415,L1HIT
1881,MEMACC
1881,MEMACC
8587,L1HIT
13917,L1HIT
7563,L1HIT
22238,L1HIT
15271,L1HIT
18438,L1HIT
7072,L1HIT
23899,L1HIT
1881,MEMACC
8587,L1HIT
13917,L1HIT
7563,L1HIT
22238,L1HIT
5942,L1HIT
5946,L1HIT
5955,L1HIT
12891,L1HIT
744,MEMACC
20108,MEMACC
14871,L1HIT
9550,MEMACC
18123,MEMACC
18367,L1HIT
26302,L1HIT
8708,L1HIT
11480,L1HIT
20715,L1HIT
9204,L1HIT
31439,L1HIT
3815,L1HIT
12221,L1HIT
27070,MEMACC
5332,L1HIT
4168,L1HIT
24306,L1HIT
11733,L1HIT
23100,L1HIT
23116,L1HIT
23129,L1HIT
29753,L1HIT
29757,L1HIT
29773,L1HIT
29784,L1HIT
29803,L1HIT
29817,L1HIT
9827,L1HIT
9829,L1HIT
9848,L1HIT
9866,L1HIT
9869,L1HIT
9881,L1HIT
9886,L1HIT
30089,L1HIT
30102,L1HIT
30110,L1HIT
30128,L1HIT
30146,L1HIT
30147,L1HIT
6716,L1HIT
27744,L1HIT
27109,L1HIT
20020,MEMACC
10061,L1HIT
17551,MEMACC
27866,L1HIT
7848,L1HIT
29202,L1HIT
13279,L1HIT
18948,L1HIT
13638,L1HIT
24803,L1HIT
14433,MEMACC
31989,L1HIT
24362,L1HIT
18091,MEMACC
16728,L1HIT
7186,L1HIT
31457,L1HIT
20755,L1HIT
13550,MEMACC
5297,L1HIT
7869,L1HIT
8584,L1HIT
5190,L1HIT
12957,L1HIT
768,L1HIT
27390,L1HIT
27605,L1HIT
6266,L1HIT
6992,L1HIT
1204,L1HIT
4712,L1HIT
3807,L1HIT
19441,MEMACC
7192,L1HIT
1702,L1HIT
5776,L1HIT
24779,L1HIT
1608,L1HIT
22288,L1HIT
10008,L1HIT
10937,L1HIT
8182,L1HIT
29436,L1HIT
16245,L1HIT
23978,L1HIT
24972,MEMACC
25241,L1HIT
28963,L1HIT
17317,L1HIT
20944,L1HIT
25578,L1HIT
20665,L1HIT
29586,L1HIT
25607,MEMACC
962,L1HIT
23703,L1HIT
22487,L1HIT
24924,MEMACC
23536,L1HIT
14846,L1HIT
25772,L1HIT
11463,L1HIT
7221,L1HIT
29632,L1HIT
16509,L1HIT
3351,L1HIT
27332,L1HIT
14442,L1HIT
17772,L1HIT
7377,L1HIT
5766,L1HIT
1223,L1HIT
32188,L1HIT
10993,L1HIT
5524,L1HIT
23964,L1HIT
31567,L1HIT
26042,L1HIT
3602,L1HIT
24358,L1HIT
10563,L1HIT
26160,L1HIT
24118,L1HIT
15957,L1HIT
28937,L1HIT
22094,L1HIT
19789,MEMACC
19799,L1HIT
3057,L1HIT
32672,L1HIT
6315,L1HIT
17317,L1HIT
29454,L1HIT
27995,L1HIT
27998,L1HIT
27998,L1HIT
28002,L1HIT
28004,L1HIT
3937,L1HIT
5876,L1HIT
29181,L1HIT
21950,L1HIT
11773,L1HIT
17060,L1HIT
11907,L1HIT
8801,L1HIT
18143,L1HIT
23932,L1HIT
16848,L1HIT
7126,L1HIT
11068,L1HIT
23317,L1HIT
9098,L1HIT
14011,L1HIT
13690,L1HIT
14141,L1HIT
14160,L1HIT
14164,L1HIT
