16614,MEMACC
1089,MEMACC
20995,MEMACC
14389,MEMACC
32761,MEMACC
31837,MEMACC
234,MEMACC
17800,MEMACC
27312,MEMACC
10245,MEMACC
16580,MEMACC
29870,MEMACC
6494,MEMACC
10022,MEMACC
7646,MEMACC
2398,MEMACC
27243,MEMACC
12382,MEMACC
4314,MEMACC
13890,MEMACC
21890,MEMACC
26412,MEMACC
18807,MEMACC
7839,MEMACC
6171,MEMACC
31645,MEMACC
10513,MEMACC
29049,MEMACC
19941,MEMACC
16076,MEMACC
8084,MEMACC
22294,MEMACC
21839,MEMACC
4008,MEMACC
30844,MEMACC
5057,MEMACC
6654,MEMACC
25591,MEMACC
27830,MEMACC
25816,MEMACC
16594,MEMACC
24356,MEMACC
8528,MEMACC
5822,MEMACC
806,MEMACC
26909,MEMACC
10799,MEMACC
28828,MEMACC
30772,L1HIT
14059,MEMACC
11024,MEMACC
1111,MEMACC
17938,MEMACC
13388,MEMACC
10915,MEMACC
13080,MEMACC
9257,MEMACC
2289,MEMACC
27435,MEMACC
5690,MEMACC
13262,MEMACC
18504,MEMACC
7576,L1HIT
21768,MEMACC
791,L1HIT
12359,L1HIT
6465,L1HIT
1132,L1HIT
20906,MEMACC
25858,MEMACC
6910,MEMACC
13262,L1HIT
11585,MEMACC
1610,MEMACC
29898,MEMACC
1132,L1HIT
20906,L1HIT
25858,MEMACC
6910,MEMACC
13262,L1HIT
22473,MEMACC
22487,MEMACC
27199,L1HIT
23445,MEMACC
13519,MEMACC
32000,MEMACC
10145,MEMACC
13771,MEMACC
21103,L1HIT
18724,MEMACC
29821,MEMACC
26636,MEMACC
31611,MEMACC
18270,MEMACC
27053,MEMACC
22285,MEMACC
26441,MEMACC
32429,MEMACC
801,L1HIT
821,L1HIT
26241,MEMACC
31235,MEMACC
23985,MEMACC
26865,MEMACC
23019,MEMACC
4999,L1HIT
23019,MEMACC
4999,L1HIT
27936,MEMACC
27553,MEMACC
5318,MEMACC
5363,L1HIT
18975,MEMACC
25466,MEMACC
5968,MEMACC
26900,MEMACC
15140,MEMACC
20379,MEMACC
8064,L1HIT
31346,L1HIT
652,MEMACC
3180,MEMACC
24664,MEMACC
28091,MEMACC
19275,MEMACC
29074,MEMACC
19138,MEMACC
18918,MEMACC
3321,MEMACC
26738,MEMACC
28719,MEMACC
28925,L1HIT
9989,L1HIT
8415,MEMACC
31784,L1HIT
20418,L1HIT
5529,MEMACC
10077,L1HIT
19997,MEMACC
12090,MEMACC
15144,L1HIT
28070,MEMACC
29895,L1HIT
8744,MEMACC
19469,MEMACC
28931,MEMACC
19259,MEMACC
2007,MEMACC
22395,MEMACC
12132,L1HIT
13926,L1HIT
11983,MEMACC
8324,MEMACC
13423,L1HIT
17153,MEMACC
12971,MEMACC
23266,MEMACC
27220,L1HIT
13032,MEMACC
12880,MEMACC
4911,MEMACC
2492,MEMACC
25424,L1HIT
11202,MEMACC
24157,MEMACC
1959,L1HIT
9822,MEMACC
19790,MEMACC
21746,MEMACC
8958,MEMACC
32570,MEMACC
26724,MEMACC
12530,MEMACC
10972,MEMACC
8929,MEMACC
12012,L1HIT
12404,L1HIT
25387,L1HIT
31165,MEMACC
22088,MEMACC
15981,MEMACC
10099,L1HIT
26774,MEMACC
10478,MEMACC
26774,L1HIT
10478,MEMACC
11575,L1HIT
10399,MEMACC
22183,MEMACC
15293,MEMACC
1842,MEMACC
7668,L1HIT
16398,MEMACC
8010,MEMACC
6058,MEMACC
205,MEMACC
1930,L1HIT
14652,MEMACC
30361,MEMACC
29189,MEMACC
15809,MEMACC
20591,MEMACC
23225,L1HIT
24345,MEMACC
17694,MEMACC
11171,MEMACC
6598,L1HIT
4177,MEMACC
4196,L1HIT
4204,L1HIT
4218,L1HIT
30019,MEMACC
30036,MEMACC
30036,L1HIT
30042,L1HIT
30043,L1HIT
30048,L1HIT
30057,L1HIT
26469,L1HIT
26482,L1HIT
26491,L1HIT
26492,L1HIT
26492,L1HIT
25367,L1HIT
25381,L1HIT
28982,MEMACC
25868,MEMACC
29504,MEMACC
27772,MEMACC
6364,MEMACC
9220,MEMACC
28441,MEMACC
8018,L1HIT
13882,L1HIT
10458,MEMACC
21862,MEMACC
29477,MEMACC
13985,MEMACC
29804,L1HIT
7931,MEMACC
8293,MEMACC
22279,L1HIT
29789,L1HIT
14223,MEMACC
2439,L1HIT
8596,MEMACC
8602,MEMACC
8614,MEMACC
8626,L1HIT
8641,L1HIT
19336,MEMACC
19804,MEMACC
17106,MEMACC
6641,L1HIT
26720,MEMACC
30669,MEMACC
15557,MEMACC
14680,L1HIT
20940,L1HIT
3049,MEMACC
13732,L1HIT
5689,L1HIT
9454,MEMACC
23320,MEMACC
8981,MEMACC
13406,L1HIT
27870,MEMACC
31269,L1HIT
31040,MEMACC
10805,MEMACC
31861,L1HIT
25315,MEMACC
11225,MEMACC
32211,MEMACC
3054,L1HIT
32329,MEMACC
11096,MEMACC
28387,MEMACC
29730,L1HIT
14908,MEMACC
31110,L1HIT
3378,MEMACC
11063,MEMACC
25775,MEMACC
3378,L1HIT
11063,L1HIT
20064,MEMACC
10407,MEMACC
16034,L1HIT
641,MEMACC
24641,L1HIT
28358,L1HIT
16018,L1HIT
23417,L1HIT
203,L1HIT
15286,L1HIT
22015,MEMACC
29507,L1HIT
23888,MEMACC
8295,L1HIT
24160,L1HIT
14335,MEMACC
26120,MEMACC
10190,MEMACC
6989,MEMACC
29461,L1HIT
743,MEMACC
24892,MEMACC
19309,MEMACC
14992,MEMACC
17916,L1HIT
25071,MEMACC
30831,L1HIT
8509,L1HIT
9622,MEMACC
25858,MEMACC
28420,L1HIT
10851,L1HIT
24892,MEMACC
19309,L1HIT
14992,MEMACC
17916,L1HIT
25071,MEMACC
30831,L1HIT
22061,L1HIT
29548,L1HIT
8509,L1HIT
9622,L1HIT
25858,L1HIT
3438,L1HIT
11943,L1HIT
4122,L1HIT
30072,L1HIT
17219,MEMACC
16251,MEMACC
10394,MEMACC
23955,L1HIT
26291,L1HIT
28303,L1HIT
29543,L1HIT
31913,MEMACC
15735,MEMACC
5203,MEMACC
6513,L1HIT
14388,L1HIT
30168,MEMACC
22125,L1HIT
6783,MEMACC
8992,L1HIT
31795,L1HIT
17832,L1HIT
14929,MEMACC
644,MEMACC
4914,L1HIT
475,MEMACC
28957,MEMACC
8906,L1HIT
25515,MEMACC
26200,MEMACC
3533,MEMACC
28065,MEMACC
13584,MEMACC
9013,L1HIT
22048,L1HIT
5051,L1HIT
25227,MEMACC
14810,MEMACC
3016,L1HIT
16729,MEMACC
1412,MEMACC
14571,MEMACC
20178,MEMACC
19430,L1HIT
5062,L1HIT
19620,MEMACC
16659,MEMACC
14618,L1HIT
19715,L1HIT
1920,L1HIT
6681,L1HIT
15884,L1HIT
27894,MEMACC
14337,L1HIT
31097,MEMACC
15336,L1HIT
19242,L1HIT
18205,L1HIT
3289,MEMACC
12942,L1HIT
699,L1HIT
15397,MEMACC
12586,MEMACC
11093,L1HIT
4109,L1HIT
28545,MEMACC
13066,MEMACC
5312,L1HIT
20596,L1HIT
3762,MEMACC
9286,MEMACC
8090,L1HIT
3645,MEMACC
6852,MEMACC
6402,L1HIT
9691,L1HIT
9710,L1HIT
9711,L1HIT
9723,L1HIT
148,L1HIT
29939,L1HIT
961,MEMACC
21648,MEMACC
12364,L1HIT
21195,MEMACC
23979,L1HIT
4239,MEMACC
11890,MEMACC
13969,MEMACC
8292,L1HIT
12328,L1HIT
8013,L1HIT
3823,L1HIT
7455,MEMACC
21664,MEMACC
7406,MEMACC
30003,L1HIT
12225,MEMACC
31371,MEMACC
4486,MEMACC
29028,MEMACC
7406,MEMACC
30003,L1HIT
12225,MEMACC
31371,L1HIT
4486,MEMACC
29028,L1HIT
32555,MEMACC
31888,L1HIT
8193,L1HIT
5041,L1HIT
27203,L1HIT
27218,L1HIT
27223,L1HIT
27224,L1HIT
5613,L1HIT
7335,MEMACC
17209,MEMACC
15765,MEMACC
5613,L1HIT
7335,L1HIT
17209,MEMACC
15765,MEMACC
29035,L1HIT
24663,L1HIT
10905,L1HIT
5613,L1HIT
7335,L1HIT
17209,MEMACC
15765,MEMACC
29035,L1HIT
24663,L1HIT
31936,L1HIT
5613,L1HIT
23838,MEMACC
24858,MEMACC
28060,L1HIT
23682,MEMACC
2105,MEMACC
31936,L1HIT
5613,L1HIT
7335,L1HIT
25766,L1HIT
23000,MEMACC
28856,L1HIT
1562,L1HIT
19650,MEMACC
5865,MEMACC
5865,L1HIT
15650,L1HIT
5427,MEMACC
16600,L1HIT
7058,MEMACC
2024,L1HIT
8141,L1HIT
5865,L1HIT
15650,L1HIT
5427,L1HIT
16600,L1HIT
25855,L1HIT
14470,MEMACC
23042,MEMACC
16281,MEMACC
3189,L1HIT
17104,L1HIT
22108,L1HIT
30735,L1HIT
7490,L1HIT
3189,L1HIT
17104,L1HIT
22108,L1HIT
30735,L1HIT
16310,L1HIT
10442,L1HIT
26163,MEMACC
26036,MEMACC
10964,L1HIT
20427,L1HIT
11950,L1HIT
28905,L1HIT
8079,L1HIT
25431,L1HIT
22836,MEMACC
18662,MEMACC
13570,L1HIT
14395,L1HIT
503,L1HIT
5227,L1HIT
14559,MEMACC
712,L1HIT
16587,L1HIT
29434,MEMACC
22463,MEMACC
29611,MEMACC
29615,L1HIT
29622,L1HIT
9894,MEMACC
9898,L1HIT
9907,L1HIT
27987,MEMACC
9081,L1HIT
4274,L1HIT
13616,L1HIT
5008,L1HIT
27328,L1HIT
29745,L1HIT
8793,MEMACC
29822,L1HIT
16907,MEMACC
206,L1HIT
27987,MEMACC
9081,L1HIT
4274,L1HIT
18136,MEMACC
16662,L1HIT
21343,MEMACC
3385,L1HIT
26676,MEMACC
9777,MEMACC
4908,L1HIT
19992,L1HIT
6598,L1HIT
32248,L1HIT
523,MEMACC
21974,L1HIT
8888,L1HIT
19951,MEMACC
32415,MEMACC
3393,L1HIT
28491,L1HIT
2381,L1HIT
25315,L1HIT
21276,L1HIT
13696,L1HIT
13702,L1HIT
13718,L1HIT
13723,L1HIT
13723,L1HIT
24985,MEMACC
28408,L1HIT
31172,L1HIT
15801,MEMACC
15071,MEMACC
11158,L1HIT
18416,MEMACC
10470,L1HIT
29230,MEMACC
24501,MEMACC
31764,L1HIT
12146,L1HIT
4788,MEMACC
4328,L1HIT
29006,L1HIT
30320,MEMACC
25377,L1HIT
31844,L1HIT
6017,L1HIT
32214,L1HIT
24962,MEMACC
4564,MEMACC
13058,L1HIT
28423,L1HIT
23617,MEMACC
25905,L1HIT
4914,L1HIT
31734,MEMACC
20418,L1HIT
14023,MEMACC
24075,L1HIT
22710,MEMACC
24778,MEMACC
6792,L1HIT
22547,MEMACC
1804,MEMACC
67,MEMACC
29100,L1HIT
7479,L1HIT
15170,L1HIT
22829,L1HIT
22847,L1HIT
12562,L1HIT
32514,MEMACC
27095,MEMACC
9263,L1HIT
21952,L1HIT
25761,L1HIT
3564,MEMACC
28806,L1HIT
779,L1HIT
21952,L1HIT
25761,L1HIT
3564,L1HIT
28806,L1HIT
779,L1HIT
30255,L1HIT
20244,MEMACC
20577,L1HIT
20028,L1HIT
21178,MEMACC
10182,MEMACC
16671,L1HIT
32551,MEMACC
10516,L1HIT
25006,L1HIT
13060,L1HIT
28859,L1HIT
28131,L1HIT
10878,L1HIT
32274,L1HIT
12289,L1HIT
13187,L1HIT
11369,MEMACC
19229,L1HIT
16761,L1HIT
24418,MEMACC
7511,L1HIT
7571,L1HIT
7578,L1HIT
12799,MEMACC
2402,L1HIT
25966,L1HIT
30269,L1HIT
14207,MEMACC
17236,MEMACC
27858,L1HIT
26613,MEMACC
12739,L1HIT
17137,L1HIT
10313,MEMACC
14240,MEMACC
3358,L1HIT
7206,MEMACC
14369,L1HIT
23797,MEMACC
31736,L1HIT
31123,L1HIT
10489,L1HIT
16030,L1HIT
23362,L1HIT
9983,L1HIT
23319,L1HIT
17560,MEMACC
7803,MEMACC
19756,L1HIT
22319,L1HIT
3100,L1HIT
5191,L1HIT
14027,L1HIT
30841,L1HIT
23362,L1HIT
9983,L1HIT
23319,L1HIT
24248,MEMACC
3878,MEMACC
18459,L1HIT
16599,L1HIT
22358,L1HIT
19245,L1HIT
14027,L1HIT
20691,MEMACC
24845,MEMACC
23624,L1HIT
24248,MEMACC
3878,L1HIT
18459,L1HIT
16599,L1HIT
22358,L1HIT
27415,MEMACC
27422,L1HIT
27431,L1HIT
27444,L1HIT
13460,L1HIT
8428,L1HIT
26951,L1HIT
24609,L1HIT
17200,MEMACC
28626,MEMACC
4064,L1HIT
23655,L1HIT
28142,L1HIT
13460,L1HIT
8428,L1HIT
26951,L1HIT
18447,L1HIT
11678,MEMACC
12006,L1HIT
3353,L1HIT
27203,L1HIT
26602,L1HIT
12723,L1HIT
706,L1HIT
21434,MEMACC
2515,L1HIT
14258,MEMACC
17887,L1HIT
18447,L1HIT
11678,MEMACC
12006,L1HIT
17887,L1HIT
18447,L1HIT
11678,MEMACC
12006,L1HIT
13319,L1HIT
16072,L1HIT
9137,MEMACC
8612,L1HIT
16260,L1HIT
13286,L1HIT
18219,L1HIT
27549,L1HIT
25414,L1HIT
18833,MEMACC
18178,L1HIT
10106,L1HIT
4076,L1HIT
13935,L1HIT
22535,MEMACC
16801,MEMACC
11803,MEMACC
2377,L1HIT
26705,MEMACC
18911,MEMACC
17293,MEMACC
3515,L1HIT
21987,L1HIT
12477,MEMACC
972,L1HIT
1123,L1HIT
29633,L1HIT
10508,L1HIT
16444,L1HIT
15661,L1HIT
11376,MEMACC
22432,L1HIT
4407,MEMACC
31806,L1HIT
5708,L1HIT
16047,L1HIT
3002,L1HIT
1921,L1HIT
30612,MEMACC
12152,L1HIT
25893,L1HIT
25898,L1HIT
25913,L1HIT
25915,L1HIT
25922,L1HIT
25930,L1HIT
30022,L1HIT
16721,L1HIT
29400,L1HIT
24408,MEMACC
20309,MEMACC
20134,L1HIT
29400,L1HIT
24408,L1HIT
20309,MEMACC
20134,L1HIT
14419,L1HIT
4971,L1HIT
17865,L1HIT
8306,L1HIT
18148,MEMACC
13861,L1HIT
7427,L1HIT
22398,L1HIT
11904,L1HIT
17993,MEMACC
14645,L1HIT
2509,L1HIT
11839,L1HIT
18606,L1HIT
31489,MEMACC
31250,L1HIT
25452,L1HIT
12803,L1HIT
20862,MEMACC
3349,L1HIT
32584,MEMACC
32587,MEMACC
32604,L1HIT
32606,L1HIT
8920,L1HIT
18448,L1HIT
12916,L1HIT
28979,L1HIT
4004,L1HIT
24624,L1HIT
7663,L1HIT
6349,MEMACC
26995,L1HIT
8017,L1HIT
6361,L1HIT
27092,MEMACC
8920,L1HIT
18448,L1HIT
12916,L1HIT
28979,L1HIT
22306,L1HIT
22316,L1HIT
26418,L1HIT
26426,L1HIT
