29138,MEMACC
29148,L1HIT
29160,MEMACC
29168,MEMACC
29174,L1HIT
29175,L1HIT
30831,MEMACC
30832,MEMACC
30836,L1HIT
30846,L1HIT
11923,MEMACC
26532,MEMACC
23464,MEMACC
14374,MEMACC
23102,MEMACC
1692,MEMACC
6162,MEMACC
991,MEMACC
22082,MEMACC
11905,MEMACC
18761,MEMACC
1502,MEMACC
15747,MEMACC
26314,MEMACC
19183,MEMACC
19629,MEMACC
30343,MEMACC
15747,MEMACC
26314,MEMACC
19183,MEMACC
19629,L1HIT
30343,L1HIT
9749,MEMACC
882,MEMACC
7584,MEMACC
6304,MEMACC
29869,MEMACC
29870,L1HIT
29887,MEMACC
29899,MEMACC
27827,MEMACC
27846,MEMACC
27846,MEMACC
27854,MEMACC
26750,MEMACC
23803,MEMACC
1333,MEMACC
10393,MEMACC
24902,MEMACC
21693,MEMACC
24902,MEMACC
21693,MEMACC
9377,MEMACC
15491,MEMACC
12988,MEMACC
12998,MEMACC
13004,L1HIT
13018,MEMACC
13022,MEMACC
5209,MEMACC
14809,MEMACC
29316,MEMACC
27025,MEMACC
30392,MEMACC
14575,MEMACC
15337,MEMACC
9900,MEMACC
9146,MEMACC
30625,MEMACC
8431,MEMACC
29916,MEMACC
1573,MEMACC
20467,MEMACC
11456,MEMACC
8600,MEMACC
2086,MEMACC
13934,MEMACC
31019,MEMACC
7707,MEMACC
18323,MEMACC
19988,MEMACC
17580,MEMACC
16711,MEMACC
22092,MEMACC
58,MEMACC
19714,MEMACC
16711,L1HIT
22092,MEMACC
58,L1HIT
58,L1HIT
19714,L1HIT
29477,MEMACC
32492,MEMACC
11824,MEMACC
16429,MEMACC
13896,MEMACC
21268,MEMACC
18745,MEMACC
15862,MEMACC
26582,MEMACC
29761,MEMACC
29322,MEMACC
14432,MEMACC
4812,MEMACC
28711,MEMACC
21157,MEMACC
6257,MEMACC
19820,MEMACC
7175,MEMACC
24021,MEMACC
4548,MEMACC
27946,MEMACC
9719,MEMACC
18391,MEMACC
6956,MEMACC
6958,MEMACC
6968,MEMACC
6976,MEMACC
6993,MEMACC
7002,MEMACC
7009,MEMACC
28511,MEMACC
21502,MEMACC
1846,MEMACC
31590,MEMACC
9845,MEMACC
17072,MEMACC
15266,MEMACC
31590,L1HIT
9845,MEMACC
17072,MEMACC
15266,L1HIT
3695,MEMACC
30383,MEMACC
27157,MEMACC
28511,L1HIT
21502,MEMACC
1846,MEMACC
31590,L1HIT
9845,MEMACC
17072,MEMACC
15266,L1HIT
20146,MEMACC
25982,MEMACC
28846,MEMACC
28854,MEMACC
17417,MEMACC
18128,MEMACC
32540,MEMACC
15355,MEMACC
8267,MEMACC
15299,MEMACC
16748,MEMACC
28358,MEMACC
4394,MEMACC
17194,MEMACC
2555,MEMACC
31537,MEMACC
5459,MEMACC
2574,MEMACC
28440,MEMACC
13048,MEMACC
23893,MEMACC
7804,MEMACC
4146,MEMACC
23063,MEMACC
20577,MEMACC
13651,MEMACC
8413,MEMACC
10417,MEMACC
29418,MEMACC
24889,MEMACC
23428,MEMACC
30576,MEMACC
20941,MEMACC
699,MEMACC
27194,MEMACC
17068,MEMACC
18435,MEMACC
7364,MEMACC
22048,MEMACC
9731,MEMACC
31395,MEMACC
26433,MEMACC
2109,MEMACC
25791,MEMACC
8810,MEMACC
17409,MEMACC
12777,MEMACC
992,MEMACC
32111,MEMACC
31451,MEMACC
15004,MEMACC
4014,MEMACC
11054,MEMACC
17588,MEMACC
27070,MEMACC
23924,MEMACC
12226,MEMACC
7200,MEMACC
7200,L1HIT
7203,L1HIT
7216,MEMACC
7233,MEMACC
7243,MEMACC
24281,MEMACC
24286,L1HIT
24294,MEMACC
3642,MEMACC
3652,MEMACC
3659,MEMACC
27040,MEMACC
21776,MEMACC
3710,MEMACC
24669,MEMACC
28857,L1HIT
32286,MEMACC
1227,MEMACC
5701,MEMACC
16076,MEMACC
28488,MEMACC
22422,MEMACC
15468,MEMACC
27944,MEMACC
24899,MEMACC
584,MEMACC
3699,L1HIT
8557,MEMACC
7098,MEMACC
9947,MEMACC
17199,MEMACC
8651,MEMACC
7775,MEMACC
8487,MEMACC
13019,L1HIT
11911,L1HIT
22902,MEMACC
25368,MEMACC
21866,MEMACC
374,MEMACC
4312,MEMACC
27761,MEMACC
27055,MEMACC
31505,MEMACC
17872,MEMACC
19928,MEMACC
12912,MEMACC
2374,MEMACC
4797,MEMACC
6563,MEMACC
8644,L1HIT
19346,MEMACC
19355,L1HIT
19359,L1HIT
9723,L1HIT
7762,MEMACC
3926,MEMACC
19027,MEMACC
28276,MEMACC
4950,MEMACC
30238,MEMACC
5465,MEMACC
31490,MEMACC
24521,MEMACC
28667,MEMACC
30971,MEMACC
1943,MEMACC
9723,L1HIT
7762,MEMACC
3926,MEMACC
19027,MEMACC
28276,L1HIT
4950,L1HIT
27028,L1HIT
19685,MEMACC
14690,MEMACC
1014,MEMACC
14705,MEMACC
450,MEMACC
15900,MEMACC
16672,MEMACC
14724,MEMACC
27347,MEMACC
27955,MEMACC
13396,MEMACC
24319,MEMACC
7123,MEMACC
5425,MEMACC
9592,MEMACC
24039,MEMACC
32238,MEMACC
9655,MEMACC
9762,MEMACC
30520,MEMACC
14320,MEMACC
15436,MEMACC
3844,MEMACC
29013,MEMACC
13640,MEMACC
6955,L1HIT
21486,MEMACC
5950,MEMACC
29583,MEMACC
28541,MEMACC
13640,L1HIT
6955,L1HIT
21486,L1HIT
5950,L1HIT
29583,L1HIT
15712,MEMACC
5721,MEMACC
9057,MEMACC
6016,MEMACC
22155,MEMACC
24651,MEMACC
14732,MEMACC
27388,MEMACC
11212,MEMACC
15969,MEMACC
30626,L1HIT
28070,MEMACC
28871,MEMACC
19053,MEMACC
22283,MEMACC
32032,MEMACC
20806,MEMACC
30598,MEMACC
5266,MEMACC
30101,MEMACC
162,MEMACC
19225,MEMACC
5248,MEMACC
31347,MEMACC
7268,MEMACC
29161,MEMACC
4839,MEMACC
10289,MEMACC
7084,MEMACC
26255,MEMACC
19742,MEMACC
24995,MEMACC
29785,MEMACC
32640,MEMACC
7268,MEMACC
29161,L1HIT
4219,MEMACC
17453,MEMACC
15144,MEMACC
16875,MEMACC
136,MEMACC
27967,MEMACC
8278,MEMACC
243,MEMACC
3233,MEMACC
1390,MEMACC
2537,MEMACC
10308,MEMACC
6724,MEMACC
4601,MEMACC
18808,MEMACC
24593,MEMACC
22104,MEMACC
28555,MEMACC
18333,MEMACC
18178,MEMACC
27953,MEMACC
22463,MEMACC
8103,MEMACC
18808,L1HIT
24593,MEMACC
22104,L1HIT
28555,MEMACC
22104,L1HIT
28555,MEMACC
11027,MEMACC
22536,MEMACC
21961,MEMACC
29265,MEMACC
7214,L1HIT
3402,MEMACC
11622,MEMACC
14165,MEMACC
18176,L1HIT
15751,MEMACC
32456,MEMACC
29967,MEMACC
1319,MEMACC
17123,MEMACC
20227,MEMACC
20793,MEMACC
22357,MEMACC
27368,MEMACC
30938,MEMACC
17090,MEMACC
4108,MEMACC
17701,MEMACC
31056,MEMACC
10189,MEMACC
16241,MEMACC
11244,MEMACC
3661,MEMACC
18045,MEMACC
8917,MEMACC
8917,MEMACC
8934,MEMACC
8942,L1HIT
8949,MEMACC
25244,MEMACC
8356,MEMACC
31060,L1HIT
27583,MEMACC
29207,MEMACC
3767,MEMACC
28387,MEMACC
23577,MEMACC
2732,MEMACC
17697,MEMACC
15264,L1HIT
25244,L1HIT
8356,L1HIT
31060,L1HIT
27583,L1HIT
19120,MEMACC
26387,MEMACC
3783,MEMACC
13481,MEMACC
22772,MEMACC
18550,MEMACC
30233,L1HIT
18950,MEMACC
23227,MEMACC
26549,MEMACC
27307,MEMACC
31599,L1HIT
25573,MEMACC
27833,MEMACC
28856,L1HIT
29685,MEMACC
9511,MEMACC
8929,L1HIT
27536,MEMACC
22114,MEMACC
17902,MEMACC
15450,MEMACC
15167,MEMACC
26003,MEMACC
9088,MEMACC
22571,MEMACC
9881,MEMACC
18155,MEMACC
13895,MEMACC
23725,MEMACC
7795,L1HIT
24050,MEMACC
17624,MEMACC
24295,MEMACC
32496,MEMACC
9487,MEMACC
17624,L1HIT
24295,L1HIT
32496,L1HIT
9487,L1HIT
30975,L1HIT
23729,MEMACC
11461,L1HIT
11465,L1HIT
21356,MEMACC
24050,MEMACC
8713,MEMACC
17856,MEMACC
24555,MEMACC
8271,MEMACC
19057,MEMACC
8085,MEMACC
31211,MEMACC
10757,MEMACC
28928,MEMACC
1296,MEMACC
15181,MEMACC
2284,MEMACC
24399,MEMACC
16788,MEMACC
10115,MEMACC
8464,MEMACC
1739,MEMACC
9974,MEMACC
8497,MEMACC
8500,MEMACC
8519,MEMACC
8528,MEMACC
8539,L1HIT
8549,MEMACC
8560,MEMACC
12278,MEMACC
6147,MEMACC
13606,MEMACC
12793,MEMACC
24794,MEMACC
25017,MEMACC
2518,MEMACC
25014,L1HIT
3850,L1HIT
979,L1HIT
22081,MEMACC
21166,MEMACC
2539,MEMACC
32335,MEMACC
10096,MEMACC
20695,MEMACC
4903,MEMACC
25475,MEMACC
21315,MEMACC
10809,MEMACC
6150,L1HIT
23904,MEMACC
5170,MEMACC
13813,MEMACC
14785,MEMACC
12251,MEMACC
11989,MEMACC
18035,L1HIT
3826,MEMACC
22494,MEMACC
20131,MEMACC
22556,MEMACC
330,MEMACC
27535,MEMACC
4545,L1HIT
6774,MEMACC
2028,MEMACC
4937,MEMACC
11278,MEMACC
13327,MEMACC
25614,MEMACC
26236,MEMACC
24808,MEMACC
10776,MEMACC
6644,MEMACC
2462,MEMACC
3435,MEMACC
32674,MEMACC
27175,MEMACC
3703,L1HIT
1706,MEMACC
3920,MEMACC
18786,MEMACC
26156,MEMACC
26160,MEMACC
28807,MEMACC
28821,MEMACC
24108,MEMACC
24116,MEMACC
8943,L1HIT
8948,MEMACC
8962,MEMACC
8980,MEMACC
17313,MEMACC
2073,MEMACC
26367,MEMACC
4005,MEMACC
16109,MEMACC
25575,L1HIT
10878,MEMACC
15966,MEMACC
15983,MEMACC
15991,MEMACC
16002,MEMACC
10872,L1HIT
10889,MEMACC
10900,MEMACC
10906,L1HIT
10920,MEMACC
10935,MEMACC
10946,MEMACC
32701,MEMACC
19379,MEMACC
24924,MEMACC
30964,L1HIT
13758,MEMACC
26458,MEMACC
7879,MEMACC
24449,MEMACC
7801,L1HIT
6807,MEMACC
10402,MEMACC
8290,MEMACC
24313,L1HIT
19010,MEMACC
13394,L1HIT
18385,L1HIT
534,MEMACC
26753,MEMACC
11224,MEMACC
21110,MEMACC
31595,L1HIT
21307,MEMACC
16625,MEMACC
6518,MEMACC
23185,MEMACC
7959,MEMACC
7516,MEMACC
12136,MEMACC
24059,L1HIT
17317,L1HIT
14708,MEMACC
18407,MEMACC
31245,MEMACC
1679,MEMACC
26172,L1HIT
27603,MEMACC
20240,MEMACC
27989,MEMACC
21604,MEMACC
4090,MEMACC
14680,MEMACC
32761,MEMACC
23810,MEMACC
28466,MEMACC
11104,MEMACC
11714,MEMACC
6801,L1HIT
2117,MEMACC
31673,MEMACC
2931,MEMACC
7996,MEMACC
3658,L1HIT
17199,MEMACC
17513,MEMACC
28234,MEMACC
20818,MEMACC
54,L2HIT
13084,MEMACC
4580,MEMACC
17769,MEMACC
12323,MEMACC
28824,L1HIT
9330,MEMACC
22844,MEMACC
16402,MEMACC
9164,MEMACC
23904,MEMACC
2914,MEMACC
29707,MEMACC
6048,MEMACC
3838,MEMACC
27189,MEMACC
2958,MEMACC
26661,MEMACC
16894,MEMACC
20465,MEMACC
10736,MEMACC
17513,MEMACC
23512,MEMACC
31170,MEMACC
18096,MEMACC
14568,L2HIT
28142,MEMACC
11541,MEMACC
17331,MEMACC
12195,MEMACC
29509,MEMACC
12223,MEMACC
12239,L1HIT
12239,L1HIT
32361,MEMACC
32373,MEMACC
32387,MEMACC
32388,L1HIT
