27894,MEMACC
27903,MEMACC
27921,MEMACC
27924,L1HIT
26948,MEMACC
26958,MEMACC
26973,MEMACC
26977,MEMACC
13155,MEMACC
23815,MEMACC
5292,MEMACC
1015,MEMACC
667,MEMACC
11747,MEMACC
30110,MEMACC
4423,MEMACC
10150,MEMACC
1083,MEMACC
20780,MEMACC
16791,MEMACC
14194,MEMACC
2394,MEMACC
28683,MEMACC
8269,MEMACC
32157,MEMACC
29411,MEMACC
10726,MEMACC
24420,MEMACC
32717,MEMACC
10601,MEMACC
20277,MEMACC
18362,MEMACC
6630,MEMACC
3502,MEMACC
7597,MEMACC
7374,MEMACC
8173,MEMACC
21803,MEMACC
310,MEMACC
32717,L1HIT
27466,MEMACC
4570,MEMACC
26604,MEMACC
22553,MEMACC
19033,MEMACC
19033,MEMACC
29435,MEMACC
14983,MEMACC
3502,L1HIT
7597,MEMACC
29025,MEMACC
11753,MEMACC
8438,MEMACC
12115,MEMACC
29025,MEMACC
11753,L1HIT
32070,MEMACC
32256,MEMACC
3139,MEMACC
14974,MEMACC
9201,MEMACC
32198,MEMACC
19481,MEMACC
28273,MEMACC
29025,MEMACC
11753,L1HIT
8438,MEMACC
12115,MEMACC
16236,MEMACC
2766,MEMACC
2785,MEMACC
2787,L1HIT
2794,MEMACC
2794,MEMACC
2805,MEMACC
20937,MEMACC
20956,MEMACC
15504,MEMACC
15519,MEMACC
15521,MEMACC
15523,MEMACC
15536,MEMACC
15545,MEMACC
4448,MEMACC
16333,MEMACC
10760,MEMACC
10282,MEMACC
21670,MEMACC
19247,MEMACC
16314,MEMACC
14044,MEMACC
12754,MEMACC
29678,MEMACC
29756,MEMACC
26022,MEMACC
20701,MEMACC
22220,MEMACC
10081,MEMACC
22516,MEMACC
23957,MEMACC
21248,MEMACC
12048,MEMACC
30694,MEMACC
26291,MEMACC
6085,MEMACC
15056,MEMACC
25952,MEMACC
23428,MEMACC
13582,MEMACC
13755,MEMACC
14258,MEMACC
17158,MEMACC
527,MEMACC
482,MEMACC
26414,MEMACC
17213,MEMACC
20991,MEMACC
28982,MEMACC
25154,MEMACC
13093,MEMACC
20648,MEMACC
4827,MEMACC
24118,MEMACC
21227,MEMACC
1961,MEMACC
20386,MEMACC
3505,MEMACC
30522,MEMACC
9899,MEMACC
13043,MEMACC
31630,MEMACC
5659,MEMACC
29091,MEMACC
9451,MEMACC
18572,MEMACC
684,MEMACC
22916,MEMACC
19229,MEMACC
23528,MEMACC
6937,MEMACC
21239,MEMACC
3189,MEMACC
2262,MEMACC
15062,L1HIT
6574,MEMACC
23290,MEMACC
4782,MEMACC
2740,MEMACC
17882,MEMACC
13040,L1HIT
23062,MEMACC
23891,MEMACC
11997,MEMACC
12997,MEMACC
28385,MEMACC
17197,MEMACC
13810,MEMACC
31355,MEMACC
20001,MEMACC
26348,MEMACC
18469,MEMACC
13449,MEMACC
29438,MEMACC
30424,MEMACC
30432,MEMACC
22729,MEMACC
22747,MEMACC
22762,MEMACC
22777,MEMACC
22785,MEMACC
28462,MEMACC
28470,MEMACC
28482,MEMACC
28495,MEMACC
28496,MEMACC
4622,MEMACC
4632,MEMACC
4642,MEMACC
92,MEMACC
100,MEMACC
112,MEMACC
2663,MEMACC
10405,MEMACC
12433,MEMACC
30779,MEMACC
7877,MEMACC
14886,MEMACC
7163,MEMACC
11720,MEMACC
10332,MEMACC
18225,MEMACC
24580,MEMACC
18426,MEMACC
31494,MEMACC
24432,MEMACC
3760,MEMACC
5622,MEMACC
29713,MEMACC
1956,MEMACC
30649,MEMACC
12852,MEMACC
23071,MEMACC
19722,MEMACC
19203,MEMACC
14536,MEMACC
30536,MEMACC
5954,MEMACC
15107,MEMACC
7893,MEMACC
17946,MEMACC
31287,MEMACC
29098,MEMACC
26883,MEMACC
1189,MEMACC
18801,MEMACC
11200,MEMACC
28516,MEMACC
10380,MEMACC
27819,MEMACC
31714,MEMACC
11904,MEMACC
5205,MEMACC
5220,MEMACC
5232,MEMACC
5244,MEMACC
5263,MEMACC
5277,MEMACC
21429,MEMACC
21446,MEMACC
21446,L1HIT
30692,L1HIT
14964,MEMACC
11483,MEMACC
20941,MEMACC
20145,MEMACC
12463,MEMACC
11977,MEMACC
7649,MEMACC
11716,MEMACC
32688,MEMACC
27122,MEMACC
6545,MEMACC
2584,MEMACC
19719,MEMACC
9585,MEMACC
25031,MEMACC
27890,MEMACC
6427,MEMACC
31186,MEMACC
4228,MEMACC
25930,MEMACC
31846,MEMACC
21383,MEMACC
20336,MEMACC
3482,MEMACC
23897,MEMACC
11340,MEMACC
6190,MEMACC
8636,MEMACC
3567,MEMACC
6616,MEMACC
24219,MEMACC
11340,L1HIT
6190,L1HIT
8636,MEMACC
3567,MEMACC
6616,MEMACC
24219,L1HIT
19603,MEMACC
30026,MEMACC
15667,MEMACC
31846,MEMACC
21383,MEMACC
6616,MEMACC
24219,L1HIT
20920,MEMACC
3218,MEMACC
370,MEMACC
15060,L1HIT
27924,L1HIT
5678,MEMACC
8272,MEMACC
27924,L1HIT
5678,MEMACC
8272,MEMACC
17937,MEMACC
11596,MEMACC
5620,L1HIT
9302,MEMACC
19111,MEMACC
19209,MEMACC
19221,MEMACC
4208,MEMACC
14186,MEMACC
31870,MEMACC
9025,MEMACC
9025,L1HIT
9727,MEMACC
23574,MEMACC
22570,MEMACC
25852,MEMACC
8374,MEMACC
5391,MEMACC
7859,MEMACC
13494,MEMACC
12451,MEMACC
20684,MEMACC
13494,L1HIT
12451,MEMACC
20684,L1HIT
29564,MEMACC
9736,MEMACC
4876,MEMACC
4485,MEMACC
24128,MEMACC
27462,MEMACC
9446,MEMACC
20927,L1HIT
27487,MEMACC
14204,MEMACC
14841,MEMACC
1131,MEMACC
663,MEMACC
6834,MEMACC
1001,MEMACC
13460,MEMACC
9851,MEMACC
5961,MEMACC
29744,MEMACC
1996,MEMACC
9215,MEMACC
4067,MEMACC
507,MEMACC
29009,MEMACC
7205,MEMACC
22861,MEMACC
12677,MEMACC
26676,MEMACC
6009,MEMACC
24955,MEMACC
2380,MEMACC
6119,MEMACC
5642,MEMACC
15841,MEMACC
29826,MEMACC
2495,MEMACC
29597,MEMACC
1408,MEMACC
25797,MEMACC
28439,MEMACC
1408,MEMACC
25797,L1HIT
28439,L1HIT
2196,MEMACC
14336,MEMACC
23311,MEMACC
8339,MEMACC
25283,MEMACC
9711,MEMACC
17126,MEMACC
23311,L1HIT
8339,MEMACC
25283,MEMACC
9711,MEMACC
21143,MEMACC
6915,MEMACC
17845,MEMACC
5700,MEMACC
26764,MEMACC
13035,MEMACC
22398,MEMACC
26661,MEMACC
15293,MEMACC
26173,MEMACC
29329,MEMACC
29795,MEMACC
31039,MEMACC
23469,MEMACC
20528,MEMACC
859,MEMACC
6479,MEMACC
8799,MEMACC
30131,MEMACC
10781,MEMACC
26238,MEMACC
13573,MEMACC
20204,MEMACC
9777,MEMACC
25962,MEMACC
32037,MEMACC
32193,L1HIT
4384,MEMACC
6866,MEMACC
31397,MEMACC
3272,MEMACC
7130,MEMACC
23710,MEMACC
2095,MEMACC
4322,MEMACC
3903,MEMACC
12216,MEMACC
28411,MEMACC
8737,MEMACC
28933,MEMACC
23677,MEMACC
28751,MEMACC
15412,MEMACC
27457,MEMACC
18735,MEMACC
10088,MEMACC
27050,MEMACC
28872,MEMACC
7280,MEMACC
9243,MEMACC
18584,MEMACC
10958,MEMACC
14761,MEMACC
30797,MEMACC
9986,MEMACC
27776,MEMACC
19065,MEMACC
16277,MEMACC
19011,MEMACC
23297,MEMACC
31252,MEMACC
14214,MEMACC
31206,MEMACC
26047,MEMACC
29008,MEMACC
19534,MEMACC
1978,MEMACC
23895,MEMACC
7159,MEMACC
9968,MEMACC
10874,MEMACC
29642,MEMACC
4892,MEMACC
24340,MEMACC
27674,MEMACC
24476,MEMACC
1629,MEMACC
3640,MEMACC
1791,MEMACC
11108,MEMACC
14858,MEMACC
643,MEMACC
13901,MEMACC
2983,MEMACC
9111,MEMACC
8052,MEMACC
1173,MEMACC
18027,MEMACC
29296,MEMACC
5269,MEMACC
24593,MEMACC
18372,MEMACC
19078,MEMACC
6939,MEMACC
18599,MEMACC
29648,MEMACC
15865,MEMACC
19249,MEMACC
13522,MEMACC
31205,L1HIT
9150,MEMACC
20511,MEMACC
15993,MEMACC
5244,L1HIT
7481,MEMACC
11586,MEMACC
19037,MEMACC
18349,MEMACC
8237,MEMACC
28080,MEMACC
28332,MEMACC
31905,MEMACC
15962,MEMACC
15766,MEMACC
668,MEMACC
11718,L1HIT
1541,MEMACC
27885,MEMACC
27603,MEMACC
27378,MEMACC
27325,MEMACC
6343,MEMACC
9452,L1HIT
8338,MEMACC
16711,MEMACC
26890,MEMACC
26659,MEMACC
5146,MEMACC
2285,MEMACC
13548,MEMACC
10425,MEMACC
18404,MEMACC
28543,MEMACC
19021,MEMACC
1916,MEMACC
4100,MEMACC
30751,MEMACC
5503,MEMACC
10278,MEMACC
13070,MEMACC
19205,L1HIT
5473,MEMACC
15751,MEMACC
8011,MEMACC
5559,MEMACC
6341,L1HIT
20278,MEMACC
20288,MEMACC
20292,L1HIT
5801,MEMACC
1752,MEMACC
18483,MEMACC
29184,MEMACC
18784,MEMACC
10547,MEMACC
1487,MEMACC
19391,MEMACC
1487,MEMACC
19391,MEMACC
6577,MEMACC
10337,MEMACC
24468,MEMACC
14355,MEMACC
31332,MEMACC
10315,MEMACC
3726,MEMACC
4092,MEMACC
29198,MEMACC
7205,MEMACC
1650,MEMACC
3883,MEMACC
28225,MEMACC
25585,MEMACC
24738,MEMACC
6381,MEMACC
20172,MEMACC
8503,MEMACC
32189,MEMACC
27615,MEMACC
26671,MEMACC
30084,MEMACC
31944,MEMACC
6178,MEMACC
3217,MEMACC
3372,MEMACC
2051,MEMACC
9554,MEMACC
3134,MEMACC
23022,MEMACC
12389,MEMACC
26773,MEMACC
31959,MEMACC
698,MEMACC
26720,MEMACC
14757,MEMACC
5033,MEMACC
21979,MEMACC
5691,MEMACC
32197,L1HIT
26720,L1HIT
14757,MEMACC
5033,MEMACC
21979,L1HIT
5691,MEMACC
32197,L1HIT
29613,MEMACC
27569,MEMACC
538,MEMACC
21979,L1HIT
5691,MEMACC
18154,MEMACC
31278,MEMACC
25325,MEMACC
13443,MEMACC
23831,MEMACC
31652,MEMACC
816,MEMACC
23737,MEMACC
9640,MEMACC
22223,L1HIT
16428,MEMACC
26644,MEMACC
4215,MEMACC
31562,MEMACC
3947,MEMACC
18806,MEMACC
96,MEMACC
984,MEMACC
2748,MEMACC
23072,MEMACC
12511,MEMACC
12518,MEMACC
12532,MEMACC
12540,MEMACC
12552,MEMACC
9977,MEMACC
9978,MEMACC
9979,L1HIT
9982,L1HIT
9987,MEMACC
21871,MEMACC
11994,L1HIT
615,MEMACC
24635,MEMACC
32380,MEMACC
9732,MEMACC
11750,L1HIT
15901,MEMACC
3147,MEMACC
22107,MEMACC
8085,MEMACC
19869,MEMACC
4129,MEMACC
28202,MEMACC
4158,MEMACC
24353,MEMACC
8552,MEMACC
18193,MEMACC
31464,MEMACC
28709,MEMACC
21989,MEMACC
26468,MEMACC
1834,MEMACC
1166,MEMACC
26154,MEMACC
10566,MEMACC
9537,MEMACC
31606,MEMACC
32573,MEMACC
7920,MEMACC
24093,MEMACC
12881,MEMACC
1073,MEMACC
16374,MEMACC
28550,MEMACC
20206,L1HIT
26689,MEMACC
29888,MEMACC
27370,MEMACC
8707,MEMACC
24282,MEMACC
31715,L1HIT
11987,MEMACC
16478,MEMACC
28376,MEMACC
15028,MEMACC
5185,MEMACC
23576,MEMACC
29710,MEMACC
19628,MEMACC
31612,MEMACC
2220,MEMACC
22230,MEMACC
31374,MEMACC
31393,MEMACC
31403,MEMACC
31416,MEMACC
31421,MEMACC
31438,MEMACC
890,MEMACC
26897,MEMACC
5522,MEMACC
15944,MEMACC
5839,MEMACC
24657,MEMACC
25568,MEMACC
27284,MEMACC
890,MEMACC
8465,MEMACC
8482,MEMACC
8484,L1HIT
8492,MEMACC
8511,MEMACC
8526,MEMACC
8532,MEMACC
6987,MEMACC
19035,L1HIT
5555,MEMACC
2257,L1HIT
21260,MEMACC
6987,L1HIT
30106,L1HIT
18897,MEMACC
21260,MEMACC
6987,L1HIT
30106,L1HIT
18897,MEMACC
11520,MEMACC
2334,MEMACC
11207,L1HIT
14759,MEMACC
19035,L1HIT
3191,MEMACC
3191,MEMACC
3202,MEMACC
3213,MEMACC
3232,MEMACC
6035,MEMACC
6054,MEMACC
6054,MEMACC
6064,MEMACC
6082,L1HIT
6094,MEMACC
6097,MEMACC
25293,MEMACC
29320,MEMACC
15318,MEMACC
16287,MEMACC
12053,L1HIT
1500,MEMACC
28763,MEMACC
10992,MEMACC
24015,MEMACC
25293,MEMACC
29320,L1HIT
5491,MEMACC
9119,MEMACC
3975,MEMACC
13409,MEMACC
1462,MEMACC
26384,MEMACC
27197,MEMACC
28804,MEMACC
20258,MEMACC
32282,MEMACC
17549,MEMACC
26214,MEMACC
28804,L1HIT
20077,MEMACC
20258,MEMACC
32282,MEMACC
17549,L1HIT
26214,L1HIT
8088,MEMACC
9767,MEMACC
28073,MEMACC
8206,MEMACC
15752,MEMACC
9119,L1HIT
3975,MEMACC
13409,MEMACC
1462,MEMACC
1373,MEMACC
29349,MEMACC
13941,MEMACC
32154,L1HIT
19127,MEMACC
4214,MEMACC
31681,MEMACC
21414,MEMACC
1546,MEMACC
29165,MEMACC
19190,MEMACC
17198,MEMACC
10168,MEMACC
510,MEMACC
13150,MEMACC
8610,MEMACC
24553,MEMACC
17915,MEMACC
8610,MEMACC
24553,MEMACC
17915,L1HIT
27434,MEMACC
22957,MEMACC
31681,MEMACC
21414,L1HIT
17296,MEMACC
31589,MEMACC
28742,MEMACC
27225,MEMACC
21719,MEMACC
26792,MEMACC
22720,MEMACC
8628,MEMACC
