3335,MEMACC
25658,MEMACC
8895,MEMACC
8909,MEMACC
24903,MEMACC
1937,MEMACC
22593,MEMACC
29156,MEMACC
5640,MEMACC
22126,MEMACC
21707,MEMACC
29050,MEMACC
22649,L1HIT
374,MEMACC
19470,MEMACC
24903,MEMACC
6488,MEMACC
6494,MEMACC
6500,MEMACC
6511,MEMACC
6525,L1HIT
6526,L1HIT
24948,MEMACC
18130,MEMACC
23084,MEMACC
6744,MEMACC
10324,MEMACC
21696,MEMACC
31219,MEMACC
4067,MEMACC
4163,MEMACC
13432,MEMACC
9306,MEMACC
9179,MEMACC
32521,MEMACC
12045,MEMACC
18437,MEMACC
32507,MEMACC
20548,MEMACC
20995,MEMACC
23466,MEMACC
12980,MEMACC
10534,MEMACC
24628,MEMACC
193,MEMACC
15803,MEMACC
3406,MEMACC
15803,L1HIT
15785,L1HIT
14513,MEMACC
6258,MEMACC
10534,L1HIT
24628,L1HIT
13984,MEMACC
15640,MEMACC
24782,MEMACC
4592,MEMACC
19663,MEMACC
25293,MEMACC
14005,MEMACC
32663,MEMACC
11619,MEMACC
17578,MEMACC
19671,L1HIT
19663,L1HIT
30944,MEMACC
25293,MEMACC
14005,MEMACC
32663,L1HIT
16992,MEMACC
7442,MEMACC
3032,MEMACC
31276,MEMACC
14794,MEMACC
10499,L1HIT
11371,MEMACC
7960,MEMACC
13783,MEMACC
29946,MEMACC
5552,MEMACC
24328,MEMACC
22536,MEMACC
9086,MEMACC
7041,MEMACC
12720,MEMACC
690,MEMACC
16016,MEMACC
21709,MEMACC
2678,MEMACC
13345,MEMACC
31768,MEMACC
15609,MEMACC
25068,MEMACC
8854,L1HIT
8185,MEMACC
12678,L1HIT
11210,MEMACC
30027,MEMACC
9115,MEMACC
27044,MEMACC
10685,MEMACC
20750,MEMACC
3900,MEMACC
21641,MEMACC
4544,MEMACC
20639,MEMACC
12465,MEMACC
29603,MEMACC
23966,MEMACC
3040,MEMACC
20240,MEMACC
25466,MEMACC
3838,MEMACC
6980,MEMACC
14886,MEMACC
15945,MEMACC
20882,MEMACC
24685,MEMACC
26605,MEMACC
1619,MEMACC
26759,MEMACC
17533,MEMACC
20384,MEMACC
22965,MEMACC
14306,MEMACC
18604,MEMACC
24879,MEMACC
13538,MEMACC
5277,MEMACC
2495,MEMACC
6941,MEMACC
12583,MEMACC
423,MEMACC
2088,MEMACC
3840,L1HIT
23009,MEMACC
17861,MEMACC
4470,MEMACC
23289,MEMACC
417,L1HIT
22951,MEMACC
17770,MEMACC
10696,MEMACC
7730,MEMACC
32358,MEMACC
29430,MEMACC
28418,MEMACC
21714,MEMACC
16436,MEMACC
8081,MEMACC
8081,L1HIT
19835,MEMACC
22039,MEMACC
3401,MEMACC
8181,L1HIT
14276,L1HIT
11887,MEMACC
17492,L1HIT
15552,L1HIT
5533,L1HIT
32090,MEMACC
329,MEMACC
32716,MEMACC
1287,MEMACC
11753,MEMACC
19667,L1HIT
9255,MEMACC
28281,MEMACC
26949,MEMACC
32340,MEMACC
18737,MEMACC
6561,MEMACC
11169,MEMACC
21113,MEMACC
4628,MEMACC
11075,MEMACC
3841,L1HIT
23327,MEMACC
25851,MEMACC
30224,MEMACC
8181,L1HIT
10427,MEMACC
30665,MEMACC
18082,MEMACC
2271,MEMACC
19721,MEMACC
9527,MEMACC
23959,L1HIT
14416,MEMACC
24922,MEMACC
8776,MEMACC
23820,MEMACC
20036,MEMACC
23189,MEMACC
2066,MEMACC
3024,L1HIT
21773,MEMACC
2706,MEMACC
23017,MEMACC
27088,MEMACC
3233,MEMACC
14741,MEMACC
13581,MEMACC
13574,MEMACC
516,MEMACC
16479,MEMACC
11561,MEMACC
13053,MEMACC
7791,MEMACC
14087,MEMACC
26845,MEMACC
19540,MEMACC
1167,MEMACC
29321,MEMACC
27134,L1HIT
16002,MEMACC
29313,MEMACC
24308,MEMACC
21584,MEMACC
15958,MEMACC
24554,MEMACC
22232,MEMACC
28250,MEMACC
8853,L1HIT
290,MEMACC
22206,MEMACC
23442,MEMACC
23225,MEMACC
30441,MEMACC
32105,MEMACC
445,L1HIT
4015,MEMACC
28317,MEMACC
2097,L1HIT
22004,MEMACC
5210,MEMACC
12080,L1HIT
15010,MEMACC
29199,MEMACC
2475,MEMACC
21243,MEMACC
11407,MEMACC
17689,MEMACC
6569,L1HIT
20147,MEMACC
585,MEMACC
26933,MEMACC
21976,MEMACC
32495,L1HIT
19899,MEMACC
30231,L1HIT
28795,MEMACC
27917,MEMACC
20515,MEMACC
3043,L1HIT
2026,MEMACC
3869,L1HIT
15634,L1HIT
10000,MEMACC
19555,L1HIT
25325,MEMACC
30747,MEMACC
5612,MEMACC
20950,MEMACC
9069,MEMACC
18837,MEMACC
31249,MEMACC
13987,MEMACC
15391,MEMACC
25371,MEMACC
18215,MEMACC
28843,MEMACC
24293,L1HIT
31383,MEMACC
32615,MEMACC
6401,MEMACC
6770,L1HIT
10599,MEMACC
109,MEMACC
4818,MEMACC
26845,L1HIT
13883,MEMACC
5100,MEMACC
2528,MEMACC
24255,MEMACC
9897,MEMACC
4397,MEMACC
14286,L1HIT
31175,MEMACC
5878,MEMACC
2837,MEMACC
29601,L1HIT
24099,MEMACC
2499,MEMACC
15932,MEMACC
11185,MEMACC
8694,MEMACC
9025,MEMACC
11821,MEMACC
22997,L1HIT
6585,L1HIT
15916,MEMACC
16790,MEMACC
30027,MEMACC
30213,L1HIT
11560,MEMACC
3392,L1HIT
27478,MEMACC
9237,L1HIT
29388,L1HIT
20948,MEMACC
14056,MEMACC
21355,MEMACC
32692,L1HIT
29136,L1HIT
9063,L1HIT
10143,MEMACC
31023,MEMACC
26925,L1HIT
14556,MEMACC
15809,MEMACC
23063,MEMACC
6665,MEMACC
25697,MEMACC
14756,MEMACC
15617,L1HIT
23996,L1HIT
27905,L1HIT
2883,MEMACC
29071,MEMACC
32380,L1HIT
27555,MEMACC
30654,MEMACC
29410,L1HIT
17781,MEMACC
4035,MEMACC
12137,MEMACC
8432,MEMACC
12271,MEMACC
12280,L1HIT
9381,MEMACC
7731,L1HIT
8733,MEMACC
5389,MEMACC
9057,L1HIT
12791,MEMACC
28201,MEMACC
16129,MEMACC
10407,L1HIT
31889,MEMACC
17420,MEMACC
6,MEMACC
28749,L1HIT
26012,MEMACC
32039,MEMACC
22927,L1HIT
19553,L1HIT
15492,MEMACC
14673,MEMACC
26404,MEMACC
20746,MEMACC
20756,L1HIT
5484,MEMACC
25071,L1HIT
6958,L1HIT
13977,L1HIT
9679,MEMACC
23832,MEMACC
14079,L1HIT
25929,MEMACC
25376,L1HIT
14641,MEMACC
11269,MEMACC
28132,MEMACC
30970,MEMACC
7077,L1HIT
20485,L1HIT
334,MEMACC
13420,MEMACC
30451,L1HIT
20087,L1HIT
29634,MEMACC
11053,MEMACC
19719,L1HIT
1356,MEMACC
12946,L1HIT
30332,MEMACC
24598,L1HIT
31309,MEMACC
26407,L1HIT
13723,MEMACC
20278,L1HIT
1018,MEMACC
11795,MEMACC
29784,MEMACC
10673,MEMACC
30941,L1HIT
18218,MEMACC
19990,MEMACC
11010,MEMACC
23891,MEMACC
11952,MEMACC
15372,MEMACC
14817,MEMACC
264,L1HIT
2003,L1HIT
3250,L1HIT
12965,L1HIT
24493,MEMACC
30914,L1HIT
28978,MEMACC
25042,L1HIT
14935,MEMACC
10632,MEMACC
23900,MEMACC
32729,MEMACC
15685,MEMACC
15700,MEMACC
16411,MEMACC
16427,MEMACC
2837,MEMACC
2842,MEMACC
17670,MEMACC
25522,MEMACC
25317,MEMACC
10400,L1HIT
7493,MEMACC
28990,MEMACC
9413,MEMACC
2857,MEMACC
3333,L1HIT
18743,L1HIT
29347,MEMACC
30983,MEMACC
15721,L1HIT
22237,L1HIT
21188,L1HIT
29613,L1HIT
19576,L1HIT
16758,MEMACC
1939,L1HIT
14802,L1HIT
21194,L1HIT
21206,L1HIT
23754,MEMACC
23505,MEMACC
23346,L1HIT
32570,MEMACC
7869,MEMACC
3441,L1HIT
21870,MEMACC
4409,L1HIT
20211,MEMACC
21650,MEMACC
31939,MEMACC
27606,MEMACC
5209,MEMACC
23754,L1HIT
23505,L1HIT
23346,L1HIT
32570,MEMACC
31939,MEMACC
27606,L1HIT
5209,MEMACC
23754,L1HIT
23505,L1HIT
23346,L1HIT
17053,MEMACC
24681,MEMACC
29752,MEMACC
15847,MEMACC
3605,MEMACC
31572,MEMACC
14849,MEMACC
29586,L1HIT
8607,MEMACC
20980,L1HIT
9320,MEMACC
6234,MEMACC
12017,MEMACC
20637,MEMACC
5996,MEMACC
27949,L1HIT
9074,L1HIT
7416,MEMACC
6912,L1HIT
5774,MEMACC
7811,L1HIT
10120,MEMACC
19733,L1HIT
19751,L1HIT
22287,MEMACC
16991,L1HIT
24046,MEMACC
8239,MEMACC
2881,MEMACC
27220,MEMACC
31574,MEMACC
28431,MEMACC
15122,MEMACC
21544,MEMACC
23841,MEMACC
30003,MEMACC
27216,L1HIT
30482,MEMACC
12598,MEMACC
13499,MEMACC
26940,L1HIT
23569,MEMACC
15100,MEMACC
19559,L1HIT
3139,MEMACC
2368,MEMACC
13564,L1HIT
1663,MEMACC
2490,L1HIT
3047,L1HIT
21498,MEMACC
3968,MEMACC
8104,L1HIT
3901,L1HIT
484,MEMACC
11739,MEMACC
15621,L1HIT
5900,MEMACC
26078,MEMACC
28373,MEMACC
20533,L1HIT
14530,MEMACC
7943,L1HIT
6589,L1HIT
12585,L1HIT
27035,L1HIT
4830,MEMACC
3152,L1HIT
27249,L1HIT
4648,L1HIT
16156,MEMACC
21956,L1HIT
10023,L1HIT
15199,MEMACC
8532,MEMACC
30039,L1HIT
7547,L1HIT
29160,L1HIT
30834,MEMACC
22074,L1HIT
23175,L1HIT
1336,L1HIT
31809,MEMACC
16268,MEMACC
27456,MEMACC
27456,L1HIT
8700,MEMACC
2436,L1HIT
10910,MEMACC
19761,L1HIT
31371,MEMACC
21083,MEMACC
3062,L1HIT
23175,L1HIT
1336,L1HIT
31809,MEMACC
16268,L1HIT
27456,L1HIT
8700,L1HIT
2436,L1HIT
10910,L1HIT
19412,MEMACC
8243,MEMACC
17998,MEMACC
5060,MEMACC
18279,MEMACC
18212,MEMACC
24284,L1HIT
17998,MEMACC
5060,MEMACC
18279,L1HIT
18212,MEMACC
20583,L1HIT
23681,MEMACC
12695,L1HIT
26482,MEMACC
3917,MEMACC
28889,MEMACC
17188,MEMACC
21890,MEMACC
28917,MEMACC
15787,L1HIT
5507,L1HIT
13251,MEMACC
29532,MEMACC
6257,MEMACC
18176,MEMACC
6104,MEMACC
1605,MEMACC
1050,MEMACC
12026,MEMACC
14618,MEMACC
26827,L1HIT
13481,L1HIT
29771,MEMACC
16371,MEMACC
7629,MEMACC
14350,MEMACC
12358,MEMACC
25610,MEMACC
25610,L1HIT
10419,L1HIT
6650,MEMACC
29462,MEMACC
15417,L1HIT
15276,MEMACC
10249,MEMACC
25071,L1HIT
3381,L1HIT
15566,L1HIT
3772,MEMACC
16589,MEMACC
19436,L1HIT
17230,MEMACC
24009,L1HIT
783,MEMACC
17326,MEMACC
6645,MEMACC
823,L1HIT
15368,L1HIT
32605,MEMACC
26558,MEMACC
19171,MEMACC
14080,MEMACC
6695,L1HIT
7926,MEMACC
23725,L1HIT
10385,L1HIT
17973,MEMACC
6920,L1HIT
15676,L1HIT
16879,MEMACC
21530,L1HIT
29898,MEMACC
3060,L1HIT
4815,MEMACC
4333,MEMACC
15676,L1HIT
4188,L1HIT
11631,MEMACC
21226,L1HIT
225,MEMACC
4188,L1HIT
11631,MEMACC
21226,L1HIT
225,MEMACC
4815,L1HIT
4333,L1HIT
15676,L1HIT
16879,L1HIT
6974,L1HIT
20313,MEMACC
16926,MEMACC
2036,L1HIT
21764,MEMACC
32763,L1HIT
16322,L1HIT
9204,MEMACC
1572,MEMACC
25135,MEMACC
21699,MEMACC
29325,L1HIT
8318,MEMACC
6292,MEMACC
16729,MEMACC
25781,MEMACC
25496,MEMACC
19373,MEMACC
2048,L1HIT
27515,L1HIT
3240,L1HIT
25621,L1HIT
27472,L1HIT
10329,L1HIT
12788,L1HIT
23366,MEMACC
27041,L1HIT
3436,L1HIT
24456,MEMACC
28321,L1HIT
1105,MEMACC
21937,L1HIT
20970,L1HIT
1599,MEMACC
15069,L1HIT
22403,MEMACC
29127,L1HIT
23120,MEMACC
2345,MEMACC
2388,L1HIT
17988,MEMACC
29166,L1HIT
12426,MEMACC
24383,MEMACC
13650,MEMACC
15236,MEMACC
13263,MEMACC
7075,L1HIT
1347,L1HIT
10499,L1HIT
21872,L1HIT
24399,MEMACC
24413,L1HIT
24423,L1HIT
24435,L1HIT
24440,L1HIT
21002,L1HIT
6783,L1HIT
9588,MEMACC
14382,MEMACC
8260,MEMACC
1846,MEMACC
27649,MEMACC
14837,L1HIT
28569,MEMACC
7529,L1HIT
933,MEMACC
3991,L1HIT
15343,MEMACC
13613,L1HIT
27185,MEMACC
12902,MEMACC
15904,MEMACC
27438,MEMACC
9897,L1HIT
3719,MEMACC
28971,MEMACC
7621,MEMACC
31602,L1HIT
21313,MEMACC
11895,L1HIT
13937,MEMACC
1142,L1HIT
26921,L1HIT
12409,L1HIT
20045,L1HIT
308,L1HIT
9180,L1HIT
27437,MEMACC
32301,MEMACC
32288,L1HIT
2169,MEMACC
18849,L1HIT
11930,MEMACC
29955,MEMACC
5138,MEMACC
31823,MEMACC
21883,L1HIT
2094,L1HIT
1131,L1HIT
27837,MEMACC
23929,L1HIT
1861,MEMACC
32452,L1HIT
29320,L1HIT
16833,L1HIT
327,MEMACC
10721,L1HIT
16903,L1HIT
9838,MEMACC
28693,MEMACC
11190,MEMACC
30152,MEMACC
26476,MEMACC
25606,L1HIT
5195,MEMACC
29458,MEMACC
15290,L1HIT
22369,MEMACC
698,MEMACC
14727,L1HIT
6975,L1HIT
21977,L1HIT
12181,MEMACC
22369,L1HIT
698,MEMACC
14727,L1HIT
23577,L1HIT
2961,MEMACC
26496,MEMACC
527,L1HIT
13826,MEMACC
17952,MEMACC
19728,L1HIT
10461,MEMACC
10163,L1HIT
10151,L1HIT
10619,MEMACC
5821,L1HIT
15801,L1HIT
23053,MEMACC
30445,L1HIT
8267,L1HIT
17026,L1HIT
21569,L1HIT
1209,L1HIT
14438,MEMACC
24753,MEMACC
24768,MEMACC
14168,MEMACC
24079,L1HIT
18096,MEMACC
4768,MEMACC
769,L1HIT
15150,MEMACC
15414,L1HIT
2324,MEMACC
8627,MEMACC
13053,MEMACC
3210,L1HIT
12464,MEMACC
14834,L1HIT
26925,L1HIT
2549,MEMACC
1784,MEMACC
5736,MEMACC
26293,MEMACC
13856,MEMACC
21493,L1HIT
2128,MEMACC
9373,MEMACC
8372,MEMACC
10836,MEMACC
31996,MEMACC
27998,MEMACC
15812,L1HIT
27218,L1HIT
21628,L1HIT
12092,L1HIT
22972,L1HIT
1173,L1HIT
7639,MEMACC
8818,MEMACC
10163,L1HIT
17915,L1HIT
5592,L1HIT
15135,MEMACC
5574,L1HIT
11910,MEMACC
23495,L1HIT
5014,MEMACC
27612,L1HIT
28871,MEMACC
6099,L1HIT
26824,L1HIT
25541,MEMACC
13471,L1HIT
1548,MEMACC
7043,L1HIT
20145,MEMACC
13806,MEMACC
8996,MEMACC
26357,MEMACC
25136,MEMACC
32725,L1HIT
17453,MEMACC
16846,L1HIT
2936,L1HIT
12852,MEMACC
29891,L1HIT
29904,L1HIT
29920,L1HIT
28711,MEMACC
28591,L1HIT
662,MEMACC
28457,L1HIT
7433,MEMACC
14055,L1HIT
4891,MEMACC
25091,L1HIT
22604,L1HIT
31891,L1HIT
15105,MEMACC
14030,L1HIT
20684,MEMACC
21360,L1HIT
30702,MEMACC
21856,L1HIT
4634,L1HIT
12432,L1HIT
23676,MEMACC
549,L1HIT
5081,MEMACC
31930,L1HIT
11933,MEMACC
22500,MEMACC
130,MEMACC
10921,L1HIT
6617,MEMACC
31620,MEMACC
17817,MEMACC
703,MEMACC
16642,MEMACC
16186,MEMACC
5760,L1HIT
18536,MEMACC
8146,L1HIT
410,L1HIT
29547,L1HIT
4736,MEMACC
16665,MEMACC
18668,MEMACC
15728,L1HIT
103,L1HIT
5493,MEMACC
8895,L1HIT
16109,MEMACC
4225,MEMACC
16540,MEMACC
9524,MEMACC
14944,MEMACC
7287,MEMACC
15728,L1HIT
103,L1HIT
5493,MEMACC
8895,L1HIT
16109,L1HIT
4225,L1HIT
16540,MEMACC
9524,MEMACC
26066,L1HIT
14147,L1HIT
9066,L1HIT
26770,L1HIT
24364,L1HIT
27880,MEMACC
14786,L1HIT
2317,MEMACC
4036,L1HIT
23148,MEMACC
10004,L1HIT
31791,L1HIT
19291,MEMACC
10071,MEMACC
3766,MEMACC
6412,L1HIT
684,L1HIT
13105,MEMACC
32100,L1HIT
2876,L1HIT
16148,L1HIT
23365,L1HIT
