25773,MEMACC
24723,MEMACC
15715,MEMACC
19642,MEMACC
9106,MEMACC
2254,MEMACC
29969,MEMACC
5750,MEMACC
7909,MEMACC
6670,MEMACC
12378,MEMACC
9813,MEMACC
9299,MEMACC
28773,MEMACC
21726,MEMACC
32745,MEMACC
19723,MEMACC
12170,MEMACC
27903,MEMACC
4522,MEMACC
5325,MEMACC
29424,MEMACC
26602,MEMACC
25803,MEMACC
6694,MEMACC
3413,MEMACC
18019,MEMACC
18292,MEMACC
32181,MEMACC
29424,MEMACC
26602,L1HIT
25803,L1HIT
6694,MEMACC
3542,MEMACC
10120,MEMACC
30413,MEMACC
13540,MEMACC
11745,MEMACC
16164,MEMACC
1585,MEMACC
11150,MEMACC
20822,MEMACC
11170,MEMACC
14582,MEMACC
849,MEMACC
22166,MEMACC
32618,MEMACC
32176,L1HIT
12373,L1HIT
27654,MEMACC
15619,MEMACC
21557,MEMACC
25125,MEMACC
15392,MEMACC
26161,MEMACC
2073,MEMACC
24455,MEMACC
13136,MEMACC
7072,MEMACC
20096,MEMACC
1606,MEMACC
1607,L1HIT
1622,MEMACC
1626,MEMACC
12536,MEMACC
12550,MEMACC
12566,MEMACC
12574,MEMACC
12577,MEMACC
25005,MEMACC
20606,MEMACC
11578,MEMACC
20673,MEMACC
6965,MEMACC
22455,MEMACC
13825,MEMACC
7643,MEMACC
30805,MEMACC
28278,MEMACC
28290,MEMACC
1438,MEMACC
8670,MEMACC
28279,L1HIT
19817,MEMACC
3771,MEMACC
28713,MEMACC
6033,MEMACC
17808,MEMACC
24075,MEMACC
523,MEMACC
5267,MEMACC
22208,MEMACC
15722,L2HIT
8621,MEMACC
8638,MEMACC
8641,MEMACC
8660,L1HIT
13822,MEMACC
22610,MEMACC
13822,L1HIT
22610,L1HIT
973,MEMACC
7758,MEMACC
3473,MEMACC
12677,MEMACC
4468,MEMACC
17529,MEMACC
30918,MEMACC
15837,MEMACC
11736,MEMACC
30445,MEMACC
30460,MEMACC
30476,MEMACC
21557,MEMACC
21558,L1HIT
21561,L1HIT
3897,MEMACC
3912,MEMACC
25552,MEMACC
2281,MEMACC
13106,MEMACC
31236,MEMACC
29213,MEMACC
19956,MEMACC
10645,MEMACC
9847,MEMACC
24300,MEMACC
13845,MEMACC
28808,MEMACC
8963,MEMACC
12262,MEMACC
4424,MEMACC
23775,MEMACC
6174,MEMACC
26154,MEMACC
9883,MEMACC
4899,MEMACC
7056,MEMACC
31480,MEMACC
21673,MEMACC
32427,MEMACC
30755,MEMACC
21093,MEMACC
10881,MEMACC
5298,MEMACC
30755,MEMACC
21093,L1HIT
10881,L1HIT
5298,MEMACC
27663,MEMACC
14583,MEMACC
11085,MEMACC
718,MEMACC
23493,MEMACC
1294,MEMACC
13967,MEMACC
5611,MEMACC
14609,MEMACC
25160,MEMACC
26994,MEMACC
9380,MEMACC
29253,MEMACC
22860,MEMACC
6237,MEMACC
719,L1HIT
17123,MEMACC
4787,MEMACC
18853,MEMACC
19046,MEMACC
32177,L2HIT
10359,MEMACC
8227,MEMACC
15163,MEMACC
15175,MEMACC
15185,MEMACC
15199,L1HIT
15200,MEMACC
12060,MEMACC
30238,MEMACC
445,MEMACC
2767,MEMACC
942,MEMACC
22699,MEMACC
20660,MEMACC
30238,L1HIT
445,L1HIT
8039,MEMACC
21187,MEMACC
31992,MEMACC
22824,MEMACC
16946,MEMACC
1609,L2HIT
1064,MEMACC
18158,MEMACC
15856,MEMACC
22529,MEMACC
17914,MEMACC
1674,MEMACC
11679,MEMACC
11230,MEMACC
16125,MEMACC
14866,MEMACC
3331,MEMACC
27830,MEMACC
18888,MEMACC
29120,MEMACC
7879,MEMACC
18112,MEMACC
2985,MEMACC
931,L1HIT
6169,MEMACC
6306,MEMACC
25508,MEMACC
3268,MEMACC
14382,MEMACC
22709,MEMACC
12377,L2HIT
11717,MEMACC
22186,MEMACC
11827,MEMACC
16360,MEMACC
31404,MEMACC
9413,MEMACC
14607,MEMACC
16065,MEMACC
30835,MEMACC
27722,MEMACC
24616,MEMACC
14834,MEMACC
14844,L1HIT
17379,MEMACC
18364,MEMACC
6720,MEMACC
19580,MEMACC
14672,MEMACC
32691,MEMACC
11269,MEMACC
28924,MEMACC
5360,MEMACC
7826,MEMACC
25686,MEMACC
31755,MEMACC
13445,MEMACC
20803,MEMACC
16488,MEMACC
1430,L2HIT
10330,MEMACC
11090,MEMACC
31032,MEMACC
24427,MEMACC
20849,MEMACC
20865,MEMACC
20871,L1HIT
20890,MEMACC
22876,MEMACC
22891,MEMACC
22901,MEMACC
22919,MEMACC
22925,MEMACC
2626,MEMACC
8893,MEMACC
15426,MEMACC
226,MEMACC
2626,L1HIT
8893,MEMACC
21261,MEMACC
26801,MEMACC
5074,MEMACC
1476,MEMACC
26523,MEMACC
20282,MEMACC
16513,MEMACC
8427,MEMACC
8430,L1HIT
8431,L1HIT
8437,MEMACC
7411,MEMACC
7418,L1HIT
7427,MEMACC
25381,MEMACC
1757,MEMACC
11665,MEMACC
19507,MEMACC
8648,MEMACC
22755,MEMACC
6430,MEMACC
17928,MEMACC
30871,MEMACC
4293,MEMACC
2446,MEMACC
18793,MEMACC
15339,MEMACC
9538,MEMACC
26267,MEMACC
25270,MEMACC
27709,MEMACC
13199,MEMACC
6174,L2HIT
8599,MEMACC
18280,MEMACC
8549,MEMACC
12950,MEMACC
27435,MEMACC
21376,MEMACC
24996,L2HIT
1538,MEMACC
1963,MEMACC
29728,MEMACC
25229,MEMACC
19886,MEMACC
8686,MEMACC
18827,MEMACC
3772,MEMACC
11312,MEMACC
26209,MEMACC
7304,MEMACC
30269,MEMACC
15107,MEMACC
2899,MEMACC
12006,MEMACC
2626,L2HIT
7653,MEMACC
16883,MEMACC
22434,MEMACC
4441,MEMACC
16486,MEMACC
11525,MEMACC
20821,L2HIT
2341,MEMACC
17691,MEMACC
1013,MEMACC
11001,MEMACC
24277,MEMACC
18550,MEMACC
19871,MEMACC
17233,MEMACC
4151,MEMACC
10169,MEMACC
19044,MEMACC
7872,MEMACC
3550,MEMACC
26894,MEMACC
29138,MEMACC
29142,L1HIT
29142,L1HIT
26093,MEMACC
9181,MEMACC
29883,MEMACC
20993,MEMACC
17643,MEMACC
9413,L2HIT
18548,MEMACC
19828,MEMACC
26536,MEMACC
2212,MEMACC
25182,MEMACC
10354,L2HIT
19536,MEMACC
5135,MEMACC
10434,MEMACC
24700,MEMACC
26981,MEMACC
26257,MEMACC
21626,MEMACC
31300,MEMACC
10024,MEMACC
374,MEMACC
5684,MEMACC
17275,MEMACC
198,MEMACC
3896,MEMACC
21735,MEMACC
931,L2HIT
28369,MEMACC
20824,L2HIT
2991,MEMACC
25475,MEMACC
22947,MEMACC
4097,MEMACC
18701,MEMACC
4802,MEMACC
779,MEMACC
22642,MEMACC
10556,MEMACC
23640,MEMACC
28434,MEMACC
4886,MEMACC
10252,MEMACC
12910,MEMACC
30225,L2HIT
27930,MEMACC
22423,MEMACC
12517,MEMACC
331,MEMACC
20649,MEMACC
16533,MEMACC
23404,MEMACC
6180,MEMACC
31078,MEMACC
2123,MEMACC
12525,L1HIT
19633,MEMACC
3993,MEMACC
31065,MEMACC
12308,MEMACC
6623,MEMACC
29566,MEMACC
22014,MEMACC
27152,MEMACC
16214,MEMACC
12032,MEMACC
11372,MEMACC
15269,MEMACC
17651,MEMACC
30172,MEMACC
32170,MEMACC
12101,MEMACC
32291,MEMACC
5680,L1HIT
1418,MEMACC
1041,MEMACC
10425,MEMACC
558,MEMACC
30147,MEMACC
7887,MEMACC
31193,MEMACC
16965,MEMACC
24170,MEMACC
21803,MEMACC
24974,MEMACC
7148,MEMACC
11685,MEMACC
27526,MEMACC
21563,L2HIT
7053,MEMACC
22898,MEMACC
22903,L1HIT
22911,L1HIT
22917,L2HIT
25942,MEMACC
25957,MEMACC
25959,MEMACC
25963,MEMACC
25978,MEMACC
4948,MEMACC
29729,L2HIT
25279,L2HIT
1341,MEMACC
21144,MEMACC
15834,L2HIT
22271,MEMACC
30780,MEMACC
2660,MEMACC
373,MEMACC
31387,MEMACC
28449,MEMACC
19506,MEMACC
32084,MEMACC
10242,MEMACC
2257,MEMACC
9988,MEMACC
31101,MEMACC
12390,MEMACC
12563,MEMACC
7427,L2HIT
15739,MEMACC
27882,MEMACC
3466,MEMACC
27354,MEMACC
24735,L2HIT
7824,L2HIT
5764,MEMACC
12941,MEMACC
12943,MEMACC
12947,MEMACC
12948,L1HIT
12948,L1HIT
4356,MEMACC
21368,MEMACC
6766,MEMACC
20291,MEMACC
17681,MEMACC
7332,MEMACC
31012,MEMACC
4894,L2HIT
25812,MEMACC
16885,MEMACC
32302,L1HIT
8502,MEMACC
23615,MEMACC
21495,MEMACC
11130,MEMACC
24544,MEMACC
16730,MEMACC
32235,MEMACC
4936,MEMACC
26727,MEMACC
19011,MEMACC
19016,L1HIT
19016,L1HIT
5817,MEMACC
22827,L2HIT
2244,L2HIT
19473,MEMACC
27807,MEMACC
900,MEMACC
12142,MEMACC
18409,MEMACC
24560,MEMACC
14868,L2HIT
8883,MEMACC
2329,MEMACC
13956,L2HIT
14942,MEMACC
7466,MEMACC
14325,MEMACC
15444,MEMACC
6441,MEMACC
2767,MEMACC
22871,L2HIT
28928,MEMACC
11138,MEMACC
1307,MEMACC
21312,MEMACC
8368,MEMACC
17798,MEMACC
11426,MEMACC
6532,MEMACC
6605,MEMACC
26626,MEMACC
29008,MEMACC
32338,MEMACC
16172,L2HIT
15747,MEMACC
2831,MEMACC
31192,L2HIT
21354,MEMACC
28280,L2HIT
16073,L2HIT
6503,MEMACC
1369,MEMACC
19882,L2HIT
13742,MEMACC
30913,L2HIT
12380,L2HIT
28489,MEMACC
25312,MEMACC
20250,MEMACC
12523,L2HIT
28602,MEMACC
26523,L2HIT
31311,MEMACC
25312,L1HIT
20250,L1HIT
12523,L1HIT
28602,L1HIT
26523,L2HIT
31311,L1HIT
1369,L1HIT
19882,L2HIT
30913,L2HIT
16216,MEMACC
5045,MEMACC
25841,MEMACC
14838,L2HIT
14525,MEMACC
13560,MEMACC
13332,MEMACC
30862,MEMACC
27571,MEMACC
2161,MEMACC
20561,MEMACC
20579,MEMACC
20589,MEMACC
20607,L2HIT
20624,MEMACC
2104,MEMACC
2109,L1HIT
2109,L1HIT
8597,L2HIT
8613,MEMACC
16068,L2HIT
14942,L1HIT
27170,MEMACC
20306,MEMACC
24536,MEMACC
22956,MEMACC
10426,MEMACC
26658,MEMACC
31355,MEMACC
22808,MEMACC
31401,MEMACC
29612,MEMACC
18306,MEMACC
22320,MEMACC
778,L2HIT
32477,MEMACC
5210,MEMACC
11717,L2HIT
4923,MEMACC
22282,MEMACC
4595,MEMACC
22094,MEMACC
3178,MEMACC
3195,MEMACC
27584,MEMACC
27598,MEMACC
