12913,MEMACC
20,MEMACC
5053,MEMACC
29569,MEMACC
31079,MEMACC
11539,MEMACC
15298,MEMACC
2380,MEMACC
27137,MEMACC
21658,MEMACC
5276,MEMACC
2265,MEMACC
5878,MEMACC
1050,MEMACC
9276,MEMACC
7331,MEMACC
7056,MEMACC
13879,MEMACC
26471,MEMACC
15511,MEMACC
10056,MEMACC
10068,MEMACC
10075,MEMACC
1263,MEMACC
32069,MEMACC
9272,MEMACC
17053,MEMACC
11026,MEMACC
22284,MEMACC
12476,MEMACC
22294,L1HIT
25164,MEMACC
25164,L1HIT
25173,L1HIT
25175,L1HIT
25184,MEMACC
18440,MEMACC
25853,MEMACC
20672,MEMACC
5548,MEMACC
31823,MEMACC
26891,MEMACC
1112,MEMACC
2279,MEMACC
23187,MEMACC
31550,MEMACC
29927,MEMACC
25424,MEMACC
14417,MEMACC
24544,MEMACC
17172,MEMACC
15557,MEMACC
17182,L1HIT
32082,MEMACC
18285,MEMACC
372,MEMACC
1486,MEMACC
28300,MEMACC
5563,L1HIT
12668,MEMACC
12733,MEMACC
14820,MEMACC
14827,L1HIT
14841,L1HIT
14851,MEMACC
5543,L1HIT
793,MEMACC
26819,MEMACC
20426,MEMACC
11391,MEMACC
32314,MEMACC
6335,MEMACC
20108,MEMACC
5027,L1HIT
11903,MEMACC
15980,MEMACC
11301,MEMACC
7021,MEMACC
3470,MEMACC
26793,MEMACC
4734,MEMACC
677,MEMACC
3909,MEMACC
4300,MEMACC
7232,MEMACC
20754,MEMACC
24226,MEMACC
18136,MEMACC
20084,MEMACC
20751,L1HIT
7643,MEMACC
27553,MEMACC
9626,MEMACC
31447,MEMACC
31465,MEMACC
11071,MEMACC
18860,MEMACC
19432,MEMACC
1540,MEMACC
11646,MEMACC
3022,MEMACC
32334,MEMACC
21285,MEMACC
11071,MEMACC
18860,L1HIT
19432,MEMACC
1540,L1HIT
11646,MEMACC
3022,L1HIT
32334,MEMACC
30310,MEMACC
5861,MEMACC
3298,MEMACC
26226,MEMACC
4556,MEMACC
23256,MEMACC
18006,MEMACC
1779,MEMACC
30684,MEMACC
8940,MEMACC
202,MEMACC
3826,MEMACC
4839,MEMACC
20557,MEMACC
17742,MEMACC
24345,MEMACC
13911,MEMACC
8177,MEMACC
6295,MEMACC
16460,MEMACC
11144,MEMACC
25037,MEMACC
25890,MEMACC
6621,MEMACC
2497,MEMACC
17645,MEMACC
30581,MEMACC
16542,MEMACC
271,MEMACC
16249,MEMACC
32636,MEMACC
1248,L1HIT
3410,MEMACC
7492,MEMACC
8361,MEMACC
26265,MEMACC
30508,MEMACC
32007,MEMACC
24547,L1HIT
29316,MEMACC
25309,MEMACC
5321,MEMACC
16251,L1HIT
19715,MEMACC
23238,L1HIT
2737,MEMACC
4931,MEMACC
11418,MEMACC
11044,MEMACC
23721,MEMACC
8896,MEMACC
24058,MEMACC
5953,MEMACC
309,MEMACC
31132,MEMACC
13083,MEMACC
12743,MEMACC
22878,MEMACC
18458,L1HIT
25842,MEMACC
29110,MEMACC
16198,MEMACC
10033,MEMACC
12237,MEMACC
20939,MEMACC
13415,MEMACC
8229,MEMACC
750,MEMACC
21125,MEMACC
16887,MEMACC
17791,MEMACC
692,L1HIT
30459,MEMACC
11909,MEMACC
30834,MEMACC
10441,MEMACC
16225,L1HIT
17141,MEMACC
23031,MEMACC
14051,MEMACC
23569,MEMACC
7020,MEMACC
6249,MEMACC
1848,MEMACC
31242,MEMACC
4616,MEMACC
17159,L1HIT
11629,MEMACC
20575,MEMACC
1910,MEMACC
10511,MEMACC
27648,MEMACC
30717,MEMACC
24125,MEMACC
25622,MEMACC
6059,MEMACC
9957,MEMACC
29511,MEMACC
29028,MEMACC
6398,MEMACC
4882,MEMACC
32100,MEMACC
5957,L1HIT
2472,MEMACC
19650,MEMACC
27531,MEMACC
28417,MEMACC
19704,MEMACC
19594,MEMACC
27145,L1HIT
1153,MEMACC
5115,MEMACC
5926,MEMACC
6937,MEMACC
5703,MEMACC
22485,MEMACC
5883,L1HIT
18967,MEMACC
27539,L1HIT
17109,MEMACC
14798,MEMACC
19428,MEMACC
16716,MEMACC
16910,MEMACC
26181,MEMACC
10691,MEMACC
32713,MEMACC
7014,MEMACC
20696,MEMACC
25557,MEMACC
20077,MEMACC
25088,MEMACC
31950,MEMACC
17991,L1HIT
21045,MEMACC
32713,MEMACC
7014,L1HIT
20696,MEMACC
14030,MEMACC
23937,MEMACC
23453,MEMACC
24446,MEMACC
8739,MEMACC
12914,L1HIT
9809,MEMACC
11152,L1HIT
11467,MEMACC
11467,L1HIT
19054,MEMACC
12520,MEMACC
23876,MEMACC
5336,MEMACC
20995,MEMACC
25911,MEMACC
31959,L1HIT
28467,MEMACC
20995,MEMACC
25911,MEMACC
31959,L1HIT
28467,L1HIT
16531,MEMACC
3716,MEMACC
12994,MEMACC
16531,MEMACC
3716,L1HIT
12994,L1HIT
16943,MEMACC
28849,MEMACC
26874,MEMACC
24446,MEMACC
8739,L1HIT
12914,L1HIT
9809,L1HIT
13003,L1HIT
21760,MEMACC
17744,L1HIT
10225,MEMACC
24028,MEMACC
7890,MEMACC
13086,L1HIT
13074,L1HIT
3820,MEMACC
1913,L1HIT
3383,MEMACC
16705,L1HIT
27438,MEMACC
19763,MEMACC
17311,MEMACC
31116,MEMACC
24446,MEMACC
4401,MEMACC
26257,MEMACC
20078,L1HIT
238,MEMACC
2104,MEMACC
6536,MEMACC
1797,MEMACC
13838,MEMACC
2675,MEMACC
5676,MEMACC
10160,MEMACC
29805,MEMACC
29817,L1HIT
6941,L1HIT
15104,MEMACC
31680,MEMACC
3828,L1HIT
27743,MEMACC
28404,MEMACC
14053,L1HIT
24915,MEMACC
27225,MEMACC
29829,MEMACC
18683,MEMACC
15831,MEMACC
23696,MEMACC
12382,MEMACC
9466,MEMACC
24621,MEMACC
5387,MEMACC
1483,L1HIT
20891,MEMACC
21989,MEMACC
31729,MEMACC
319,MEMACC
26590,MEMACC
28912,MEMACC
11400,L1HIT
16488,MEMACC
24355,MEMACC
4212,MEMACC
319,MEMACC
26590,MEMACC
28912,L1HIT
11400,L1HIT
30614,MEMACC
21449,MEMACC
14947,MEMACC
31181,MEMACC
20701,MEMACC
31729,L1HIT
30661,MEMACC
4123,MEMACC
16488,L1HIT
21793,MEMACC
8438,MEMACC
8438,MEMACC
27110,MEMACC
7165,MEMACC
7084,MEMACC
15378,MEMACC
14724,MEMACC
11093,MEMACC
11093,MEMACC
21857,MEMACC
18723,MEMACC
18734,L1HIT
18753,MEMACC
18755,MEMACC
19579,MEMACC
7549,MEMACC
14872,L1HIT
14799,MEMACC
14835,L1HIT
31323,MEMACC
20604,MEMACC
11445,MEMACC
2701,MEMACC
11303,L1HIT
16972,MEMACC
28078,MEMACC
11090,MEMACC
3398,MEMACC
27149,L1HIT
16487,L1HIT
14946,L1HIT
20944,L1HIT
27031,MEMACC
2691,MEMACC
24599,MEMACC
9284,MEMACC
16649,MEMACC
24339,MEMACC
24622,L1HIT
25912,MEMACC
27884,MEMACC
6619,MEMACC
22857,MEMACC
7371,MEMACC
4277,MEMACC
32146,MEMACC
11281,MEMACC
29337,MEMACC
24599,MEMACC
9284,MEMACC
22857,L1HIT
7371,MEMACC
4277,MEMACC
32146,MEMACC
2722,L1HIT
2733,L1HIT
2734,L1HIT
18829,MEMACC
18839,L1HIT
18847,L1HIT
19699,L1HIT
9855,MEMACC
27450,L1HIT
12709,L1HIT
24635,L1HIT
19699,L1HIT
9855,L1HIT
27450,L1HIT
12709,L1HIT
24635,L1HIT
11646,L1HIT
13377,MEMACC
15309,L1HIT
26508,MEMACC
20621,MEMACC
27073,MEMACC
28686,MEMACC
7785,MEMACC
19699,L1HIT
9855,L1HIT
27450,L1HIT
12709,L1HIT
24635,L1HIT
11646,L1HIT
8516,MEMACC
5195,MEMACC
5206,MEMACC
5208,L1HIT
5220,MEMACC
1987,MEMACC
1987,L1HIT
2004,L1HIT
2012,L1HIT
2020,MEMACC
32115,L1HIT
16328,MEMACC
1004,MEMACC
26589,MEMACC
10783,MEMACC
20983,MEMACC
14986,MEMACC
8205,MEMACC
1899,L1HIT
23555,MEMACC
15469,MEMACC
30320,MEMACC
29574,L1HIT
8868,MEMACC
4384,MEMACC
13290,MEMACC
11127,MEMACC
24586,MEMACC
322,MEMACC
2834,MEMACC
86,MEMACC
90,MEMACC
97,MEMACC
110,L1HIT
127,L1HIT
145,MEMACC
146,L1HIT
6160,MEMACC
1940,MEMACC
6672,MEMACC
3081,MEMACC
3251,MEMACC
11229,MEMACC
9636,MEMACC
19406,MEMACC
31023,MEMACC
20808,MEMACC
13756,MEMACC
26767,MEMACC
18772,MEMACC
19623,MEMACC
2219,MEMACC
18033,MEMACC
18270,MEMACC
10006,MEMACC
17785,L1HIT
16808,MEMACC
5692,L1HIT
10247,MEMACC
25631,MEMACC
13843,L1HIT
32191,MEMACC
6667,L1HIT
11357,MEMACC
22715,MEMACC
13783,MEMACC
5791,MEMACC
16684,MEMACC
1600,MEMACC
1469,MEMACC
4019,MEMACC
20214,MEMACC
4450,MEMACC
25392,MEMACC
7695,MEMACC
20950,L1HIT
23573,MEMACC
27847,MEMACC
27121,MEMACC
28924,L1HIT
8811,MEMACC
8830,L1HIT
8838,MEMACC
5300,MEMACC
15162,MEMACC
27628,MEMACC
27813,MEMACC
31169,MEMACC
22494,MEMACC
24694,MEMACC
18534,MEMACC
6052,L1HIT
17329,MEMACC
10889,MEMACC
23070,MEMACC
12451,L1HIT
1069,MEMACC
13437,MEMACC
24557,L1HIT
31946,L1HIT
25267,MEMACC
27568,MEMACC
21265,MEMACC
7942,MEMACC
7942,L1HIT
22735,MEMACC
11696,MEMACC
22,L1HIT
22756,MEMACC
13067,L1HIT
31818,MEMACC
20727,MEMACC
14534,MEMACC
24351,MEMACC
13748,L1HIT
24466,MEMACC
3299,MEMACC
24520,MEMACC
21463,L1HIT
27855,L1HIT
29710,MEMACC
683,L1HIT
17758,L1HIT
4249,MEMACC
20098,MEMACC
23982,MEMACC
28370,MEMACC
8380,MEMACC
21842,MEMACC
20341,MEMACC
26862,L1HIT
26835,MEMACC
1540,L1HIT
16055,MEMACC
5581,MEMACC
1201,MEMACC
19497,MEMACC
720,MEMACC
5581,MEMACC
1201,L1HIT
19497,MEMACC
720,L1HIT
16147,MEMACC
6846,MEMACC
16917,L1HIT
32631,MEMACC
24887,MEMACC
1945,L1HIT
21840,L1HIT
27502,MEMACC
19291,MEMACC
14094,MEMACC
43,MEMACC
9481,MEMACC
21224,MEMACC
24292,MEMACC
4963,MEMACC
24080,MEMACC
2727,L1HIT
22809,MEMACC
29137,MEMACC
4384,L1HIT
19233,MEMACC
5003,MEMACC
20816,MEMACC
17403,MEMACC
17022,MEMACC
323,MEMACC
519,MEMACC
11333,MEMACC
8987,MEMACC
16652,L1HIT
26316,MEMACC
23896,L1HIT
19947,MEMACC
9878,MEMACC
14458,MEMACC
1273,L1HIT
6496,MEMACC
5324,L1HIT
4704,MEMACC
16903,L1HIT
3148,MEMACC
16928,MEMACC
8054,MEMACC
24611,L1HIT
20229,MEMACC
25813,MEMACC
30262,MEMACC
5327,L1HIT
27765,MEMACC
7225,MEMACC
5352,MEMACC
4224,L1HIT
4716,L1HIT
7814,MEMACC
1322,MEMACC
21727,MEMACC
18027,L1HIT
24128,MEMACC
5805,MEMACC
16436,MEMACC
29173,MEMACC
29201,MEMACC
32360,MEMACC
24619,L1HIT
12103,MEMACC
12105,MEMACC
12124,MEMACC
12139,MEMACC
12142,L1HIT
12145,L1HIT
12153,L1HIT
19505,MEMACC
4646,MEMACC
20285,MEMACC
26312,L1HIT
7420,MEMACC
28688,MEMACC
19317,MEMACC
28107,MEMACC
24444,L1HIT
1826,L1HIT
4639,L1HIT
23324,MEMACC
1345,MEMACC
31332,MEMACC
11141,L1HIT
11853,MEMACC
26478,MEMACC
12563,MEMACC
9668,MEMACC
15204,MEMACC
2846,MEMACC
27980,MEMACC
18267,MEMACC
15982,L1HIT
26027,MEMACC
30051,MEMACC
29856,MEMACC
12268,MEMACC
28560,MEMACC
12451,L1HIT
32662,MEMACC
18470,MEMACC
19930,MEMACC
22903,MEMACC
19218,MEMACC
32163,L1HIT
4169,MEMACC
2722,L1HIT
15583,MEMACC
383,MEMACC
10169,L1HIT
10173,L1HIT
10177,MEMACC
10188,L1HIT
10206,L1HIT
25809,MEMACC
9692,L1HIT
9761,MEMACC
31493,MEMACC
26063,MEMACC
22601,MEMACC
19336,MEMACC
25047,L1HIT
21788,MEMACC
32039,MEMACC
21972,MEMACC
15019,MEMACC
21679,MEMACC
31565,MEMACC
22673,MEMACC
16274,MEMACC
4031,MEMACC
21557,MEMACC
11815,MEMACC
32527,MEMACC
29125,L1HIT
7506,MEMACC
24409,MEMACC
14175,MEMACC
812,MEMACC
28706,MEMACC
812,MEMACC
28706,L1HIT
20160,MEMACC
10712,MEMACC
18463,L1HIT
28914,L1HIT
27062,MEMACC
7998,MEMACC
25440,MEMACC
10263,L1HIT
7998,MEMACC
25440,MEMACC
10263,L1HIT
11504,MEMACC
30858,MEMACC
1908,L1HIT
8887,MEMACC
9147,MEMACC
22649,MEMACC
4628,L1HIT
31049,MEMACC
4628,L1HIT
31049,L1HIT
24409,L1HIT
14175,MEMACC
812,MEMACC
28706,L1HIT
20160,MEMACC
10712,L1HIT
18463,L1HIT
4496,MEMACC
12628,MEMACC
24380,L1HIT
2287,MEMACC
20941,L1HIT
9288,MEMACC
27404,MEMACC
6281,MEMACC
6035,MEMACC
22064,MEMACC
25564,L1HIT
9917,MEMACC
1949,L1HIT
12973,MEMACC
15192,MEMACC
9132,L1HIT
3117,MEMACC
14087,L1HIT
8692,MEMACC
21600,MEMACC
26049,L1HIT
5595,MEMACC
7518,L1HIT
26776,MEMACC
12995,L1HIT
254,L1HIT
4635,L1HIT
20925,MEMACC
4515,MEMACC
29434,MEMACC
32057,L1HIT
26049,L1HIT
5595,L1HIT
7518,L1HIT
26776,MEMACC
12995,L1HIT
620,MEMACC
11406,L1HIT
11407,L1HIT
11413,L1HIT
11428,MEMACC
26251,MEMACC
747,L1HIT
21757,MEMACC
87,L1HIT
31045,L1HIT
19259,L1HIT
6036,MEMACC
14201,MEMACC
494,MEMACC
32596,MEMACC
24030,MEMACC
22218,MEMACC
29287,MEMACC
18724,L1HIT
4669,MEMACC
5323,L1HIT
30262,MEMACC
31069,L1HIT
7163,L1HIT
11264,MEMACC
