10755,MEMACC
7373,MEMACC
26501,MEMACC
1316,MEMACC
6328,MEMACC
20497,MEMACC
27917,MEMACC
12826,MEMACC
5091,MEMACC
8803,MEMACC
6777,MEMACC
10961,L1HIT
7314,L1HIT
3771,MEMACC
10755,L1HIT
7373,L1HIT
26501,MEMACC
1316,L1HIT
6328,MEMACC
20497,L1HIT
27917,MEMACC
12826,MEMACC
5091,MEMACC
2361,MEMACC
20460,MEMACC
10193,MEMACC
26563,MEMACC
3104,MEMACC
30542,MEMACC
23500,MEMACC
17268,MEMACC
1555,MEMACC
20871,L1HIT
14337,MEMACC
7453,L1HIT
24807,MEMACC
24603,MEMACC
23306,L1HIT
8466,MEMACC
3224,MEMACC
31695,MEMACC
5344,MEMACC
22573,MEMACC
3371,MEMACC
29421,MEMACC
5222,L1HIT
23825,MEMACC
32668,MEMACC
28433,MEMACC
814,MEMACC
2403,MEMACC
29421,MEMACC
5222,L1HIT
23825,L1HIT
2403,MEMACC
24138,MEMACC
6674,MEMACC
28349,MEMACC
15736,MEMACC
26885,MEMACC
24606,L1HIT
19697,MEMACC
15681,MEMACC
28876,MEMACC
10151,MEMACC
22699,L1HIT
14386,MEMACC
31140,MEMACC
19124,MEMACC
15675,L1HIT
15621,L1HIT
22813,L1HIT
9299,MEMACC
20241,MEMACC
27834,MEMACC
10539,MEMACC
17986,MEMACC
2323,MEMACC
19109,MEMACC
9101,L1HIT
2314,MEMACC
4886,MEMACC
30663,MEMACC
3796,L1HIT
1605,MEMACC
31119,MEMACC
26289,MEMACC
6408,MEMACC
8180,MEMACC
22412,MEMACC
31718,L1HIT
17352,MEMACC
9662,MEMACC
17119,L1HIT
3278,MEMACC
10426,MEMACC
10912,L1HIT
10925,L1HIT
10938,L1HIT
14930,MEMACC
14944,L1HIT
14956,L1HIT
3245,L1HIT
3246,L1HIT
3251,L1HIT
3262,L1HIT
11466,MEMACC
11467,MEMACC
11468,MEMACC
11471,L1HIT
940,L1HIT
953,L1HIT
957,L1HIT
967,L1HIT
22559,L1HIT
31851,MEMACC
28944,MEMACC
4341,MEMACC
5029,L1HIT
15589,L1HIT
24127,L1HIT
25012,L1HIT
3889,L1HIT
2688,MEMACC
13757,MEMACC
17575,MEMACC
28480,MEMACC
26260,MEMACC
1193,L1HIT
14553,MEMACC
31791,L1HIT
13694,MEMACC
29508,MEMACC
20889,L1HIT
1311,L1HIT
1320,L1HIT
1334,L1HIT
10979,L1HIT
16329,MEMACC
9451,MEMACC
18159,L1HIT
25113,MEMACC
29267,MEMACC
15470,L1HIT
654,L1HIT
17634,L1HIT
14606,MEMACC
13809,L1HIT
32440,MEMACC
28502,L1HIT
24018,L1HIT
24343,L1HIT
21281,MEMACC
31681,L1HIT
14926,L1HIT
13301,MEMACC
22927,L1HIT
9649,L1HIT
13124,L1HIT
13432,L1HIT
250,MEMACC
5970,MEMACC
16060,MEMACC
4364,L1HIT
29802,MEMACC
31685,L1HIT
20611,L1HIT
15254,L1HIT
28253,L1HIT
9649,L1HIT
13124,L1HIT
9183,L1HIT
9193,L1HIT
9197,L1HIT
9216,L1HIT
9228,L1HIT
1252,L1HIT
1270,L1HIT
16350,MEMACC
25111,L1HIT
1506,L1HIT
12508,MEMACC
24834,L1HIT
7870,L1HIT
15543,L1HIT
17991,L1HIT
8468,L1HIT
31660,L1HIT
26640,MEMACC
27899,L1HIT
23194,L1HIT
16350,MEMACC
26640,L1HIT
27899,L1HIT
27158,MEMACC
21174,MEMACC
24314,L1HIT
26487,MEMACC
6536,L1HIT
15727,L1HIT
11973,MEMACC
8534,L1HIT
24016,L1HIT
15597,L1HIT
7434,L1HIT
11583,L1HIT
633,L1HIT
20007,MEMACC
2927,L1HIT
24338,L1HIT
1894,MEMACC
25862,MEMACC
10799,L1HIT
28132,L1HIT
6378,L1HIT
2202,L1HIT
2171,L1HIT
31283,L1HIT
8483,L1HIT
30098,L1HIT
14806,L1HIT
10744,L1HIT
8568,L1HIT
12303,MEMACC
7587,L1HIT
7885,L1HIT
18084,L1HIT
26524,L1HIT
25798,L1HIT
15800,L1HIT
13012,L1HIT
3288,L1HIT
10713,L1HIT
17168,L1HIT
21909,MEMACC
10771,L1HIT
32662,L1HIT
10771,L1HIT
32662,L1HIT
8073,L1HIT
22183,L1HIT
21909,L1HIT
9342,L1HIT
9529,L1HIT
23310,L1HIT
21775,L1HIT
22634,L1HIT
12060,MEMACC
4141,L1HIT
4561,L1HIT
31032,MEMACC
15927,MEMACC
2296,L1HIT
25158,L1HIT
21307,L1HIT
22358,L1HIT
23618,L1HIT
9430,L1HIT
20759,L1HIT
6976,L1HIT
6689,L1HIT
6988,L1HIT
31733,L1HIT
23909,L1HIT
19801,MEMACC
29186,L1HIT
20052,MEMACC
6988,L1HIT
31503,L1HIT
27885,L1HIT
13893,MEMACC
3994,L1HIT
8039,L1HIT
22637,L1HIT
16272,MEMACC
32127,L1HIT
699,L1HIT
30905,MEMACC
20788,L1HIT
3303,L1HIT
23884,L1HIT
8462,L1HIT
31057,MEMACC
26112,L1HIT
31277,L1HIT
27374,L1HIT
12969,L1HIT
13731,L1HIT
24509,L1HIT
16085,MEMACC
19181,MEMACC
12363,MEMACC
13263,L1HIT
19159,L1HIT
2923,L1HIT
32382,L1HIT
28042,L1HIT
19929,MEMACC
16177,L1HIT
187,L1HIT
5736,L1HIT
27157,L1HIT
20287,MEMACC
17686,L1HIT
29203,L1HIT
20238,MEMACC
30644,MEMACC
29421,L1HIT
27326,L1HIT
22790,L1HIT
9042,L1HIT
32393,L1HIT
8387,L1HIT
15110,L1HIT
16830,MEMACC
559,L1HIT
13358,L1HIT
29408,L1HIT
7260,L1HIT
22364,L1HIT
14171,L1HIT
31450,L1HIT
31907,L1HIT
30784,MEMACC
764,L1HIT
11422,L1HIT
11432,L1HIT
11442,L1HIT
30848,MEMACC
21802,L1HIT
11724,L1HIT
28682,L1HIT
10599,L1HIT
15621,L1HIT
31781,L1HIT
24502,L1HIT
22572,L1HIT
27470,L1HIT
31228,L1HIT
27470,L1HIT
31228,L1HIT
6977,L1HIT
23336,L1HIT
26904,L1HIT
25792,L1HIT
25795,L1HIT
25804,L1HIT
25818,L1HIT
25828,L1HIT
25835,L1HIT
25839,L1HIT
337,L1HIT
29103,L1HIT
11357,L1HIT
20829,L1HIT
151,L1HIT
30784,L1HIT
8026,L1HIT
9529,L1HIT
26166,L1HIT
1783,L1HIT
754,L1HIT
4122,L1HIT
2257,L1HIT
22168,L1HIT
27413,L1HIT
608,L1HIT
194,L1HIT
3902,L1HIT
30116,L1HIT
26111,L1HIT
23218,L1HIT
11551,L1HIT
25710,L1HIT
22006,L1HIT
2107,L1HIT
11551,L1HIT
25710,L1HIT
22006,L1HIT
2107,L1HIT
4309,L1HIT
22262,L1HIT
3837,L1HIT
25710,L1HIT
22006,L1HIT
2107,L1HIT
4309,L1HIT
22262,L1HIT
3837,L1HIT
17798,L1HIT
2974,L1HIT
13909,L1HIT
31733,L1HIT
31938,L1HIT
12911,L1HIT
18678,MEMACC
25943,L1HIT
23031,L1HIT
23773,L1HIT
28761,L1HIT
31337,L1HIT
31938,L1HIT
12911,L1HIT
18678,MEMACC
31938,L1HIT
12911,L1HIT
13836,L1HIT
23391,L1HIT
18359,L1HIT
6527,L1HIT
2187,L1HIT
14162,L1HIT
8997,L1HIT
21393,L1HIT
18905,MEMACC
6078,L1HIT
29945,L1HIT
29949,L1HIT
20784,L1HIT
20627,L1HIT
4317,L1HIT
4317,L1HIT
4326,L1HIT
4333,L1HIT
4349,L1HIT
4362,L1HIT
7098,L1HIT
29338,L1HIT
28918,L1HIT
25357,L1HIT
24080,L1HIT
24379,L1HIT
8423,L1HIT
15637,L1HIT
12594,MEMACC
13612,L1HIT
10260,L1HIT
9948,L1HIT
17905,L1HIT
27843,L1HIT
2687,L1HIT
21880,L1HIT
4896,L1HIT
5242,L1HIT
13167,L1HIT
16231,L1HIT
11119,L1HIT
11133,L1HIT
11140,L1HIT
11145,L1HIT
11158,L1HIT
8147,L1HIT
8165,L1HIT
8178,L1HIT
8192,L1HIT
19126,L1HIT
19134,L1HIT
13550,L1HIT
7283,L1HIT
494,L1HIT
14808,L1HIT
5889,L1HIT
20828,L1HIT
17453,L1HIT
18125,L1HIT
15452,L1HIT
6668,L1HIT
24833,L1HIT
12234,L1HIT
28926,L1HIT
6032,L1HIT
7878,L1HIT
29442,L1HIT
20926,L1HIT
25188,L1HIT
5866,L1HIT
6749,L1HIT
28159,L1HIT
21654,L1HIT
27233,L1HIT
30600,L1HIT
19860,L1HIT
29599,L1HIT
15595,L1HIT
20081,MEMACC
8866,L1HIT
11247,L1HIT
28159,L1HIT
21654,L1HIT
27233,L1HIT
30600,L1HIT
19860,L1HIT
29599,L1HIT
15595,L1HIT
7408,L1HIT
6602,L1HIT
12726,L1HIT
30696,L1HIT
12785,L1HIT
20846,L1HIT
28664,L1HIT
1962,L1HIT
13495,L1HIT
28909,L1HIT
23,L1HIT
15513,L1HIT
11707,L1HIT
23932,L1HIT
20973,L1HIT
28252,L1HIT
25304,L1HIT
17619,L1HIT
503,L1HIT
9822,L1HIT
17367,L1HIT
24140,L1HIT
10943,L1HIT
21550,L1HIT
21569,L1HIT
21572,L1HIT
21590,L1HIT
29,L1HIT
2664,L1HIT
18684,L1HIT
628,L1HIT
497,L1HIT
1122,L1HIT
26706,L1HIT
11237,L1HIT
10088,L1HIT
21179,L1HIT
21494,L1HIT
22295,L1HIT
25231,L1HIT
7615,L1HIT
25796,L1HIT
23387,L1HIT
29,L1HIT
2664,L1HIT
18684,L1HIT
29,L1HIT
2664,L1HIT
9902,L1HIT
25784,L1HIT
23707,L1HIT
7693,L1HIT
24981,L1HIT
18650,L1HIT
28201,L1HIT
9543,L1HIT
8148,L1HIT
31177,L1HIT
5841,L1HIT
9902,L1HIT
25784,L1HIT
23707,L1HIT
7693,L1HIT
24981,L1HIT
18650,L1HIT
28201,L1HIT
9543,L1HIT
8148,L1HIT
31177,L1HIT
5841,L1HIT
16278,L1HIT
9776,L1HIT
30831,L1HIT
27799,L1HIT
18128,L1HIT
9902,L1HIT
25784,L1HIT
25478,L1HIT
25497,L1HIT
25502,L1HIT
25516,L1HIT
25531,L1HIT
25540,L1HIT
25552,L1HIT
25571,L1HIT
26747,L1HIT
24627,L1HIT
22856,L1HIT
28155,L1HIT
6531,L1HIT
22211,L1HIT
28135,L1HIT
12226,L1HIT
5396,L1HIT
10543,L1HIT
8847,L1HIT
24929,L1HIT
2827,L1HIT
29493,L1HIT
17895,L1HIT
17328,L1HIT
10231,L1HIT
21221,L1HIT
23431,L1HIT
5145,L1HIT
28378,L1HIT
13767,L1HIT
4390,L1HIT
2175,L1HIT
23837,L1HIT
25461,L1HIT
6703,L1HIT
20432,MEMACC
5838,L1HIT
811,L1HIT
17935,L1HIT
7921,L1HIT
5971,L1HIT
25888,L1HIT
28966,L1HIT
10828,L1HIT
7518,L1HIT
7519,L1HIT
7538,L1HIT
7544,L1HIT
7544,L1HIT
7550,L1HIT
5411,L1HIT
7874,L1HIT
17639,L1HIT
4267,L1HIT
16197,L1HIT
23958,L1HIT
5410,L1HIT
23985,L1HIT
8504,L1HIT
2995,L1HIT
20239,L1HIT
9068,L1HIT
20009,L1HIT
3744,L1HIT
1405,L1HIT
5141,L1HIT
23336,L1HIT
31979,L1HIT
9310,L1HIT
9260,L1HIT
9380,L1HIT
9392,L1HIT
9409,L1HIT
9414,L1HIT
1336,L1HIT
8379,L1HIT
8303,L1HIT
775,L1HIT
2631,L1HIT
24357,L1HIT
13309,L1HIT
15709,L1HIT
24111,L1HIT
2646,L1HIT
15087,L1HIT
27089,L1HIT
30229,L1HIT
8599,L1HIT
6105,L1HIT
12464,L1HIT
30113,L1HIT
26326,L1HIT
9495,L1HIT
4138,L1HIT
3306,L1HIT
20867,L1HIT
5816,L1HIT
6198,L1HIT
27127,L1HIT
12602,L1HIT
23108,L1HIT
22319,L1HIT
5628,L1HIT
19164,L1HIT
6750,L1HIT
15950,L1HIT
8887,L1HIT
18219,L1HIT
5628,L1HIT
19164,L1HIT
6750,L1HIT
15950,L1HIT
8887,L1HIT
18219,L1HIT
18611,L1HIT
20322,L1HIT
14740,L1HIT
20091,L1HIT
5628,L1HIT
19164,L1HIT
6750,L1HIT
15950,L1HIT
8887,L1HIT
18219,L1HIT
18611,L1HIT
17963,L1HIT
23264,L1HIT
20322,L1HIT
14740,L1HIT
20091,L1HIT
17423,L1HIT
17432,L1HIT
17437,L1HIT
17441,L1HIT
17456,L1HIT
12669,L1HIT
20374,L1HIT
28049,L1HIT
15804,L1HIT
29447,L1HIT
22303,L1HIT
6776,L1HIT
30126,L1HIT
12001,L1HIT
27383,L1HIT
12779,L1HIT
1679,L1HIT
13679,L1HIT
23476,L1HIT
28217,L1HIT
2609,L1HIT
25612,L1HIT
3714,L1HIT
25319,L1HIT
23865,L1HIT
6926,L1HIT
16355,L1HIT
24114,L1HIT
8933,L1HIT
32459,L1HIT
19872,L1HIT
20781,L1HIT
6048,L1HIT
12005,L1HIT
19987,L1HIT
15232,L1HIT
509,L1HIT
24011,L1HIT
16182,L1HIT
6926,L1HIT
16355,L1HIT
24114,L1HIT
6926,L1HIT
16355,L1HIT
24114,L1HIT
8933,L1HIT
32459,L1HIT
19872,L1HIT
20781,L1HIT
6048,L1HIT
15473,L1HIT
2516,L1HIT
10065,L1HIT
4302,L1HIT
15694,L1HIT
18567,L1HIT
7291,L1HIT
2296,L1HIT
16426,L1HIT
10396,L1HIT
16426,L1HIT
10396,L1HIT
14427,L1HIT
27162,L1HIT
9347,L1HIT
27162,L1HIT
9347,L1HIT
27940,L1HIT
19341,L1HIT
9887,L1HIT
29983,L1HIT
23865,L1HIT
11204,L1HIT
12895,L1HIT
2516,L1HIT
10065,L1HIT
4302,L1HIT
2516,L1HIT
10065,L1HIT
4302,L1HIT
15694,L1HIT
12422,L1HIT
28832,L1HIT
9363,L1HIT
28119,L1HIT
25422,L1HIT
10668,L1HIT
14385,L1HIT
29710,L1HIT
24630,L1HIT
19555,L1HIT
10681,L1HIT
4668,L1HIT
21724,L1HIT
16683,L1HIT
2581,L1HIT
30495,L1HIT
30989,L1HIT
30222,L1HIT
554,L1HIT
26550,L1HIT
32073,L1HIT
12946,L1HIT
5354,L1HIT
18339,L1HIT
850,L1HIT
13697,L1HIT
11662,L1HIT
19464,L1HIT
11046,L1HIT
32073,L1HIT
13697,L1HIT
19208,L1HIT
25094,L1HIT
18646,L1HIT
6515,L1HIT
32032,L1HIT
16993,L1HIT
32629,L1HIT
3578,L1HIT
20580,L1HIT
30824,L1HIT
32145,L1HIT
17539,L1HIT
1262,L1HIT
4129,L1HIT
27705,L1HIT
29572,L1HIT
12163,L1HIT
22837,L1HIT
4265,L1HIT
11813,L1HIT
24922,L1HIT
14217,L1HIT
10115,L1HIT
31463,L1HIT
26123,L1HIT
27761,L1HIT
24001,L1HIT
22419,L1HIT
23187,L1HIT
13768,L1HIT
24832,L1HIT
32006,L1HIT
30356,L1HIT
27374,L1HIT
31135,L1HIT
27374,L1HIT
31135,L1HIT
19454,L1HIT
27147,L1HIT
6359,L1HIT
19060,L1HIT
3443,L1HIT
18707,L1HIT
17531,L1HIT
29792,L1HIT
11079,L1HIT
26766,L1HIT
9422,L1HIT
11875,L1HIT
32535,L1HIT
31814,L1HIT
23793,L1HIT
3482,L1HIT
26596,L1HIT
1098,L1HIT
24167,L1HIT
2213,L1HIT
21075,L1HIT
11160,L1HIT
11173,L1HIT
11189,L1HIT
11203,L1HIT
22328,L1HIT
4870,L1HIT
4506,L1HIT
1597,L1HIT
8429,L1HIT
18020,L1HIT
32643,L1HIT
12615,L1HIT
27394,L1HIT
27514,L1HIT
25655,L1HIT
5192,L1HIT
24052,L1HIT
22328,L1HIT
27394,L1HIT
27514,L1HIT
25655,L1HIT
5192,L1HIT
24052,L1HIT
22328,L1HIT
4870,L1HIT
4506,L1HIT
1597,L1HIT
583,L1HIT
11779,L1HIT
11782,L1HIT
11801,L1HIT
11819,L1HIT
11830,L1HIT
11839,L1HIT
11843,L1HIT
31167,L1HIT
25165,L1HIT
21244,L1HIT
28876,L1HIT
2232,L1HIT
23431,L1HIT
28679,L1HIT
4037,L1HIT
17692,L1HIT
9424,L1HIT
32095,L1HIT
25083,L1HIT
30292,L1HIT
18830,L1HIT
16927,L1HIT
26985,L1HIT
7495,L1HIT
7914,L1HIT
29114,L1HIT
21009,L1HIT
2833,L1HIT
27618,L1HIT
24598,L1HIT
3083,L1HIT
16839,L1HIT
7693,L1HIT
19458,L1HIT
7073,L1HIT
9406,L1HIT
26094,L1HIT
23477,L1HIT
23075,L1HIT
1088,L1HIT
22522,L1HIT
14967,L1HIT
4085,L1HIT
922,L1HIT
1767,L1HIT
3504,L1HIT
29367,L1HIT
4717,L1HIT
21601,L1HIT
24921,L1HIT
29501,L1HIT
