23342,MEMACC
22006,MEMACC
3448,MEMACC
18446,MEMACC
26308,MEMACC
6818,MEMACC
16674,MEMACC
2399,MEMACC
20425,MEMACC
19549,MEMACC
20398,MEMACC
27984,MEMACC
9814,MEMACC
32002,MEMACC
25320,MEMACC
15617,MEMACC
21894,MEMACC
4500,MEMACC
12509,MEMACC
20468,L1HIT
29829,MEMACC
6391,MEMACC
16798,MEMACC
32469,MEMACC
5678,MEMACC
8642,MEMACC
8736,MEMACC
13184,MEMACC
30948,MEMACC
22784,MEMACC
6391,L1HIT
13790,MEMACC
15226,MEMACC
5678,L1HIT
8642,MEMACC
8736,MEMACC
13184,MEMACC
30948,MEMACC
22784,MEMACC
31495,MEMACC
31499,MEMACC
31512,L1HIT
31514,L1HIT
32163,MEMACC
15979,MEMACC
14986,MEMACC
22,MEMACC
31842,MEMACC
2875,MEMACC
10395,MEMACC
9935,MEMACC
23471,MEMACC
13766,L1HIT
13766,L1HIT
30518,MEMACC
27169,MEMACC
14986,MEMACC
22,MEMACC
31842,MEMACC
2875,MEMACC
10395,L1HIT
9935,MEMACC
23471,MEMACC
13766,L1HIT
30518,MEMACC
27169,L1HIT
30961,MEMACC
18842,MEMACC
31754,MEMACC
27959,MEMACC
11102,MEMACC
28017,L1HIT
11977,MEMACC
25924,MEMACC
11660,MEMACC
27930,MEMACC
29402,MEMACC
19372,MEMACC
32343,MEMACC
24084,MEMACC
18853,MEMACC
3009,MEMACC
2369,L1HIT
21980,MEMACC
2992,MEMACC
19372,L1HIT
32343,MEMACC
24084,MEMACC
18853,L1HIT
25924,L1HIT
26095,MEMACC
26109,MEMACC
26109,MEMACC
26112,MEMACC
26115,L1HIT
29331,MEMACC
18135,MEMACC
18144,MEMACC
18144,MEMACC
18150,MEMACC
18165,MEMACC
18177,MEMACC
4286,MEMACC
8539,MEMACC
31155,MEMACC
2045,MEMACC
7711,MEMACC
29553,MEMACC
28693,MEMACC
28710,MEMACC
28729,MEMACC
28745,MEMACC
758,MEMACC
769,MEMACC
775,L1HIT
782,L1HIT
16520,MEMACC
19640,MEMACC
3602,MEMACC
14770,MEMACC
32719,MEMACC
5822,MEMACC
12046,MEMACC
8534,L1HIT
27570,MEMACC
1036,MEMACC
28051,MEMACC
13078,MEMACC
13601,MEMACC
29193,MEMACC
24395,MEMACC
26341,MEMACC
28831,MEMACC
24146,MEMACC
23474,MEMACC
9513,MEMACC
6966,MEMACC
21658,MEMACC
25405,MEMACC
29878,L1HIT
21562,MEMACC
32424,MEMACC
4077,MEMACC
7354,MEMACC
25238,MEMACC
18901,MEMACC
20478,L1HIT
26273,MEMACC
29110,MEMACC
10734,MEMACC
2723,MEMACC
28755,MEMACC
29627,MEMACC
12052,L1HIT
17929,MEMACC
3657,MEMACC
28221,MEMACC
21452,MEMACC
23573,MEMACC
25972,L1HIT
14770,L1HIT
19840,MEMACC
7384,MEMACC
4973,MEMACC
10639,MEMACC
24873,MEMACC
27593,MEMACC
18899,L1HIT
29766,MEMACC
28098,MEMACC
15541,MEMACC
8138,MEMACC
5916,MEMACC
28602,MEMACC
11385,MEMACC
15913,MEMACC
24413,L1HIT
5058,MEMACC
15470,MEMACC
31496,L1HIT
11766,MEMACC
29297,MEMACC
6208,MEMACC
7227,MEMACC
9171,MEMACC
14309,MEMACC
18816,L1HIT
830,L1HIT
2826,MEMACC
12493,MEMACC
13186,MEMACC
22479,MEMACC
9375,MEMACC
32077,MEMACC
20064,MEMACC
26854,MEMACC
18931,L1HIT
14031,MEMACC
7126,MEMACC
19224,MEMACC
24892,L1HIT
2609,MEMACC
27826,MEMACC
31404,MEMACC
13380,MEMACC
16727,MEMACC
16415,MEMACC
24995,MEMACC
20048,MEMACC
31294,MEMACC
25760,MEMACC
25552,MEMACC
27278,MEMACC
22640,MEMACC
13972,MEMACC
2829,L1HIT
172,MEMACC
19981,MEMACC
24083,MEMACC
3381,MEMACC
10829,MEMACC
7881,MEMACC
361,MEMACC
12276,MEMACC
20585,MEMACC
20586,MEMACC
22223,MEMACC
22237,MEMACC
13419,L1HIT
13422,L1HIT
30620,MEMACC
21164,MEMACC
11466,MEMACC
10583,MEMACC
4670,MEMACC
20472,L1HIT
27186,L1HIT
9631,MEMACC
21772,MEMACC
30620,L1HIT
21164,MEMACC
11466,L1HIT
10583,L1HIT
16004,MEMACC
16015,MEMACC
16025,MEMACC
16038,MEMACC
16908,MEMACC
16921,L1HIT
16923,L1HIT
4224,L1HIT
13501,MEMACC
14723,L1HIT
19649,MEMACC
32028,L1HIT
26913,MEMACC
13634,MEMACC
26264,MEMACC
28853,MEMACC
30481,MEMACC
1751,MEMACC
29722,MEMACC
7613,MEMACC
13717,MEMACC
22150,MEMACC
16560,L1HIT
5099,L1HIT
25368,MEMACC
3864,MEMACC
3690,MEMACC
16890,MEMACC
2351,MEMACC
13304,MEMACC
13309,L1HIT
13324,MEMACC
13338,MEMACC
15193,MEMACC
4657,L1HIT
14216,MEMACC
4061,L1HIT
4554,MEMACC
16951,L1HIT
4698,MEMACC
2761,MEMACC
18859,L1HIT
15959,L1HIT
15783,MEMACC
740,MEMACC
18474,MEMACC
15193,L1HIT
18859,L1HIT
15959,L1HIT
29688,MEMACC
29692,MEMACC
22048,MEMACC
10600,L1HIT
14041,L1HIT
2436,MEMACC
10012,MEMACC
28287,MEMACC
11657,MEMACC
12982,MEMACC
10600,L1HIT
14041,L1HIT
30190,MEMACC
30192,L1HIT
8465,MEMACC
19595,MEMACC
12247,L1HIT
31931,MEMACC
28482,MEMACC
24381,MEMACC
4487,L1HIT
8465,MEMACC
19595,MEMACC
26335,L1HIT
13849,MEMACC
13860,L1HIT
13874,L1HIT
13885,L1HIT
5445,MEMACC
15578,MEMACC
27332,MEMACC
16380,MEMACC
32129,L1HIT
16966,MEMACC
23969,MEMACC
10233,MEMACC
24345,MEMACC
23112,MEMACC
17975,MEMACC
16380,L1HIT
32129,L1HIT
16966,MEMACC
25740,L1HIT
6351,L1HIT
7955,MEMACC
23329,L1HIT
4429,MEMACC
7249,MEMACC
24369,MEMACC
15141,MEMACC
20946,MEMACC
24161,L1HIT
1073,MEMACC
10298,MEMACC
21078,MEMACC
15885,L1HIT
16031,L1HIT
30801,MEMACC
16727,MEMACC
20171,MEMACC
13962,L1HIT
21760,MEMACC
23280,MEMACC
23294,L1HIT
27571,MEMACC
19377,L1HIT
14522,MEMACC
8263,MEMACC
26917,L1HIT
18834,L1HIT
11123,L1HIT
30491,L1HIT
8576,MEMACC
202,MEMACC
17054,MEMACC
31134,L1HIT
9192,L1HIT
23201,MEMACC
6867,MEMACC
23068,MEMACC
28166,MEMACC
17159,MEMACC
2156,MEMACC
24771,MEMACC
21260,MEMACC
21263,L1HIT
21282,L1HIT
12874,MEMACC
11927,MEMACC
12874,MEMACC
11927,MEMACC
13995,L1HIT
4982,L1HIT
712,L1HIT
27446,MEMACC
8337,MEMACC
7199,MEMACC
7215,L1HIT
7233,L1HIT
7252,L1HIT
24810,L1HIT
2143,MEMACC
1832,MEMACC
706,L1HIT
9381,MEMACC
27968,L1HIT
26088,MEMACC
13075,L1HIT
4507,L1HIT
24279,MEMACC
2770,L1HIT
3307,MEMACC
30356,MEMACC
23834,MEMACC
23192,L1HIT
10107,MEMACC
6476,MEMACC
30869,MEMACC
28443,MEMACC
6343,L1HIT
21744,MEMACC
27638,L1HIT
27643,L1HIT
27655,MEMACC
27673,MEMACC
2197,MEMACC
21050,MEMACC
5504,MEMACC
30155,L1HIT
30861,L1HIT
27837,L1HIT
18226,L1HIT
25281,L1HIT
19013,MEMACC
9219,MEMACC
20740,MEMACC
10325,MEMACC
13656,MEMACC
22921,MEMACC
30043,MEMACC
6430,MEMACC
1559,MEMACC
18720,MEMACC
17297,MEMACC
23625,MEMACC
12652,MEMACC
12662,MEMACC
12666,L1HIT
12679,MEMACC
12680,L1HIT
30912,MEMACC
30666,MEMACC
492,MEMACC
9904,MEMACC
11253,MEMACC
12622,L1HIT
29490,MEMACC
21907,MEMACC
30912,MEMACC
30666,L1HIT
27786,L1HIT
7491,MEMACC
20033,L1HIT
23524,MEMACC
2973,MEMACC
8908,MEMACC
17250,MEMACC
14466,MEMACC
18865,L1HIT
16132,MEMACC
21566,MEMACC
16154,MEMACC
29127,MEMACC
19704,MEMACC
7185,L1HIT
13278,L1HIT
20473,L1HIT
27707,L1HIT
757,L1HIT
7627,MEMACC
22101,MEMACC
3330,MEMACC
4041,L1HIT
30637,L1HIT
31524,L1HIT
9431,MEMACC
6495,L1HIT
11241,MEMACC
16609,MEMACC
29013,MEMACC
14837,MEMACC
2945,MEMACC
15134,L1HIT
10588,L1HIT
20413,MEMACC
19271,MEMACC
4861,MEMACC
25335,L1HIT
6350,L1HIT
6731,MEMACC
25375,L1HIT
16247,MEMACC
5331,MEMACC
25354,L1HIT
13625,MEMACC
13721,MEMACC
30719,L1HIT
9565,MEMACC
30797,MEMACC
15084,MEMACC
14476,L1HIT
27149,L1HIT
6615,MEMACC
25803,MEMACC
26540,MEMACC
9416,MEMACC
19432,MEMACC
7892,MEMACC
16114,MEMACC
21694,MEMACC
18486,L1HIT
8917,MEMACC
6948,L1HIT
6810,L1HIT
2100,MEMACC
13617,L1HIT
25011,MEMACC
31635,MEMACC
4253,L1HIT
30661,L1HIT
4391,MEMACC
15042,MEMACC
18514,MEMACC
32438,MEMACC
22464,MEMACC
14700,MEMACC
25542,MEMACC
13066,L1HIT
32708,L1HIT
29948,MEMACC
13489,MEMACC
22010,L1HIT
22018,L1HIT
22027,L1HIT
756,L1HIT
23116,L1HIT
6321,MEMACC
7028,MEMACC
26073,L1HIT
19397,MEMACC
19180,MEMACC
20066,L1HIT
14263,MEMACC
8720,MEMACC
14036,L1HIT
26848,L1HIT
21104,L1HIT
4879,MEMACC
13904,MEMACC
12586,MEMACC
13078,L1HIT
12661,L1HIT
1729,L1HIT
3214,MEMACC
9550,L1HIT
23763,MEMACC
23782,L1HIT
23783,L1HIT
23783,L1HIT
23788,L1HIT
21057,L1HIT
16146,L1HIT
16455,MEMACC
29265,L1HIT
29653,L1HIT
3162,MEMACC
12682,L1HIT
10086,MEMACC
6933,L1HIT
21819,L1HIT
18424,MEMACC
7688,L1HIT
23436,MEMACC
26256,MEMACC
15430,MEMACC
394,MEMACC
20536,MEMACC
28744,MEMACC
25307,L1HIT
5784,MEMACC
27239,MEMACC
9744,MEMACC
5444,MEMACC
26088,L1HIT
4179,MEMACC
17325,MEMACC
8811,MEMACC
12037,L1HIT
19967,MEMACC
27034,MEMACC
10218,MEMACC
10219,L1HIT
10219,L1HIT
10226,L1HIT
10242,L1HIT
10259,L1HIT
670,MEMACC
5942,L1HIT
26807,MEMACC
6736,MEMACC
18376,MEMACC
5946,L1HIT
3302,MEMACC
1640,MEMACC
24780,L1HIT
10262,L1HIT
23860,MEMACC
23868,L1HIT
23874,MEMACC
23888,L1HIT
23903,L1HIT
23911,L1HIT
1338,MEMACC
1356,MEMACC
1367,L1HIT
18727,MEMACC
3931,MEMACC
26106,L1HIT
19212,L1HIT
9881,MEMACC
2096,L1HIT
15833,MEMACC
30567,MEMACC
388,MEMACC
15850,L1HIT
27307,L1HIT
6264,MEMACC
28733,MEMACC
10900,MEMACC
28633,MEMACC
19949,MEMACC
6369,L1HIT
30238,MEMACC
3536,MEMACC
31895,L1HIT
7180,L1HIT
2132,MEMACC
15244,MEMACC
2863,L1HIT
26843,L1HIT
18560,MEMACC
2285,MEMACC
1572,L1HIT
6562,MEMACC
3185,L1HIT
2539,MEMACC
2441,L1HIT
21410,MEMACC
20737,MEMACC
31216,MEMACC
31230,L1HIT
31239,L1HIT
